Current BWE: 450000
Current BWE: 450000
Current BWE: 450000
Current BWE: 450000
Current BWE: 450000
Current BWE: 450000
Current BWE: 450000
Current BWE: 350000
Current BWE: 450000
Current BWE: 250000
Current BWE: 450000
Current BWE: 300000
Current BWE: 250000
Current BWE: 250000
Current BWE: 450000
Current BWE: 450000
Current BWE: 450000
Current BWE: 400000
Current BWE: 350000
Current BWE: 450000
Current BWE: 300000
Current BWE: 250000
Current BWE: 450000
Current BWE: 400000
Current BWE: 350000
Current BWE: 300000
Current BWE: 400000
Current BWE: 250000
Current BWE: 450000
Current BWE: 350000
Current BWE: 250000
Current BWE: 400000
Current BWE: 450000
Current BWE: 450000
Current BWE: 200000
Current BWE: 350000
Current BWE: 350000
Current BWE: 450000
Current BWE: 400000
Current BWE: 250000
Current BWE: 400000
Current BWE: 250000
Current BWE: 350000
Current BWE: 200000
Current BWE: 300000
Current BWE: 200000
Current BWE: 350000
Current BWE: 450000
Current BWE: 400000
Current BWE: 450000
Current BWE: 350000
Current BWE: 300000
Current BWE: 300000
Current BWE: 250000
Current BWE: 450000
Current BWE: 250000
Current BWE: 450000
Current BWE: 450000
Current BWE: 450000
Current BWE: 200000
Current BWE: 400000
Current BWE: 350000
Current BWE: 400000
Current BWE: 200000
Current BWE: 200000
Current BWE: 250000
Current BWE: 200000
Current BWE: 350000
Current BWE: 450000
Current BWE: 450000
Current BWE: 450000
Current BWE: 400000
Current BWE: 250000
Current BWE: 350000
Current BWE: 200000
Current BWE: 400000
Current BWE: 250000
Current BWE: 450000
Current BWE: 300000
Current BWE: 350000
Current BWE: 200000
Current BWE: 200000
Current BWE: 200000
Current BWE: 200000
Current BWE: 250000
Current BWE: 450000
Current BWE: 250000
Current BWE: 250000
Current BWE: 400000
Current BWE: 250000
Current BWE: 250000
Current BWE: 250000
Current BWE: 250000
Current BWE: 300000
Current BWE: 350000
Current BWE: 450000
Current BWE: 350000
Current BWE: 450000
Current BWE: 200000
Current BWE: 350000
Current BWE: 350000
Current BWE: 250000
Current BWE: 400000
Current BWE: 450000
Current BWE: 450000
Current BWE: 450000
Current BWE: 450000
Current BWE: 250000
Current BWE: 400000
Current BWE: 250000
Current BWE: 450000
Current BWE: 350000
Current BWE: 350000
Current BWE: 200000
Current BWE: 200000
Current BWE: 350000
Current BWE: 350000
Current BWE: 300000
Current BWE: 300000
Current BWE: 200000
Current BWE: 300000
Current BWE: 250000
Current BWE: 350000
Current BWE: 400000
Current BWE: 450000
Current BWE: 250000
Current BWE: 350000
Current BWE: 200000
Current BWE: 200000
Current BWE: 450000
Current BWE: 200000
Current BWE: 400000
Current BWE: 450000
Current BWE: 300000
Current BWE: 250000
Current BWE: 450000
Current BWE: 450000
Current BWE: 300000
Current BWE: 250000
Current BWE: 450000
Current BWE: 450000
Current BWE: 400000
Current BWE: 250000
Current BWE: 250000
Current BWE: 250000
Current BWE: 350000
Current BWE: 450000
Current BWE: 350000
Current BWE: 300000
Current BWE: 300000
Current BWE: 350000
Current BWE: 250000
Current BWE: 350000
Current BWE: 300000
Current BWE: 450000
Current BWE: 400000
Current BWE: 200000
Current BWE: 200000
Current BWE: 400000
Current BWE: 250000
Current BWE: 450000
Current BWE: 300000
Current BWE: 250000
Current BWE: 450000
Current BWE: 350000
Current BWE: 450000
Current BWE: 400000
Current BWE: 200000
Current BWE: 200000
Current BWE: 450000
Current BWE: 200000
Current BWE: 250000
Current BWE: 250000
Current BWE: 400000
Current BWE: 400000
Current BWE: 250000
Current BWE: 450000
Current BWE: 250000
Current BWE: 450000
Current BWE: 250000
Current BWE: 300000
Current BWE: 450000
Current BWE: 450000
Current BWE: 200000
Current BWE: 200000
Current BWE: 200000
Current BWE: 350000
Current BWE: 450000
Current BWE: 350000
Current BWE: 250000
Current BWE: 200000
Current BWE: 300000
Current BWE: 450000
Current BWE: 250000
Current BWE: 400000
Current BWE: 250000
Current BWE: 400000
Current BWE: 400000
Current BWE: 250000
Current BWE: 250000
Current BWE: 450000
Current BWE: 450000
Current BWE: 250000
Current BWE: 450000
Current BWE: 450000
Current BWE: 350000
Current BWE: 250000
Current BWE: 350000
Current BWE: 400000
Current BWE: 350000
Current BWE: 350000
Current BWE: 350000
Current BWE: 350000
Current BWE: 300000
Current BWE: 450000
Current BWE: 300000
Current BWE: 450000
Current BWE: 400000
Current BWE: 250000
Current BWE: 450000
Current BWE: 450000
Current BWE: 300000
Current BWE: 350000
Current BWE: 250000
Current BWE: 250000
Current BWE: 450000
Current BWE: 400000
Current BWE: 300000
Current BWE: 450000
Current BWE: 250000
Current BWE: 250000
Current BWE: 300000
Current BWE: 200000
Current BWE: 200000
Current BWE: 250000
Current BWE: 450000
Current BWE: 450000
Current BWE: 400000
Current BWE: 250000
Current BWE: 350000
Current BWE: 300000
Current BWE: 450000
Current BWE: 350000
Current BWE: 450000
Current BWE: 350000
Current BWE: 250000
Current BWE: 200000
Current BWE: 450000
Current BWE: 450000
Current BWE: 300000
Current BWE: 450000
Current BWE: 400000
Current BWE: 400000
Current BWE: 450000
Current BWE: 450000
Current BWE: 250000
Current BWE: 350000
Current BWE: 250000
Current BWE: 250000
Current BWE: 250000
Current BWE: 400000
Current BWE: 250000
Current BWE: 250000
Current BWE: 250000
Current BWE: 250000
Current BWE: 250000
Current BWE: 400000
Current BWE: 250000
Current BWE: 250000
Current BWE: 350000
Current BWE: 250000
Current BWE: 350000
Current BWE: 400000
Current BWE: 250000
Current BWE: 450000
Current BWE: 200000
Current BWE: 250000
Current BWE: 450000
Current BWE: 250000
Current BWE: 350000
Current BWE: 250000
Current BWE: 200000
Current BWE: 250000
Current BWE: 450000
Current BWE: 250000
Current BWE: 400000
Current BWE: 250000
Current BWE: 450000
Current BWE: 350000
Current BWE: 450000
Current BWE: 200000
Current BWE: 450000
Current BWE: 300000
Current BWE: 250000
Current BWE: 250000
Current BWE: 400000
Current BWE: 250000
Current BWE: 250000
Current BWE: 400000
Current BWE: 250000
Current BWE: 450000
Current BWE: 400000
Current BWE: 450000
Current BWE: 450000
Current BWE: 450000
Current BWE: 200000
Current BWE: 200000
Current BWE: 450000
Current BWE: 300000
Current BWE: 250000
Current BWE: 250000
Current BWE: 250000
Current BWE: 450000
Current BWE: 200000
Current BWE: 250000
Current BWE: 450000
Current BWE: 400000
Current BWE: 250000
Current BWE: 250000
Current BWE: 350000
Current BWE: 450000
Current BWE: 450000
Current BWE: 450000
Current BWE: 350000
Current BWE: 350000
Current BWE: 400000
Current BWE: 200000
Current BWE: 200000
Current BWE: 450000
Current BWE: 350000
Current BWE: 300000
Current BWE: 400000
Current BWE: 450000
Current BWE: 450000
Current BWE: 250000
Current BWE: 450000
Current BWE: 450000
Current BWE: 250000
Current BWE: 200000
Current BWE: 250000
Current BWE: 250000
Current BWE: 400000
Current BWE: 350000
Current BWE: 200000
Current BWE: 200000
Current BWE: 200000
Current BWE: 250000
Current BWE: 450000
Current BWE: 450000
Current BWE: 250000
Current BWE: 250000
Current BWE: 200000
Current BWE: 400000
Current BWE: 450000
Current BWE: 350000
Current BWE: 200000
Current BWE: 450000
Current BWE: 400000
Current BWE: 250000
Current BWE: 450000
Current BWE: 350000
Current BWE: 400000
Current BWE: 300000
Current BWE: 450000
Current BWE: 450000
Current BWE: 300000
Current BWE: 300000
Current BWE: 300000
Current BWE: 350000
Current BWE: 450000
Current BWE: 250000
Current BWE: 250000
Current BWE: 250000
Current BWE: 250000
Current BWE: 450000
Current BWE: 250000
Current BWE: 450000
Current BWE: 450000
Current BWE: 400000
Current BWE: 200000
Current BWE: 400000
Current BWE: 450000
Current BWE: 450000
Current BWE: 450000
Current BWE: 250000
Current BWE: 250000
Current BWE: 200000
Current BWE: 350000
Current BWE: 250000
Current BWE: 400000
Current BWE: 250000
Current BWE: 250000
Current BWE: 250000
Current BWE: 450000
Current BWE: 200000
Current BWE: 350000
Current BWE: 250000
Current BWE: 250000
Current BWE: 250000
Current BWE: 200000
Current BWE: 300000
Current BWE: 200000
Current BWE: 450000
Current BWE: 400000
Current BWE: 450000
Current BWE: 250000
Current BWE: 250000
Current BWE: 350000
Current BWE: 200000
Current BWE: 300000
Current BWE: 250000
Current BWE: 450000
Current BWE: 250000
Current BWE: 200000
Current BWE: 300000
Current BWE: 400000
Current BWE: 200000
Current BWE: 350000
Current BWE: 200000
Current BWE: 450000
Current BWE: 250000
Current BWE: 200000
Current BWE: 400000
Current BWE: 200000
Current BWE: 400000
Current BWE: 350000
Current BWE: 350000
Current BWE: 200000
Current BWE: 400000
Current BWE: 200000
Current BWE: 250000
Current BWE: 450000
Current BWE: 250000
Current BWE: 350000
Current BWE: 250000
Current BWE: 450000
Current BWE: 250000
Current BWE: 300000
Current BWE: 450000
Current BWE: 200000
Current BWE: 450000
Current BWE: 300000
Current BWE: 200000
Current BWE: 450000
Current BWE: 350000
Current BWE: 250000
Current BWE: 400000
Current BWE: 450000
Current BWE: 300000
Current BWE: 350000
Current BWE: 200000
Current BWE: 300000
Current BWE: 250000
Current BWE: 200000
Current BWE: 450000
Current BWE: 400000
Current BWE: 400000
Current BWE: 350000
Current BWE: 250000
Current BWE: 250000
Current BWE: 250000
Current BWE: 250000
Current BWE: 250000
Current BWE: 200000
Current BWE: 300000
Current BWE: 400000
Current BWE: 250000
Current BWE: 200000
Current BWE: 450000
Current BWE: 200000
Current BWE: 300000
Current BWE: 250000
Current BWE: 450000
Current BWE: 400000
Current BWE: 250000
Current BWE: 200000
Current BWE: 250000
Current BWE: 200000
Current BWE: 450000
Current BWE: 400000
Current BWE: 450000
Current BWE: 200000
Current BWE: 350000
Current BWE: 200000
Current BWE: 400000
Current BWE: 200000
Current BWE: 350000
Current BWE: 450000
Current BWE: 350000
Current BWE: 250000
Current BWE: 200000
Current BWE: 400000
Current BWE: 200000
Current BWE: 450000
Current BWE: 250000
Current BWE: 250000
Current BWE: 350000
Current BWE: 250000
Current BWE: 450000
Current BWE: 250000
Current BWE: 450000
Current BWE: 300000
Current BWE: 200000
Current BWE: 400000
Current BWE: 250000
Current BWE: 250000
Current BWE: 350000
Current BWE: 450000
Current BWE: 200000
Current BWE: 400000
Current BWE: 250000
Current BWE: 450000
Current BWE: 200000
Current BWE: 250000
Current BWE: 200000
Current BWE: 400000
Current BWE: 450000
Current BWE: 250000
Current BWE: 200000
Current BWE: 250000
Current BWE: 200000
Current BWE: 450000
Current BWE: 350000
Current BWE: 450000
Current BWE: 400000
Current BWE: 450000
Current BWE: 450000
Current BWE: 350000
Current BWE: 250000
Current BWE: 250000
Current BWE: 350000
Current BWE: 450000
Current BWE: 450000
Current BWE: 450000
Current BWE: 250000
Current BWE: 250000
Current BWE: 350000
Current BWE: 450000
Current BWE: 400000
Current BWE: 300000
Current BWE: 350000
Current BWE: 250000
Current BWE: 250000
Current BWE: 400000
Current BWE: 250000
Current BWE: 200000
Current BWE: 450000
Current BWE: 250000
Current BWE: 450000
Current BWE: 450000
Current BWE: 200000
Current BWE: 250000
Current BWE: 300000
Current BWE: 200000
Current BWE: 350000
Current BWE: 400000
Current BWE: 350000
Current BWE: 400000
Current BWE: 450000
Current BWE: 450000
Current BWE: 400000
Current BWE: 250000
Current BWE: 250000
Current BWE: 250000
Current BWE: 300000
Current BWE: 200000
Current BWE: 250000
Current BWE: 350000
Current BWE: 200000
Current BWE: 250000
Current BWE: 300000
Current BWE: 300000
Current BWE: 200000
Current BWE: 300000
Current BWE: 250000
Current BWE: 350000
Current BWE: 350000
Current BWE: 450000
Current BWE: 450000
Current BWE: 200000
Current BWE: 350000
Current BWE: 450000
Current BWE: 200000
Current BWE: 250000
Current BWE: 450000
Current BWE: 250000
Current BWE: 200000
Current BWE: 300000
Current BWE: 450000
Current BWE: 200000
Current BWE: 400000
Current BWE: 350000
Current BWE: 200000
Current BWE: 250000
Current BWE: 400000
Current BWE: 450000
Current BWE: 450000
Current BWE: 400000
Current BWE: 400000
Current BWE: 400000
Current BWE: 400000
Current BWE: 200000
Current BWE: 450000
Current BWE: 250000
Current BWE: 250000
Current BWE: 300000
Current BWE: 300000
Current BWE: 450000
Current BWE: 450000
Current BWE: 200000
Current BWE: 350000
Current BWE: 200000
Current BWE: 200000
Current BWE: 450000
Current BWE: 400000
Current BWE: 250000
Current BWE: 200000
Current BWE: 350000
Current BWE: 300000
Current BWE: 200000
Current BWE: 450000
Current BWE: 200000
Current BWE: 400000
Current BWE: 200000
Current BWE: 400000
Current BWE: 350000
Current BWE: 200000
Current BWE: 450000
Current BWE: 450000
Current BWE: 350000
Current BWE: 300000
Current BWE: 250000
Current BWE: 450000
Current BWE: 250000
Current BWE: 250000
Current BWE: 250000
Current BWE: 450000
Current BWE: 450000
Current BWE: 450000
Current BWE: 400000
Current BWE: 250000
Current BWE: 200000
Current BWE: 250000
Current BWE: 450000
Current BWE: 450000
Current BWE: 350000
Current BWE: 400000
Current BWE: 200000
Current BWE: 400000
Current BWE: 250000
Current BWE: 450000
Current BWE: 200000
Current BWE: 450000
Current BWE: 200000
Current BWE: 400000
Current BWE: 450000
Current BWE: 350000
Current BWE: 200000
Current BWE: 250000
Current BWE: 350000
Current BWE: 450000
Current BWE: 250000
Current BWE: 200000
Current BWE: 250000
Current BWE: 450000
Current BWE: 250000
Current BWE: 300000
Current BWE: 450000
Current BWE: 450000
Current BWE: 400000
Current BWE: 450000
Current BWE: 200000
Current BWE: 250000
Current BWE: 200000
Current BWE: 450000
Current BWE: 300000
Current BWE: 250000
Current BWE: 350000
Current BWE: 300000
Current BWE: 250000
Current BWE: 450000
Current BWE: 350000
Current BWE: 450000
Current BWE: 450000
Current BWE: 350000
Current BWE: 400000
Current BWE: 450000
Current BWE: 200000
Current BWE: 400000
Current BWE: 250000
Current BWE: 200000
Current BWE: 350000
Current BWE: 200000
Current BWE: 450000
Current BWE: 300000
Current BWE: 450000
Current BWE: 250000
Current BWE: 400000
Current BWE: 450000
Current BWE: 200000
Current BWE: 300000
Current BWE: 300000
Current BWE: 250000
Current BWE: 200000
Current BWE: 250000
Current BWE: 450000
Current BWE: 450000
Current BWE: 400000
Current BWE: 350000
Current BWE: 450000
Current BWE: 400000
Current BWE: 350000
Current BWE: 450000
Current BWE: 200000
Current BWE: 250000
Current BWE: 450000
Current BWE: 450000
Current BWE: 250000
Current BWE: 350000
Current BWE: 450000
Current BWE: 400000
Current BWE: 250000
Current BWE: 300000
Current BWE: 450000
Current BWE: 250000
Current BWE: 250000
Current BWE: 200000
Current BWE: 350000
Current BWE: 250000
Current BWE: 350000
Current BWE: 450000
Current BWE: 300000
Current BWE: 250000
Current BWE: 300000
Current BWE: 450000
Current BWE: 450000
Current BWE: 450000
Current BWE: 450000
Current BWE: 300000
Current BWE: 250000
Current BWE: 450000
Current BWE: 450000
Current BWE: 200000
Current BWE: 450000
Current BWE: 250000
Current BWE: 350000
Current BWE: 250000
Current BWE: 450000
Current BWE: 200000
Current BWE: 450000
Current BWE: 200000
Current BWE: 450000
Current BWE: 250000
Current BWE: 300000
Current BWE: 400000
Current BWE: 350000
Current BWE: 200000
Current BWE: 450000
Current BWE: 250000
Current BWE: 250000
Current BWE: 200000
Current BWE: 400000
Current BWE: 450000
Current BWE: 250000
Current BWE: 450000
Current BWE: 300000
Current BWE: 200000
Current BWE: 450000
Current BWE: 350000
Current BWE: 400000
Current BWE: 250000
Current BWE: 250000
Current BWE: 300000
Current BWE: 350000
Current BWE: 350000
Current BWE: 350000
Current BWE: 250000
Current BWE: 350000
Current BWE: 250000
Current BWE: 400000
Current BWE: 250000
Current BWE: 450000
Current BWE: 250000
Current BWE: 450000
Current BWE: 250000
Current BWE: 250000
Current BWE: 200000
Current BWE: 450000
Current BWE: 350000
Current BWE: 350000
Current BWE: 250000
Current BWE: 450000
Current BWE: 350000
Current BWE: 450000
Current BWE: 250000
Current BWE: 200000
Current BWE: 250000
Current BWE: 450000
Current BWE: 450000
Current BWE: 300000
Current BWE: 300000
Current BWE: 250000
Current BWE: 300000
Current BWE: 250000
Current BWE: 450000
Current BWE: 200000
Current BWE: 350000
Current BWE: 250000
Current BWE: 200000
Current BWE: 200000
Current BWE: 400000
Current BWE: 450000
Current BWE: 350000
Current BWE: 450000
Current BWE: 250000
Current BWE: 200000
Current BWE: 250000
Current BWE: 250000
Current BWE: 250000
Current BWE: 350000
Current BWE: 250000
Current BWE: 300000
Current BWE: 250000
Current BWE: 450000
Current BWE: 350000
Current BWE: 450000
Current BWE: 250000
Current BWE: 250000
Current BWE: 250000
Current BWE: 250000
Current BWE: 350000
Current BWE: 450000
Current BWE: 350000
Current BWE: 250000
Current BWE: 400000
Current BWE: 450000
Current BWE: 300000
Current BWE: 450000
Current BWE: 300000
Current BWE: 250000
Current BWE: 450000
Current BWE: 200000
Current BWE: 200000
Current BWE: 200000
Current BWE: 200000
Current BWE: 350000
Current BWE: 250000
Current BWE: 450000
Current BWE: 450000
Current BWE: 200000
Current BWE: 300000
Current BWE: 250000
Current BWE: 450000
Current BWE: 250000
Current BWE: 300000
Current BWE: 300000
Current BWE: 400000
Current BWE: 450000
Current BWE: 200000
Current BWE: 350000
Current BWE: 200000
Current BWE: 450000
Current BWE: 400000
Current BWE: 200000
Current BWE: 350000
Current BWE: 200000
Current BWE: 450000
Current BWE: 400000
Current BWE: 300000
Current BWE: 250000
Current BWE: 250000
Current BWE: 450000
Current BWE: 250000
Current BWE: 200000
Current BWE: 200000
Current BWE: 450000
Current BWE: 400000
Current BWE: 250000
Current BWE: 250000
Current BWE: 250000
Current BWE: 450000
Current BWE: 450000
Current BWE: 250000
Current BWE: 450000
Current BWE: 250000
Current BWE: 350000
Current BWE: 250000
Current BWE: 200000
Current BWE: 450000
Current BWE: 250000
Current BWE: 450000
Current BWE: 400000
Current BWE: 200000
Current BWE: 200000
Current BWE: 250000
Current BWE: 200000
Current BWE: 250000
Current BWE: 450000
Current BWE: 250000
Current BWE: 200000
Current BWE: 200000
Current BWE: 300000
Current BWE: 450000
Current BWE: 400000
Current BWE: 200000
Current BWE: 450000
Current BWE: 450000
Current BWE: 400000
Current BWE: 400000
Current BWE: 350000
Current BWE: 250000
Current BWE: 250000
Current BWE: 250000
Current BWE: 450000
Current BWE: 450000
Current BWE: 250000
Current BWE: 200000
Current BWE: 450000
Current BWE: 200000
Current BWE: 350000
Current BWE: 200000
Current BWE: 450000
Current BWE: 450000
Current BWE: 350000
Current BWE: 300000
Current BWE: 450000
Current BWE: 250000
Current BWE: 250000
Current BWE: 450000
Current BWE: 200000
Current BWE: 300000
Current BWE: 300000
Current BWE: 450000
Current BWE: 400000
Current BWE: 300000
Current BWE: 400000
Current BWE: 400000
Current BWE: 250000
Current BWE: 450000
Current BWE: 450000
Current BWE: 450000
Current BWE: 250000
Current BWE: 250000
Current BWE: 200000
Current BWE: 400000
Current BWE: 250000
Current BWE: 250000
Current BWE: 400000
Current BWE: 200000
Current BWE: 250000
Current BWE: 200000
Current BWE: 450000
Current BWE: 300000
Current BWE: 200000
Current BWE: 200000
Current BWE: 200000
Current BWE: 300000
Current BWE: 250000
Current BWE: 450000
Current BWE: 250000
Current BWE: 200000
Current BWE: 350000
Current BWE: 450000
Current BWE: 450000
Current BWE: 450000
Current BWE: 350000
Current BWE: 200000
Current BWE: 450000
Current BWE: 200000
Current BWE: 450000
Current BWE: 400000
Current BWE: 250000
Current BWE: 450000
Current BWE: 250000
Current BWE: 250000
Current BWE: 250000
Current BWE: 400000
Current BWE: 250000
Current BWE: 250000
Current BWE: 200000
Current BWE: 400000
Current BWE: 200000
Current BWE: 350000
Current BWE: 250000
Current BWE: 400000
Current BWE: 350000
Current BWE: 400000
Current BWE: 300000
Current BWE: 450000
Current BWE: 400000
Current BWE: 200000
Current BWE: 400000
Current BWE: 200000
Current BWE: 350000
Current BWE: 250000
Current BWE: 350000
Current BWE: 200000
Current BWE: 250000
Current BWE: 350000
Current BWE: 250000
Current BWE: 300000
====================States Info====================
{'arrival_time_ms': 164, 'header_length': 24, 'padding_length': 0, 'payload_size': 1043, 'payload_type': 126, 'send_time_ms': 35, 'sequence_number': 1, 'ssrc': 12648429}
{'arrival_time_ms': 194, 'header_length': 28, 'padding_length': 0, 'payload_size': 1039, 'payload_type': 126, 'send_time_ms': 65, 'sequence_number': 2, 'ssrc': 12648429}
{'arrival_time_ms': 221, 'header_length': 24, 'padding_length': 0, 'payload_size': 939, 'payload_type': 126, 'send_time_ms': 75, 'sequence_number': 3, 'ssrc': 12648429}
{'arrival_time_ms': 253, 'header_length': 24, 'padding_length': 0, 'payload_size': 1149, 'payload_type': 126, 'send_time_ms': 105, 'sequence_number': 4, 'ssrc': 12648429}
{'arrival_time_ms': 279, 'header_length': 24, 'padding_length': 0, 'payload_size': 938, 'payload_type': 126, 'send_time_ms': 135, 'sequence_number': 5, 'ssrc': 12648429}
{'arrival_time_ms': 306, 'header_length': 24, 'padding_length': 0, 'payload_size': 939, 'payload_type': 126, 'send_time_ms': 140, 'sequence_number': 6, 'ssrc': 12648429}
{'arrival_time_ms': 332, 'header_length': 24, 'padding_length': 0, 'payload_size': 938, 'payload_type': 126, 'send_time_ms': 170, 'sequence_number': 7, 'ssrc': 12648429}
{'arrival_time_ms': 359, 'header_length': 24, 'padding_length': 0, 'payload_size': 939, 'payload_type': 126, 'send_time_ms': 175, 'sequence_number': 8, 'ssrc': 12648429}
{'arrival_time_ms': 385, 'header_length': 24, 'padding_length': 0, 'payload_size': 938, 'payload_type': 126, 'send_time_ms': 205, 'sequence_number': 9, 'ssrc': 12648429}
{'arrival_time_ms': 412, 'header_length': 24, 'padding_length': 0, 'payload_size': 939, 'payload_type': 126, 'send_time_ms': 210, 'sequence_number': 10, 'ssrc': 12648429}
{'arrival_time_ms': 438, 'header_length': 24, 'padding_length': 0, 'payload_size': 938, 'payload_type': 126, 'send_time_ms': 235, 'sequence_number': 11, 'ssrc': 12648429}
{'arrival_time_ms': 465, 'header_length': 24, 'padding_length': 0, 'payload_size': 939, 'payload_type': 126, 'send_time_ms': 240, 'sequence_number': 12, 'ssrc': 12648429}
{'arrival_time_ms': 491, 'header_length': 24, 'padding_length': 0, 'payload_size': 938, 'payload_type': 126, 'send_time_ms': 270, 'sequence_number': 13, 'ssrc': 12648429}
{'arrival_time_ms': 517, 'header_length': 24, 'padding_length': 0, 'payload_size': 939, 'payload_type': 126, 'send_time_ms': 275, 'sequence_number': 14, 'ssrc': 12648429}
{'arrival_time_ms': 544, 'header_length': 24, 'padding_length': 0, 'payload_size': 938, 'payload_type': 126, 'send_time_ms': 305, 'sequence_number': 15, 'ssrc': 12648429}
{'arrival_time_ms': 570, 'header_length': 24, 'padding_length': 0, 'payload_size': 939, 'payload_type': 126, 'send_time_ms': 310, 'sequence_number': 16, 'ssrc': 12648429}
{'arrival_time_ms': 597, 'header_length': 24, 'padding_length': 0, 'payload_size': 938, 'payload_type': 126, 'send_time_ms': 335, 'sequence_number': 17, 'ssrc': 12648429}
{'arrival_time_ms': 623, 'header_length': 24, 'padding_length': 0, 'payload_size': 939, 'payload_type': 126, 'send_time_ms': 340, 'sequence_number': 18, 'ssrc': 12648429}
{'arrival_time_ms': 650, 'header_length': 24, 'padding_length': 0, 'payload_size': 938, 'payload_type': 126, 'send_time_ms': 370, 'sequence_number': 19, 'ssrc': 12648429}
{'arrival_time_ms': 676, 'header_length': 24, 'padding_length': 0, 'payload_size': 939, 'payload_type': 126, 'send_time_ms': 375, 'sequence_number': 20, 'ssrc': 12648429}
{'arrival_time_ms': 703, 'header_length': 24, 'padding_length': 0, 'payload_size': 938, 'payload_type': 126, 'send_time_ms': 405, 'sequence_number': 21, 'ssrc': 12648429}
{'arrival_time_ms': 729, 'header_length': 24, 'padding_length': 0, 'payload_size': 939, 'payload_type': 126, 'send_time_ms': 410, 'sequence_number': 22, 'ssrc': 12648429}
{'arrival_time_ms': 756, 'header_length': 24, 'padding_length': 0, 'payload_size': 938, 'payload_type': 126, 'send_time_ms': 435, 'sequence_number': 23, 'ssrc': 12648429}
{'arrival_time_ms': 782, 'header_length': 24, 'padding_length': 0, 'payload_size': 939, 'payload_type': 126, 'send_time_ms': 440, 'sequence_number': 24, 'ssrc': 12648429}
{'arrival_time_ms': 809, 'header_length': 24, 'padding_length': 0, 'payload_size': 938, 'payload_type': 126, 'send_time_ms': 470, 'sequence_number': 25, 'ssrc': 12648429}
{'arrival_time_ms': 835, 'header_length': 24, 'padding_length': 0, 'payload_size': 939, 'payload_type': 126, 'send_time_ms': 475, 'sequence_number': 26, 'ssrc': 12648429}
{'arrival_time_ms': 858, 'header_length': 24, 'padding_length': 0, 'payload_size': 728, 'payload_type': 126, 'send_time_ms': 505, 'sequence_number': 27, 'ssrc': 12648429}
{'arrival_time_ms': 879, 'header_length': 24, 'padding_length': 0, 'payload_size': 728, 'payload_type': 126, 'send_time_ms': 510, 'sequence_number': 28, 'ssrc': 12648429}
{'arrival_time_ms': 900, 'header_length': 24, 'padding_length': 0, 'payload_size': 728, 'payload_type': 126, 'send_time_ms': 535, 'sequence_number': 29, 'ssrc': 12648429}
{'arrival_time_ms': 920, 'header_length': 24, 'padding_length': 0, 'payload_size': 728, 'payload_type': 126, 'send_time_ms': 540, 'sequence_number': 30, 'ssrc': 12648429}
{'arrival_time_ms': 946, 'header_length': 24, 'padding_length': 0, 'payload_size': 906, 'payload_type': 126, 'send_time_ms': 570, 'sequence_number': 31, 'ssrc': 12648429}
{'arrival_time_ms': 972, 'header_length': 24, 'padding_length': 0, 'payload_size': 906, 'payload_type': 126, 'send_time_ms': 575, 'sequence_number': 32, 'ssrc': 12648429}
{'arrival_time_ms': 997, 'header_length': 24, 'padding_length': 0, 'payload_size': 906, 'payload_type': 126, 'send_time_ms': 605, 'sequence_number': 33, 'ssrc': 12648429}
{'arrival_time_ms': 1023, 'header_length': 24, 'padding_length': 0, 'payload_size': 906, 'payload_type': 126, 'send_time_ms': 610, 'sequence_number': 34, 'ssrc': 12648429}
{'arrival_time_ms': 1051, 'header_length': 24, 'padding_length': 0, 'payload_size': 1005, 'payload_type': 126, 'send_time_ms': 635, 'sequence_number': 35, 'ssrc': 12648429}
{'arrival_time_ms': 1079, 'header_length': 24, 'padding_length': 0, 'payload_size': 1005, 'payload_type': 126, 'send_time_ms': 670, 'sequence_number': 36, 'ssrc': 12648429}
{'arrival_time_ms': 1105, 'header_length': 24, 'padding_length': 0, 'payload_size': 906, 'payload_type': 126, 'send_time_ms': 705, 'sequence_number': 37, 'ssrc': 12648429}
{'arrival_time_ms': 1130, 'header_length': 24, 'padding_length': 0, 'payload_size': 906, 'payload_type': 126, 'send_time_ms': 710, 'sequence_number': 38, 'ssrc': 12648429}
{'arrival_time_ms': 1165, 'header_length': 24, 'padding_length': 0, 'payload_size': 1246, 'payload_type': 126, 'send_time_ms': 735, 'sequence_number': 39, 'ssrc': 12648429}
{'arrival_time_ms': 1200, 'header_length': 24, 'padding_length': 0, 'payload_size': 1246, 'payload_type': 126, 'send_time_ms': 770, 'sequence_number': 40, 'ssrc': 12648429}
{'arrival_time_ms': 1229, 'header_length': 24, 'padding_length': 0, 'payload_size': 1038, 'payload_type': 126, 'send_time_ms': 805, 'sequence_number': 41, 'ssrc': 12648429}
{'arrival_time_ms': 1258, 'header_length': 24, 'padding_length': 0, 'payload_size': 1038, 'payload_type': 126, 'send_time_ms': 835, 'sequence_number': 42, 'ssrc': 12648429}
{'arrival_time_ms': 1287, 'header_length': 24, 'padding_length': 0, 'payload_size': 1038, 'payload_type': 126, 'send_time_ms': 870, 'sequence_number': 43, 'ssrc': 12648429}
{'arrival_time_ms': 1316, 'header_length': 24, 'padding_length': 0, 'payload_size': 1038, 'payload_type': 126, 'send_time_ms': 905, 'sequence_number': 44, 'ssrc': 12648429}
{'arrival_time_ms': 1344, 'header_length': 24, 'padding_length': 0, 'payload_size': 906, 'payload_type': 126, 'send_time_ms': 935, 'sequence_number': 45, 'ssrc': 12648429}
{'arrival_time_ms': 1369, 'header_length': 24, 'padding_length': 0, 'payload_size': 906, 'payload_type': 126, 'send_time_ms': 940, 'sequence_number': 46, 'ssrc': 12648429}
{'arrival_time_ms': 1395, 'header_length': 24, 'padding_length': 0, 'payload_size': 906, 'payload_type': 126, 'send_time_ms': 970, 'sequence_number': 47, 'ssrc': 12648429}
{'arrival_time_ms': 1421, 'header_length': 24, 'padding_length': 0, 'payload_size': 906, 'payload_type': 126, 'send_time_ms': 975, 'sequence_number': 48, 'ssrc': 12648429}
{'arrival_time_ms': 1446, 'header_length': 24, 'padding_length': 0, 'payload_size': 906, 'payload_type': 126, 'send_time_ms': 1005, 'sequence_number': 49, 'ssrc': 12648429}
{'arrival_time_ms': 1472, 'header_length': 24, 'padding_length': 0, 'payload_size': 906, 'payload_type': 126, 'send_time_ms': 1010, 'sequence_number': 50, 'ssrc': 12648429}
{'arrival_time_ms': 1498, 'header_length': 24, 'padding_length': 0, 'payload_size': 936, 'payload_type': 126, 'send_time_ms': 1035, 'sequence_number': 51, 'ssrc': 12648429}
{'arrival_time_ms': 1525, 'header_length': 24, 'padding_length': 0, 'payload_size': 936, 'payload_type': 126, 'send_time_ms': 1040, 'sequence_number': 52, 'ssrc': 12648429}
{'arrival_time_ms': 1551, 'header_length': 24, 'padding_length': 0, 'payload_size': 936, 'payload_type': 126, 'send_time_ms': 1070, 'sequence_number': 53, 'ssrc': 12648429}
{'arrival_time_ms': 1577, 'header_length': 24, 'padding_length': 0, 'payload_size': 936, 'payload_type': 126, 'send_time_ms': 1075, 'sequence_number': 54, 'ssrc': 12648429}
{'arrival_time_ms': 1601, 'header_length': 24, 'padding_length': 0, 'payload_size': 832, 'payload_type': 126, 'send_time_ms': 1105, 'sequence_number': 55, 'ssrc': 12648429}
{'arrival_time_ms': 1625, 'header_length': 24, 'padding_length': 0, 'payload_size': 832, 'payload_type': 126, 'send_time_ms': 1110, 'sequence_number': 56, 'ssrc': 12648429}
{'arrival_time_ms': 1648, 'header_length': 24, 'padding_length': 0, 'payload_size': 832, 'payload_type': 126, 'send_time_ms': 1135, 'sequence_number': 57, 'ssrc': 12648429}
{'arrival_time_ms': 1672, 'header_length': 24, 'padding_length': 0, 'payload_size': 832, 'payload_type': 126, 'send_time_ms': 1140, 'sequence_number': 58, 'ssrc': 12648429}
{'arrival_time_ms': 1693, 'header_length': 24, 'padding_length': 0, 'payload_size': 728, 'payload_type': 126, 'send_time_ms': 1170, 'sequence_number': 59, 'ssrc': 12648429}
{'arrival_time_ms': 1714, 'header_length': 24, 'padding_length': 0, 'payload_size': 728, 'payload_type': 126, 'send_time_ms': 1175, 'sequence_number': 60, 'ssrc': 12648429}
{'arrival_time_ms': 1734, 'header_length': 24, 'padding_length': 0, 'payload_size': 728, 'payload_type': 126, 'send_time_ms': 1205, 'sequence_number': 61, 'ssrc': 12648429}
{'arrival_time_ms': 1755, 'header_length': 24, 'padding_length': 0, 'payload_size': 728, 'payload_type': 126, 'send_time_ms': 1210, 'sequence_number': 62, 'ssrc': 12648429}
{'arrival_time_ms': 1781, 'header_length': 24, 'padding_length': 0, 'payload_size': 906, 'payload_type': 126, 'send_time_ms': 1235, 'sequence_number': 63, 'ssrc': 12648429}
{'arrival_time_ms': 1806, 'header_length': 24, 'padding_length': 0, 'payload_size': 906, 'payload_type': 126, 'send_time_ms': 1240, 'sequence_number': 64, 'ssrc': 12648429}
{'arrival_time_ms': 1832, 'header_length': 24, 'padding_length': 0, 'payload_size': 906, 'payload_type': 126, 'send_time_ms': 1270, 'sequence_number': 65, 'ssrc': 12648429}
{'arrival_time_ms': 1858, 'header_length': 24, 'padding_length': 0, 'payload_size': 906, 'payload_type': 126, 'send_time_ms': 1275, 'sequence_number': 66, 'ssrc': 12648429}
{'arrival_time_ms': 1891, 'header_length': 24, 'padding_length': 0, 'payload_size': 1206, 'payload_type': 126, 'send_time_ms': 1305, 'sequence_number': 67, 'ssrc': 12648429}
{'arrival_time_ms': 1920, 'header_length': 24, 'padding_length': 0, 'payload_size': 1038, 'payload_type': 126, 'send_time_ms': 1335, 'sequence_number': 68, 'ssrc': 12648429}
{'arrival_time_ms': 1949, 'header_length': 24, 'padding_length': 0, 'payload_size': 1038, 'payload_type': 126, 'send_time_ms': 1370, 'sequence_number': 69, 'ssrc': 12648429}
{'arrival_time_ms': 1978, 'header_length': 24, 'padding_length': 0, 'payload_size': 936, 'payload_type': 126, 'send_time_ms': 1405, 'sequence_number': 70, 'ssrc': 12648429}
{'arrival_time_ms': 2004, 'header_length': 24, 'padding_length': 0, 'payload_size': 936, 'payload_type': 126, 'send_time_ms': 1410, 'sequence_number': 71, 'ssrc': 12648429}
{'arrival_time_ms': 2031, 'header_length': 24, 'padding_length': 0, 'payload_size': 936, 'payload_type': 126, 'send_time_ms': 1435, 'sequence_number': 72, 'ssrc': 12648429}
{'arrival_time_ms': 2057, 'header_length': 24, 'padding_length': 0, 'payload_size': 936, 'payload_type': 126, 'send_time_ms': 1440, 'sequence_number': 73, 'ssrc': 12648429}
{'arrival_time_ms': 2081, 'header_length': 24, 'padding_length': 0, 'payload_size': 832, 'payload_type': 126, 'send_time_ms': 1470, 'sequence_number': 74, 'ssrc': 12648429}
{'arrival_time_ms': 2104, 'header_length': 24, 'padding_length': 0, 'payload_size': 832, 'payload_type': 126, 'send_time_ms': 1475, 'sequence_number': 75, 'ssrc': 12648429}
{'arrival_time_ms': 2128, 'header_length': 24, 'padding_length': 0, 'payload_size': 832, 'payload_type': 126, 'send_time_ms': 1505, 'sequence_number': 76, 'ssrc': 12648429}
{'arrival_time_ms': 2151, 'header_length': 24, 'padding_length': 0, 'payload_size': 832, 'payload_type': 126, 'send_time_ms': 1510, 'sequence_number': 77, 'ssrc': 12648429}
{'arrival_time_ms': 2190, 'header_length': 24, 'padding_length': 0, 'payload_size': 1408, 'payload_type': 126, 'send_time_ms': 1535, 'sequence_number': 78, 'ssrc': 12648429}
{'arrival_time_ms': 2229, 'header_length': 24, 'padding_length': 0, 'payload_size': 1408, 'payload_type': 126, 'send_time_ms': 1570, 'sequence_number': 79, 'ssrc': 12648429}
{'arrival_time_ms': 2263, 'header_length': 24, 'padding_length': 0, 'payload_size': 1206, 'payload_type': 126, 'send_time_ms': 1605, 'sequence_number': 80, 'ssrc': 12648429}
{'arrival_time_ms': 2287, 'header_length': 24, 'padding_length': 0, 'payload_size': 832, 'payload_type': 126, 'send_time_ms': 1635, 'sequence_number': 81, 'ssrc': 12648429}
{'arrival_time_ms': 2310, 'header_length': 24, 'padding_length': 0, 'payload_size': 832, 'payload_type': 126, 'send_time_ms': 1640, 'sequence_number': 82, 'ssrc': 12648429}
{'arrival_time_ms': 2334, 'header_length': 24, 'padding_length': 0, 'payload_size': 832, 'payload_type': 126, 'send_time_ms': 1670, 'sequence_number': 83, 'ssrc': 12648429}
{'arrival_time_ms': 2358, 'header_length': 24, 'padding_length': 0, 'payload_size': 832, 'payload_type': 126, 'send_time_ms': 1675, 'sequence_number': 84, 'ssrc': 12648429}
{'arrival_time_ms': 2387, 'header_length': 24, 'padding_length': 0, 'payload_size': 1038, 'payload_type': 126, 'send_time_ms': 1705, 'sequence_number': 85, 'ssrc': 12648429}
{'arrival_time_ms': 2416, 'header_length': 24, 'padding_length': 0, 'payload_size': 1038, 'payload_type': 126, 'send_time_ms': 1735, 'sequence_number': 86, 'ssrc': 12648429}
{'arrival_time_ms': 2442, 'header_length': 24, 'padding_length': 0, 'payload_size': 936, 'payload_type': 126, 'send_time_ms': 1770, 'sequence_number': 87, 'ssrc': 12648429}
{'arrival_time_ms': 2469, 'header_length': 24, 'padding_length': 0, 'payload_size': 936, 'payload_type': 126, 'send_time_ms': 1775, 'sequence_number': 88, 'ssrc': 12648429}
{'arrival_time_ms': 2495, 'header_length': 24, 'padding_length': 0, 'payload_size': 936, 'payload_type': 126, 'send_time_ms': 1805, 'sequence_number': 89, 'ssrc': 12648429}
{'arrival_time_ms': 2521, 'header_length': 24, 'padding_length': 0, 'payload_size': 936, 'payload_type': 126, 'send_time_ms': 1810, 'sequence_number': 90, 'ssrc': 12648429}
{'arrival_time_ms': 2542, 'header_length': 24, 'padding_length': 0, 'payload_size': 728, 'payload_type': 126, 'send_time_ms': 1835, 'sequence_number': 91, 'ssrc': 12648429}
{'arrival_time_ms': 2563, 'header_length': 24, 'padding_length': 0, 'payload_size': 728, 'payload_type': 126, 'send_time_ms': 1840, 'sequence_number': 92, 'ssrc': 12648429}
{'arrival_time_ms': 2586, 'header_length': 24, 'padding_length': 0, 'payload_size': 728, 'payload_type': 126, 'send_time_ms': 1870, 'sequence_number': 93, 'ssrc': 12648429}
{'arrival_time_ms': 2607, 'header_length': 24, 'padding_length': 0, 'payload_size': 728, 'payload_type': 126, 'send_time_ms': 1875, 'sequence_number': 94, 'ssrc': 12648429}
{'arrival_time_ms': 2636, 'header_length': 24, 'padding_length': 0, 'payload_size': 1038, 'payload_type': 126, 'send_time_ms': 1905, 'sequence_number': 95, 'ssrc': 12648429}
{'arrival_time_ms': 2659, 'header_length': 24, 'padding_length': 0, 'payload_size': 832, 'payload_type': 126, 'send_time_ms': 1935, 'sequence_number': 96, 'ssrc': 12648429}
{'arrival_time_ms': 2683, 'header_length': 24, 'padding_length': 0, 'payload_size': 832, 'payload_type': 126, 'send_time_ms': 1940, 'sequence_number': 97, 'ssrc': 12648429}
{'arrival_time_ms': 2707, 'header_length': 24, 'padding_length': 0, 'payload_size': 832, 'payload_type': 126, 'send_time_ms': 1970, 'sequence_number': 98, 'ssrc': 12648429}
{'arrival_time_ms': 2730, 'header_length': 24, 'padding_length': 0, 'payload_size': 832, 'payload_type': 126, 'send_time_ms': 1975, 'sequence_number': 99, 'ssrc': 12648429}
{'arrival_time_ms': 2757, 'header_length': 24, 'padding_length': 0, 'payload_size': 936, 'payload_type': 126, 'send_time_ms': 2005, 'sequence_number': 100, 'ssrc': 12648429}
{'arrival_time_ms': 2783, 'header_length': 24, 'padding_length': 0, 'payload_size': 936, 'payload_type': 126, 'send_time_ms': 2010, 'sequence_number': 101, 'ssrc': 12648429}
{'arrival_time_ms': 2809, 'header_length': 24, 'padding_length': 0, 'payload_size': 936, 'payload_type': 126, 'send_time_ms': 2035, 'sequence_number': 102, 'ssrc': 12648429}
{'arrival_time_ms': 2836, 'header_length': 24, 'padding_length': 0, 'payload_size': 936, 'payload_type': 126, 'send_time_ms': 2040, 'sequence_number': 103, 'ssrc': 12648429}
{'arrival_time_ms': 2862, 'header_length': 24, 'padding_length': 0, 'payload_size': 936, 'payload_type': 126, 'send_time_ms': 2070, 'sequence_number': 104, 'ssrc': 12648429}
{'arrival_time_ms': 2889, 'header_length': 24, 'padding_length': 0, 'payload_size': 936, 'payload_type': 126, 'send_time_ms': 2075, 'sequence_number': 105, 'ssrc': 12648429}
{'arrival_time_ms': 2915, 'header_length': 24, 'padding_length': 0, 'payload_size': 936, 'payload_type': 126, 'send_time_ms': 2105, 'sequence_number': 106, 'ssrc': 12648429}
{'arrival_time_ms': 2941, 'header_length': 24, 'padding_length': 0, 'payload_size': 936, 'payload_type': 126, 'send_time_ms': 2110, 'sequence_number': 107, 'ssrc': 12648429}
{'arrival_time_ms': 2965, 'header_length': 24, 'padding_length': 0, 'payload_size': 830, 'payload_type': 126, 'send_time_ms': 2135, 'sequence_number': 108, 'ssrc': 12648429}
{'arrival_time_ms': 2989, 'header_length': 24, 'padding_length': 0, 'payload_size': 830, 'payload_type': 126, 'send_time_ms': 2170, 'sequence_number': 109, 'ssrc': 12648429}
{'arrival_time_ms': 3009, 'header_length': 24, 'padding_length': 0, 'payload_size': 728, 'payload_type': 126, 'send_time_ms': 2205, 'sequence_number': 110, 'ssrc': 12648429}
{'arrival_time_ms': 3030, 'header_length': 24, 'padding_length': 0, 'payload_size': 728, 'payload_type': 126, 'send_time_ms': 2210, 'sequence_number': 111, 'ssrc': 12648429}
{'arrival_time_ms': 3051, 'header_length': 24, 'padding_length': 0, 'payload_size': 728, 'payload_type': 126, 'send_time_ms': 2235, 'sequence_number': 112, 'ssrc': 12648429}
{'arrival_time_ms': 3072, 'header_length': 24, 'padding_length': 0, 'payload_size': 728, 'payload_type': 126, 'send_time_ms': 2240, 'sequence_number': 113, 'ssrc': 12648429}
{'arrival_time_ms': 3093, 'header_length': 24, 'padding_length': 0, 'payload_size': 728, 'payload_type': 126, 'send_time_ms': 2270, 'sequence_number': 114, 'ssrc': 12648429}
{'arrival_time_ms': 3114, 'header_length': 24, 'padding_length': 0, 'payload_size': 728, 'payload_type': 126, 'send_time_ms': 2275, 'sequence_number': 115, 'ssrc': 12648429}
{'arrival_time_ms': 3140, 'header_length': 24, 'padding_length': 0, 'payload_size': 936, 'payload_type': 126, 'send_time_ms': 2305, 'sequence_number': 116, 'ssrc': 12648429}
{'arrival_time_ms': 3167, 'header_length': 24, 'padding_length': 0, 'payload_size': 936, 'payload_type': 126, 'send_time_ms': 2310, 'sequence_number': 117, 'ssrc': 12648429}
{'arrival_time_ms': 3193, 'header_length': 24, 'padding_length': 0, 'payload_size': 936, 'payload_type': 126, 'send_time_ms': 2335, 'sequence_number': 118, 'ssrc': 12648429}
{'arrival_time_ms': 3219, 'header_length': 24, 'padding_length': 0, 'payload_size': 936, 'payload_type': 126, 'send_time_ms': 2340, 'sequence_number': 119, 'ssrc': 12648429}
{'arrival_time_ms': 3245, 'header_length': 24, 'padding_length': 0, 'payload_size': 832, 'payload_type': 126, 'send_time_ms': 2370, 'sequence_number': 120, 'ssrc': 12648429}
{'arrival_time_ms': 3268, 'header_length': 24, 'padding_length': 0, 'payload_size': 832, 'payload_type': 126, 'send_time_ms': 2375, 'sequence_number': 121, 'ssrc': 12648429}
{'arrival_time_ms': 3292, 'header_length': 24, 'padding_length': 0, 'payload_size': 832, 'payload_type': 126, 'send_time_ms': 2405, 'sequence_number': 122, 'ssrc': 12648429}
{'arrival_time_ms': 3316, 'header_length': 24, 'padding_length': 0, 'payload_size': 832, 'payload_type': 126, 'send_time_ms': 2410, 'sequence_number': 123, 'ssrc': 12648429}
{'arrival_time_ms': 3345, 'header_length': 24, 'padding_length': 0, 'payload_size': 1038, 'payload_type': 126, 'send_time_ms': 2435, 'sequence_number': 124, 'ssrc': 12648429}
{'arrival_time_ms': 3374, 'header_length': 24, 'padding_length': 0, 'payload_size': 1038, 'payload_type': 126, 'send_time_ms': 2470, 'sequence_number': 125, 'ssrc': 12648429}
{'arrival_time_ms': 3398, 'header_length': 24, 'padding_length': 0, 'payload_size': 832, 'payload_type': 126, 'send_time_ms': 2505, 'sequence_number': 126, 'ssrc': 12648429}
{'arrival_time_ms': 3421, 'header_length': 24, 'padding_length': 0, 'payload_size': 832, 'payload_type': 126, 'send_time_ms': 2510, 'sequence_number': 127, 'ssrc': 12648429}
{'arrival_time_ms': 3450, 'header_length': 24, 'padding_length': 0, 'payload_size': 1038, 'payload_type': 126, 'send_time_ms': 2535, 'sequence_number': 128, 'ssrc': 12648429}
{'arrival_time_ms': 3479, 'header_length': 24, 'padding_length': 0, 'payload_size': 1038, 'payload_type': 126, 'send_time_ms': 2570, 'sequence_number': 129, 'ssrc': 12648429}
{'arrival_time_ms': 3500, 'header_length': 24, 'padding_length': 0, 'payload_size': 728, 'payload_type': 126, 'send_time_ms': 2605, 'sequence_number': 130, 'ssrc': 12648429}
{'arrival_time_ms': 3521, 'header_length': 24, 'padding_length': 0, 'payload_size': 728, 'payload_type': 126, 'send_time_ms': 2610, 'sequence_number': 131, 'ssrc': 12648429}
{'arrival_time_ms': 3542, 'header_length': 24, 'padding_length': 0, 'payload_size': 728, 'payload_type': 126, 'send_time_ms': 2635, 'sequence_number': 132, 'ssrc': 12648429}
{'arrival_time_ms': 3563, 'header_length': 24, 'padding_length': 0, 'payload_size': 728, 'payload_type': 126, 'send_time_ms': 2640, 'sequence_number': 133, 'ssrc': 12648429}
{'arrival_time_ms': 3586, 'header_length': 24, 'padding_length': 0, 'payload_size': 830, 'payload_type': 126, 'send_time_ms': 2670, 'sequence_number': 134, 'ssrc': 12648429}
{'arrival_time_ms': 3610, 'header_length': 24, 'padding_length': 0, 'payload_size': 830, 'payload_type': 126, 'send_time_ms': 2705, 'sequence_number': 135, 'ssrc': 12648429}
{'arrival_time_ms': 3645, 'header_length': 24, 'padding_length': 0, 'payload_size': 1246, 'payload_type': 126, 'send_time_ms': 2735, 'sequence_number': 136, 'ssrc': 12648429}
{'arrival_time_ms': 3679, 'header_length': 24, 'padding_length': 0, 'payload_size': 1246, 'payload_type': 126, 'send_time_ms': 2770, 'sequence_number': 137, 'ssrc': 12648429}
{'arrival_time_ms': 3703, 'header_length': 24, 'padding_length': 0, 'payload_size': 830, 'payload_type': 126, 'send_time_ms': 2805, 'sequence_number': 138, 'ssrc': 12648429}
{'arrival_time_ms': 3726, 'header_length': 24, 'padding_length': 0, 'payload_size': 728, 'payload_type': 126, 'send_time_ms': 2835, 'sequence_number': 139, 'ssrc': 12648429}
{'arrival_time_ms': 3746, 'header_length': 24, 'padding_length': 0, 'payload_size': 728, 'payload_type': 126, 'send_time_ms': 2840, 'sequence_number': 140, 'ssrc': 12648429}
{'arrival_time_ms': 3767, 'header_length': 24, 'padding_length': 0, 'payload_size': 728, 'payload_type': 126, 'send_time_ms': 2870, 'sequence_number': 141, 'ssrc': 12648429}
{'arrival_time_ms': 3788, 'header_length': 24, 'padding_length': 0, 'payload_size': 728, 'payload_type': 126, 'send_time_ms': 2875, 'sequence_number': 142, 'ssrc': 12648429}
{'arrival_time_ms': 3815, 'header_length': 24, 'padding_length': 0, 'payload_size': 936, 'payload_type': 126, 'send_time_ms': 2905, 'sequence_number': 143, 'ssrc': 12648429}
{'arrival_time_ms': 3841, 'header_length': 24, 'padding_length': 0, 'payload_size': 936, 'payload_type': 126, 'send_time_ms': 2910, 'sequence_number': 144, 'ssrc': 12648429}
{'arrival_time_ms': 3867, 'header_length': 24, 'padding_length': 0, 'payload_size': 936, 'payload_type': 126, 'send_time_ms': 2935, 'sequence_number': 145, 'ssrc': 12648429}
{'arrival_time_ms': 3894, 'header_length': 24, 'padding_length': 0, 'payload_size': 936, 'payload_type': 126, 'send_time_ms': 2940, 'sequence_number': 146, 'ssrc': 12648429}
{'arrival_time_ms': 3917, 'header_length': 24, 'padding_length': 0, 'payload_size': 832, 'payload_type': 126, 'send_time_ms': 2970, 'sequence_number': 147, 'ssrc': 12648429}
{'arrival_time_ms': 3941, 'header_length': 24, 'padding_length': 0, 'payload_size': 832, 'payload_type': 126, 'send_time_ms': 2975, 'sequence_number': 148, 'ssrc': 12648429}
{'arrival_time_ms': 3965, 'header_length': 24, 'padding_length': 0, 'payload_size': 832, 'payload_type': 126, 'send_time_ms': 3005, 'sequence_number': 149, 'ssrc': 12648429}
{'arrival_time_ms': 3988, 'header_length': 24, 'padding_length': 0, 'payload_size': 832, 'payload_type': 126, 'send_time_ms': 3010, 'sequence_number': 150, 'ssrc': 12648429}
{'arrival_time_ms': 4015, 'header_length': 24, 'padding_length': 0, 'payload_size': 936, 'payload_type': 126, 'send_time_ms': 3035, 'sequence_number': 151, 'ssrc': 12648429}
{'arrival_time_ms': 4041, 'header_length': 24, 'padding_length': 0, 'payload_size': 936, 'payload_type': 126, 'send_time_ms': 3040, 'sequence_number': 152, 'ssrc': 12648429}
{'arrival_time_ms': 4068, 'header_length': 24, 'padding_length': 0, 'payload_size': 936, 'payload_type': 126, 'send_time_ms': 3070, 'sequence_number': 153, 'ssrc': 12648429}
{'arrival_time_ms': 4094, 'header_length': 24, 'padding_length': 0, 'payload_size': 936, 'payload_type': 126, 'send_time_ms': 3075, 'sequence_number': 154, 'ssrc': 12648429}
{'arrival_time_ms': 4115, 'header_length': 24, 'padding_length': 0, 'payload_size': 728, 'payload_type': 126, 'send_time_ms': 3105, 'sequence_number': 155, 'ssrc': 12648429}
{'arrival_time_ms': 4136, 'header_length': 24, 'padding_length': 0, 'payload_size': 728, 'payload_type': 126, 'send_time_ms': 3110, 'sequence_number': 156, 'ssrc': 12648429}
{'arrival_time_ms': 4170, 'header_length': 24, 'padding_length': 0, 'payload_size': 1246, 'payload_type': 126, 'send_time_ms': 3135, 'sequence_number': 157, 'ssrc': 12648429}
{'arrival_time_ms': 4205, 'header_length': 24, 'padding_length': 0, 'payload_size': 1246, 'payload_type': 126, 'send_time_ms': 3170, 'sequence_number': 158, 'ssrc': 12648429}
{'arrival_time_ms': 4240, 'header_length': 24, 'padding_length': 0, 'payload_size': 1246, 'payload_type': 126, 'send_time_ms': 3205, 'sequence_number': 159, 'ssrc': 12648429}
{'arrival_time_ms': 4274, 'header_length': 24, 'padding_length': 0, 'payload_size': 1246, 'payload_type': 126, 'send_time_ms': 3235, 'sequence_number': 160, 'ssrc': 12648429}
{'arrival_time_ms': 4303, 'header_length': 24, 'padding_length': 0, 'payload_size': 1038, 'payload_type': 126, 'send_time_ms': 3270, 'sequence_number': 161, 'ssrc': 12648429}
{'arrival_time_ms': 4333, 'header_length': 24, 'padding_length': 0, 'payload_size': 1038, 'payload_type': 126, 'send_time_ms': 3305, 'sequence_number': 162, 'ssrc': 12648429}
{'arrival_time_ms': 4361, 'header_length': 24, 'padding_length': 0, 'payload_size': 936, 'payload_type': 126, 'send_time_ms': 3335, 'sequence_number': 163, 'ssrc': 12648429}
{'arrival_time_ms': 4387, 'header_length': 24, 'padding_length': 0, 'payload_size': 936, 'payload_type': 126, 'send_time_ms': 3340, 'sequence_number': 164, 'ssrc': 12648429}
{'arrival_time_ms': 4414, 'header_length': 24, 'padding_length': 0, 'payload_size': 936, 'payload_type': 126, 'send_time_ms': 3370, 'sequence_number': 165, 'ssrc': 12648429}
{'arrival_time_ms': 4440, 'header_length': 24, 'padding_length': 0, 'payload_size': 936, 'payload_type': 126, 'send_time_ms': 3375, 'sequence_number': 166, 'ssrc': 12648429}
{'arrival_time_ms': 4469, 'header_length': 24, 'padding_length': 0, 'payload_size': 1038, 'payload_type': 126, 'send_time_ms': 3405, 'sequence_number': 167, 'ssrc': 12648429}
{'arrival_time_ms': 4496, 'header_length': 24, 'padding_length': 0, 'payload_size': 936, 'payload_type': 126, 'send_time_ms': 3435, 'sequence_number': 168, 'ssrc': 12648429}
{'arrival_time_ms': 4522, 'header_length': 24, 'padding_length': 0, 'payload_size': 936, 'payload_type': 126, 'send_time_ms': 3440, 'sequence_number': 169, 'ssrc': 12648429}
{'arrival_time_ms': 4548, 'header_length': 24, 'padding_length': 0, 'payload_size': 936, 'payload_type': 126, 'send_time_ms': 3470, 'sequence_number': 170, 'ssrc': 12648429}
{'arrival_time_ms': 4575, 'header_length': 24, 'padding_length': 0, 'payload_size': 936, 'payload_type': 126, 'send_time_ms': 3475, 'sequence_number': 171, 'ssrc': 12648429}
{'arrival_time_ms': 4601, 'header_length': 24, 'padding_length': 0, 'payload_size': 936, 'payload_type': 126, 'send_time_ms': 3505, 'sequence_number': 172, 'ssrc': 12648429}
{'arrival_time_ms': 4628, 'header_length': 24, 'padding_length': 0, 'payload_size': 936, 'payload_type': 126, 'send_time_ms': 3510, 'sequence_number': 173, 'ssrc': 12648429}
{'arrival_time_ms': 4654, 'header_length': 24, 'padding_length': 0, 'payload_size': 936, 'payload_type': 126, 'send_time_ms': 3535, 'sequence_number': 174, 'ssrc': 12648429}
{'arrival_time_ms': 4680, 'header_length': 24, 'padding_length': 0, 'payload_size': 936, 'payload_type': 126, 'send_time_ms': 3540, 'sequence_number': 175, 'ssrc': 12648429}
{'arrival_time_ms': 4707, 'header_length': 24, 'padding_length': 0, 'payload_size': 936, 'payload_type': 126, 'send_time_ms': 3570, 'sequence_number': 176, 'ssrc': 12648429}
{'arrival_time_ms': 4733, 'header_length': 24, 'padding_length': 0, 'payload_size': 936, 'payload_type': 126, 'send_time_ms': 3575, 'sequence_number': 177, 'ssrc': 12648429}
{'arrival_time_ms': 4760, 'header_length': 24, 'padding_length': 0, 'payload_size': 936, 'payload_type': 126, 'send_time_ms': 3605, 'sequence_number': 178, 'ssrc': 12648429}
{'arrival_time_ms': 4786, 'header_length': 24, 'padding_length': 0, 'payload_size': 936, 'payload_type': 126, 'send_time_ms': 3610, 'sequence_number': 179, 'ssrc': 12648429}
{'arrival_time_ms': 4809, 'header_length': 24, 'padding_length': 0, 'payload_size': 830, 'payload_type': 126, 'send_time_ms': 3635, 'sequence_number': 180, 'ssrc': 12648429}
{'arrival_time_ms': 4833, 'header_length': 24, 'padding_length': 0, 'payload_size': 830, 'payload_type': 126, 'send_time_ms': 3670, 'sequence_number': 181, 'ssrc': 12648429}
{'arrival_time_ms': 4857, 'header_length': 24, 'padding_length': 0, 'payload_size': 832, 'payload_type': 126, 'send_time_ms': 3705, 'sequence_number': 182, 'ssrc': 12648429}
{'arrival_time_ms': 4880, 'header_length': 24, 'padding_length': 0, 'payload_size': 832, 'payload_type': 126, 'send_time_ms': 3710, 'sequence_number': 183, 'ssrc': 12648429}
{'arrival_time_ms': 4901, 'header_length': 24, 'padding_length': 0, 'payload_size': 728, 'payload_type': 126, 'send_time_ms': 3735, 'sequence_number': 184, 'ssrc': 12648429}
{'arrival_time_ms': 4922, 'header_length': 24, 'padding_length': 0, 'payload_size': 728, 'payload_type': 126, 'send_time_ms': 3740, 'sequence_number': 185, 'ssrc': 12648429}
{'arrival_time_ms': 4943, 'header_length': 24, 'padding_length': 0, 'payload_size': 728, 'payload_type': 126, 'send_time_ms': 3770, 'sequence_number': 186, 'ssrc': 12648429}
{'arrival_time_ms': 4964, 'header_length': 24, 'padding_length': 0, 'payload_size': 728, 'payload_type': 126, 'send_time_ms': 3775, 'sequence_number': 187, 'ssrc': 12648429}
{'arrival_time_ms': 4987, 'header_length': 24, 'padding_length': 0, 'payload_size': 832, 'payload_type': 126, 'send_time_ms': 3805, 'sequence_number': 188, 'ssrc': 12648429}
{'arrival_time_ms': 5011, 'header_length': 24, 'padding_length': 0, 'payload_size': 832, 'payload_type': 126, 'send_time_ms': 3810, 'sequence_number': 189, 'ssrc': 12648429}
{'arrival_time_ms': 5036, 'header_length': 24, 'padding_length': 0, 'payload_size': 832, 'payload_type': 126, 'send_time_ms': 3835, 'sequence_number': 190, 'ssrc': 12648429}
{'arrival_time_ms': 5060, 'header_length': 24, 'padding_length': 0, 'payload_size': 832, 'payload_type': 126, 'send_time_ms': 3840, 'sequence_number': 191, 'ssrc': 12648429}
{'arrival_time_ms': 5084, 'header_length': 24, 'padding_length': 0, 'payload_size': 830, 'payload_type': 126, 'send_time_ms': 3870, 'sequence_number': 192, 'ssrc': 12648429}
{'arrival_time_ms': 5107, 'header_length': 24, 'padding_length': 0, 'payload_size': 830, 'payload_type': 126, 'send_time_ms': 3905, 'sequence_number': 193, 'ssrc': 12648429}
{'arrival_time_ms': 5131, 'header_length': 24, 'padding_length': 0, 'payload_size': 830, 'payload_type': 126, 'send_time_ms': 3935, 'sequence_number': 194, 'ssrc': 12648429}
{'arrival_time_ms': 5154, 'header_length': 24, 'padding_length': 0, 'payload_size': 830, 'payload_type': 126, 'send_time_ms': 3970, 'sequence_number': 195, 'ssrc': 12648429}
{'arrival_time_ms': 5184, 'header_length': 24, 'padding_length': 0, 'payload_size': 1038, 'payload_type': 126, 'send_time_ms': 4005, 'sequence_number': 196, 'ssrc': 12648429}
{'arrival_time_ms': 5207, 'header_length': 24, 'padding_length': 0, 'payload_size': 830, 'payload_type': 126, 'send_time_ms': 4035, 'sequence_number': 197, 'ssrc': 12648429}
{'arrival_time_ms': 5231, 'header_length': 24, 'padding_length': 0, 'payload_size': 830, 'payload_type': 126, 'send_time_ms': 4070, 'sequence_number': 198, 'ssrc': 12648429}
{'arrival_time_ms': 5252, 'header_length': 24, 'padding_length': 0, 'payload_size': 728, 'payload_type': 126, 'send_time_ms': 4105, 'sequence_number': 199, 'ssrc': 12648429}
{'arrival_time_ms': 5272, 'header_length': 24, 'padding_length': 0, 'payload_size': 728, 'payload_type': 126, 'send_time_ms': 4110, 'sequence_number': 200, 'ssrc': 12648429}
{'arrival_time_ms': 5293, 'header_length': 24, 'padding_length': 0, 'payload_size': 728, 'payload_type': 126, 'send_time_ms': 4135, 'sequence_number': 201, 'ssrc': 12648429}
{'arrival_time_ms': 5314, 'header_length': 24, 'padding_length': 0, 'payload_size': 728, 'payload_type': 126, 'send_time_ms': 4140, 'sequence_number': 202, 'ssrc': 12648429}
{'arrival_time_ms': 5340, 'header_length': 24, 'padding_length': 0, 'payload_size': 936, 'payload_type': 126, 'send_time_ms': 4170, 'sequence_number': 203, 'ssrc': 12648429}
{'arrival_time_ms': 5367, 'header_length': 24, 'padding_length': 0, 'payload_size': 936, 'payload_type': 126, 'send_time_ms': 4175, 'sequence_number': 204, 'ssrc': 12648429}
{'arrival_time_ms': 5393, 'header_length': 24, 'padding_length': 0, 'payload_size': 936, 'payload_type': 126, 'send_time_ms': 4205, 'sequence_number': 205, 'ssrc': 12648429}
{'arrival_time_ms': 5420, 'header_length': 24, 'padding_length': 0, 'payload_size': 936, 'payload_type': 126, 'send_time_ms': 4210, 'sequence_number': 206, 'ssrc': 12648429}
{'arrival_time_ms': 5446, 'header_length': 24, 'padding_length': 0, 'payload_size': 936, 'payload_type': 126, 'send_time_ms': 4235, 'sequence_number': 207, 'ssrc': 12648429}
{'arrival_time_ms': 5472, 'header_length': 24, 'padding_length': 0, 'payload_size': 936, 'payload_type': 126, 'send_time_ms': 4240, 'sequence_number': 208, 'ssrc': 12648429}
{'arrival_time_ms': 5499, 'header_length': 24, 'padding_length': 0, 'payload_size': 936, 'payload_type': 126, 'send_time_ms': 4270, 'sequence_number': 209, 'ssrc': 12648429}
{'arrival_time_ms': 5525, 'header_length': 24, 'padding_length': 0, 'payload_size': 936, 'payload_type': 126, 'send_time_ms': 4275, 'sequence_number': 210, 'ssrc': 12648429}
{'arrival_time_ms': 5554, 'header_length': 24, 'padding_length': 0, 'payload_size': 936, 'payload_type': 126, 'send_time_ms': 4305, 'sequence_number': 211, 'ssrc': 12648429}
{'arrival_time_ms': 5580, 'header_length': 24, 'padding_length': 0, 'payload_size': 936, 'payload_type': 126, 'send_time_ms': 4310, 'sequence_number': 212, 'ssrc': 12648429}
{'arrival_time_ms': 5604, 'header_length': 24, 'padding_length': 0, 'payload_size': 832, 'payload_type': 126, 'send_time_ms': 4335, 'sequence_number': 213, 'ssrc': 12648429}
{'arrival_time_ms': 5627, 'header_length': 24, 'padding_length': 0, 'payload_size': 832, 'payload_type': 126, 'send_time_ms': 4340, 'sequence_number': 214, 'ssrc': 12648429}
{'arrival_time_ms': 5651, 'header_length': 24, 'padding_length': 0, 'payload_size': 832, 'payload_type': 126, 'send_time_ms': 4370, 'sequence_number': 215, 'ssrc': 12648429}
{'arrival_time_ms': 5674, 'header_length': 24, 'padding_length': 0, 'payload_size': 832, 'payload_type': 126, 'send_time_ms': 4375, 'sequence_number': 216, 'ssrc': 12648429}
{'arrival_time_ms': 5704, 'header_length': 24, 'padding_length': 0, 'payload_size': 1038, 'payload_type': 126, 'send_time_ms': 4405, 'sequence_number': 217, 'ssrc': 12648429}
{'arrival_time_ms': 5733, 'header_length': 24, 'padding_length': 0, 'payload_size': 1038, 'payload_type': 126, 'send_time_ms': 4435, 'sequence_number': 218, 'ssrc': 12648429}
{'arrival_time_ms': 5754, 'header_length': 24, 'padding_length': 0, 'payload_size': 728, 'payload_type': 126, 'send_time_ms': 4470, 'sequence_number': 219, 'ssrc': 12648429}
{'arrival_time_ms': 5774, 'header_length': 24, 'padding_length': 0, 'payload_size': 728, 'payload_type': 126, 'send_time_ms': 4475, 'sequence_number': 220, 'ssrc': 12648429}
{'arrival_time_ms': 5795, 'header_length': 24, 'padding_length': 0, 'payload_size': 728, 'payload_type': 126, 'send_time_ms': 4505, 'sequence_number': 221, 'ssrc': 12648429}
{'arrival_time_ms': 5816, 'header_length': 24, 'padding_length': 0, 'payload_size': 728, 'payload_type': 126, 'send_time_ms': 4510, 'sequence_number': 222, 'ssrc': 12648429}
{'arrival_time_ms': 5840, 'header_length': 24, 'padding_length': 0, 'payload_size': 830, 'payload_type': 126, 'send_time_ms': 4535, 'sequence_number': 223, 'ssrc': 12648429}
{'arrival_time_ms': 5863, 'header_length': 24, 'padding_length': 0, 'payload_size': 830, 'payload_type': 126, 'send_time_ms': 4570, 'sequence_number': 224, 'ssrc': 12648429}
{'arrival_time_ms': 5887, 'header_length': 24, 'padding_length': 0, 'payload_size': 832, 'payload_type': 126, 'send_time_ms': 4605, 'sequence_number': 225, 'ssrc': 12648429}
{'arrival_time_ms': 5910, 'header_length': 24, 'padding_length': 0, 'payload_size': 832, 'payload_type': 126, 'send_time_ms': 4610, 'sequence_number': 226, 'ssrc': 12648429}
{'arrival_time_ms': 5940, 'header_length': 24, 'padding_length': 0, 'payload_size': 1038, 'payload_type': 126, 'send_time_ms': 4635, 'sequence_number': 227, 'ssrc': 12648429}
{'arrival_time_ms': 5969, 'header_length': 24, 'padding_length': 0, 'payload_size': 1038, 'payload_type': 126, 'send_time_ms': 4670, 'sequence_number': 228, 'ssrc': 12648429}
{'arrival_time_ms': 5995, 'header_length': 24, 'padding_length': 0, 'payload_size': 936, 'payload_type': 126, 'send_time_ms': 4705, 'sequence_number': 229, 'ssrc': 12648429}
{'arrival_time_ms': 6022, 'header_length': 24, 'padding_length': 0, 'payload_size': 936, 'payload_type': 126, 'send_time_ms': 4710, 'sequence_number': 230, 'ssrc': 12648429}
{'arrival_time_ms': 6048, 'header_length': 24, 'padding_length': 0, 'payload_size': 936, 'payload_type': 126, 'send_time_ms': 4735, 'sequence_number': 231, 'ssrc': 12648429}
{'arrival_time_ms': 6074, 'header_length': 24, 'padding_length': 0, 'payload_size': 936, 'payload_type': 126, 'send_time_ms': 4740, 'sequence_number': 232, 'ssrc': 12648429}
{'arrival_time_ms': 6109, 'header_length': 24, 'padding_length': 0, 'payload_size': 1246, 'payload_type': 126, 'send_time_ms': 4770, 'sequence_number': 233, 'ssrc': 12648429}
{'arrival_time_ms': 6146, 'header_length': 24, 'padding_length': 0, 'payload_size': 1246, 'payload_type': 126, 'send_time_ms': 4805, 'sequence_number': 234, 'ssrc': 12648429}
{'arrival_time_ms': 6166, 'header_length': 24, 'padding_length': 0, 'payload_size': 728, 'payload_type': 126, 'send_time_ms': 4835, 'sequence_number': 235, 'ssrc': 12648429}
{'arrival_time_ms': 6187, 'header_length': 24, 'padding_length': 0, 'payload_size': 728, 'payload_type': 126, 'send_time_ms': 4840, 'sequence_number': 236, 'ssrc': 12648429}
{'arrival_time_ms': 6208, 'header_length': 24, 'padding_length': 0, 'payload_size': 728, 'payload_type': 126, 'send_time_ms': 4870, 'sequence_number': 237, 'ssrc': 12648429}
{'arrival_time_ms': 6229, 'header_length': 24, 'padding_length': 0, 'payload_size': 728, 'payload_type': 126, 'send_time_ms': 4875, 'sequence_number': 238, 'ssrc': 12648429}
{'arrival_time_ms': 6253, 'header_length': 24, 'padding_length': 0, 'payload_size': 830, 'payload_type': 126, 'send_time_ms': 4905, 'sequence_number': 239, 'ssrc': 12648429}
{'arrival_time_ms': 6276, 'header_length': 24, 'padding_length': 0, 'payload_size': 830, 'payload_type': 126, 'send_time_ms': 4935, 'sequence_number': 240, 'ssrc': 12648429}
{'arrival_time_ms': 6300, 'header_length': 24, 'padding_length': 0, 'payload_size': 830, 'payload_type': 126, 'send_time_ms': 4970, 'sequence_number': 241, 'ssrc': 12648429}
{'arrival_time_ms': 6323, 'header_length': 24, 'padding_length': 0, 'payload_size': 830, 'payload_type': 126, 'send_time_ms': 5005, 'sequence_number': 242, 'ssrc': 12648429}
{'arrival_time_ms': 6347, 'header_length': 24, 'padding_length': 0, 'payload_size': 830, 'payload_type': 126, 'send_time_ms': 5035, 'sequence_number': 243, 'ssrc': 12648429}
{'arrival_time_ms': 6370, 'header_length': 24, 'padding_length': 0, 'payload_size': 830, 'payload_type': 126, 'send_time_ms': 5070, 'sequence_number': 244, 'ssrc': 12648429}
{'arrival_time_ms': 6394, 'header_length': 24, 'padding_length': 0, 'payload_size': 830, 'payload_type': 126, 'send_time_ms': 5105, 'sequence_number': 245, 'ssrc': 12648429}
{'arrival_time_ms': 6423, 'header_length': 24, 'padding_length': 0, 'payload_size': 1038, 'payload_type': 126, 'send_time_ms': 5135, 'sequence_number': 246, 'ssrc': 12648429}
{'arrival_time_ms': 6452, 'header_length': 24, 'padding_length': 0, 'payload_size': 1038, 'payload_type': 126, 'send_time_ms': 5170, 'sequence_number': 247, 'ssrc': 12648429}
{'arrival_time_ms': 6479, 'header_length': 24, 'padding_length': 0, 'payload_size': 936, 'payload_type': 126, 'send_time_ms': 5205, 'sequence_number': 248, 'ssrc': 12648429}
{'arrival_time_ms': 6505, 'header_length': 24, 'padding_length': 0, 'payload_size': 936, 'payload_type': 126, 'send_time_ms': 5210, 'sequence_number': 249, 'ssrc': 12648429}
{'arrival_time_ms': 6534, 'header_length': 24, 'padding_length': 0, 'payload_size': 1038, 'payload_type': 126, 'send_time_ms': 5235, 'sequence_number': 250, 'ssrc': 12648429}
{'arrival_time_ms': 6563, 'header_length': 24, 'padding_length': 0, 'payload_size': 1038, 'payload_type': 126, 'send_time_ms': 5270, 'sequence_number': 251, 'ssrc': 12648429}
{'arrival_time_ms': 6594, 'header_length': 24, 'padding_length': 0, 'payload_size': 1038, 'payload_type': 126, 'send_time_ms': 5305, 'sequence_number': 252, 'ssrc': 12648429}
{'arrival_time_ms': 6623, 'header_length': 24, 'padding_length': 0, 'payload_size': 1038, 'payload_type': 126, 'send_time_ms': 5335, 'sequence_number': 253, 'ssrc': 12648429}
{'arrival_time_ms': 6647, 'header_length': 24, 'padding_length': 0, 'payload_size': 832, 'payload_type': 126, 'send_time_ms': 5370, 'sequence_number': 254, 'ssrc': 12648429}
{'arrival_time_ms': 6671, 'header_length': 24, 'padding_length': 0, 'payload_size': 832, 'payload_type': 126, 'send_time_ms': 5375, 'sequence_number': 255, 'ssrc': 12648429}
{'arrival_time_ms': 6694, 'header_length': 24, 'padding_length': 0, 'payload_size': 832, 'payload_type': 126, 'send_time_ms': 5405, 'sequence_number': 256, 'ssrc': 12648429}
{'arrival_time_ms': 6718, 'header_length': 24, 'padding_length': 0, 'payload_size': 832, 'payload_type': 126, 'send_time_ms': 5410, 'sequence_number': 257, 'ssrc': 12648429}
{'arrival_time_ms': 6747, 'header_length': 24, 'padding_length': 0, 'payload_size': 1038, 'payload_type': 126, 'send_time_ms': 5435, 'sequence_number': 258, 'ssrc': 12648429}
{'arrival_time_ms': 6776, 'header_length': 24, 'padding_length': 0, 'payload_size': 1038, 'payload_type': 126, 'send_time_ms': 5470, 'sequence_number': 259, 'ssrc': 12648429}
{'arrival_time_ms': 6805, 'header_length': 24, 'padding_length': 0, 'payload_size': 1038, 'payload_type': 126, 'send_time_ms': 5505, 'sequence_number': 260, 'ssrc': 12648429}
{'arrival_time_ms': 6834, 'header_length': 24, 'padding_length': 0, 'payload_size': 1038, 'payload_type': 126, 'send_time_ms': 5535, 'sequence_number': 261, 'ssrc': 12648429}
{'arrival_time_ms': 6863, 'header_length': 24, 'padding_length': 0, 'payload_size': 1038, 'payload_type': 126, 'send_time_ms': 5570, 'sequence_number': 262, 'ssrc': 12648429}
{'arrival_time_ms': 6893, 'header_length': 24, 'padding_length': 0, 'payload_size': 1038, 'payload_type': 126, 'send_time_ms': 5605, 'sequence_number': 263, 'ssrc': 12648429}
{'arrival_time_ms': 6922, 'header_length': 24, 'padding_length': 0, 'payload_size': 1038, 'payload_type': 126, 'send_time_ms': 5635, 'sequence_number': 264, 'ssrc': 12648429}
{'arrival_time_ms': 6956, 'header_length': 24, 'padding_length': 0, 'payload_size': 1246, 'payload_type': 126, 'send_time_ms': 5670, 'sequence_number': 265, 'ssrc': 12648429}
{'arrival_time_ms': 6991, 'header_length': 24, 'padding_length': 0, 'payload_size': 1246, 'payload_type': 126, 'send_time_ms': 5705, 'sequence_number': 266, 'ssrc': 12648429}
{'arrival_time_ms': 7012, 'header_length': 24, 'padding_length': 0, 'payload_size': 728, 'payload_type': 126, 'send_time_ms': 5735, 'sequence_number': 267, 'ssrc': 12648429}
{'arrival_time_ms': 7033, 'header_length': 24, 'padding_length': 0, 'payload_size': 728, 'payload_type': 126, 'send_time_ms': 5740, 'sequence_number': 268, 'ssrc': 12648429}
{'arrival_time_ms': 7054, 'header_length': 24, 'padding_length': 0, 'payload_size': 728, 'payload_type': 126, 'send_time_ms': 5770, 'sequence_number': 269, 'ssrc': 12648429}
{'arrival_time_ms': 7074, 'header_length': 24, 'padding_length': 0, 'payload_size': 728, 'payload_type': 126, 'send_time_ms': 5775, 'sequence_number': 270, 'ssrc': 12648429}
{'arrival_time_ms': 7103, 'header_length': 24, 'padding_length': 0, 'payload_size': 936, 'payload_type': 126, 'send_time_ms': 5805, 'sequence_number': 271, 'ssrc': 12648429}
{'arrival_time_ms': 7129, 'header_length': 24, 'padding_length': 0, 'payload_size': 936, 'payload_type': 126, 'send_time_ms': 5810, 'sequence_number': 272, 'ssrc': 12648429}
{'arrival_time_ms': 7150, 'header_length': 24, 'padding_length': 0, 'payload_size': 728, 'payload_type': 126, 'send_time_ms': 5835, 'sequence_number': 273, 'ssrc': 12648429}
{'arrival_time_ms': 7171, 'header_length': 24, 'padding_length': 0, 'payload_size': 728, 'payload_type': 126, 'send_time_ms': 5840, 'sequence_number': 274, 'ssrc': 12648429}
{'arrival_time_ms': 7192, 'header_length': 24, 'padding_length': 0, 'payload_size': 728, 'payload_type': 126, 'send_time_ms': 5870, 'sequence_number': 275, 'ssrc': 12648429}
{'arrival_time_ms': 7213, 'header_length': 24, 'padding_length': 0, 'payload_size': 728, 'payload_type': 126, 'send_time_ms': 5875, 'sequence_number': 276, 'ssrc': 12648429}
{'arrival_time_ms': 7239, 'header_length': 24, 'padding_length': 0, 'payload_size': 936, 'payload_type': 126, 'send_time_ms': 5905, 'sequence_number': 277, 'ssrc': 12648429}
{'arrival_time_ms': 7265, 'header_length': 24, 'padding_length': 0, 'payload_size': 936, 'payload_type': 126, 'send_time_ms': 5910, 'sequence_number': 278, 'ssrc': 12648429}
{'arrival_time_ms': 7292, 'header_length': 24, 'padding_length': 0, 'payload_size': 936, 'payload_type': 126, 'send_time_ms': 5935, 'sequence_number': 279, 'ssrc': 12648429}
{'arrival_time_ms': 7318, 'header_length': 24, 'padding_length': 0, 'payload_size': 936, 'payload_type': 126, 'send_time_ms': 5940, 'sequence_number': 280, 'ssrc': 12648429}
{'arrival_time_ms': 7342, 'header_length': 24, 'padding_length': 0, 'payload_size': 830, 'payload_type': 126, 'send_time_ms': 5970, 'sequence_number': 281, 'ssrc': 12648429}
{'arrival_time_ms': 7365, 'header_length': 24, 'padding_length': 0, 'payload_size': 830, 'payload_type': 126, 'send_time_ms': 6005, 'sequence_number': 282, 'ssrc': 12648429}
{'arrival_time_ms': 7386, 'header_length': 24, 'padding_length': 0, 'payload_size': 728, 'payload_type': 126, 'send_time_ms': 6035, 'sequence_number': 283, 'ssrc': 12648429}
{'arrival_time_ms': 7407, 'header_length': 24, 'padding_length': 0, 'payload_size': 728, 'payload_type': 126, 'send_time_ms': 6040, 'sequence_number': 284, 'ssrc': 12648429}
{'arrival_time_ms': 7428, 'header_length': 24, 'padding_length': 0, 'payload_size': 728, 'payload_type': 126, 'send_time_ms': 6070, 'sequence_number': 285, 'ssrc': 12648429}
{'arrival_time_ms': 7449, 'header_length': 24, 'padding_length': 0, 'payload_size': 728, 'payload_type': 126, 'send_time_ms': 6075, 'sequence_number': 286, 'ssrc': 12648429}
{'arrival_time_ms': 7470, 'header_length': 24, 'padding_length': 0, 'payload_size': 728, 'payload_type': 126, 'send_time_ms': 6105, 'sequence_number': 287, 'ssrc': 12648429}
{'arrival_time_ms': 7490, 'header_length': 24, 'padding_length': 0, 'payload_size': 728, 'payload_type': 126, 'send_time_ms': 6110, 'sequence_number': 288, 'ssrc': 12648429}
{'arrival_time_ms': 7520, 'header_length': 24, 'padding_length': 0, 'payload_size': 1038, 'payload_type': 126, 'send_time_ms': 6135, 'sequence_number': 289, 'ssrc': 12648429}
{'arrival_time_ms': 7549, 'header_length': 24, 'padding_length': 0, 'payload_size': 1038, 'payload_type': 126, 'send_time_ms': 6170, 'sequence_number': 290, 'ssrc': 12648429}
{'arrival_time_ms': 7572, 'header_length': 24, 'padding_length': 0, 'payload_size': 832, 'payload_type': 126, 'send_time_ms': 6205, 'sequence_number': 291, 'ssrc': 12648429}
{'arrival_time_ms': 7596, 'header_length': 24, 'padding_length': 0, 'payload_size': 832, 'payload_type': 126, 'send_time_ms': 6210, 'sequence_number': 292, 'ssrc': 12648429}
{'arrival_time_ms': 7620, 'header_length': 24, 'padding_length': 0, 'payload_size': 832, 'payload_type': 126, 'send_time_ms': 6235, 'sequence_number': 293, 'ssrc': 12648429}
{'arrival_time_ms': 7643, 'header_length': 24, 'padding_length': 0, 'payload_size': 832, 'payload_type': 126, 'send_time_ms': 6240, 'sequence_number': 294, 'ssrc': 12648429}
{'arrival_time_ms': 7670, 'header_length': 24, 'padding_length': 0, 'payload_size': 936, 'payload_type': 126, 'send_time_ms': 6270, 'sequence_number': 295, 'ssrc': 12648429}
{'arrival_time_ms': 7696, 'header_length': 24, 'padding_length': 0, 'payload_size': 936, 'payload_type': 126, 'send_time_ms': 6275, 'sequence_number': 296, 'ssrc': 12648429}
{'arrival_time_ms': 7724, 'header_length': 24, 'padding_length': 0, 'payload_size': 936, 'payload_type': 126, 'send_time_ms': 6305, 'sequence_number': 297, 'ssrc': 12648429}
{'arrival_time_ms': 7751, 'header_length': 24, 'padding_length': 0, 'payload_size': 936, 'payload_type': 126, 'send_time_ms': 6310, 'sequence_number': 298, 'ssrc': 12648429}
{'arrival_time_ms': 7777, 'header_length': 24, 'padding_length': 0, 'payload_size': 936, 'payload_type': 126, 'send_time_ms': 6335, 'sequence_number': 299, 'ssrc': 12648429}
{'arrival_time_ms': 7803, 'header_length': 24, 'padding_length': 0, 'payload_size': 936, 'payload_type': 126, 'send_time_ms': 6340, 'sequence_number': 300, 'ssrc': 12648429}
{'arrival_time_ms': 7830, 'header_length': 24, 'padding_length': 0, 'payload_size': 936, 'payload_type': 126, 'send_time_ms': 6370, 'sequence_number': 301, 'ssrc': 12648429}
{'arrival_time_ms': 7856, 'header_length': 24, 'padding_length': 0, 'payload_size': 936, 'payload_type': 126, 'send_time_ms': 6375, 'sequence_number': 302, 'ssrc': 12648429}
{'arrival_time_ms': 7883, 'header_length': 24, 'padding_length': 0, 'payload_size': 936, 'payload_type': 126, 'send_time_ms': 6405, 'sequence_number': 303, 'ssrc': 12648429}
{'arrival_time_ms': 7909, 'header_length': 24, 'padding_length': 0, 'payload_size': 936, 'payload_type': 126, 'send_time_ms': 6410, 'sequence_number': 304, 'ssrc': 12648429}
{'arrival_time_ms': 7935, 'header_length': 24, 'padding_length': 0, 'payload_size': 936, 'payload_type': 126, 'send_time_ms': 6435, 'sequence_number': 305, 'ssrc': 12648429}
{'arrival_time_ms': 7962, 'header_length': 24, 'padding_length': 0, 'payload_size': 936, 'payload_type': 126, 'send_time_ms': 6440, 'sequence_number': 306, 'ssrc': 12648429}
{'arrival_time_ms': 7988, 'header_length': 24, 'padding_length': 0, 'payload_size': 936, 'payload_type': 126, 'send_time_ms': 6470, 'sequence_number': 307, 'ssrc': 12648429}
{'arrival_time_ms': 8015, 'header_length': 24, 'padding_length': 0, 'payload_size': 936, 'payload_type': 126, 'send_time_ms': 6475, 'sequence_number': 308, 'ssrc': 12648429}
{'arrival_time_ms': 8044, 'header_length': 24, 'padding_length': 0, 'payload_size': 1038, 'payload_type': 126, 'send_time_ms': 6505, 'sequence_number': 309, 'ssrc': 12648429}
{'arrival_time_ms': 8073, 'header_length': 24, 'padding_length': 0, 'payload_size': 1038, 'payload_type': 126, 'send_time_ms': 6535, 'sequence_number': 310, 'ssrc': 12648429}
{'arrival_time_ms': 8096, 'header_length': 24, 'padding_length': 0, 'payload_size': 832, 'payload_type': 126, 'send_time_ms': 6570, 'sequence_number': 311, 'ssrc': 12648429}
{'arrival_time_ms': 8120, 'header_length': 24, 'padding_length': 0, 'payload_size': 832, 'payload_type': 126, 'send_time_ms': 6575, 'sequence_number': 312, 'ssrc': 12648429}
{'arrival_time_ms': 8144, 'header_length': 24, 'padding_length': 0, 'payload_size': 832, 'payload_type': 126, 'send_time_ms': 6605, 'sequence_number': 313, 'ssrc': 12648429}
{'arrival_time_ms': 8167, 'header_length': 24, 'padding_length': 0, 'payload_size': 832, 'payload_type': 126, 'send_time_ms': 6610, 'sequence_number': 314, 'ssrc': 12648429}
{'arrival_time_ms': 8196, 'header_length': 24, 'padding_length': 0, 'payload_size': 1038, 'payload_type': 126, 'send_time_ms': 6635, 'sequence_number': 315, 'ssrc': 12648429}
{'arrival_time_ms': 8226, 'header_length': 24, 'padding_length': 0, 'payload_size': 1038, 'payload_type': 126, 'send_time_ms': 6670, 'sequence_number': 316, 'ssrc': 12648429}
{'arrival_time_ms': 8252, 'header_length': 24, 'padding_length': 0, 'payload_size': 936, 'payload_type': 126, 'send_time_ms': 6705, 'sequence_number': 317, 'ssrc': 12648429}
{'arrival_time_ms': 8278, 'header_length': 24, 'padding_length': 0, 'payload_size': 936, 'payload_type': 126, 'send_time_ms': 6710, 'sequence_number': 318, 'ssrc': 12648429}
{'arrival_time_ms': 8299, 'header_length': 24, 'padding_length': 0, 'payload_size': 728, 'payload_type': 126, 'send_time_ms': 6735, 'sequence_number': 319, 'ssrc': 12648429}
{'arrival_time_ms': 8320, 'header_length': 24, 'padding_length': 0, 'payload_size': 728, 'payload_type': 126, 'send_time_ms': 6740, 'sequence_number': 320, 'ssrc': 12648429}
{'arrival_time_ms': 8341, 'header_length': 24, 'padding_length': 0, 'payload_size': 728, 'payload_type': 126, 'send_time_ms': 6770, 'sequence_number': 321, 'ssrc': 12648429}
{'arrival_time_ms': 8362, 'header_length': 24, 'padding_length': 0, 'payload_size': 728, 'payload_type': 126, 'send_time_ms': 6775, 'sequence_number': 322, 'ssrc': 12648429}
{'arrival_time_ms': 8385, 'header_length': 24, 'padding_length': 0, 'payload_size': 728, 'payload_type': 126, 'send_time_ms': 6805, 'sequence_number': 323, 'ssrc': 12648429}
{'arrival_time_ms': 8405, 'header_length': 24, 'padding_length': 0, 'payload_size': 728, 'payload_type': 126, 'send_time_ms': 6810, 'sequence_number': 324, 'ssrc': 12648429}
{'arrival_time_ms': 8426, 'header_length': 24, 'padding_length': 0, 'payload_size': 728, 'payload_type': 126, 'send_time_ms': 6835, 'sequence_number': 325, 'ssrc': 12648429}
{'arrival_time_ms': 8447, 'header_length': 24, 'padding_length': 0, 'payload_size': 728, 'payload_type': 126, 'send_time_ms': 6840, 'sequence_number': 326, 'ssrc': 12648429}
{'arrival_time_ms': 8471, 'header_length': 24, 'padding_length': 0, 'payload_size': 830, 'payload_type': 126, 'send_time_ms': 6870, 'sequence_number': 327, 'ssrc': 12648429}
{'arrival_time_ms': 8494, 'header_length': 24, 'padding_length': 0, 'payload_size': 830, 'payload_type': 126, 'send_time_ms': 6905, 'sequence_number': 328, 'ssrc': 12648429}
{'arrival_time_ms': 8518, 'header_length': 24, 'padding_length': 0, 'payload_size': 830, 'payload_type': 126, 'send_time_ms': 6935, 'sequence_number': 329, 'ssrc': 12648429}
{'arrival_time_ms': 8541, 'header_length': 24, 'padding_length': 0, 'payload_size': 830, 'payload_type': 126, 'send_time_ms': 6970, 'sequence_number': 330, 'ssrc': 12648429}
{'arrival_time_ms': 8562, 'header_length': 24, 'padding_length': 0, 'payload_size': 728, 'payload_type': 126, 'send_time_ms': 7005, 'sequence_number': 331, 'ssrc': 12648429}
{'arrival_time_ms': 8583, 'header_length': 24, 'padding_length': 0, 'payload_size': 728, 'payload_type': 126, 'send_time_ms': 7010, 'sequence_number': 332, 'ssrc': 12648429}
{'arrival_time_ms': 8604, 'header_length': 24, 'padding_length': 0, 'payload_size': 728, 'payload_type': 126, 'send_time_ms': 7035, 'sequence_number': 333, 'ssrc': 12648429}
{'arrival_time_ms': 8625, 'header_length': 24, 'padding_length': 0, 'payload_size': 728, 'payload_type': 126, 'send_time_ms': 7040, 'sequence_number': 334, 'ssrc': 12648429}
{'arrival_time_ms': 8646, 'header_length': 24, 'padding_length': 0, 'payload_size': 728, 'payload_type': 126, 'send_time_ms': 7070, 'sequence_number': 335, 'ssrc': 12648429}
{'arrival_time_ms': 8666, 'header_length': 24, 'padding_length': 0, 'payload_size': 728, 'payload_type': 126, 'send_time_ms': 7075, 'sequence_number': 336, 'ssrc': 12648429}
{'arrival_time_ms': 8701, 'header_length': 24, 'padding_length': 0, 'payload_size': 1246, 'payload_type': 126, 'send_time_ms': 7105, 'sequence_number': 337, 'ssrc': 12648429}
{'arrival_time_ms': 8736, 'header_length': 24, 'padding_length': 0, 'payload_size': 1246, 'payload_type': 126, 'send_time_ms': 7135, 'sequence_number': 338, 'ssrc': 12648429}
{'arrival_time_ms': 8770, 'header_length': 24, 'padding_length': 0, 'payload_size': 1246, 'payload_type': 126, 'send_time_ms': 7170, 'sequence_number': 339, 'ssrc': 12648429}
{'arrival_time_ms': 8805, 'header_length': 24, 'padding_length': 0, 'payload_size': 1246, 'payload_type': 126, 'send_time_ms': 7205, 'sequence_number': 340, 'ssrc': 12648429}
{'arrival_time_ms': 8829, 'header_length': 24, 'padding_length': 0, 'payload_size': 830, 'payload_type': 126, 'send_time_ms': 7235, 'sequence_number': 341, 'ssrc': 12648429}
{'arrival_time_ms': 8852, 'header_length': 24, 'padding_length': 0, 'payload_size': 830, 'payload_type': 126, 'send_time_ms': 7270, 'sequence_number': 342, 'ssrc': 12648429}
{'arrival_time_ms': 8889, 'header_length': 24, 'padding_length': 0, 'payload_size': 1246, 'payload_type': 126, 'send_time_ms': 7305, 'sequence_number': 343, 'ssrc': 12648429}
{'arrival_time_ms': 8918, 'header_length': 24, 'padding_length': 0, 'payload_size': 1038, 'payload_type': 126, 'send_time_ms': 7335, 'sequence_number': 344, 'ssrc': 12648429}
{'arrival_time_ms': 8947, 'header_length': 24, 'padding_length': 0, 'payload_size': 1038, 'payload_type': 126, 'send_time_ms': 7370, 'sequence_number': 345, 'ssrc': 12648429}
{'arrival_time_ms': 8968, 'header_length': 24, 'padding_length': 0, 'payload_size': 728, 'payload_type': 126, 'send_time_ms': 7405, 'sequence_number': 346, 'ssrc': 12648429}
{'arrival_time_ms': 8989, 'header_length': 24, 'padding_length': 0, 'payload_size': 728, 'payload_type': 126, 'send_time_ms': 7410, 'sequence_number': 347, 'ssrc': 12648429}
{'arrival_time_ms': 9010, 'header_length': 24, 'padding_length': 0, 'payload_size': 728, 'payload_type': 126, 'send_time_ms': 7435, 'sequence_number': 348, 'ssrc': 12648429}
{'arrival_time_ms': 9030, 'header_length': 24, 'padding_length': 0, 'payload_size': 728, 'payload_type': 126, 'send_time_ms': 7440, 'sequence_number': 349, 'ssrc': 12648429}
{'arrival_time_ms': 9054, 'header_length': 24, 'padding_length': 0, 'payload_size': 832, 'payload_type': 126, 'send_time_ms': 7470, 'sequence_number': 350, 'ssrc': 12648429}
{'arrival_time_ms': 9078, 'header_length': 24, 'padding_length': 0, 'payload_size': 832, 'payload_type': 126, 'send_time_ms': 7475, 'sequence_number': 351, 'ssrc': 12648429}
{'arrival_time_ms': 9101, 'header_length': 24, 'padding_length': 0, 'payload_size': 832, 'payload_type': 126, 'send_time_ms': 7505, 'sequence_number': 352, 'ssrc': 12648429}
{'arrival_time_ms': 9125, 'header_length': 24, 'padding_length': 0, 'payload_size': 832, 'payload_type': 126, 'send_time_ms': 7510, 'sequence_number': 353, 'ssrc': 12648429}
{'arrival_time_ms': 9151, 'header_length': 24, 'padding_length': 0, 'payload_size': 936, 'payload_type': 126, 'send_time_ms': 7535, 'sequence_number': 354, 'ssrc': 12648429}
{'arrival_time_ms': 9178, 'header_length': 24, 'padding_length': 0, 'payload_size': 936, 'payload_type': 126, 'send_time_ms': 7540, 'sequence_number': 355, 'ssrc': 12648429}
{'arrival_time_ms': 9204, 'header_length': 24, 'padding_length': 0, 'payload_size': 936, 'payload_type': 126, 'send_time_ms': 7570, 'sequence_number': 356, 'ssrc': 12648429}
{'arrival_time_ms': 9231, 'header_length': 24, 'padding_length': 0, 'payload_size': 936, 'payload_type': 126, 'send_time_ms': 7575, 'sequence_number': 357, 'ssrc': 12648429}
{'arrival_time_ms': 9260, 'header_length': 24, 'padding_length': 0, 'payload_size': 1038, 'payload_type': 126, 'send_time_ms': 7605, 'sequence_number': 358, 'ssrc': 12648429}
{'arrival_time_ms': 9281, 'header_length': 24, 'padding_length': 0, 'payload_size': 728, 'payload_type': 126, 'send_time_ms': 7635, 'sequence_number': 359, 'ssrc': 12648429}
{'arrival_time_ms': 9301, 'header_length': 24, 'padding_length': 0, 'payload_size': 728, 'payload_type': 126, 'send_time_ms': 7640, 'sequence_number': 360, 'ssrc': 12648429}
{'arrival_time_ms': 9322, 'header_length': 24, 'padding_length': 0, 'payload_size': 728, 'payload_type': 126, 'send_time_ms': 7670, 'sequence_number': 361, 'ssrc': 12648429}
{'arrival_time_ms': 9343, 'header_length': 24, 'padding_length': 0, 'payload_size': 728, 'payload_type': 126, 'send_time_ms': 7675, 'sequence_number': 362, 'ssrc': 12648429}
{'arrival_time_ms': 9367, 'header_length': 24, 'padding_length': 0, 'payload_size': 830, 'payload_type': 126, 'send_time_ms': 7705, 'sequence_number': 363, 'ssrc': 12648429}
{'arrival_time_ms': 9390, 'header_length': 24, 'padding_length': 0, 'payload_size': 830, 'payload_type': 126, 'send_time_ms': 7735, 'sequence_number': 364, 'ssrc': 12648429}
{'arrival_time_ms': 9414, 'header_length': 24, 'padding_length': 0, 'payload_size': 830, 'payload_type': 126, 'send_time_ms': 7770, 'sequence_number': 365, 'ssrc': 12648429}
{'arrival_time_ms': 9439, 'header_length': 24, 'padding_length': 0, 'payload_size': 830, 'payload_type': 126, 'send_time_ms': 7805, 'sequence_number': 366, 'ssrc': 12648429}
{'arrival_time_ms': 9466, 'header_length': 24, 'padding_length': 0, 'payload_size': 936, 'payload_type': 126, 'send_time_ms': 7835, 'sequence_number': 367, 'ssrc': 12648429}
{'arrival_time_ms': 9492, 'header_length': 24, 'padding_length': 0, 'payload_size': 936, 'payload_type': 126, 'send_time_ms': 7840, 'sequence_number': 368, 'ssrc': 12648429}
{'arrival_time_ms': 9518, 'header_length': 24, 'padding_length': 0, 'payload_size': 936, 'payload_type': 126, 'send_time_ms': 7870, 'sequence_number': 369, 'ssrc': 12648429}
{'arrival_time_ms': 9545, 'header_length': 24, 'padding_length': 0, 'payload_size': 936, 'payload_type': 126, 'send_time_ms': 7875, 'sequence_number': 370, 'ssrc': 12648429}
{'arrival_time_ms': 9568, 'header_length': 24, 'padding_length': 0, 'payload_size': 830, 'payload_type': 126, 'send_time_ms': 7905, 'sequence_number': 371, 'ssrc': 12648429}
{'arrival_time_ms': 9592, 'header_length': 24, 'padding_length': 0, 'payload_size': 832, 'payload_type': 126, 'send_time_ms': 7935, 'sequence_number': 372, 'ssrc': 12648429}
{'arrival_time_ms': 9616, 'header_length': 24, 'padding_length': 0, 'payload_size': 832, 'payload_type': 126, 'send_time_ms': 7940, 'sequence_number': 373, 'ssrc': 12648429}
{'arrival_time_ms': 9639, 'header_length': 24, 'padding_length': 0, 'payload_size': 832, 'payload_type': 126, 'send_time_ms': 7970, 'sequence_number': 374, 'ssrc': 12648429}
{'arrival_time_ms': 9663, 'header_length': 24, 'padding_length': 0, 'payload_size': 832, 'payload_type': 126, 'send_time_ms': 7975, 'sequence_number': 375, 'ssrc': 12648429}
{'arrival_time_ms': 9689, 'header_length': 24, 'padding_length': 0, 'payload_size': 936, 'payload_type': 126, 'send_time_ms': 8005, 'sequence_number': 376, 'ssrc': 12648429}
{'arrival_time_ms': 9716, 'header_length': 24, 'padding_length': 0, 'payload_size': 936, 'payload_type': 126, 'send_time_ms': 8010, 'sequence_number': 377, 'ssrc': 12648429}
{'arrival_time_ms': 9742, 'header_length': 24, 'padding_length': 0, 'payload_size': 936, 'payload_type': 126, 'send_time_ms': 8035, 'sequence_number': 378, 'ssrc': 12648429}
{'arrival_time_ms': 9769, 'header_length': 24, 'padding_length': 0, 'payload_size': 936, 'payload_type': 126, 'send_time_ms': 8040, 'sequence_number': 379, 'ssrc': 12648429}
{'arrival_time_ms': 9803, 'header_length': 24, 'padding_length': 0, 'payload_size': 1246, 'payload_type': 126, 'send_time_ms': 8070, 'sequence_number': 380, 'ssrc': 12648429}
{'arrival_time_ms': 9838, 'header_length': 24, 'padding_length': 0, 'payload_size': 1246, 'payload_type': 126, 'send_time_ms': 8105, 'sequence_number': 381, 'ssrc': 12648429}
{'arrival_time_ms': 9867, 'header_length': 24, 'padding_length': 0, 'payload_size': 1038, 'payload_type': 126, 'send_time_ms': 8135, 'sequence_number': 382, 'ssrc': 12648429}
{'arrival_time_ms': 9896, 'header_length': 24, 'padding_length': 0, 'payload_size': 1038, 'payload_type': 126, 'send_time_ms': 8170, 'sequence_number': 383, 'ssrc': 12648429}
{'arrival_time_ms': 9923, 'header_length': 24, 'padding_length': 0, 'payload_size': 936, 'payload_type': 126, 'send_time_ms': 8205, 'sequence_number': 384, 'ssrc': 12648429}
{'arrival_time_ms': 9949, 'header_length': 24, 'padding_length': 0, 'payload_size': 936, 'payload_type': 126, 'send_time_ms': 8210, 'sequence_number': 385, 'ssrc': 12648429}
{'arrival_time_ms': 9975, 'header_length': 24, 'padding_length': 0, 'payload_size': 936, 'payload_type': 126, 'send_time_ms': 8235, 'sequence_number': 386, 'ssrc': 12648429}
{'arrival_time_ms': 10002, 'header_length': 24, 'padding_length': 0, 'payload_size': 936, 'payload_type': 126, 'send_time_ms': 8240, 'sequence_number': 387, 'ssrc': 12648429}
{'arrival_time_ms': 10028, 'header_length': 24, 'padding_length': 0, 'payload_size': 936, 'payload_type': 126, 'send_time_ms': 8270, 'sequence_number': 388, 'ssrc': 12648429}
{'arrival_time_ms': 10055, 'header_length': 24, 'padding_length': 0, 'payload_size': 936, 'payload_type': 126, 'send_time_ms': 8275, 'sequence_number': 389, 'ssrc': 12648429}
{'arrival_time_ms': 10091, 'header_length': 24, 'padding_length': 0, 'payload_size': 1246, 'payload_type': 126, 'send_time_ms': 8305, 'sequence_number': 390, 'ssrc': 12648429}
{'arrival_time_ms': 10126, 'header_length': 24, 'padding_length': 0, 'payload_size': 1246, 'payload_type': 126, 'send_time_ms': 8335, 'sequence_number': 391, 'ssrc': 12648429}
{'arrival_time_ms': 10155, 'header_length': 24, 'padding_length': 0, 'payload_size': 1038, 'payload_type': 126, 'send_time_ms': 8370, 'sequence_number': 392, 'ssrc': 12648429}
{'arrival_time_ms': 10184, 'header_length': 24, 'padding_length': 0, 'payload_size': 1038, 'payload_type': 126, 'send_time_ms': 8405, 'sequence_number': 393, 'ssrc': 12648429}
{'arrival_time_ms': 10210, 'header_length': 24, 'padding_length': 0, 'payload_size': 936, 'payload_type': 126, 'send_time_ms': 8435, 'sequence_number': 394, 'ssrc': 12648429}
{'arrival_time_ms': 10237, 'header_length': 24, 'padding_length': 0, 'payload_size': 936, 'payload_type': 126, 'send_time_ms': 8440, 'sequence_number': 395, 'ssrc': 12648429}
{'arrival_time_ms': 10263, 'header_length': 24, 'padding_length': 0, 'payload_size': 936, 'payload_type': 126, 'send_time_ms': 8470, 'sequence_number': 396, 'ssrc': 12648429}
{'arrival_time_ms': 10290, 'header_length': 24, 'padding_length': 0, 'payload_size': 936, 'payload_type': 126, 'send_time_ms': 8475, 'sequence_number': 397, 'ssrc': 12648429}
{'arrival_time_ms': 10316, 'header_length': 24, 'padding_length': 0, 'payload_size': 936, 'payload_type': 126, 'send_time_ms': 8505, 'sequence_number': 398, 'ssrc': 12648429}
{'arrival_time_ms': 10342, 'header_length': 24, 'padding_length': 0, 'payload_size': 936, 'payload_type': 126, 'send_time_ms': 8510, 'sequence_number': 399, 'ssrc': 12648429}
{'arrival_time_ms': 10366, 'header_length': 24, 'padding_length': 0, 'payload_size': 832, 'payload_type': 126, 'send_time_ms': 8535, 'sequence_number': 400, 'ssrc': 12648429}
{'arrival_time_ms': 10390, 'header_length': 24, 'padding_length': 0, 'payload_size': 832, 'payload_type': 126, 'send_time_ms': 8540, 'sequence_number': 401, 'ssrc': 12648429}
{'arrival_time_ms': 10413, 'header_length': 24, 'padding_length': 0, 'payload_size': 832, 'payload_type': 126, 'send_time_ms': 8570, 'sequence_number': 402, 'ssrc': 12648429}
{'arrival_time_ms': 10437, 'header_length': 24, 'padding_length': 0, 'payload_size': 832, 'payload_type': 126, 'send_time_ms': 8575, 'sequence_number': 403, 'ssrc': 12648429}
{'arrival_time_ms': 10466, 'header_length': 24, 'padding_length': 0, 'payload_size': 1038, 'payload_type': 126, 'send_time_ms': 8605, 'sequence_number': 404, 'ssrc': 12648429}
{'arrival_time_ms': 10495, 'header_length': 24, 'padding_length': 0, 'payload_size': 1038, 'payload_type': 126, 'send_time_ms': 8635, 'sequence_number': 405, 'ssrc': 12648429}
{'arrival_time_ms': 10524, 'header_length': 24, 'padding_length': 0, 'payload_size': 1038, 'payload_type': 126, 'send_time_ms': 8670, 'sequence_number': 406, 'ssrc': 12648429}
{'arrival_time_ms': 10553, 'header_length': 24, 'padding_length': 0, 'payload_size': 1038, 'payload_type': 126, 'send_time_ms': 8705, 'sequence_number': 407, 'ssrc': 12648429}
{'arrival_time_ms': 10582, 'header_length': 24, 'padding_length': 0, 'payload_size': 1038, 'payload_type': 126, 'send_time_ms': 8735, 'sequence_number': 408, 'ssrc': 12648429}
{'arrival_time_ms': 10612, 'header_length': 24, 'padding_length': 0, 'payload_size': 1038, 'payload_type': 126, 'send_time_ms': 8770, 'sequence_number': 409, 'ssrc': 12648429}
{'arrival_time_ms': 10634, 'header_length': 24, 'padding_length': 0, 'payload_size': 728, 'payload_type': 126, 'send_time_ms': 8805, 'sequence_number': 410, 'ssrc': 12648429}
{'arrival_time_ms': 10655, 'header_length': 24, 'padding_length': 0, 'payload_size': 728, 'payload_type': 126, 'send_time_ms': 8810, 'sequence_number': 411, 'ssrc': 12648429}
{'arrival_time_ms': 10682, 'header_length': 24, 'padding_length': 0, 'payload_size': 936, 'payload_type': 126, 'send_time_ms': 8835, 'sequence_number': 412, 'ssrc': 12648429}
{'arrival_time_ms': 10708, 'header_length': 24, 'padding_length': 0, 'payload_size': 936, 'payload_type': 126, 'send_time_ms': 8840, 'sequence_number': 413, 'ssrc': 12648429}
{'arrival_time_ms': 10734, 'header_length': 24, 'padding_length': 0, 'payload_size': 936, 'payload_type': 126, 'send_time_ms': 8870, 'sequence_number': 414, 'ssrc': 12648429}
{'arrival_time_ms': 10761, 'header_length': 24, 'padding_length': 0, 'payload_size': 936, 'payload_type': 126, 'send_time_ms': 8875, 'sequence_number': 415, 'ssrc': 12648429}
{'arrival_time_ms': 10782, 'header_length': 24, 'padding_length': 0, 'payload_size': 728, 'payload_type': 126, 'send_time_ms': 8905, 'sequence_number': 416, 'ssrc': 12648429}
{'arrival_time_ms': 10802, 'header_length': 24, 'padding_length': 0, 'payload_size': 728, 'payload_type': 126, 'send_time_ms': 8910, 'sequence_number': 417, 'ssrc': 12648429}
{'arrival_time_ms': 10823, 'header_length': 24, 'padding_length': 0, 'payload_size': 728, 'payload_type': 126, 'send_time_ms': 8935, 'sequence_number': 418, 'ssrc': 12648429}
{'arrival_time_ms': 10844, 'header_length': 24, 'padding_length': 0, 'payload_size': 728, 'payload_type': 126, 'send_time_ms': 8940, 'sequence_number': 419, 'ssrc': 12648429}
{'arrival_time_ms': 10879, 'header_length': 24, 'padding_length': 0, 'payload_size': 1246, 'payload_type': 126, 'send_time_ms': 8970, 'sequence_number': 420, 'ssrc': 12648429}
{'arrival_time_ms': 10914, 'header_length': 24, 'padding_length': 0, 'payload_size': 1246, 'payload_type': 126, 'send_time_ms': 9005, 'sequence_number': 421, 'ssrc': 12648429}
{'arrival_time_ms': 10948, 'header_length': 24, 'padding_length': 0, 'payload_size': 1246, 'payload_type': 126, 'send_time_ms': 9035, 'sequence_number': 422, 'ssrc': 12648429}
{'arrival_time_ms': 10983, 'header_length': 24, 'padding_length': 0, 'payload_size': 1246, 'payload_type': 126, 'send_time_ms': 9070, 'sequence_number': 423, 'ssrc': 12648429}
{'arrival_time_ms': 11004, 'header_length': 24, 'padding_length': 0, 'payload_size': 728, 'payload_type': 126, 'send_time_ms': 9105, 'sequence_number': 424, 'ssrc': 12648429}
{'arrival_time_ms': 11025, 'header_length': 24, 'padding_length': 0, 'payload_size': 728, 'payload_type': 126, 'send_time_ms': 9110, 'sequence_number': 425, 'ssrc': 12648429}
{'arrival_time_ms': 11054, 'header_length': 24, 'padding_length': 0, 'payload_size': 1038, 'payload_type': 126, 'send_time_ms': 9135, 'sequence_number': 426, 'ssrc': 12648429}
{'arrival_time_ms': 11083, 'header_length': 24, 'padding_length': 0, 'payload_size': 1038, 'payload_type': 126, 'send_time_ms': 9170, 'sequence_number': 427, 'ssrc': 12648429}
{'arrival_time_ms': 11104, 'header_length': 24, 'padding_length': 0, 'payload_size': 728, 'payload_type': 126, 'send_time_ms': 9205, 'sequence_number': 428, 'ssrc': 12648429}
{'arrival_time_ms': 11125, 'header_length': 24, 'padding_length': 0, 'payload_size': 728, 'payload_type': 126, 'send_time_ms': 9210, 'sequence_number': 429, 'ssrc': 12648429}
{'arrival_time_ms': 11145, 'header_length': 24, 'padding_length': 0, 'payload_size': 728, 'payload_type': 126, 'send_time_ms': 9235, 'sequence_number': 430, 'ssrc': 12648429}
{'arrival_time_ms': 11166, 'header_length': 24, 'padding_length': 0, 'payload_size': 728, 'payload_type': 126, 'send_time_ms': 9240, 'sequence_number': 431, 'ssrc': 12648429}
{'arrival_time_ms': 11201, 'header_length': 24, 'padding_length': 0, 'payload_size': 1246, 'payload_type': 126, 'send_time_ms': 9270, 'sequence_number': 432, 'ssrc': 12648429}
{'arrival_time_ms': 11237, 'header_length': 24, 'padding_length': 0, 'payload_size': 1246, 'payload_type': 126, 'send_time_ms': 9305, 'sequence_number': 433, 'ssrc': 12648429}
{'arrival_time_ms': 11264, 'header_length': 24, 'padding_length': 0, 'payload_size': 936, 'payload_type': 126, 'send_time_ms': 9335, 'sequence_number': 434, 'ssrc': 12648429}
{'arrival_time_ms': 11290, 'header_length': 24, 'padding_length': 0, 'payload_size': 936, 'payload_type': 126, 'send_time_ms': 9340, 'sequence_number': 435, 'ssrc': 12648429}
{'arrival_time_ms': 11317, 'header_length': 24, 'padding_length': 0, 'payload_size': 936, 'payload_type': 126, 'send_time_ms': 9370, 'sequence_number': 436, 'ssrc': 12648429}
{'arrival_time_ms': 11343, 'header_length': 24, 'padding_length': 0, 'payload_size': 936, 'payload_type': 126, 'send_time_ms': 9375, 'sequence_number': 437, 'ssrc': 12648429}
{'arrival_time_ms': 11367, 'header_length': 24, 'padding_length': 0, 'payload_size': 832, 'payload_type': 126, 'send_time_ms': 9405, 'sequence_number': 438, 'ssrc': 12648429}
{'arrival_time_ms': 11390, 'header_length': 24, 'padding_length': 0, 'payload_size': 832, 'payload_type': 126, 'send_time_ms': 9410, 'sequence_number': 439, 'ssrc': 12648429}
{'arrival_time_ms': 11414, 'header_length': 24, 'padding_length': 0, 'payload_size': 830, 'payload_type': 126, 'send_time_ms': 9435, 'sequence_number': 440, 'ssrc': 12648429}
{'arrival_time_ms': 11437, 'header_length': 24, 'padding_length': 0, 'payload_size': 830, 'payload_type': 126, 'send_time_ms': 9470, 'sequence_number': 441, 'ssrc': 12648429}
{'arrival_time_ms': 11461, 'header_length': 24, 'padding_length': 0, 'payload_size': 830, 'payload_type': 126, 'send_time_ms': 9505, 'sequence_number': 442, 'ssrc': 12648429}
{'arrival_time_ms': 11485, 'header_length': 24, 'padding_length': 0, 'payload_size': 830, 'payload_type': 126, 'send_time_ms': 9535, 'sequence_number': 443, 'ssrc': 12648429}
{'arrival_time_ms': 11508, 'header_length': 24, 'padding_length': 0, 'payload_size': 832, 'payload_type': 126, 'send_time_ms': 9570, 'sequence_number': 444, 'ssrc': 12648429}
{'arrival_time_ms': 11532, 'header_length': 24, 'padding_length': 0, 'payload_size': 832, 'payload_type': 126, 'send_time_ms': 9575, 'sequence_number': 445, 'ssrc': 12648429}
{'arrival_time_ms': 11555, 'header_length': 24, 'padding_length': 0, 'payload_size': 832, 'payload_type': 126, 'send_time_ms': 9605, 'sequence_number': 446, 'ssrc': 12648429}
{'arrival_time_ms': 11579, 'header_length': 24, 'padding_length': 0, 'payload_size': 832, 'payload_type': 126, 'send_time_ms': 9615, 'sequence_number': 447, 'ssrc': 12648429}
{'arrival_time_ms': 11608, 'header_length': 24, 'padding_length': 0, 'payload_size': 1038, 'payload_type': 126, 'send_time_ms': 9635, 'sequence_number': 448, 'ssrc': 12648429}
{'arrival_time_ms': 11637, 'header_length': 24, 'padding_length': 0, 'payload_size': 1038, 'payload_type': 126, 'send_time_ms': 9670, 'sequence_number': 449, 'ssrc': 12648429}
{'arrival_time_ms': 11664, 'header_length': 24, 'padding_length': 0, 'payload_size': 936, 'payload_type': 126, 'send_time_ms': 9705, 'sequence_number': 450, 'ssrc': 12648429}
{'arrival_time_ms': 11690, 'header_length': 24, 'padding_length': 0, 'payload_size': 936, 'payload_type': 126, 'send_time_ms': 9710, 'sequence_number': 451, 'ssrc': 12648429}
{'arrival_time_ms': 11725, 'header_length': 24, 'padding_length': 0, 'payload_size': 1246, 'payload_type': 126, 'send_time_ms': 9735, 'sequence_number': 452, 'ssrc': 12648429}
{'arrival_time_ms': 11759, 'header_length': 24, 'padding_length': 0, 'payload_size': 1246, 'payload_type': 126, 'send_time_ms': 9770, 'sequence_number': 453, 'ssrc': 12648429}
{'arrival_time_ms': 11790, 'header_length': 24, 'padding_length': 0, 'payload_size': 1038, 'payload_type': 126, 'send_time_ms': 9805, 'sequence_number': 454, 'ssrc': 12648429}
{'arrival_time_ms': 11820, 'header_length': 24, 'padding_length': 0, 'payload_size': 1038, 'payload_type': 126, 'send_time_ms': 9835, 'sequence_number': 455, 'ssrc': 12648429}
{'arrival_time_ms': 11846, 'header_length': 24, 'padding_length': 0, 'payload_size': 936, 'payload_type': 126, 'send_time_ms': 9870, 'sequence_number': 456, 'ssrc': 12648429}
{'arrival_time_ms': 11872, 'header_length': 24, 'padding_length': 0, 'payload_size': 936, 'payload_type': 126, 'send_time_ms': 9875, 'sequence_number': 457, 'ssrc': 12648429}
{'arrival_time_ms': 11899, 'header_length': 24, 'padding_length': 0, 'payload_size': 936, 'payload_type': 126, 'send_time_ms': 9905, 'sequence_number': 458, 'ssrc': 12648429}
{'arrival_time_ms': 11925, 'header_length': 24, 'padding_length': 0, 'payload_size': 936, 'payload_type': 126, 'send_time_ms': 9910, 'sequence_number': 459, 'ssrc': 12648429}
{'arrival_time_ms': 11946, 'header_length': 24, 'padding_length': 0, 'payload_size': 728, 'payload_type': 126, 'send_time_ms': 9935, 'sequence_number': 460, 'ssrc': 12648429}
{'arrival_time_ms': 11967, 'header_length': 24, 'padding_length': 0, 'payload_size': 728, 'payload_type': 126, 'send_time_ms': 9940, 'sequence_number': 461, 'ssrc': 12648429}
{'arrival_time_ms': 11988, 'header_length': 24, 'padding_length': 0, 'payload_size': 728, 'payload_type': 126, 'send_time_ms': 9970, 'sequence_number': 462, 'ssrc': 12648429}
{'arrival_time_ms': 12009, 'header_length': 24, 'padding_length': 0, 'payload_size': 728, 'payload_type': 126, 'send_time_ms': 9975, 'sequence_number': 463, 'ssrc': 12648429}
{'arrival_time_ms': 12035, 'header_length': 24, 'padding_length': 0, 'payload_size': 936, 'payload_type': 126, 'send_time_ms': 10005, 'sequence_number': 464, 'ssrc': 12648429}
{'arrival_time_ms': 12061, 'header_length': 24, 'padding_length': 0, 'payload_size': 936, 'payload_type': 126, 'send_time_ms': 10010, 'sequence_number': 465, 'ssrc': 12648429}
{'arrival_time_ms': 12085, 'header_length': 24, 'padding_length': 0, 'payload_size': 832, 'payload_type': 126, 'send_time_ms': 10035, 'sequence_number': 466, 'ssrc': 12648429}
{'arrival_time_ms': 12109, 'header_length': 24, 'padding_length': 0, 'payload_size': 832, 'payload_type': 126, 'send_time_ms': 10040, 'sequence_number': 467, 'ssrc': 12648429}
{'arrival_time_ms': 12132, 'header_length': 24, 'padding_length': 0, 'payload_size': 832, 'payload_type': 126, 'send_time_ms': 10070, 'sequence_number': 468, 'ssrc': 12648429}
{'arrival_time_ms': 12156, 'header_length': 24, 'padding_length': 0, 'payload_size': 832, 'payload_type': 126, 'send_time_ms': 10075, 'sequence_number': 469, 'ssrc': 12648429}
{'arrival_time_ms': 12179, 'header_length': 24, 'padding_length': 0, 'payload_size': 830, 'payload_type': 126, 'send_time_ms': 10105, 'sequence_number': 470, 'ssrc': 12648429}
{'arrival_time_ms': 12203, 'header_length': 24, 'padding_length': 0, 'payload_size': 830, 'payload_type': 126, 'send_time_ms': 10135, 'sequence_number': 471, 'ssrc': 12648429}
{'arrival_time_ms': 12227, 'header_length': 24, 'padding_length': 0, 'payload_size': 830, 'payload_type': 126, 'send_time_ms': 10170, 'sequence_number': 472, 'ssrc': 12648429}
{'arrival_time_ms': 12250, 'header_length': 24, 'padding_length': 0, 'payload_size': 830, 'payload_type': 126, 'send_time_ms': 10205, 'sequence_number': 473, 'ssrc': 12648429}
{'arrival_time_ms': 12277, 'header_length': 24, 'padding_length': 0, 'payload_size': 936, 'payload_type': 126, 'send_time_ms': 10235, 'sequence_number': 474, 'ssrc': 12648429}
{'arrival_time_ms': 12303, 'header_length': 24, 'padding_length': 0, 'payload_size': 936, 'payload_type': 126, 'send_time_ms': 10240, 'sequence_number': 475, 'ssrc': 12648429}
{'arrival_time_ms': 12329, 'header_length': 24, 'padding_length': 0, 'payload_size': 936, 'payload_type': 126, 'send_time_ms': 10270, 'sequence_number': 476, 'ssrc': 12648429}
{'arrival_time_ms': 12356, 'header_length': 24, 'padding_length': 0, 'payload_size': 936, 'payload_type': 126, 'send_time_ms': 10275, 'sequence_number': 477, 'ssrc': 12648429}
{'arrival_time_ms': 12381, 'header_length': 24, 'padding_length': 0, 'payload_size': 830, 'payload_type': 126, 'send_time_ms': 10305, 'sequence_number': 478, 'ssrc': 12648429}
{'arrival_time_ms': 12410, 'header_length': 24, 'padding_length': 0, 'payload_size': 1038, 'payload_type': 126, 'send_time_ms': 10335, 'sequence_number': 479, 'ssrc': 12648429}
{'arrival_time_ms': 12439, 'header_length': 24, 'padding_length': 0, 'payload_size': 1038, 'payload_type': 126, 'send_time_ms': 10370, 'sequence_number': 480, 'ssrc': 12648429}
{'arrival_time_ms': 12469, 'header_length': 24, 'padding_length': 0, 'payload_size': 1038, 'payload_type': 126, 'send_time_ms': 10405, 'sequence_number': 481, 'ssrc': 12648429}
{'arrival_time_ms': 12498, 'header_length': 24, 'padding_length': 0, 'payload_size': 1038, 'payload_type': 126, 'send_time_ms': 10435, 'sequence_number': 482, 'ssrc': 12648429}
{'arrival_time_ms': 12521, 'header_length': 24, 'padding_length': 0, 'payload_size': 832, 'payload_type': 126, 'send_time_ms': 10470, 'sequence_number': 483, 'ssrc': 12648429}
{'arrival_time_ms': 12545, 'header_length': 24, 'padding_length': 0, 'payload_size': 832, 'payload_type': 126, 'send_time_ms': 10475, 'sequence_number': 484, 'ssrc': 12648429}
{'arrival_time_ms': 12569, 'header_length': 24, 'padding_length': 0, 'payload_size': 832, 'payload_type': 126, 'send_time_ms': 10505, 'sequence_number': 485, 'ssrc': 12648429}
{'arrival_time_ms': 12592, 'header_length': 24, 'padding_length': 0, 'payload_size': 832, 'payload_type': 126, 'send_time_ms': 10510, 'sequence_number': 486, 'ssrc': 12648429}
{'arrival_time_ms': 12616, 'header_length': 24, 'padding_length': 0, 'payload_size': 832, 'payload_type': 126, 'send_time_ms': 10535, 'sequence_number': 487, 'ssrc': 12648429}
{'arrival_time_ms': 12639, 'header_length': 24, 'padding_length': 0, 'payload_size': 832, 'payload_type': 126, 'send_time_ms': 10540, 'sequence_number': 488, 'ssrc': 12648429}
{'arrival_time_ms': 12663, 'header_length': 24, 'padding_length': 0, 'payload_size': 832, 'payload_type': 126, 'send_time_ms': 10570, 'sequence_number': 489, 'ssrc': 12648429}
{'arrival_time_ms': 12687, 'header_length': 24, 'padding_length': 0, 'payload_size': 832, 'payload_type': 126, 'send_time_ms': 10575, 'sequence_number': 490, 'ssrc': 12648429}
{'arrival_time_ms': 12716, 'header_length': 24, 'padding_length': 0, 'payload_size': 1038, 'payload_type': 126, 'send_time_ms': 10605, 'sequence_number': 491, 'ssrc': 12648429}
{'arrival_time_ms': 12742, 'header_length': 24, 'padding_length': 0, 'payload_size': 936, 'payload_type': 126, 'send_time_ms': 10635, 'sequence_number': 492, 'ssrc': 12648429}
{'arrival_time_ms': 12769, 'header_length': 24, 'padding_length': 0, 'payload_size': 936, 'payload_type': 126, 'send_time_ms': 10640, 'sequence_number': 493, 'ssrc': 12648429}
{'arrival_time_ms': 12795, 'header_length': 24, 'padding_length': 0, 'payload_size': 936, 'payload_type': 126, 'send_time_ms': 10670, 'sequence_number': 494, 'ssrc': 12648429}
{'arrival_time_ms': 12821, 'header_length': 24, 'padding_length': 0, 'payload_size': 936, 'payload_type': 126, 'send_time_ms': 10675, 'sequence_number': 495, 'ssrc': 12648429}
{'arrival_time_ms': 12851, 'header_length': 24, 'padding_length': 0, 'payload_size': 1038, 'payload_type': 126, 'send_time_ms': 10705, 'sequence_number': 496, 'ssrc': 12648429}
{'arrival_time_ms': 12880, 'header_length': 24, 'padding_length': 0, 'payload_size': 1038, 'payload_type': 126, 'send_time_ms': 10735, 'sequence_number': 497, 'ssrc': 12648429}
{'arrival_time_ms': 12906, 'header_length': 24, 'padding_length': 0, 'payload_size': 936, 'payload_type': 126, 'send_time_ms': 10770, 'sequence_number': 498, 'ssrc': 12648429}
{'arrival_time_ms': 12932, 'header_length': 24, 'padding_length': 0, 'payload_size': 936, 'payload_type': 126, 'send_time_ms': 10775, 'sequence_number': 499, 'ssrc': 12648429}
{'arrival_time_ms': 12961, 'header_length': 24, 'padding_length': 0, 'payload_size': 936, 'payload_type': 126, 'send_time_ms': 10805, 'sequence_number': 500, 'ssrc': 12648429}
{'arrival_time_ms': 12987, 'header_length': 24, 'padding_length': 0, 'payload_size': 936, 'payload_type': 126, 'send_time_ms': 10810, 'sequence_number': 501, 'ssrc': 12648429}
{'arrival_time_ms': 13016, 'header_length': 24, 'padding_length': 0, 'payload_size': 1038, 'payload_type': 126, 'send_time_ms': 10835, 'sequence_number': 502, 'ssrc': 12648429}
{'arrival_time_ms': 13045, 'header_length': 24, 'padding_length': 0, 'payload_size': 1038, 'payload_type': 126, 'send_time_ms': 10870, 'sequence_number': 503, 'ssrc': 12648429}
{'arrival_time_ms': 13080, 'header_length': 24, 'padding_length': 0, 'payload_size': 1246, 'payload_type': 126, 'send_time_ms': 10905, 'sequence_number': 504, 'ssrc': 12648429}
{'arrival_time_ms': 13106, 'header_length': 24, 'padding_length': 0, 'payload_size': 936, 'payload_type': 126, 'send_time_ms': 10935, 'sequence_number': 505, 'ssrc': 12648429}
{'arrival_time_ms': 13133, 'header_length': 24, 'padding_length': 0, 'payload_size': 936, 'payload_type': 126, 'send_time_ms': 10940, 'sequence_number': 506, 'ssrc': 12648429}
{'arrival_time_ms': 13159, 'header_length': 24, 'padding_length': 0, 'payload_size': 936, 'payload_type': 126, 'send_time_ms': 10970, 'sequence_number': 507, 'ssrc': 12648429}
{'arrival_time_ms': 13186, 'header_length': 24, 'padding_length': 0, 'payload_size': 936, 'payload_type': 126, 'send_time_ms': 10975, 'sequence_number': 508, 'ssrc': 12648429}
{'arrival_time_ms': 13212, 'header_length': 24, 'padding_length': 0, 'payload_size': 936, 'payload_type': 126, 'send_time_ms': 11005, 'sequence_number': 509, 'ssrc': 12648429}
{'arrival_time_ms': 13238, 'header_length': 24, 'padding_length': 0, 'payload_size': 936, 'payload_type': 126, 'send_time_ms': 11010, 'sequence_number': 510, 'ssrc': 12648429}
{'arrival_time_ms': 13265, 'header_length': 24, 'padding_length': 0, 'payload_size': 936, 'payload_type': 126, 'send_time_ms': 11035, 'sequence_number': 511, 'ssrc': 12648429}
{'arrival_time_ms': 13291, 'header_length': 24, 'padding_length': 0, 'payload_size': 936, 'payload_type': 126, 'send_time_ms': 11040, 'sequence_number': 512, 'ssrc': 12648429}
{'arrival_time_ms': 13315, 'header_length': 24, 'padding_length': 0, 'payload_size': 830, 'payload_type': 126, 'send_time_ms': 11070, 'sequence_number': 513, 'ssrc': 12648429}
{'arrival_time_ms': 13338, 'header_length': 24, 'padding_length': 0, 'payload_size': 830, 'payload_type': 126, 'send_time_ms': 11105, 'sequence_number': 514, 'ssrc': 12648429}
{'arrival_time_ms': 13362, 'header_length': 24, 'padding_length': 0, 'payload_size': 830, 'payload_type': 126, 'send_time_ms': 11135, 'sequence_number': 515, 'ssrc': 12648429}
{'arrival_time_ms': 13386, 'header_length': 24, 'padding_length': 0, 'payload_size': 830, 'payload_type': 126, 'send_time_ms': 11170, 'sequence_number': 516, 'ssrc': 12648429}
{'arrival_time_ms': 13409, 'header_length': 24, 'padding_length': 0, 'payload_size': 830, 'payload_type': 126, 'send_time_ms': 11205, 'sequence_number': 517, 'ssrc': 12648429}
{'arrival_time_ms': 13430, 'header_length': 24, 'padding_length': 0, 'payload_size': 728, 'payload_type': 126, 'send_time_ms': 11235, 'sequence_number': 518, 'ssrc': 12648429}
{'arrival_time_ms': 13451, 'header_length': 24, 'padding_length': 0, 'payload_size': 728, 'payload_type': 126, 'send_time_ms': 11240, 'sequence_number': 519, 'ssrc': 12648429}
{'arrival_time_ms': 13472, 'header_length': 24, 'padding_length': 0, 'payload_size': 728, 'payload_type': 126, 'send_time_ms': 11270, 'sequence_number': 520, 'ssrc': 12648429}
{'arrival_time_ms': 13493, 'header_length': 24, 'padding_length': 0, 'payload_size': 728, 'payload_type': 126, 'send_time_ms': 11275, 'sequence_number': 521, 'ssrc': 12648429}
{'arrival_time_ms': 13521, 'header_length': 24, 'padding_length': 0, 'payload_size': 936, 'payload_type': 126, 'send_time_ms': 11305, 'sequence_number': 522, 'ssrc': 12648429}
{'arrival_time_ms': 13547, 'header_length': 24, 'padding_length': 0, 'payload_size': 936, 'payload_type': 126, 'send_time_ms': 11310, 'sequence_number': 523, 'ssrc': 12648429}
{'arrival_time_ms': 13574, 'header_length': 24, 'padding_length': 0, 'payload_size': 936, 'payload_type': 126, 'send_time_ms': 11335, 'sequence_number': 524, 'ssrc': 12648429}
{'arrival_time_ms': 13600, 'header_length': 24, 'padding_length': 0, 'payload_size': 936, 'payload_type': 126, 'send_time_ms': 11340, 'sequence_number': 525, 'ssrc': 12648429}
{'arrival_time_ms': 13621, 'header_length': 24, 'padding_length': 0, 'payload_size': 728, 'payload_type': 126, 'send_time_ms': 11370, 'sequence_number': 526, 'ssrc': 12648429}
{'arrival_time_ms': 13642, 'header_length': 24, 'padding_length': 0, 'payload_size': 728, 'payload_type': 126, 'send_time_ms': 11375, 'sequence_number': 527, 'ssrc': 12648429}
{'arrival_time_ms': 13663, 'header_length': 24, 'padding_length': 0, 'payload_size': 728, 'payload_type': 126, 'send_time_ms': 11405, 'sequence_number': 528, 'ssrc': 12648429}
{'arrival_time_ms': 13683, 'header_length': 24, 'padding_length': 0, 'payload_size': 728, 'payload_type': 126, 'send_time_ms': 11410, 'sequence_number': 529, 'ssrc': 12648429}
{'arrival_time_ms': 13713, 'header_length': 24, 'padding_length': 0, 'payload_size': 1038, 'payload_type': 126, 'send_time_ms': 11435, 'sequence_number': 530, 'ssrc': 12648429}
{'arrival_time_ms': 13742, 'header_length': 24, 'padding_length': 0, 'payload_size': 1038, 'payload_type': 126, 'send_time_ms': 11470, 'sequence_number': 531, 'ssrc': 12648429}
{'arrival_time_ms': 13765, 'header_length': 24, 'padding_length': 0, 'payload_size': 830, 'payload_type': 126, 'send_time_ms': 11505, 'sequence_number': 532, 'ssrc': 12648429}
{'arrival_time_ms': 13800, 'header_length': 24, 'padding_length': 0, 'payload_size': 1246, 'payload_type': 126, 'send_time_ms': 11535, 'sequence_number': 533, 'ssrc': 12648429}
{'arrival_time_ms': 13835, 'header_length': 24, 'padding_length': 0, 'payload_size': 1246, 'payload_type': 126, 'send_time_ms': 11570, 'sequence_number': 534, 'ssrc': 12648429}
{'arrival_time_ms': 13861, 'header_length': 24, 'padding_length': 0, 'payload_size': 936, 'payload_type': 126, 'send_time_ms': 11605, 'sequence_number': 535, 'ssrc': 12648429}
{'arrival_time_ms': 13887, 'header_length': 24, 'padding_length': 0, 'payload_size': 936, 'payload_type': 126, 'send_time_ms': 11610, 'sequence_number': 536, 'ssrc': 12648429}
{'arrival_time_ms': 13914, 'header_length': 24, 'padding_length': 0, 'payload_size': 936, 'payload_type': 126, 'send_time_ms': 11635, 'sequence_number': 537, 'ssrc': 12648429}
{'arrival_time_ms': 13940, 'header_length': 24, 'padding_length': 0, 'payload_size': 936, 'payload_type': 126, 'send_time_ms': 11640, 'sequence_number': 538, 'ssrc': 12648429}
{'arrival_time_ms': 13969, 'header_length': 24, 'padding_length': 0, 'payload_size': 1038, 'payload_type': 126, 'send_time_ms': 11670, 'sequence_number': 539, 'ssrc': 12648429}
{'arrival_time_ms': 13998, 'header_length': 24, 'padding_length': 0, 'payload_size': 1038, 'payload_type': 126, 'send_time_ms': 11705, 'sequence_number': 540, 'ssrc': 12648429}
{'arrival_time_ms': 14022, 'header_length': 24, 'padding_length': 0, 'payload_size': 832, 'payload_type': 126, 'send_time_ms': 11735, 'sequence_number': 541, 'ssrc': 12648429}
{'arrival_time_ms': 14046, 'header_length': 24, 'padding_length': 0, 'payload_size': 832, 'payload_type': 126, 'send_time_ms': 11740, 'sequence_number': 542, 'ssrc': 12648429}
{'arrival_time_ms': 14069, 'header_length': 24, 'padding_length': 0, 'payload_size': 832, 'payload_type': 126, 'send_time_ms': 11770, 'sequence_number': 543, 'ssrc': 12648429}
{'arrival_time_ms': 14093, 'header_length': 24, 'padding_length': 0, 'payload_size': 832, 'payload_type': 126, 'send_time_ms': 11775, 'sequence_number': 544, 'ssrc': 12648429}
{'arrival_time_ms': 14124, 'header_length': 24, 'padding_length': 0, 'payload_size': 1038, 'payload_type': 126, 'send_time_ms': 11805, 'sequence_number': 545, 'ssrc': 12648429}
{'arrival_time_ms': 14148, 'header_length': 24, 'padding_length': 0, 'payload_size': 832, 'payload_type': 126, 'send_time_ms': 11835, 'sequence_number': 546, 'ssrc': 12648429}
{'arrival_time_ms': 14171, 'header_length': 24, 'padding_length': 0, 'payload_size': 832, 'payload_type': 126, 'send_time_ms': 11840, 'sequence_number': 547, 'ssrc': 12648429}
{'arrival_time_ms': 14195, 'header_length': 24, 'padding_length': 0, 'payload_size': 832, 'payload_type': 126, 'send_time_ms': 11870, 'sequence_number': 548, 'ssrc': 12648429}
{'arrival_time_ms': 14218, 'header_length': 24, 'padding_length': 0, 'payload_size': 832, 'payload_type': 126, 'send_time_ms': 11875, 'sequence_number': 549, 'ssrc': 12648429}
{'arrival_time_ms': 14242, 'header_length': 24, 'padding_length': 0, 'payload_size': 832, 'payload_type': 126, 'send_time_ms': 11905, 'sequence_number': 550, 'ssrc': 12648429}
{'arrival_time_ms': 14266, 'header_length': 24, 'padding_length': 0, 'payload_size': 832, 'payload_type': 126, 'send_time_ms': 11910, 'sequence_number': 551, 'ssrc': 12648429}
{'arrival_time_ms': 14289, 'header_length': 24, 'padding_length': 0, 'payload_size': 832, 'payload_type': 126, 'send_time_ms': 11935, 'sequence_number': 552, 'ssrc': 12648429}
{'arrival_time_ms': 14313, 'header_length': 24, 'padding_length': 0, 'payload_size': 832, 'payload_type': 126, 'send_time_ms': 11940, 'sequence_number': 553, 'ssrc': 12648429}
{'arrival_time_ms': 14342, 'header_length': 24, 'padding_length': 0, 'payload_size': 1038, 'payload_type': 126, 'send_time_ms': 11970, 'sequence_number': 554, 'ssrc': 12648429}
{'arrival_time_ms': 14371, 'header_length': 24, 'padding_length': 0, 'payload_size': 1038, 'payload_type': 126, 'send_time_ms': 12005, 'sequence_number': 555, 'ssrc': 12648429}
{'arrival_time_ms': 14400, 'header_length': 24, 'padding_length': 0, 'payload_size': 1038, 'payload_type': 126, 'send_time_ms': 12035, 'sequence_number': 556, 'ssrc': 12648429}
{'arrival_time_ms': 14429, 'header_length': 24, 'padding_length': 0, 'payload_size': 1038, 'payload_type': 126, 'send_time_ms': 12070, 'sequence_number': 557, 'ssrc': 12648429}
{'arrival_time_ms': 14456, 'header_length': 24, 'padding_length': 0, 'payload_size': 936, 'payload_type': 126, 'send_time_ms': 12105, 'sequence_number': 558, 'ssrc': 12648429}
{'arrival_time_ms': 14482, 'header_length': 24, 'padding_length': 0, 'payload_size': 936, 'payload_type': 126, 'send_time_ms': 12110, 'sequence_number': 559, 'ssrc': 12648429}
{'arrival_time_ms': 14509, 'header_length': 24, 'padding_length': 0, 'payload_size': 936, 'payload_type': 126, 'send_time_ms': 12135, 'sequence_number': 560, 'ssrc': 12648429}
{'arrival_time_ms': 14535, 'header_length': 24, 'padding_length': 0, 'payload_size': 936, 'payload_type': 126, 'send_time_ms': 12140, 'sequence_number': 561, 'ssrc': 12648429}
{'arrival_time_ms': 14561, 'header_length': 24, 'padding_length': 0, 'payload_size': 936, 'payload_type': 126, 'send_time_ms': 12170, 'sequence_number': 562, 'ssrc': 12648429}
{'arrival_time_ms': 14588, 'header_length': 24, 'padding_length': 0, 'payload_size': 936, 'payload_type': 126, 'send_time_ms': 12175, 'sequence_number': 563, 'ssrc': 12648429}
{'arrival_time_ms': 14617, 'header_length': 24, 'padding_length': 0, 'payload_size': 1038, 'payload_type': 126, 'send_time_ms': 12205, 'sequence_number': 564, 'ssrc': 12648429}
{'arrival_time_ms': 14646, 'header_length': 24, 'padding_length': 0, 'payload_size': 1038, 'payload_type': 126, 'send_time_ms': 12235, 'sequence_number': 565, 'ssrc': 12648429}
{'arrival_time_ms': 14672, 'header_length': 24, 'padding_length': 0, 'payload_size': 936, 'payload_type': 126, 'send_time_ms': 12270, 'sequence_number': 566, 'ssrc': 12648429}
{'arrival_time_ms': 14699, 'header_length': 24, 'padding_length': 0, 'payload_size': 936, 'payload_type': 126, 'send_time_ms': 12275, 'sequence_number': 567, 'ssrc': 12648429}
{'arrival_time_ms': 14727, 'header_length': 24, 'padding_length': 0, 'payload_size': 936, 'payload_type': 126, 'send_time_ms': 12305, 'sequence_number': 568, 'ssrc': 12648429}
{'arrival_time_ms': 14753, 'header_length': 24, 'padding_length': 0, 'payload_size': 936, 'payload_type': 126, 'send_time_ms': 12310, 'sequence_number': 569, 'ssrc': 12648429}
{'arrival_time_ms': 14780, 'header_length': 24, 'padding_length': 0, 'payload_size': 936, 'payload_type': 126, 'send_time_ms': 12335, 'sequence_number': 570, 'ssrc': 12648429}
{'arrival_time_ms': 14806, 'header_length': 24, 'padding_length': 0, 'payload_size': 936, 'payload_type': 126, 'send_time_ms': 12340, 'sequence_number': 571, 'ssrc': 12648429}
{'arrival_time_ms': 14833, 'header_length': 24, 'padding_length': 0, 'payload_size': 936, 'payload_type': 126, 'send_time_ms': 12370, 'sequence_number': 572, 'ssrc': 12648429}
{'arrival_time_ms': 14859, 'header_length': 24, 'padding_length': 0, 'payload_size': 936, 'payload_type': 126, 'send_time_ms': 12375, 'sequence_number': 573, 'ssrc': 12648429}
{'arrival_time_ms': 14880, 'header_length': 24, 'padding_length': 0, 'payload_size': 728, 'payload_type': 126, 'send_time_ms': 12405, 'sequence_number': 574, 'ssrc': 12648429}
{'arrival_time_ms': 14901, 'header_length': 24, 'padding_length': 0, 'payload_size': 728, 'payload_type': 126, 'send_time_ms': 12410, 'sequence_number': 575, 'ssrc': 12648429}
{'arrival_time_ms': 14930, 'header_length': 24, 'padding_length': 0, 'payload_size': 1038, 'payload_type': 126, 'send_time_ms': 12435, 'sequence_number': 576, 'ssrc': 12648429}
{'arrival_time_ms': 14959, 'header_length': 24, 'padding_length': 0, 'payload_size': 1038, 'payload_type': 126, 'send_time_ms': 12470, 'sequence_number': 577, 'ssrc': 12648429}
{'arrival_time_ms': 14980, 'header_length': 24, 'padding_length': 0, 'payload_size': 728, 'payload_type': 126, 'send_time_ms': 12505, 'sequence_number': 578, 'ssrc': 12648429}
{'arrival_time_ms': 15001, 'header_length': 24, 'padding_length': 0, 'payload_size': 728, 'payload_type': 126, 'send_time_ms': 12510, 'sequence_number': 579, 'ssrc': 12648429}
{'arrival_time_ms': 15022, 'header_length': 24, 'padding_length': 0, 'payload_size': 728, 'payload_type': 126, 'send_time_ms': 12535, 'sequence_number': 580, 'ssrc': 12648429}
{'arrival_time_ms': 15042, 'header_length': 24, 'padding_length': 0, 'payload_size': 728, 'payload_type': 126, 'send_time_ms': 12540, 'sequence_number': 581, 'ssrc': 12648429}
{'arrival_time_ms': 15066, 'header_length': 24, 'padding_length': 0, 'payload_size': 832, 'payload_type': 126, 'send_time_ms': 12570, 'sequence_number': 582, 'ssrc': 12648429}
{'arrival_time_ms': 15090, 'header_length': 24, 'padding_length': 0, 'payload_size': 832, 'payload_type': 126, 'send_time_ms': 12575, 'sequence_number': 583, 'ssrc': 12648429}
{'arrival_time_ms': 15113, 'header_length': 24, 'padding_length': 0, 'payload_size': 832, 'payload_type': 126, 'send_time_ms': 12605, 'sequence_number': 584, 'ssrc': 12648429}
{'arrival_time_ms': 15137, 'header_length': 24, 'padding_length': 0, 'payload_size': 832, 'payload_type': 126, 'send_time_ms': 12610, 'sequence_number': 585, 'ssrc': 12648429}
{'arrival_time_ms': 15158, 'header_length': 24, 'padding_length': 0, 'payload_size': 728, 'payload_type': 126, 'send_time_ms': 12635, 'sequence_number': 586, 'ssrc': 12648429}
{'arrival_time_ms': 15179, 'header_length': 24, 'padding_length': 0, 'payload_size': 728, 'payload_type': 126, 'send_time_ms': 12640, 'sequence_number': 587, 'ssrc': 12648429}
{'arrival_time_ms': 15200, 'header_length': 24, 'padding_length': 0, 'payload_size': 728, 'payload_type': 126, 'send_time_ms': 12670, 'sequence_number': 588, 'ssrc': 12648429}
{'arrival_time_ms': 15220, 'header_length': 24, 'padding_length': 0, 'payload_size': 728, 'payload_type': 126, 'send_time_ms': 12675, 'sequence_number': 589, 'ssrc': 12648429}
{'arrival_time_ms': 15241, 'header_length': 24, 'padding_length': 0, 'payload_size': 728, 'payload_type': 126, 'send_time_ms': 12705, 'sequence_number': 590, 'ssrc': 12648429}
{'arrival_time_ms': 15262, 'header_length': 24, 'padding_length': 0, 'payload_size': 728, 'payload_type': 126, 'send_time_ms': 12710, 'sequence_number': 591, 'ssrc': 12648429}
{'arrival_time_ms': 15283, 'header_length': 24, 'padding_length': 0, 'payload_size': 728, 'payload_type': 126, 'send_time_ms': 12735, 'sequence_number': 592, 'ssrc': 12648429}
{'arrival_time_ms': 15304, 'header_length': 24, 'padding_length': 0, 'payload_size': 728, 'payload_type': 126, 'send_time_ms': 12740, 'sequence_number': 593, 'ssrc': 12648429}
{'arrival_time_ms': 15325, 'header_length': 24, 'padding_length': 0, 'payload_size': 728, 'payload_type': 126, 'send_time_ms': 12770, 'sequence_number': 594, 'ssrc': 12648429}
{'arrival_time_ms': 15345, 'header_length': 24, 'padding_length': 0, 'payload_size': 728, 'payload_type': 126, 'send_time_ms': 12775, 'sequence_number': 595, 'ssrc': 12648429}
{'arrival_time_ms': 15368, 'header_length': 24, 'padding_length': 0, 'payload_size': 728, 'payload_type': 126, 'send_time_ms': 12805, 'sequence_number': 596, 'ssrc': 12648429}
{'arrival_time_ms': 15389, 'header_length': 24, 'padding_length': 0, 'payload_size': 728, 'payload_type': 126, 'send_time_ms': 12810, 'sequence_number': 597, 'ssrc': 12648429}
{'arrival_time_ms': 15410, 'header_length': 24, 'padding_length': 0, 'payload_size': 728, 'payload_type': 126, 'send_time_ms': 12835, 'sequence_number': 598, 'ssrc': 12648429}
{'arrival_time_ms': 15431, 'header_length': 24, 'padding_length': 0, 'payload_size': 728, 'payload_type': 126, 'send_time_ms': 12840, 'sequence_number': 599, 'ssrc': 12648429}
{'arrival_time_ms': 15465, 'header_length': 24, 'padding_length': 0, 'payload_size': 1246, 'payload_type': 126, 'send_time_ms': 12870, 'sequence_number': 600, 'ssrc': 12648429}
{'arrival_time_ms': 15500, 'header_length': 24, 'padding_length': 0, 'payload_size': 1246, 'payload_type': 126, 'send_time_ms': 12905, 'sequence_number': 601, 'ssrc': 12648429}
{'arrival_time_ms': 15526, 'header_length': 24, 'padding_length': 0, 'payload_size': 936, 'payload_type': 126, 'send_time_ms': 12935, 'sequence_number': 602, 'ssrc': 12648429}
{'arrival_time_ms': 15553, 'header_length': 24, 'padding_length': 0, 'payload_size': 936, 'payload_type': 126, 'send_time_ms': 12940, 'sequence_number': 603, 'ssrc': 12648429}
{'arrival_time_ms': 15579, 'header_length': 24, 'padding_length': 0, 'payload_size': 936, 'payload_type': 126, 'send_time_ms': 12970, 'sequence_number': 604, 'ssrc': 12648429}
{'arrival_time_ms': 15606, 'header_length': 24, 'padding_length': 0, 'payload_size': 936, 'payload_type': 126, 'send_time_ms': 12975, 'sequence_number': 605, 'ssrc': 12648429}
{'arrival_time_ms': 15640, 'header_length': 24, 'padding_length': 0, 'payload_size': 1246, 'payload_type': 126, 'send_time_ms': 13005, 'sequence_number': 606, 'ssrc': 12648429}
{'arrival_time_ms': 15667, 'header_length': 24, 'padding_length': 0, 'payload_size': 936, 'payload_type': 126, 'send_time_ms': 13035, 'sequence_number': 607, 'ssrc': 12648429}
{'arrival_time_ms': 15693, 'header_length': 24, 'padding_length': 0, 'payload_size': 936, 'payload_type': 126, 'send_time_ms': 13040, 'sequence_number': 608, 'ssrc': 12648429}
{'arrival_time_ms': 15720, 'header_length': 24, 'padding_length': 0, 'payload_size': 936, 'payload_type': 126, 'send_time_ms': 13070, 'sequence_number': 609, 'ssrc': 12648429}
{'arrival_time_ms': 15746, 'header_length': 24, 'padding_length': 0, 'payload_size': 936, 'payload_type': 126, 'send_time_ms': 13075, 'sequence_number': 610, 'ssrc': 12648429}
{'arrival_time_ms': 15770, 'header_length': 24, 'padding_length': 0, 'payload_size': 832, 'payload_type': 126, 'send_time_ms': 13105, 'sequence_number': 611, 'ssrc': 12648429}
{'arrival_time_ms': 15793, 'header_length': 24, 'padding_length': 0, 'payload_size': 832, 'payload_type': 126, 'send_time_ms': 13110, 'sequence_number': 612, 'ssrc': 12648429}
{'arrival_time_ms': 15817, 'header_length': 24, 'padding_length': 0, 'payload_size': 832, 'payload_type': 126, 'send_time_ms': 13135, 'sequence_number': 613, 'ssrc': 12648429}
{'arrival_time_ms': 15840, 'header_length': 24, 'padding_length': 0, 'payload_size': 832, 'payload_type': 126, 'send_time_ms': 13140, 'sequence_number': 614, 'ssrc': 12648429}
{'arrival_time_ms': 15870, 'header_length': 24, 'padding_length': 0, 'payload_size': 1038, 'payload_type': 126, 'send_time_ms': 13170, 'sequence_number': 615, 'ssrc': 12648429}
{'arrival_time_ms': 15899, 'header_length': 24, 'padding_length': 0, 'payload_size': 1038, 'payload_type': 126, 'send_time_ms': 13205, 'sequence_number': 616, 'ssrc': 12648429}
{'arrival_time_ms': 15925, 'header_length': 24, 'padding_length': 0, 'payload_size': 936, 'payload_type': 126, 'send_time_ms': 13235, 'sequence_number': 617, 'ssrc': 12648429}
{'arrival_time_ms': 15952, 'header_length': 24, 'padding_length': 0, 'payload_size': 936, 'payload_type': 126, 'send_time_ms': 13240, 'sequence_number': 618, 'ssrc': 12648429}
{'arrival_time_ms': 15978, 'header_length': 24, 'padding_length': 0, 'payload_size': 936, 'payload_type': 126, 'send_time_ms': 13270, 'sequence_number': 619, 'ssrc': 12648429}
{'arrival_time_ms': 16004, 'header_length': 24, 'padding_length': 0, 'payload_size': 936, 'payload_type': 126, 'send_time_ms': 13275, 'sequence_number': 620, 'ssrc': 12648429}
{'arrival_time_ms': 16033, 'header_length': 24, 'padding_length': 0, 'payload_size': 936, 'payload_type': 126, 'send_time_ms': 13305, 'sequence_number': 621, 'ssrc': 12648429}
{'arrival_time_ms': 16059, 'header_length': 24, 'padding_length': 0, 'payload_size': 936, 'payload_type': 126, 'send_time_ms': 13310, 'sequence_number': 622, 'ssrc': 12648429}
{'arrival_time_ms': 16094, 'header_length': 24, 'padding_length': 0, 'payload_size': 1246, 'payload_type': 126, 'send_time_ms': 13335, 'sequence_number': 623, 'ssrc': 12648429}
{'arrival_time_ms': 16128, 'header_length': 24, 'padding_length': 0, 'payload_size': 1246, 'payload_type': 126, 'send_time_ms': 13370, 'sequence_number': 624, 'ssrc': 12648429}
{'arrival_time_ms': 16149, 'header_length': 24, 'padding_length': 0, 'payload_size': 728, 'payload_type': 126, 'send_time_ms': 13405, 'sequence_number': 625, 'ssrc': 12648429}
{'arrival_time_ms': 16170, 'header_length': 24, 'padding_length': 0, 'payload_size': 728, 'payload_type': 126, 'send_time_ms': 13410, 'sequence_number': 626, 'ssrc': 12648429}
{'arrival_time_ms': 16191, 'header_length': 24, 'padding_length': 0, 'payload_size': 728, 'payload_type': 126, 'send_time_ms': 13435, 'sequence_number': 627, 'ssrc': 12648429}
{'arrival_time_ms': 16212, 'header_length': 24, 'padding_length': 0, 'payload_size': 728, 'payload_type': 126, 'send_time_ms': 13440, 'sequence_number': 628, 'ssrc': 12648429}
{'arrival_time_ms': 16241, 'header_length': 24, 'padding_length': 0, 'payload_size': 1038, 'payload_type': 126, 'send_time_ms': 13470, 'sequence_number': 629, 'ssrc': 12648429}
{'arrival_time_ms': 16270, 'header_length': 24, 'padding_length': 0, 'payload_size': 1038, 'payload_type': 126, 'send_time_ms': 13505, 'sequence_number': 630, 'ssrc': 12648429}
{'arrival_time_ms': 16299, 'header_length': 24, 'padding_length': 0, 'payload_size': 1038, 'payload_type': 126, 'send_time_ms': 13535, 'sequence_number': 631, 'ssrc': 12648429}
{'arrival_time_ms': 16328, 'header_length': 24, 'padding_length': 0, 'payload_size': 1038, 'payload_type': 126, 'send_time_ms': 13570, 'sequence_number': 632, 'ssrc': 12648429}
{'arrival_time_ms': 16355, 'header_length': 24, 'padding_length': 0, 'payload_size': 936, 'payload_type': 126, 'send_time_ms': 13605, 'sequence_number': 633, 'ssrc': 12648429}
{'arrival_time_ms': 16381, 'header_length': 24, 'padding_length': 0, 'payload_size': 936, 'payload_type': 126, 'send_time_ms': 13610, 'sequence_number': 634, 'ssrc': 12648429}
{'arrival_time_ms': 16405, 'header_length': 24, 'padding_length': 0, 'payload_size': 832, 'payload_type': 126, 'send_time_ms': 13635, 'sequence_number': 635, 'ssrc': 12648429}
{'arrival_time_ms': 16428, 'header_length': 24, 'padding_length': 0, 'payload_size': 832, 'payload_type': 126, 'send_time_ms': 13640, 'sequence_number': 636, 'ssrc': 12648429}
{'arrival_time_ms': 16452, 'header_length': 24, 'padding_length': 0, 'payload_size': 832, 'payload_type': 126, 'send_time_ms': 13670, 'sequence_number': 637, 'ssrc': 12648429}
{'arrival_time_ms': 16476, 'header_length': 24, 'padding_length': 0, 'payload_size': 832, 'payload_type': 126, 'send_time_ms': 13675, 'sequence_number': 638, 'ssrc': 12648429}
{'arrival_time_ms': 16510, 'header_length': 24, 'padding_length': 0, 'payload_size': 1246, 'payload_type': 126, 'send_time_ms': 13705, 'sequence_number': 639, 'ssrc': 12648429}
{'arrival_time_ms': 16545, 'header_length': 24, 'padding_length': 0, 'payload_size': 1246, 'payload_type': 126, 'send_time_ms': 13735, 'sequence_number': 640, 'ssrc': 12648429}
{'arrival_time_ms': 16573, 'header_length': 24, 'padding_length': 0, 'payload_size': 936, 'payload_type': 126, 'send_time_ms': 13770, 'sequence_number': 641, 'ssrc': 12648429}
{'arrival_time_ms': 16600, 'header_length': 24, 'padding_length': 0, 'payload_size': 936, 'payload_type': 126, 'send_time_ms': 13775, 'sequence_number': 642, 'ssrc': 12648429}
{'arrival_time_ms': 16626, 'header_length': 24, 'padding_length': 0, 'payload_size': 936, 'payload_type': 126, 'send_time_ms': 13805, 'sequence_number': 643, 'ssrc': 12648429}
{'arrival_time_ms': 16652, 'header_length': 24, 'padding_length': 0, 'payload_size': 936, 'payload_type': 126, 'send_time_ms': 13810, 'sequence_number': 644, 'ssrc': 12648429}
{'arrival_time_ms': 16681, 'header_length': 24, 'padding_length': 0, 'payload_size': 1038, 'payload_type': 126, 'send_time_ms': 13835, 'sequence_number': 645, 'ssrc': 12648429}
{'arrival_time_ms': 16711, 'header_length': 24, 'padding_length': 0, 'payload_size': 1038, 'payload_type': 126, 'send_time_ms': 13870, 'sequence_number': 646, 'ssrc': 12648429}
{'arrival_time_ms': 16740, 'header_length': 24, 'padding_length': 0, 'payload_size': 1038, 'payload_type': 126, 'send_time_ms': 13905, 'sequence_number': 647, 'ssrc': 12648429}
{'arrival_time_ms': 16774, 'header_length': 24, 'padding_length': 0, 'payload_size': 1246, 'payload_type': 126, 'send_time_ms': 13935, 'sequence_number': 648, 'ssrc': 12648429}
{'arrival_time_ms': 16809, 'header_length': 24, 'padding_length': 0, 'payload_size': 1246, 'payload_type': 126, 'send_time_ms': 13970, 'sequence_number': 649, 'ssrc': 12648429}
{'arrival_time_ms': 16833, 'header_length': 24, 'padding_length': 0, 'payload_size': 830, 'payload_type': 126, 'send_time_ms': 14005, 'sequence_number': 650, 'ssrc': 12648429}
{'arrival_time_ms': 16856, 'header_length': 24, 'padding_length': 0, 'payload_size': 830, 'payload_type': 126, 'send_time_ms': 14035, 'sequence_number': 651, 'ssrc': 12648429}
{'arrival_time_ms': 16880, 'header_length': 24, 'padding_length': 0, 'payload_size': 830, 'payload_type': 126, 'send_time_ms': 14070, 'sequence_number': 652, 'ssrc': 12648429}
{'arrival_time_ms': 16903, 'header_length': 24, 'padding_length': 0, 'payload_size': 830, 'payload_type': 126, 'send_time_ms': 14105, 'sequence_number': 653, 'ssrc': 12648429}
{'arrival_time_ms': 16932, 'header_length': 24, 'padding_length': 0, 'payload_size': 1038, 'payload_type': 126, 'send_time_ms': 14135, 'sequence_number': 654, 'ssrc': 12648429}
{'arrival_time_ms': 16962, 'header_length': 24, 'padding_length': 0, 'payload_size': 1038, 'payload_type': 126, 'send_time_ms': 14170, 'sequence_number': 655, 'ssrc': 12648429}
{'arrival_time_ms': 16988, 'header_length': 24, 'padding_length': 0, 'payload_size': 936, 'payload_type': 126, 'send_time_ms': 14205, 'sequence_number': 656, 'ssrc': 12648429}
{'arrival_time_ms': 17014, 'header_length': 24, 'padding_length': 0, 'payload_size': 936, 'payload_type': 126, 'send_time_ms': 14210, 'sequence_number': 657, 'ssrc': 12648429}
{'arrival_time_ms': 17041, 'header_length': 24, 'padding_length': 0, 'payload_size': 936, 'payload_type': 126, 'send_time_ms': 14235, 'sequence_number': 658, 'ssrc': 12648429}
{'arrival_time_ms': 17067, 'header_length': 24, 'padding_length': 0, 'payload_size': 936, 'payload_type': 126, 'send_time_ms': 14240, 'sequence_number': 659, 'ssrc': 12648429}
{'arrival_time_ms': 17095, 'header_length': 24, 'padding_length': 0, 'payload_size': 936, 'payload_type': 126, 'send_time_ms': 14270, 'sequence_number': 660, 'ssrc': 12648429}
{'arrival_time_ms': 17122, 'header_length': 24, 'padding_length': 0, 'payload_size': 936, 'payload_type': 126, 'send_time_ms': 14275, 'sequence_number': 661, 'ssrc': 12648429}
{'arrival_time_ms': 17145, 'header_length': 24, 'padding_length': 0, 'payload_size': 832, 'payload_type': 126, 'send_time_ms': 14305, 'sequence_number': 662, 'ssrc': 12648429}
{'arrival_time_ms': 17169, 'header_length': 24, 'padding_length': 0, 'payload_size': 832, 'payload_type': 126, 'send_time_ms': 14310, 'sequence_number': 663, 'ssrc': 12648429}
{'arrival_time_ms': 17193, 'header_length': 24, 'padding_length': 0, 'payload_size': 832, 'payload_type': 126, 'send_time_ms': 14335, 'sequence_number': 664, 'ssrc': 12648429}
{'arrival_time_ms': 17216, 'header_length': 24, 'padding_length': 0, 'payload_size': 832, 'payload_type': 126, 'send_time_ms': 14340, 'sequence_number': 665, 'ssrc': 12648429}
{'arrival_time_ms': 17245, 'header_length': 24, 'padding_length': 0, 'payload_size': 1038, 'payload_type': 126, 'send_time_ms': 14370, 'sequence_number': 666, 'ssrc': 12648429}
{'arrival_time_ms': 17275, 'header_length': 24, 'padding_length': 0, 'payload_size': 1038, 'payload_type': 126, 'send_time_ms': 14405, 'sequence_number': 667, 'ssrc': 12648429}
{'arrival_time_ms': 17295, 'header_length': 24, 'padding_length': 0, 'payload_size': 728, 'payload_type': 126, 'send_time_ms': 14435, 'sequence_number': 668, 'ssrc': 12648429}
{'arrival_time_ms': 17316, 'header_length': 24, 'padding_length': 0, 'payload_size': 728, 'payload_type': 126, 'send_time_ms': 14440, 'sequence_number': 669, 'ssrc': 12648429}
{'arrival_time_ms': 17337, 'header_length': 24, 'padding_length': 0, 'payload_size': 728, 'payload_type': 126, 'send_time_ms': 14470, 'sequence_number': 670, 'ssrc': 12648429}
{'arrival_time_ms': 17358, 'header_length': 24, 'padding_length': 0, 'payload_size': 728, 'payload_type': 126, 'send_time_ms': 14475, 'sequence_number': 671, 'ssrc': 12648429}
{'arrival_time_ms': 17393, 'header_length': 24, 'padding_length': 0, 'payload_size': 1246, 'payload_type': 126, 'send_time_ms': 14505, 'sequence_number': 672, 'ssrc': 12648429}
{'arrival_time_ms': 17419, 'header_length': 24, 'padding_length': 0, 'payload_size': 936, 'payload_type': 126, 'send_time_ms': 14535, 'sequence_number': 673, 'ssrc': 12648429}
{'arrival_time_ms': 17445, 'header_length': 24, 'padding_length': 0, 'payload_size': 936, 'payload_type': 126, 'send_time_ms': 14540, 'sequence_number': 674, 'ssrc': 12648429}
{'arrival_time_ms': 17472, 'header_length': 24, 'padding_length': 0, 'payload_size': 936, 'payload_type': 126, 'send_time_ms': 14570, 'sequence_number': 675, 'ssrc': 12648429}
{'arrival_time_ms': 17498, 'header_length': 24, 'padding_length': 0, 'payload_size': 936, 'payload_type': 126, 'send_time_ms': 14575, 'sequence_number': 676, 'ssrc': 12648429}
{'arrival_time_ms': 17519, 'header_length': 24, 'padding_length': 0, 'payload_size': 728, 'payload_type': 126, 'send_time_ms': 14605, 'sequence_number': 677, 'ssrc': 12648429}
{'arrival_time_ms': 17540, 'header_length': 24, 'padding_length': 0, 'payload_size': 728, 'payload_type': 126, 'send_time_ms': 14610, 'sequence_number': 678, 'ssrc': 12648429}
{'arrival_time_ms': 17561, 'header_length': 24, 'padding_length': 0, 'payload_size': 728, 'payload_type': 126, 'send_time_ms': 14635, 'sequence_number': 679, 'ssrc': 12648429}
{'arrival_time_ms': 17582, 'header_length': 24, 'padding_length': 0, 'payload_size': 728, 'payload_type': 126, 'send_time_ms': 14640, 'sequence_number': 680, 'ssrc': 12648429}
{'arrival_time_ms': 17608, 'header_length': 24, 'padding_length': 0, 'payload_size': 936, 'payload_type': 126, 'send_time_ms': 14670, 'sequence_number': 681, 'ssrc': 12648429}
{'arrival_time_ms': 17634, 'header_length': 24, 'padding_length': 0, 'payload_size': 936, 'payload_type': 126, 'send_time_ms': 14675, 'sequence_number': 682, 'ssrc': 12648429}
{'arrival_time_ms': 17661, 'header_length': 24, 'padding_length': 0, 'payload_size': 936, 'payload_type': 126, 'send_time_ms': 14705, 'sequence_number': 683, 'ssrc': 12648429}
{'arrival_time_ms': 17687, 'header_length': 24, 'padding_length': 0, 'payload_size': 936, 'payload_type': 126, 'send_time_ms': 14710, 'sequence_number': 684, 'ssrc': 12648429}
{'arrival_time_ms': 17708, 'header_length': 24, 'padding_length': 0, 'payload_size': 728, 'payload_type': 126, 'send_time_ms': 14735, 'sequence_number': 685, 'ssrc': 12648429}
{'arrival_time_ms': 17729, 'header_length': 24, 'padding_length': 0, 'payload_size': 728, 'payload_type': 126, 'send_time_ms': 14740, 'sequence_number': 686, 'ssrc': 12648429}
{'arrival_time_ms': 17752, 'header_length': 24, 'padding_length': 0, 'payload_size': 728, 'payload_type': 126, 'send_time_ms': 14770, 'sequence_number': 687, 'ssrc': 12648429}
{'arrival_time_ms': 17773, 'header_length': 24, 'padding_length': 0, 'payload_size': 728, 'payload_type': 126, 'send_time_ms': 14775, 'sequence_number': 688, 'ssrc': 12648429}
{'arrival_time_ms': 17802, 'header_length': 24, 'padding_length': 0, 'payload_size': 1038, 'payload_type': 126, 'send_time_ms': 14805, 'sequence_number': 689, 'ssrc': 12648429}
{'arrival_time_ms': 17825, 'header_length': 24, 'padding_length': 0, 'payload_size': 830, 'payload_type': 126, 'send_time_ms': 14835, 'sequence_number': 690, 'ssrc': 12648429}
{'arrival_time_ms': 17849, 'header_length': 24, 'padding_length': 0, 'payload_size': 830, 'payload_type': 126, 'send_time_ms': 14870, 'sequence_number': 691, 'ssrc': 12648429}
{'arrival_time_ms': 17875, 'header_length': 24, 'padding_length': 0, 'payload_size': 936, 'payload_type': 126, 'send_time_ms': 14905, 'sequence_number': 692, 'ssrc': 12648429}
{'arrival_time_ms': 17902, 'header_length': 24, 'padding_length': 0, 'payload_size': 936, 'payload_type': 126, 'send_time_ms': 14910, 'sequence_number': 693, 'ssrc': 12648429}
{'arrival_time_ms': 17928, 'header_length': 24, 'padding_length': 0, 'payload_size': 936, 'payload_type': 126, 'send_time_ms': 14935, 'sequence_number': 694, 'ssrc': 12648429}
{'arrival_time_ms': 17954, 'header_length': 24, 'padding_length': 0, 'payload_size': 936, 'payload_type': 126, 'send_time_ms': 14940, 'sequence_number': 695, 'ssrc': 12648429}
{'arrival_time_ms': 17981, 'header_length': 24, 'padding_length': 0, 'payload_size': 936, 'payload_type': 126, 'send_time_ms': 14970, 'sequence_number': 696, 'ssrc': 12648429}
{'arrival_time_ms': 18007, 'header_length': 24, 'padding_length': 0, 'payload_size': 936, 'payload_type': 126, 'send_time_ms': 14975, 'sequence_number': 697, 'ssrc': 12648429}
{'arrival_time_ms': 18034, 'header_length': 24, 'padding_length': 0, 'payload_size': 936, 'payload_type': 126, 'send_time_ms': 15005, 'sequence_number': 698, 'ssrc': 12648429}
{'arrival_time_ms': 18060, 'header_length': 24, 'padding_length': 0, 'payload_size': 936, 'payload_type': 126, 'send_time_ms': 15010, 'sequence_number': 699, 'ssrc': 12648429}
{'arrival_time_ms': 18095, 'header_length': 24, 'padding_length': 0, 'payload_size': 1246, 'payload_type': 126, 'send_time_ms': 15035, 'sequence_number': 700, 'ssrc': 12648429}
{'arrival_time_ms': 18129, 'header_length': 24, 'padding_length': 0, 'payload_size': 1246, 'payload_type': 126, 'send_time_ms': 15070, 'sequence_number': 701, 'ssrc': 12648429}
{'arrival_time_ms': 18156, 'header_length': 24, 'padding_length': 0, 'payload_size': 936, 'payload_type': 126, 'send_time_ms': 15105, 'sequence_number': 702, 'ssrc': 12648429}
{'arrival_time_ms': 18182, 'header_length': 24, 'padding_length': 0, 'payload_size': 936, 'payload_type': 126, 'send_time_ms': 15110, 'sequence_number': 703, 'ssrc': 12648429}
{'arrival_time_ms': 18206, 'header_length': 24, 'padding_length': 0, 'payload_size': 832, 'payload_type': 126, 'send_time_ms': 15135, 'sequence_number': 704, 'ssrc': 12648429}
{'arrival_time_ms': 18229, 'header_length': 24, 'padding_length': 0, 'payload_size': 832, 'payload_type': 126, 'send_time_ms': 15170, 'sequence_number': 706, 'ssrc': 12648429}
{'arrival_time_ms': 18253, 'header_length': 24, 'padding_length': 0, 'payload_size': 832, 'payload_type': 126, 'send_time_ms': 15175, 'sequence_number': 707, 'ssrc': 12648429}
{'arrival_time_ms': 18277, 'header_length': 24, 'padding_length': 0, 'payload_size': 832, 'payload_type': 126, 'send_time_ms': 15205, 'sequence_number': 708, 'ssrc': 12648429}
{'arrival_time_ms': 18300, 'header_length': 24, 'padding_length': 0, 'payload_size': 832, 'payload_type': 126, 'send_time_ms': 15210, 'sequence_number': 709, 'ssrc': 12648429}
{'arrival_time_ms': 18324, 'header_length': 24, 'padding_length': 0, 'payload_size': 832, 'payload_type': 126, 'send_time_ms': 15235, 'sequence_number': 710, 'ssrc': 12648429}
{'arrival_time_ms': 18352, 'header_length': 24, 'padding_length': 0, 'payload_size': 936, 'payload_type': 126, 'send_time_ms': 15270, 'sequence_number': 712, 'ssrc': 12648429}
{'arrival_time_ms': 18379, 'header_length': 24, 'padding_length': 0, 'payload_size': 936, 'payload_type': 126, 'send_time_ms': 15305, 'sequence_number': 714, 'ssrc': 12648429}
{'arrival_time_ms': 18405, 'header_length': 24, 'padding_length': 0, 'payload_size': 936, 'payload_type': 126, 'send_time_ms': 15310, 'sequence_number': 715, 'ssrc': 12648429}
{'arrival_time_ms': 18431, 'header_length': 24, 'padding_length': 0, 'payload_size': 936, 'payload_type': 126, 'send_time_ms': 15335, 'sequence_number': 716, 'ssrc': 12648429}
{'arrival_time_ms': 18458, 'header_length': 24, 'padding_length': 0, 'payload_size': 936, 'payload_type': 126, 'send_time_ms': 15370, 'sequence_number': 718, 'ssrc': 12648429}
{'arrival_time_ms': 18484, 'header_length': 24, 'padding_length': 0, 'payload_size': 936, 'payload_type': 126, 'send_time_ms': 15375, 'sequence_number': 719, 'ssrc': 12648429}
{'arrival_time_ms': 18513, 'header_length': 24, 'padding_length': 0, 'payload_size': 1038, 'payload_type': 126, 'send_time_ms': 15405, 'sequence_number': 720, 'ssrc': 12648429}
{'arrival_time_ms': 18534, 'header_length': 24, 'padding_length': 0, 'payload_size': 728, 'payload_type': 126, 'send_time_ms': 15470, 'sequence_number': 723, 'ssrc': 12648429}
{'arrival_time_ms': 18555, 'header_length': 24, 'padding_length': 0, 'payload_size': 728, 'payload_type': 126, 'send_time_ms': 15475, 'sequence_number': 724, 'ssrc': 12648429}
{'arrival_time_ms': 18584, 'header_length': 24, 'padding_length': 0, 'payload_size': 1038, 'payload_type': 126, 'send_time_ms': 15505, 'sequence_number': 725, 'ssrc': 12648429}
{'arrival_time_ms': 18613, 'header_length': 24, 'padding_length': 0, 'payload_size': 1038, 'payload_type': 126, 'send_time_ms': 15535, 'sequence_number': 726, 'ssrc': 12648429}
{'arrival_time_ms': 18642, 'header_length': 24, 'padding_length': 0, 'payload_size': 1038, 'payload_type': 126, 'send_time_ms': 15570, 'sequence_number': 727, 'ssrc': 12648429}
{'arrival_time_ms': 18671, 'header_length': 24, 'padding_length': 0, 'payload_size': 1038, 'payload_type': 126, 'send_time_ms': 15605, 'sequence_number': 728, 'ssrc': 12648429}
{'arrival_time_ms': 18701, 'header_length': 24, 'padding_length': 0, 'payload_size': 1038, 'payload_type': 126, 'send_time_ms': 15635, 'sequence_number': 729, 'ssrc': 12648429}
{'arrival_time_ms': 18730, 'header_length': 24, 'padding_length': 0, 'payload_size': 1038, 'payload_type': 126, 'send_time_ms': 15670, 'sequence_number': 730, 'ssrc': 12648429}
{'arrival_time_ms': 18753, 'header_length': 24, 'padding_length': 0, 'payload_size': 832, 'payload_type': 126, 'send_time_ms': 15705, 'sequence_number': 731, 'ssrc': 12648429}
{'arrival_time_ms': 18777, 'header_length': 24, 'padding_length': 0, 'payload_size': 832, 'payload_type': 126, 'send_time_ms': 15710, 'sequence_number': 732, 'ssrc': 12648429}
{'arrival_time_ms': 18806, 'header_length': 24, 'padding_length': 0, 'payload_size': 1038, 'payload_type': 126, 'send_time_ms': 15735, 'sequence_number': 733, 'ssrc': 12648429}
{'arrival_time_ms': 18837, 'header_length': 24, 'padding_length': 0, 'payload_size': 1038, 'payload_type': 126, 'send_time_ms': 15770, 'sequence_number': 734, 'ssrc': 12648429}
{'arrival_time_ms': 18866, 'header_length': 24, 'padding_length': 0, 'payload_size': 1038, 'payload_type': 126, 'send_time_ms': 15805, 'sequence_number': 735, 'ssrc': 12648429}
{'arrival_time_ms': 18895, 'header_length': 24, 'padding_length': 0, 'payload_size': 1038, 'payload_type': 126, 'send_time_ms': 15835, 'sequence_number': 736, 'ssrc': 12648429}
{'arrival_time_ms': 18924, 'header_length': 24, 'padding_length': 0, 'payload_size': 1038, 'payload_type': 126, 'send_time_ms': 15870, 'sequence_number': 737, 'ssrc': 12648429}
{'arrival_time_ms': 18954, 'header_length': 24, 'padding_length': 0, 'payload_size': 1038, 'payload_type': 126, 'send_time_ms': 15905, 'sequence_number': 738, 'ssrc': 12648429}
{'arrival_time_ms': 18983, 'header_length': 24, 'padding_length': 0, 'payload_size': 1038, 'payload_type': 126, 'send_time_ms': 15935, 'sequence_number': 739, 'ssrc': 12648429}
{'arrival_time_ms': 19012, 'header_length': 24, 'padding_length': 0, 'payload_size': 1038, 'payload_type': 126, 'send_time_ms': 15970, 'sequence_number': 740, 'ssrc': 12648429}
{'arrival_time_ms': 19041, 'header_length': 24, 'padding_length': 0, 'payload_size': 1038, 'payload_type': 126, 'send_time_ms': 16005, 'sequence_number': 741, 'ssrc': 12648429}
{'arrival_time_ms': 19065, 'header_length': 24, 'padding_length': 0, 'payload_size': 832, 'payload_type': 126, 'send_time_ms': 16035, 'sequence_number': 742, 'ssrc': 12648429}
{'arrival_time_ms': 19088, 'header_length': 24, 'padding_length': 0, 'payload_size': 832, 'payload_type': 126, 'send_time_ms': 16040, 'sequence_number': 743, 'ssrc': 12648429}
{'arrival_time_ms': 19112, 'header_length': 24, 'padding_length': 0, 'payload_size': 832, 'payload_type': 126, 'send_time_ms': 16070, 'sequence_number': 744, 'ssrc': 12648429}
{'arrival_time_ms': 19135, 'header_length': 24, 'padding_length': 0, 'payload_size': 832, 'payload_type': 126, 'send_time_ms': 16075, 'sequence_number': 745, 'ssrc': 12648429}
{'arrival_time_ms': 19165, 'header_length': 24, 'padding_length': 0, 'payload_size': 1038, 'payload_type': 126, 'send_time_ms': 16105, 'sequence_number': 746, 'ssrc': 12648429}
{'arrival_time_ms': 19194, 'header_length': 24, 'padding_length': 0, 'payload_size': 1038, 'payload_type': 126, 'send_time_ms': 16135, 'sequence_number': 747, 'ssrc': 12648429}
{'arrival_time_ms': 19223, 'header_length': 24, 'padding_length': 0, 'payload_size': 1038, 'payload_type': 126, 'send_time_ms': 16170, 'sequence_number': 748, 'ssrc': 12648429}
{'arrival_time_ms': 19252, 'header_length': 24, 'padding_length': 0, 'payload_size': 1038, 'payload_type': 126, 'send_time_ms': 16205, 'sequence_number': 749, 'ssrc': 12648429}
{'arrival_time_ms': 19273, 'header_length': 24, 'padding_length': 0, 'payload_size': 728, 'payload_type': 126, 'send_time_ms': 16235, 'sequence_number': 750, 'ssrc': 12648429}
{'arrival_time_ms': 19294, 'header_length': 24, 'padding_length': 0, 'payload_size': 728, 'payload_type': 126, 'send_time_ms': 16240, 'sequence_number': 751, 'ssrc': 12648429}
{'arrival_time_ms': 19316, 'header_length': 24, 'padding_length': 0, 'payload_size': 728, 'payload_type': 126, 'send_time_ms': 16270, 'sequence_number': 752, 'ssrc': 12648429}
{'arrival_time_ms': 19337, 'header_length': 24, 'padding_length': 0, 'payload_size': 728, 'payload_type': 126, 'send_time_ms': 16275, 'sequence_number': 753, 'ssrc': 12648429}
{'arrival_time_ms': 19366, 'header_length': 24, 'padding_length': 0, 'payload_size': 1038, 'payload_type': 126, 'send_time_ms': 16305, 'sequence_number': 754, 'ssrc': 12648429}
{'arrival_time_ms': 19387, 'header_length': 24, 'padding_length': 0, 'payload_size': 728, 'payload_type': 126, 'send_time_ms': 16335, 'sequence_number': 755, 'ssrc': 12648429}
{'arrival_time_ms': 19408, 'header_length': 24, 'padding_length': 0, 'payload_size': 728, 'payload_type': 126, 'send_time_ms': 16340, 'sequence_number': 756, 'ssrc': 12648429}
{'arrival_time_ms': 19429, 'header_length': 24, 'padding_length': 0, 'payload_size': 728, 'payload_type': 126, 'send_time_ms': 16370, 'sequence_number': 757, 'ssrc': 12648429}
{'arrival_time_ms': 19450, 'header_length': 24, 'padding_length': 0, 'payload_size': 728, 'payload_type': 126, 'send_time_ms': 16375, 'sequence_number': 758, 'ssrc': 12648429}
{'arrival_time_ms': 19473, 'header_length': 24, 'padding_length': 0, 'payload_size': 832, 'payload_type': 126, 'send_time_ms': 16405, 'sequence_number': 759, 'ssrc': 12648429}
{'arrival_time_ms': 19497, 'header_length': 24, 'padding_length': 0, 'payload_size': 832, 'payload_type': 126, 'send_time_ms': 16435, 'sequence_number': 761, 'ssrc': 12648429}
{'arrival_time_ms': 19521, 'header_length': 24, 'padding_length': 0, 'payload_size': 832, 'payload_type': 126, 'send_time_ms': 16440, 'sequence_number': 762, 'ssrc': 12648429}
{'arrival_time_ms': 19550, 'header_length': 24, 'padding_length': 0, 'payload_size': 1038, 'payload_type': 126, 'send_time_ms': 16470, 'sequence_number': 763, 'ssrc': 12648429}
{'arrival_time_ms': 19579, 'header_length': 24, 'padding_length': 0, 'payload_size': 1038, 'payload_type': 126, 'send_time_ms': 16505, 'sequence_number': 764, 'ssrc': 12648429}
{'arrival_time_ms': 19605, 'header_length': 24, 'padding_length': 0, 'payload_size': 936, 'payload_type': 126, 'send_time_ms': 16535, 'sequence_number': 765, 'ssrc': 12648429}
{'arrival_time_ms': 19632, 'header_length': 24, 'padding_length': 0, 'payload_size': 936, 'payload_type': 126, 'send_time_ms': 16540, 'sequence_number': 766, 'ssrc': 12648429}
{'arrival_time_ms': 19658, 'header_length': 24, 'padding_length': 0, 'payload_size': 936, 'payload_type': 126, 'send_time_ms': 16570, 'sequence_number': 767, 'ssrc': 12648429}
{'arrival_time_ms': 19682, 'header_length': 24, 'padding_length': 0, 'payload_size': 830, 'payload_type': 126, 'send_time_ms': 16605, 'sequence_number': 769, 'ssrc': 12648429}
{'arrival_time_ms': 19711, 'header_length': 24, 'padding_length': 0, 'payload_size': 1038, 'payload_type': 126, 'send_time_ms': 16635, 'sequence_number': 770, 'ssrc': 12648429}
{'arrival_time_ms': 19740, 'header_length': 24, 'padding_length': 0, 'payload_size': 1038, 'payload_type': 126, 'send_time_ms': 16670, 'sequence_number': 771, 'ssrc': 12648429}
{'arrival_time_ms': 19766, 'header_length': 24, 'padding_length': 0, 'payload_size': 936, 'payload_type': 126, 'send_time_ms': 16705, 'sequence_number': 772, 'ssrc': 12648429}
{'arrival_time_ms': 19793, 'header_length': 24, 'padding_length': 0, 'payload_size': 936, 'payload_type': 126, 'send_time_ms': 16710, 'sequence_number': 773, 'ssrc': 12648429}
{'arrival_time_ms': 19819, 'header_length': 24, 'padding_length': 0, 'payload_size': 936, 'payload_type': 126, 'send_time_ms': 16735, 'sequence_number': 774, 'ssrc': 12648429}
{'arrival_time_ms': 19848, 'header_length': 24, 'padding_length': 0, 'payload_size': 1038, 'payload_type': 126, 'send_time_ms': 16770, 'sequence_number': 776, 'ssrc': 12648429}
{'arrival_time_ms': 19877, 'header_length': 24, 'padding_length': 0, 'payload_size': 1038, 'payload_type': 126, 'send_time_ms': 16805, 'sequence_number': 777, 'ssrc': 12648429}
{'arrival_time_ms': 19898, 'header_length': 24, 'padding_length': 0, 'payload_size': 728, 'payload_type': 126, 'send_time_ms': 16835, 'sequence_number': 778, 'ssrc': 12648429}
{'arrival_time_ms': 19919, 'header_length': 24, 'padding_length': 0, 'payload_size': 728, 'payload_type': 126, 'send_time_ms': 16840, 'sequence_number': 779, 'ssrc': 12648429}
{'arrival_time_ms': 19940, 'header_length': 24, 'padding_length': 0, 'payload_size': 728, 'payload_type': 126, 'send_time_ms': 16870, 'sequence_number': 780, 'ssrc': 12648429}
{'arrival_time_ms': 19961, 'header_length': 24, 'padding_length': 0, 'payload_size': 728, 'payload_type': 126, 'send_time_ms': 16875, 'sequence_number': 781, 'ssrc': 12648429}
{'arrival_time_ms': 19990, 'header_length': 24, 'padding_length': 0, 'payload_size': 1038, 'payload_type': 126, 'send_time_ms': 16905, 'sequence_number': 782, 'ssrc': 12648429}
{'arrival_time_ms': 20013, 'header_length': 24, 'padding_length': 0, 'payload_size': 830, 'payload_type': 126, 'send_time_ms': 16935, 'sequence_number': 783, 'ssrc': 12648429}
{'arrival_time_ms': 20037, 'header_length': 24, 'padding_length': 0, 'payload_size': 830, 'payload_type': 126, 'send_time_ms': 16970, 'sequence_number': 784, 'ssrc': 12648429}
{'arrival_time_ms': 20066, 'header_length': 24, 'padding_length': 0, 'payload_size': 1038, 'payload_type': 126, 'send_time_ms': 17005, 'sequence_number': 785, 'ssrc': 12648429}
{'arrival_time_ms': 20095, 'header_length': 24, 'padding_length': 0, 'payload_size': 1038, 'payload_type': 126, 'send_time_ms': 17035, 'sequence_number': 786, 'ssrc': 12648429}
{'arrival_time_ms': 20122, 'header_length': 24, 'padding_length': 0, 'payload_size': 936, 'payload_type': 126, 'send_time_ms': 17070, 'sequence_number': 787, 'ssrc': 12648429}
{'arrival_time_ms': 20148, 'header_length': 24, 'padding_length': 0, 'payload_size': 936, 'payload_type': 126, 'send_time_ms': 17075, 'sequence_number': 788, 'ssrc': 12648429}
{'arrival_time_ms': 20174, 'header_length': 24, 'padding_length': 0, 'payload_size': 936, 'payload_type': 126, 'send_time_ms': 17105, 'sequence_number': 789, 'ssrc': 12648429}
{'arrival_time_ms': 20201, 'header_length': 24, 'padding_length': 0, 'payload_size': 936, 'payload_type': 126, 'send_time_ms': 17110, 'sequence_number': 790, 'ssrc': 12648429}
{'arrival_time_ms': 20230, 'header_length': 24, 'padding_length': 0, 'payload_size': 1038, 'payload_type': 126, 'send_time_ms': 17135, 'sequence_number': 791, 'ssrc': 12648429}
{'arrival_time_ms': 20254, 'header_length': 24, 'padding_length': 0, 'payload_size': 832, 'payload_type': 126, 'send_time_ms': 17170, 'sequence_number': 792, 'ssrc': 12648429}
{'arrival_time_ms': 20277, 'header_length': 24, 'padding_length': 0, 'payload_size': 832, 'payload_type': 126, 'send_time_ms': 17175, 'sequence_number': 793, 'ssrc': 12648429}
{'arrival_time_ms': 20306, 'header_length': 24, 'padding_length': 0, 'payload_size': 1038, 'payload_type': 126, 'send_time_ms': 17235, 'sequence_number': 796, 'ssrc': 12648429}
{'arrival_time_ms': 20337, 'header_length': 24, 'padding_length': 0, 'payload_size': 1038, 'payload_type': 126, 'send_time_ms': 17270, 'sequence_number': 797, 'ssrc': 12648429}
{'arrival_time_ms': 20364, 'header_length': 24, 'padding_length': 0, 'payload_size': 936, 'payload_type': 126, 'send_time_ms': 17305, 'sequence_number': 798, 'ssrc': 12648429}
{'arrival_time_ms': 20390, 'header_length': 24, 'padding_length': 0, 'payload_size': 936, 'payload_type': 126, 'send_time_ms': 17310, 'sequence_number': 799, 'ssrc': 12648429}
{'arrival_time_ms': 20416, 'header_length': 24, 'padding_length': 0, 'payload_size': 936, 'payload_type': 126, 'send_time_ms': 17335, 'sequence_number': 800, 'ssrc': 12648429}
{'arrival_time_ms': 20437, 'header_length': 24, 'padding_length': 0, 'payload_size': 728, 'payload_type': 126, 'send_time_ms': 17370, 'sequence_number': 802, 'ssrc': 12648429}
{'arrival_time_ms': 20458, 'header_length': 24, 'padding_length': 0, 'payload_size': 728, 'payload_type': 126, 'send_time_ms': 17375, 'sequence_number': 803, 'ssrc': 12648429}
{'arrival_time_ms': 20479, 'header_length': 24, 'padding_length': 0, 'payload_size': 728, 'payload_type': 126, 'send_time_ms': 17405, 'sequence_number': 804, 'ssrc': 12648429}
{'arrival_time_ms': 20500, 'header_length': 24, 'padding_length': 0, 'payload_size': 728, 'payload_type': 126, 'send_time_ms': 17410, 'sequence_number': 805, 'ssrc': 12648429}
{'arrival_time_ms': 20526, 'header_length': 24, 'padding_length': 0, 'payload_size': 936, 'payload_type': 126, 'send_time_ms': 17435, 'sequence_number': 806, 'ssrc': 12648429}
{'arrival_time_ms': 20550, 'header_length': 24, 'padding_length': 0, 'payload_size': 830, 'payload_type': 126, 'send_time_ms': 17470, 'sequence_number': 808, 'ssrc': 12648429}
{'arrival_time_ms': 20573, 'header_length': 24, 'padding_length': 0, 'payload_size': 830, 'payload_type': 126, 'send_time_ms': 17505, 'sequence_number': 809, 'ssrc': 12648429}
{'arrival_time_ms': 20600, 'header_length': 24, 'padding_length': 0, 'payload_size': 936, 'payload_type': 126, 'send_time_ms': 17535, 'sequence_number': 810, 'ssrc': 12648429}
{'arrival_time_ms': 20626, 'header_length': 24, 'padding_length': 0, 'payload_size': 936, 'payload_type': 126, 'send_time_ms': 17540, 'sequence_number': 811, 'ssrc': 12648429}
{'arrival_time_ms': 20653, 'header_length': 24, 'padding_length': 0, 'payload_size': 936, 'payload_type': 126, 'send_time_ms': 17570, 'sequence_number': 812, 'ssrc': 12648429}
{'arrival_time_ms': 20687, 'header_length': 24, 'padding_length': 0, 'payload_size': 1246, 'payload_type': 126, 'send_time_ms': 17605, 'sequence_number': 814, 'ssrc': 12648429}
{'arrival_time_ms': 20722, 'header_length': 24, 'padding_length': 0, 'payload_size': 1246, 'payload_type': 126, 'send_time_ms': 17635, 'sequence_number': 815, 'ssrc': 12648429}
{'arrival_time_ms': 20751, 'header_length': 24, 'padding_length': 0, 'payload_size': 1038, 'payload_type': 126, 'send_time_ms': 17670, 'sequence_number': 816, 'ssrc': 12648429}
{'arrival_time_ms': 20780, 'header_length': 24, 'padding_length': 0, 'payload_size': 1038, 'payload_type': 126, 'send_time_ms': 17705, 'sequence_number': 817, 'ssrc': 12648429}
{'arrival_time_ms': 20809, 'header_length': 24, 'padding_length': 0, 'payload_size': 1038, 'payload_type': 126, 'send_time_ms': 17735, 'sequence_number': 818, 'ssrc': 12648429}
{'arrival_time_ms': 20838, 'header_length': 24, 'padding_length': 0, 'payload_size': 1038, 'payload_type': 126, 'send_time_ms': 17770, 'sequence_number': 819, 'ssrc': 12648429}
{'arrival_time_ms': 20862, 'header_length': 24, 'padding_length': 0, 'payload_size': 832, 'payload_type': 126, 'send_time_ms': 17805, 'sequence_number': 820, 'ssrc': 12648429}
{'arrival_time_ms': 20886, 'header_length': 24, 'padding_length': 0, 'payload_size': 832, 'payload_type': 126, 'send_time_ms': 17810, 'sequence_number': 821, 'ssrc': 12648429}
{'arrival_time_ms': 20915, 'header_length': 24, 'padding_length': 0, 'payload_size': 1038, 'payload_type': 126, 'send_time_ms': 17835, 'sequence_number': 822, 'ssrc': 12648429}
{'arrival_time_ms': 20944, 'header_length': 24, 'padding_length': 0, 'payload_size': 1038, 'payload_type': 126, 'send_time_ms': 17870, 'sequence_number': 823, 'ssrc': 12648429}
{'arrival_time_ms': 20973, 'header_length': 24, 'padding_length': 0, 'payload_size': 1038, 'payload_type': 126, 'send_time_ms': 17905, 'sequence_number': 824, 'ssrc': 12648429}
{'arrival_time_ms': 21002, 'header_length': 24, 'padding_length': 0, 'payload_size': 1038, 'payload_type': 126, 'send_time_ms': 17935, 'sequence_number': 825, 'ssrc': 12648429}
{'arrival_time_ms': 21026, 'header_length': 24, 'padding_length': 0, 'payload_size': 832, 'payload_type': 126, 'send_time_ms': 17970, 'sequence_number': 826, 'ssrc': 12648429}
{'arrival_time_ms': 21049, 'header_length': 24, 'padding_length': 0, 'payload_size': 832, 'payload_type': 126, 'send_time_ms': 17975, 'sequence_number': 827, 'ssrc': 12648429}
{'arrival_time_ms': 21073, 'header_length': 24, 'padding_length': 0, 'payload_size': 832, 'payload_type': 126, 'send_time_ms': 18005, 'sequence_number': 828, 'ssrc': 12648429}
{'arrival_time_ms': 21097, 'header_length': 24, 'padding_length': 0, 'payload_size': 832, 'payload_type': 126, 'send_time_ms': 18010, 'sequence_number': 829, 'ssrc': 12648429}
{'arrival_time_ms': 21126, 'header_length': 24, 'padding_length': 0, 'payload_size': 1038, 'payload_type': 126, 'send_time_ms': 18035, 'sequence_number': 830, 'ssrc': 12648429}
{'arrival_time_ms': 21155, 'header_length': 24, 'padding_length': 0, 'payload_size': 1038, 'payload_type': 126, 'send_time_ms': 18070, 'sequence_number': 831, 'ssrc': 12648429}
{'arrival_time_ms': 21181, 'header_length': 24, 'padding_length': 0, 'payload_size': 936, 'payload_type': 126, 'send_time_ms': 18105, 'sequence_number': 832, 'ssrc': 12648429}
{'arrival_time_ms': 21208, 'header_length': 24, 'padding_length': 0, 'payload_size': 936, 'payload_type': 126, 'send_time_ms': 18110, 'sequence_number': 833, 'ssrc': 12648429}
{'arrival_time_ms': 21231, 'header_length': 24, 'padding_length': 0, 'payload_size': 832, 'payload_type': 126, 'send_time_ms': 18135, 'sequence_number': 834, 'ssrc': 12648429}
{'arrival_time_ms': 21255, 'header_length': 24, 'padding_length': 0, 'payload_size': 832, 'payload_type': 126, 'send_time_ms': 18170, 'sequence_number': 836, 'ssrc': 12648429}
{'arrival_time_ms': 21281, 'header_length': 24, 'padding_length': 0, 'payload_size': 936, 'payload_type': 126, 'send_time_ms': 18205, 'sequence_number': 838, 'ssrc': 12648429}
{'arrival_time_ms': 21308, 'header_length': 24, 'padding_length': 0, 'payload_size': 936, 'payload_type': 126, 'send_time_ms': 18210, 'sequence_number': 839, 'ssrc': 12648429}
{'arrival_time_ms': 21334, 'header_length': 24, 'padding_length': 0, 'payload_size': 936, 'payload_type': 126, 'send_time_ms': 18235, 'sequence_number': 840, 'ssrc': 12648429}
{'arrival_time_ms': 21361, 'header_length': 24, 'padding_length': 0, 'payload_size': 936, 'payload_type': 126, 'send_time_ms': 18270, 'sequence_number': 842, 'ssrc': 12648429}
{'arrival_time_ms': 21387, 'header_length': 24, 'padding_length': 0, 'payload_size': 936, 'payload_type': 126, 'send_time_ms': 18305, 'sequence_number': 844, 'ssrc': 12648429}
{'arrival_time_ms': 21413, 'header_length': 24, 'padding_length': 0, 'payload_size': 936, 'payload_type': 126, 'send_time_ms': 18310, 'sequence_number': 845, 'ssrc': 12648429}
{'arrival_time_ms': 21437, 'header_length': 24, 'padding_length': 0, 'payload_size': 834, 'payload_type': 98, 'send_time_ms': 18335, 'sequence_number': 1, 'ssrc': 195939069}
{'arrival_time_ms': 21463, 'header_length': 24, 'padding_length': 0, 'payload_size': 936, 'payload_type': 126, 'send_time_ms': 18370, 'sequence_number': 848, 'ssrc': 12648429}
{'arrival_time_ms': 21490, 'header_length': 24, 'padding_length': 0, 'payload_size': 936, 'payload_type': 126, 'send_time_ms': 18385, 'sequence_number': 849, 'ssrc': 12648429}
{'arrival_time_ms': 21513, 'header_length': 24, 'padding_length': 0, 'payload_size': 830, 'payload_type': 126, 'send_time_ms': 18435, 'sequence_number': 851, 'ssrc': 12648429}
{'arrival_time_ms': 21537, 'header_length': 24, 'padding_length': 0, 'payload_size': 834, 'payload_type': 98, 'send_time_ms': 18460, 'sequence_number': 2, 'ssrc': 195939069}
{'arrival_time_ms': 21561, 'header_length': 24, 'padding_length': 0, 'payload_size': 830, 'payload_type': 126, 'send_time_ms': 18470, 'sequence_number': 852, 'ssrc': 12648429}
{'arrival_time_ms': 21587, 'header_length': 24, 'padding_length': 0, 'payload_size': 938, 'payload_type': 98, 'send_time_ms': 18485, 'sequence_number': 3, 'ssrc': 195939069}
{'arrival_time_ms': 21624, 'header_length': 24, 'padding_length': 0, 'payload_size': 1317, 'payload_type': 126, 'send_time_ms': 18535, 'sequence_number': 854, 'ssrc': 12648429}
{'arrival_time_ms': 21650, 'header_length': 24, 'padding_length': 0, 'payload_size': 938, 'payload_type': 98, 'send_time_ms': 18565, 'sequence_number': 4, 'ssrc': 195939069}
{'arrival_time_ms': 21677, 'header_length': 24, 'padding_length': 0, 'payload_size': 959, 'payload_type': 126, 'send_time_ms': 18575, 'sequence_number': 855, 'ssrc': 12648429}
{'arrival_time_ms': 21704, 'header_length': 24, 'padding_length': 0, 'payload_size': 959, 'payload_type': 126, 'send_time_ms': 18605, 'sequence_number': 856, 'ssrc': 12648429}
{'arrival_time_ms': 21727, 'header_length': 24, 'padding_length': 0, 'payload_size': 784, 'payload_type': 126, 'send_time_ms': 18635, 'sequence_number': 857, 'ssrc': 12648429}
{'arrival_time_ms': 21749, 'header_length': 24, 'padding_length': 0, 'payload_size': 784, 'payload_type': 126, 'send_time_ms': 18670, 'sequence_number': 858, 'ssrc': 12648429}
{'arrival_time_ms': 21771, 'header_length': 24, 'padding_length': 0, 'payload_size': 784, 'payload_type': 126, 'send_time_ms': 18705, 'sequence_number': 859, 'ssrc': 12648429}
{'arrival_time_ms': 21794, 'header_length': 24, 'padding_length': 0, 'payload_size': 784, 'payload_type': 126, 'send_time_ms': 18735, 'sequence_number': 860, 'ssrc': 12648429}
{'arrival_time_ms': 21818, 'header_length': 24, 'padding_length': 0, 'payload_size': 784, 'payload_type': 126, 'send_time_ms': 18770, 'sequence_number': 861, 'ssrc': 12648429}
{'arrival_time_ms': 21839, 'header_length': 24, 'padding_length': 0, 'payload_size': 728, 'payload_type': 126, 'send_time_ms': 18805, 'sequence_number': 862, 'ssrc': 12648429}
{'arrival_time_ms': 21859, 'header_length': 24, 'padding_length': 0, 'payload_size': 728, 'payload_type': 126, 'send_time_ms': 18810, 'sequence_number': 863, 'ssrc': 12648429}
{'arrival_time_ms': 21880, 'header_length': 24, 'padding_length': 0, 'payload_size': 728, 'payload_type': 126, 'send_time_ms': 18835, 'sequence_number': 864, 'ssrc': 12648429}
{'arrival_time_ms': 21901, 'header_length': 24, 'padding_length': 0, 'payload_size': 728, 'payload_type': 126, 'send_time_ms': 18840, 'sequence_number': 865, 'ssrc': 12648429}
{'arrival_time_ms': 21920, 'header_length': 24, 'padding_length': 0, 'payload_size': 663, 'payload_type': 126, 'send_time_ms': 18870, 'sequence_number': 866, 'ssrc': 12648429}
{'arrival_time_ms': 21939, 'header_length': 24, 'padding_length': 0, 'payload_size': 663, 'payload_type': 126, 'send_time_ms': 18905, 'sequence_number': 867, 'ssrc': 12648429}
{'arrival_time_ms': 21963, 'header_length': 24, 'padding_length': 0, 'payload_size': 842, 'payload_type': 126, 'send_time_ms': 18935, 'sequence_number': 868, 'ssrc': 12648429}
{'arrival_time_ms': 21985, 'header_length': 24, 'padding_length': 0, 'payload_size': 773, 'payload_type': 126, 'send_time_ms': 18970, 'sequence_number': 869, 'ssrc': 12648429}
{'arrival_time_ms': 22007, 'header_length': 24, 'padding_length': 0, 'payload_size': 774, 'payload_type': 126, 'send_time_ms': 18975, 'sequence_number': 870, 'ssrc': 12648429}
{'arrival_time_ms': 22030, 'header_length': 24, 'padding_length': 0, 'payload_size': 773, 'payload_type': 126, 'send_time_ms': 19005, 'sequence_number': 871, 'ssrc': 12648429}
{'arrival_time_ms': 22052, 'header_length': 24, 'padding_length': 0, 'payload_size': 774, 'payload_type': 126, 'send_time_ms': 19010, 'sequence_number': 872, 'ssrc': 12648429}
{'arrival_time_ms': 22090, 'header_length': 24, 'padding_length': 0, 'payload_size': 1396, 'payload_type': 126, 'send_time_ms': 19035, 'sequence_number': 873, 'ssrc': 12648429}
{'arrival_time_ms': 22129, 'header_length': 24, 'padding_length': 0, 'payload_size': 1396, 'payload_type': 126, 'send_time_ms': 19070, 'sequence_number': 874, 'ssrc': 12648429}
{'arrival_time_ms': 22154, 'header_length': 24, 'padding_length': 0, 'payload_size': 884, 'payload_type': 126, 'send_time_ms': 19105, 'sequence_number': 875, 'ssrc': 12648429}
{'arrival_time_ms': 22179, 'header_length': 24, 'padding_length': 0, 'payload_size': 884, 'payload_type': 126, 'send_time_ms': 19135, 'sequence_number': 876, 'ssrc': 12648429}
{'arrival_time_ms': 22204, 'header_length': 24, 'padding_length': 0, 'payload_size': 884, 'payload_type': 126, 'send_time_ms': 19170, 'sequence_number': 877, 'ssrc': 12648429}
{'arrival_time_ms': 22231, 'header_length': 24, 'padding_length': 0, 'payload_size': 884, 'payload_type': 126, 'send_time_ms': 19205, 'sequence_number': 878, 'ssrc': 12648429}
{'arrival_time_ms': 22266, 'header_length': 24, 'padding_length': 0, 'payload_size': 1251, 'payload_type': 126, 'send_time_ms': 19235, 'sequence_number': 879, 'ssrc': 12648429}
{'arrival_time_ms': 22289, 'header_length': 24, 'padding_length': 0, 'payload_size': 809, 'payload_type': 126, 'send_time_ms': 19270, 'sequence_number': 880, 'ssrc': 12648429}
{'arrival_time_ms': 22312, 'header_length': 24, 'padding_length': 0, 'payload_size': 809, 'payload_type': 126, 'send_time_ms': 19275, 'sequence_number': 881, 'ssrc': 12648429}
{'arrival_time_ms': 22335, 'header_length': 24, 'padding_length': 0, 'payload_size': 809, 'payload_type': 126, 'send_time_ms': 19305, 'sequence_number': 882, 'ssrc': 12648429}
{'arrival_time_ms': 22358, 'header_length': 24, 'padding_length': 0, 'payload_size': 809, 'payload_type': 126, 'send_time_ms': 19310, 'sequence_number': 883, 'ssrc': 12648429}
{'arrival_time_ms': 22381, 'header_length': 24, 'padding_length': 0, 'payload_size': 809, 'payload_type': 126, 'send_time_ms': 19335, 'sequence_number': 884, 'ssrc': 12648429}
{'arrival_time_ms': 22404, 'header_length': 24, 'padding_length': 0, 'payload_size': 809, 'payload_type': 126, 'send_time_ms': 19340, 'sequence_number': 885, 'ssrc': 12648429}
{'arrival_time_ms': 22427, 'header_length': 24, 'padding_length': 0, 'payload_size': 809, 'payload_type': 126, 'send_time_ms': 19370, 'sequence_number': 886, 'ssrc': 12648429}
{'arrival_time_ms': 22450, 'header_length': 24, 'padding_length': 0, 'payload_size': 809, 'payload_type': 126, 'send_time_ms': 19375, 'sequence_number': 887, 'ssrc': 12648429}
{'arrival_time_ms': 22473, 'header_length': 24, 'padding_length': 0, 'payload_size': 809, 'payload_type': 126, 'send_time_ms': 19405, 'sequence_number': 888, 'ssrc': 12648429}
{'arrival_time_ms': 22496, 'header_length': 24, 'padding_length': 0, 'payload_size': 809, 'payload_type': 126, 'send_time_ms': 19410, 'sequence_number': 889, 'ssrc': 12648429}
{'arrival_time_ms': 22519, 'header_length': 24, 'padding_length': 0, 'payload_size': 809, 'payload_type': 126, 'send_time_ms': 19435, 'sequence_number': 890, 'ssrc': 12648429}
{'arrival_time_ms': 22555, 'header_length': 24, 'padding_length': 0, 'payload_size': 1301, 'payload_type': 126, 'send_time_ms': 19470, 'sequence_number': 892, 'ssrc': 12648429}
{'arrival_time_ms': 22591, 'header_length': 24, 'padding_length': 0, 'payload_size': 1301, 'payload_type': 126, 'send_time_ms': 19505, 'sequence_number': 893, 'ssrc': 12648429}
{'arrival_time_ms': 22627, 'header_length': 24, 'padding_length': 0, 'payload_size': 1301, 'payload_type': 126, 'send_time_ms': 19535, 'sequence_number': 894, 'ssrc': 12648429}
{'arrival_time_ms': 22663, 'header_length': 24, 'padding_length': 0, 'payload_size': 1301, 'payload_type': 126, 'send_time_ms': 19570, 'sequence_number': 895, 'ssrc': 12648429}
{'arrival_time_ms': 22687, 'header_length': 24, 'padding_length': 0, 'payload_size': 834, 'payload_type': 98, 'send_time_ms': 19605, 'sequence_number': 7, 'ssrc': 195939069}
{'arrival_time_ms': 22710, 'header_length': 24, 'padding_length': 0, 'payload_size': 799, 'payload_type': 126, 'send_time_ms': 19615, 'sequence_number': 897, 'ssrc': 12648429}
{'arrival_time_ms': 22732, 'header_length': 24, 'padding_length': 0, 'payload_size': 780, 'payload_type': 126, 'send_time_ms': 19670, 'sequence_number': 899, 'ssrc': 12648429}
{'arrival_time_ms': 22756, 'header_length': 24, 'padding_length': 0, 'payload_size': 780, 'payload_type': 126, 'send_time_ms': 19705, 'sequence_number': 900, 'ssrc': 12648429}
{'arrival_time_ms': 22778, 'header_length': 24, 'padding_length': 0, 'payload_size': 780, 'payload_type': 126, 'send_time_ms': 19735, 'sequence_number': 901, 'ssrc': 12648429}
{'arrival_time_ms': 22804, 'header_length': 24, 'padding_length': 0, 'payload_size': 915, 'payload_type': 126, 'send_time_ms': 19770, 'sequence_number': 902, 'ssrc': 12648429}
{'arrival_time_ms': 22830, 'header_length': 24, 'padding_length': 0, 'payload_size': 916, 'payload_type': 126, 'send_time_ms': 19775, 'sequence_number': 903, 'ssrc': 12648429}
{'arrival_time_ms': 22856, 'header_length': 24, 'padding_length': 0, 'payload_size': 938, 'payload_type': 98, 'send_time_ms': 19790, 'sequence_number': 8, 'ssrc': 195939069}
{'arrival_time_ms': 22882, 'header_length': 24, 'padding_length': 0, 'payload_size': 915, 'payload_type': 126, 'send_time_ms': 19805, 'sequence_number': 904, 'ssrc': 12648429}
{'arrival_time_ms': 22921, 'header_length': 24, 'padding_length': 0, 'payload_size': 1388, 'payload_type': 126, 'send_time_ms': 19835, 'sequence_number': 906, 'ssrc': 12648429}
{'arrival_time_ms': 22959, 'header_length': 24, 'padding_length': 0, 'payload_size': 1388, 'payload_type': 126, 'send_time_ms': 19870, 'sequence_number': 907, 'ssrc': 12648429}
{'arrival_time_ms': 22992, 'header_length': 24, 'padding_length': 0, 'payload_size': 1192, 'payload_type': 126, 'send_time_ms': 19905, 'sequence_number': 908, 'ssrc': 12648429}
{'arrival_time_ms': 23015, 'header_length': 24, 'padding_length': 0, 'payload_size': 796, 'payload_type': 126, 'send_time_ms': 19935, 'sequence_number': 909, 'ssrc': 12648429}
{'arrival_time_ms': 23038, 'header_length': 24, 'padding_length': 0, 'payload_size': 797, 'payload_type': 126, 'send_time_ms': 19940, 'sequence_number': 910, 'ssrc': 12648429}
{'arrival_time_ms': 23060, 'header_length': 24, 'padding_length': 0, 'payload_size': 796, 'payload_type': 126, 'send_time_ms': 19970, 'sequence_number': 911, 'ssrc': 12648429}
{'arrival_time_ms': 23085, 'header_length': 24, 'padding_length': 0, 'payload_size': 876, 'payload_type': 126, 'send_time_ms': 20005, 'sequence_number': 913, 'ssrc': 12648429}
{'arrival_time_ms': 23110, 'header_length': 24, 'padding_length': 0, 'payload_size': 876, 'payload_type': 126, 'send_time_ms': 20035, 'sequence_number': 915, 'ssrc': 12648429}
{'arrival_time_ms': 23135, 'header_length': 24, 'padding_length': 0, 'payload_size': 876, 'payload_type': 126, 'send_time_ms': 20070, 'sequence_number': 917, 'ssrc': 12648429}
{'arrival_time_ms': 23160, 'header_length': 24, 'padding_length': 0, 'payload_size': 876, 'payload_type': 126, 'send_time_ms': 20075, 'sequence_number': 918, 'ssrc': 12648429}
{'arrival_time_ms': 23184, 'header_length': 24, 'padding_length': 0, 'payload_size': 876, 'payload_type': 126, 'send_time_ms': 20105, 'sequence_number': 919, 'ssrc': 12648429}
{'arrival_time_ms': 23209, 'header_length': 24, 'padding_length': 0, 'payload_size': 876, 'payload_type': 126, 'send_time_ms': 20110, 'sequence_number': 920, 'ssrc': 12648429}
{'arrival_time_ms': 23237, 'header_length': 24, 'padding_length': 0, 'payload_size': 976, 'payload_type': 126, 'send_time_ms': 20135, 'sequence_number': 921, 'ssrc': 12648429}
{'arrival_time_ms': 23262, 'header_length': 24, 'padding_length': 0, 'payload_size': 880, 'payload_type': 126, 'send_time_ms': 20170, 'sequence_number': 922, 'ssrc': 12648429}
{'arrival_time_ms': 23287, 'header_length': 24, 'padding_length': 0, 'payload_size': 880, 'payload_type': 126, 'send_time_ms': 20205, 'sequence_number': 924, 'ssrc': 12648429}
{'arrival_time_ms': 23311, 'header_length': 24, 'padding_length': 0, 'payload_size': 880, 'payload_type': 126, 'send_time_ms': 20210, 'sequence_number': 925, 'ssrc': 12648429}
{'arrival_time_ms': 23336, 'header_length': 24, 'padding_length': 0, 'payload_size': 880, 'payload_type': 126, 'send_time_ms': 20240, 'sequence_number': 927, 'ssrc': 12648429}
{'arrival_time_ms': 23361, 'header_length': 24, 'padding_length': 0, 'payload_size': 880, 'payload_type': 126, 'send_time_ms': 20270, 'sequence_number': 928, 'ssrc': 12648429}
{'arrival_time_ms': 23389, 'header_length': 24, 'padding_length': 0, 'payload_size': 980, 'payload_type': 126, 'send_time_ms': 20305, 'sequence_number': 930, 'ssrc': 12648429}
{'arrival_time_ms': 23416, 'header_length': 24, 'padding_length': 0, 'payload_size': 980, 'payload_type': 126, 'send_time_ms': 20335, 'sequence_number': 931, 'ssrc': 12648429}
{'arrival_time_ms': 23439, 'header_length': 24, 'padding_length': 0, 'payload_size': 780, 'payload_type': 126, 'send_time_ms': 20370, 'sequence_number': 932, 'ssrc': 12648429}
{'arrival_time_ms': 23461, 'header_length': 24, 'padding_length': 0, 'payload_size': 780, 'payload_type': 126, 'send_time_ms': 20405, 'sequence_number': 933, 'ssrc': 12648429}
{'arrival_time_ms': 23485, 'header_length': 24, 'padding_length': 0, 'payload_size': 834, 'payload_type': 98, 'send_time_ms': 20415, 'sequence_number': 10, 'ssrc': 195939069}
{'arrival_time_ms': 23508, 'header_length': 24, 'padding_length': 0, 'payload_size': 834, 'payload_type': 98, 'send_time_ms': 20425, 'sequence_number': 11, 'ssrc': 195939069}
{'arrival_time_ms': 23536, 'header_length': 24, 'padding_length': 0, 'payload_size': 976, 'payload_type': 126, 'send_time_ms': 20435, 'sequence_number': 934, 'ssrc': 12648429}
{'arrival_time_ms': 23563, 'header_length': 24, 'padding_length': 0, 'payload_size': 976, 'payload_type': 126, 'send_time_ms': 20505, 'sequence_number': 936, 'ssrc': 12648429}
{'arrival_time_ms': 23585, 'header_length': 24, 'padding_length': 0, 'payload_size': 748, 'payload_type': 126, 'send_time_ms': 20535, 'sequence_number': 937, 'ssrc': 12648429}
{'arrival_time_ms': 23606, 'header_length': 24, 'padding_length': 0, 'payload_size': 749, 'payload_type': 126, 'send_time_ms': 20540, 'sequence_number': 938, 'ssrc': 12648429}
{'arrival_time_ms': 23632, 'header_length': 24, 'padding_length': 0, 'payload_size': 938, 'payload_type': 98, 'send_time_ms': 20545, 'sequence_number': 12, 'ssrc': 195939069}
{'arrival_time_ms': 23654, 'header_length': 24, 'padding_length': 0, 'payload_size': 748, 'payload_type': 126, 'send_time_ms': 20570, 'sequence_number': 939, 'ssrc': 12648429}
{'arrival_time_ms': 23690, 'header_length': 24, 'padding_length': 0, 'payload_size': 1284, 'payload_type': 126, 'send_time_ms': 20605, 'sequence_number': 941, 'ssrc': 12648429}
{'arrival_time_ms': 23725, 'header_length': 24, 'padding_length': 0, 'payload_size': 1284, 'payload_type': 126, 'send_time_ms': 20635, 'sequence_number': 942, 'ssrc': 12648429}
{'arrival_time_ms': 23752, 'header_length': 24, 'padding_length': 0, 'payload_size': 938, 'payload_type': 98, 'send_time_ms': 20655, 'sequence_number': 13, 'ssrc': 195939069}
{'arrival_time_ms': 23773, 'header_length': 24, 'padding_length': 0, 'payload_size': 746, 'payload_type': 126, 'send_time_ms': 20705, 'sequence_number': 944, 'ssrc': 12648429}
{'arrival_time_ms': 23794, 'header_length': 24, 'padding_length': 0, 'payload_size': 746, 'payload_type': 126, 'send_time_ms': 20735, 'sequence_number': 945, 'ssrc': 12648429}
{'arrival_time_ms': 23816, 'header_length': 24, 'padding_length': 0, 'payload_size': 746, 'payload_type': 126, 'send_time_ms': 20770, 'sequence_number': 946, 'ssrc': 12648429}
{'arrival_time_ms': 23842, 'header_length': 24, 'padding_length': 0, 'payload_size': 938, 'payload_type': 98, 'send_time_ms': 20795, 'sequence_number': 14, 'ssrc': 195939069}
{'arrival_time_ms': 23863, 'header_length': 24, 'padding_length': 0, 'payload_size': 746, 'payload_type': 126, 'send_time_ms': 20810, 'sequence_number': 947, 'ssrc': 12648429}
{'arrival_time_ms': 23889, 'header_length': 24, 'padding_length': 0, 'payload_size': 909, 'payload_type': 126, 'send_time_ms': 20835, 'sequence_number': 948, 'ssrc': 12648429}
{'arrival_time_ms': 23915, 'header_length': 24, 'padding_length': 0, 'payload_size': 909, 'payload_type': 126, 'send_time_ms': 20870, 'sequence_number': 949, 'ssrc': 12648429}
{'arrival_time_ms': 23938, 'header_length': 24, 'padding_length': 0, 'payload_size': 813, 'payload_type': 126, 'send_time_ms': 20905, 'sequence_number': 950, 'ssrc': 12648429}
{'arrival_time_ms': 23961, 'header_length': 24, 'padding_length': 0, 'payload_size': 814, 'payload_type': 126, 'send_time_ms': 20910, 'sequence_number': 951, 'ssrc': 12648429}
{'arrival_time_ms': 23984, 'header_length': 24, 'padding_length': 0, 'payload_size': 813, 'payload_type': 126, 'send_time_ms': 20935, 'sequence_number': 952, 'ssrc': 12648429}
{'arrival_time_ms': 24007, 'header_length': 24, 'padding_length': 0, 'payload_size': 814, 'payload_type': 126, 'send_time_ms': 20940, 'sequence_number': 953, 'ssrc': 12648429}
{'arrival_time_ms': 24030, 'header_length': 24, 'padding_length': 0, 'payload_size': 813, 'payload_type': 126, 'send_time_ms': 20970, 'sequence_number': 954, 'ssrc': 12648429}
{'arrival_time_ms': 24054, 'header_length': 24, 'padding_length': 0, 'payload_size': 814, 'payload_type': 126, 'send_time_ms': 20975, 'sequence_number': 955, 'ssrc': 12648429}
{'arrival_time_ms': 24077, 'header_length': 24, 'padding_length': 0, 'payload_size': 813, 'payload_type': 126, 'send_time_ms': 21005, 'sequence_number': 956, 'ssrc': 12648429}
{'arrival_time_ms': 24100, 'header_length': 24, 'padding_length': 0, 'payload_size': 814, 'payload_type': 126, 'send_time_ms': 21015, 'sequence_number': 957, 'ssrc': 12648429}
{'arrival_time_ms': 24126, 'header_length': 24, 'padding_length': 0, 'payload_size': 926, 'payload_type': 126, 'send_time_ms': 21035, 'sequence_number': 958, 'ssrc': 12648429}
{'arrival_time_ms': 24152, 'header_length': 24, 'padding_length': 0, 'payload_size': 926, 'payload_type': 126, 'send_time_ms': 21070, 'sequence_number': 959, 'ssrc': 12648429}
{'arrival_time_ms': 24178, 'header_length': 24, 'padding_length': 0, 'payload_size': 926, 'payload_type': 126, 'send_time_ms': 21105, 'sequence_number': 960, 'ssrc': 12648429}
{'arrival_time_ms': 24199, 'header_length': 24, 'padding_length': 0, 'payload_size': 734, 'payload_type': 126, 'send_time_ms': 21134, 'sequence_number': 961, 'ssrc': 12648429}
{'arrival_time_ms': 24222, 'header_length': 24, 'padding_length': 0, 'payload_size': 734, 'payload_type': 126, 'send_time_ms': 21169, 'sequence_number': 962, 'ssrc': 12648429}
{'arrival_time_ms': 24243, 'header_length': 24, 'padding_length': 0, 'payload_size': 730, 'payload_type': 126, 'send_time_ms': 21205, 'sequence_number': 963, 'ssrc': 12648429}
{'arrival_time_ms': 24264, 'header_length': 24, 'padding_length': 0, 'payload_size': 730, 'payload_type': 126, 'send_time_ms': 21209, 'sequence_number': 964, 'ssrc': 12648429}
{'arrival_time_ms': 24285, 'header_length': 24, 'padding_length': 0, 'payload_size': 730, 'payload_type': 126, 'send_time_ms': 21234, 'sequence_number': 965, 'ssrc': 12648429}
{'arrival_time_ms': 24306, 'header_length': 24, 'padding_length': 0, 'payload_size': 730, 'payload_type': 126, 'send_time_ms': 21239, 'sequence_number': 966, 'ssrc': 12648429}
{'arrival_time_ms': 24329, 'header_length': 24, 'padding_length': 0, 'payload_size': 823, 'payload_type': 126, 'send_time_ms': 21269, 'sequence_number': 967, 'ssrc': 12648429}
{'arrival_time_ms': 24353, 'header_length': 24, 'padding_length': 0, 'payload_size': 824, 'payload_type': 126, 'send_time_ms': 21274, 'sequence_number': 968, 'ssrc': 12648429}
{'arrival_time_ms': 24391, 'header_length': 24, 'padding_length': 0, 'payload_size': 1372, 'payload_type': 126, 'send_time_ms': 21304, 'sequence_number': 969, 'ssrc': 12648429}
{'arrival_time_ms': 24429, 'header_length': 24, 'padding_length': 0, 'payload_size': 1372, 'payload_type': 126, 'send_time_ms': 21314, 'sequence_number': 970, 'ssrc': 12648429}
{'arrival_time_ms': 24452, 'header_length': 24, 'padding_length': 0, 'payload_size': 834, 'payload_type': 98, 'send_time_ms': 21364, 'sequence_number': 15, 'ssrc': 195939069}
{'arrival_time_ms': 24476, 'header_length': 24, 'padding_length': 0, 'payload_size': 834, 'payload_type': 98, 'send_time_ms': 21399, 'sequence_number': 16, 'ssrc': 195939069}
{'arrival_time_ms': 24487, 'header_length': 24, 'padding_length': 0, 'payload_size': 368, 'payload_type': 126, 'send_time_ms': 21424, 'sequence_number': 976, 'ssrc': 12648429}
{'arrival_time_ms': 24499, 'header_length': 24, 'padding_length': 0, 'payload_size': 368, 'payload_type': 126, 'send_time_ms': 21429, 'sequence_number': 977, 'ssrc': 12648429}
{'arrival_time_ms': 24525, 'header_length': 24, 'padding_length': 0, 'payload_size': 938, 'payload_type': 98, 'send_time_ms': 21469, 'sequence_number': 17, 'ssrc': 195939069}
{'arrival_time_ms': 24549, 'header_length': 24, 'padding_length': 0, 'payload_size': 841, 'payload_type': 126, 'send_time_ms': 21474, 'sequence_number': 979, 'ssrc': 12648429}
{'arrival_time_ms': 24575, 'header_length': 24, 'padding_length': 0, 'payload_size': 938, 'payload_type': 98, 'send_time_ms': 21494, 'sequence_number': 18, 'ssrc': 195939069}
{'arrival_time_ms': 24596, 'header_length': 24, 'padding_length': 0, 'payload_size': 716, 'payload_type': 126, 'send_time_ms': 21504, 'sequence_number': 980, 'ssrc': 12648429}
{'arrival_time_ms': 24616, 'header_length': 24, 'padding_length': 0, 'payload_size': 716, 'payload_type': 126, 'send_time_ms': 21534, 'sequence_number': 981, 'ssrc': 12648429}
{'arrival_time_ms': 24643, 'header_length': 24, 'padding_length': 0, 'payload_size': 938, 'payload_type': 98, 'send_time_ms': 21569, 'sequence_number': 19, 'ssrc': 195939069}
{'arrival_time_ms': 24669, 'header_length': 24, 'padding_length': 0, 'payload_size': 938, 'payload_type': 98, 'send_time_ms': 21579, 'sequence_number': 20, 'ssrc': 195939069}
{'arrival_time_ms': 24683, 'header_length': 24, 'padding_length': 0, 'payload_size': 455, 'payload_type': 126, 'send_time_ms': 21604, 'sequence_number': 983, 'ssrc': 12648429}
{'arrival_time_ms': 24706, 'header_length': 24, 'padding_length': 0, 'payload_size': 832, 'payload_type': 98, 'send_time_ms': 21619, 'sequence_number': 21, 'ssrc': 195939069}
{'arrival_time_ms': 24729, 'header_length': 24, 'padding_length': 0, 'payload_size': 778, 'payload_type': 126, 'send_time_ms': 21634, 'sequence_number': 984, 'ssrc': 12648429}
{'arrival_time_ms': 24753, 'header_length': 24, 'padding_length': 0, 'payload_size': 806, 'payload_type': 126, 'send_time_ms': 21669, 'sequence_number': 985, 'ssrc': 12648429}
{'arrival_time_ms': 24787, 'header_length': 24, 'padding_length': 0, 'payload_size': 1209, 'payload_type': 126, 'send_time_ms': 21704, 'sequence_number': 986, 'ssrc': 12648429}
{'arrival_time_ms': 24824, 'header_length': 24, 'padding_length': 0, 'payload_size': 1319, 'payload_type': 98, 'send_time_ms': 21729, 'sequence_number': 22, 'ssrc': 195939069}
{'arrival_time_ms': 24862, 'header_length': 24, 'padding_length': 0, 'payload_size': 1384, 'payload_type': 126, 'send_time_ms': 21769, 'sequence_number': 988, 'ssrc': 12648429}
{'arrival_time_ms': 24891, 'header_length': 24, 'padding_length': 0, 'payload_size': 1013, 'payload_type': 126, 'send_time_ms': 21804, 'sequence_number': 989, 'ssrc': 12648429}
{'arrival_time_ms': 24919, 'header_length': 24, 'padding_length': 0, 'payload_size': 1013, 'payload_type': 126, 'send_time_ms': 21834, 'sequence_number': 990, 'ssrc': 12648429}
{'arrival_time_ms': 24941, 'header_length': 24, 'padding_length': 0, 'payload_size': 780, 'payload_type': 126, 'send_time_ms': 21869, 'sequence_number': 991, 'ssrc': 12648429}
{'arrival_time_ms': 24963, 'header_length': 24, 'padding_length': 0, 'payload_size': 780, 'payload_type': 126, 'send_time_ms': 21874, 'sequence_number': 992, 'ssrc': 12648429}
{'arrival_time_ms': 24986, 'header_length': 24, 'padding_length': 0, 'payload_size': 780, 'payload_type': 126, 'send_time_ms': 21904, 'sequence_number': 993, 'ssrc': 12648429}
{'arrival_time_ms': 25008, 'header_length': 24, 'padding_length': 0, 'payload_size': 780, 'payload_type': 126, 'send_time_ms': 21909, 'sequence_number': 994, 'ssrc': 12648429}
{'arrival_time_ms': 25030, 'header_length': 24, 'padding_length': 0, 'payload_size': 780, 'payload_type': 126, 'send_time_ms': 21934, 'sequence_number': 995, 'ssrc': 12648429}
{'arrival_time_ms': 25059, 'header_length': 24, 'padding_length': 0, 'payload_size': 1038, 'payload_type': 126, 'send_time_ms': 21969, 'sequence_number': 997, 'ssrc': 12648429}
{'arrival_time_ms': 25088, 'header_length': 24, 'padding_length': 0, 'payload_size': 1038, 'payload_type': 126, 'send_time_ms': 22004, 'sequence_number': 998, 'ssrc': 12648429}
{'arrival_time_ms': 25118, 'header_length': 24, 'padding_length': 0, 'payload_size': 1038, 'payload_type': 126, 'send_time_ms': 22034, 'sequence_number': 999, 'ssrc': 12648429}
{'arrival_time_ms': 25147, 'header_length': 24, 'padding_length': 0, 'payload_size': 1038, 'payload_type': 126, 'send_time_ms': 22069, 'sequence_number': 1000, 'ssrc': 12648429}
{'arrival_time_ms': 25176, 'header_length': 24, 'padding_length': 0, 'payload_size': 1038, 'payload_type': 126, 'send_time_ms': 22104, 'sequence_number': 1001, 'ssrc': 12648429}
{'arrival_time_ms': 25205, 'header_length': 24, 'padding_length': 0, 'payload_size': 1038, 'payload_type': 126, 'send_time_ms': 22134, 'sequence_number': 1002, 'ssrc': 12648429}
{'arrival_time_ms': 25240, 'header_length': 24, 'padding_length': 0, 'payload_size': 1209, 'payload_type': 126, 'send_time_ms': 22169, 'sequence_number': 1003, 'ssrc': 12648429}
{'arrival_time_ms': 25274, 'header_length': 24, 'padding_length': 0, 'payload_size': 1209, 'payload_type': 126, 'send_time_ms': 22204, 'sequence_number': 1004, 'ssrc': 12648429}
{'arrival_time_ms': 25296, 'header_length': 24, 'padding_length': 0, 'payload_size': 780, 'payload_type': 126, 'send_time_ms': 22234, 'sequence_number': 1005, 'ssrc': 12648429}
{'arrival_time_ms': 25319, 'header_length': 24, 'padding_length': 0, 'payload_size': 780, 'payload_type': 126, 'send_time_ms': 22239, 'sequence_number': 1006, 'ssrc': 12648429}
{'arrival_time_ms': 25343, 'header_length': 24, 'padding_length': 0, 'payload_size': 863, 'payload_type': 126, 'send_time_ms': 22269, 'sequence_number': 1007, 'ssrc': 12648429}
{'arrival_time_ms': 25368, 'header_length': 24, 'padding_length': 0, 'payload_size': 863, 'payload_type': 126, 'send_time_ms': 22304, 'sequence_number': 1008, 'ssrc': 12648429}
{'arrival_time_ms': 25392, 'header_length': 24, 'padding_length': 0, 'payload_size': 863, 'payload_type': 126, 'send_time_ms': 22334, 'sequence_number': 1009, 'ssrc': 12648429}
{'arrival_time_ms': 25416, 'header_length': 24, 'padding_length': 0, 'payload_size': 863, 'payload_type': 126, 'send_time_ms': 22369, 'sequence_number': 1010, 'ssrc': 12648429}
{'arrival_time_ms': 25441, 'header_length': 24, 'padding_length': 0, 'payload_size': 863, 'payload_type': 126, 'send_time_ms': 22404, 'sequence_number': 1011, 'ssrc': 12648429}
{'arrival_time_ms': 25465, 'header_length': 24, 'padding_length': 0, 'payload_size': 863, 'payload_type': 126, 'send_time_ms': 22434, 'sequence_number': 1012, 'ssrc': 12648429}
{'arrival_time_ms': 25490, 'header_length': 24, 'padding_length': 0, 'payload_size': 863, 'payload_type': 126, 'send_time_ms': 22469, 'sequence_number': 1013, 'ssrc': 12648429}
{'arrival_time_ms': 25514, 'header_length': 24, 'padding_length': 0, 'payload_size': 863, 'payload_type': 126, 'send_time_ms': 22504, 'sequence_number': 1014, 'ssrc': 12648429}
{'arrival_time_ms': 25538, 'header_length': 24, 'padding_length': 0, 'payload_size': 830, 'payload_type': 126, 'send_time_ms': 22534, 'sequence_number': 1015, 'ssrc': 12648429}
{'arrival_time_ms': 25561, 'header_length': 24, 'padding_length': 0, 'payload_size': 830, 'payload_type': 126, 'send_time_ms': 22539, 'sequence_number': 1016, 'ssrc': 12648429}
{'arrival_time_ms': 25587, 'header_length': 24, 'padding_length': 0, 'payload_size': 921, 'payload_type': 126, 'send_time_ms': 22569, 'sequence_number': 1017, 'ssrc': 12648429}
{'arrival_time_ms': 25613, 'header_length': 24, 'padding_length': 0, 'payload_size': 921, 'payload_type': 126, 'send_time_ms': 22604, 'sequence_number': 1018, 'ssrc': 12648429}
{'arrival_time_ms': 25639, 'header_length': 24, 'padding_length': 0, 'payload_size': 901, 'payload_type': 126, 'send_time_ms': 22634, 'sequence_number': 1019, 'ssrc': 12648429}
{'arrival_time_ms': 25664, 'header_length': 24, 'padding_length': 0, 'payload_size': 901, 'payload_type': 126, 'send_time_ms': 22639, 'sequence_number': 1020, 'ssrc': 12648429}
{'arrival_time_ms': 25689, 'header_length': 24, 'padding_length': 0, 'payload_size': 811, 'payload_type': 98, 'send_time_ms': 22659, 'sequence_number': 23, 'ssrc': 195939069}
{'arrival_time_ms': 25715, 'header_length': 24, 'padding_length': 0, 'payload_size': 901, 'payload_type': 126, 'send_time_ms': 22669, 'sequence_number': 1021, 'ssrc': 12648429}
{'arrival_time_ms': 25740, 'header_length': 24, 'padding_length': 0, 'payload_size': 901, 'payload_type': 126, 'send_time_ms': 22674, 'sequence_number': 1022, 'ssrc': 12648429}
{'arrival_time_ms': 25766, 'header_length': 24, 'padding_length': 0, 'payload_size': 901, 'payload_type': 126, 'send_time_ms': 22704, 'sequence_number': 1023, 'ssrc': 12648429}
{'arrival_time_ms': 25791, 'header_length': 24, 'padding_length': 0, 'payload_size': 901, 'payload_type': 126, 'send_time_ms': 22709, 'sequence_number': 1024, 'ssrc': 12648429}
{'arrival_time_ms': 25817, 'header_length': 24, 'padding_length': 0, 'payload_size': 901, 'payload_type': 126, 'send_time_ms': 22734, 'sequence_number': 1025, 'ssrc': 12648429}
{'arrival_time_ms': 25840, 'header_length': 24, 'padding_length': 0, 'payload_size': 813, 'payload_type': 126, 'send_time_ms': 22769, 'sequence_number': 1027, 'ssrc': 12648429}
{'arrival_time_ms': 25863, 'header_length': 24, 'padding_length': 0, 'payload_size': 814, 'payload_type': 126, 'send_time_ms': 22774, 'sequence_number': 1028, 'ssrc': 12648429}
{'arrival_time_ms': 25886, 'header_length': 24, 'padding_length': 0, 'payload_size': 813, 'payload_type': 126, 'send_time_ms': 22804, 'sequence_number': 1029, 'ssrc': 12648429}
{'arrival_time_ms': 25909, 'header_length': 24, 'padding_length': 0, 'payload_size': 800, 'payload_type': 98, 'send_time_ms': 22824, 'sequence_number': 24, 'ssrc': 195939069}
{'arrival_time_ms': 25932, 'header_length': 24, 'padding_length': 0, 'payload_size': 813, 'payload_type': 126, 'send_time_ms': 22834, 'sequence_number': 1031, 'ssrc': 12648429}
{'arrival_time_ms': 25954, 'header_length': 24, 'padding_length': 0, 'payload_size': 782, 'payload_type': 126, 'send_time_ms': 22869, 'sequence_number': 1032, 'ssrc': 12648429}
{'arrival_time_ms': 25976, 'header_length': 24, 'padding_length': 0, 'payload_size': 782, 'payload_type': 126, 'send_time_ms': 22904, 'sequence_number': 1034, 'ssrc': 12648429}
{'arrival_time_ms': 26001, 'header_length': 24, 'padding_length': 0, 'payload_size': 878, 'payload_type': 126, 'send_time_ms': 22934, 'sequence_number': 1036, 'ssrc': 12648429}
{'arrival_time_ms': 26026, 'header_length': 24, 'padding_length': 0, 'payload_size': 878, 'payload_type': 126, 'send_time_ms': 22939, 'sequence_number': 1037, 'ssrc': 12648429}
{'arrival_time_ms': 26051, 'header_length': 24, 'padding_length': 0, 'payload_size': 878, 'payload_type': 126, 'send_time_ms': 22969, 'sequence_number': 1038, 'ssrc': 12648429}
{'arrival_time_ms': 26076, 'header_length': 24, 'padding_length': 0, 'payload_size': 878, 'payload_type': 126, 'send_time_ms': 23004, 'sequence_number': 1040, 'ssrc': 12648429}
{'arrival_time_ms': 26102, 'header_length': 24, 'padding_length': 0, 'payload_size': 918, 'payload_type': 98, 'send_time_ms': 23029, 'sequence_number': 26, 'ssrc': 195939069}
{'arrival_time_ms': 26127, 'header_length': 24, 'padding_length': 0, 'payload_size': 878, 'payload_type': 126, 'send_time_ms': 23034, 'sequence_number': 1042, 'ssrc': 12648429}
{'arrival_time_ms': 26152, 'header_length': 24, 'padding_length': 0, 'payload_size': 878, 'payload_type': 126, 'send_time_ms': 23069, 'sequence_number': 1044, 'ssrc': 12648429}
{'arrival_time_ms': 26176, 'header_length': 24, 'padding_length': 0, 'payload_size': 878, 'payload_type': 126, 'send_time_ms': 23104, 'sequence_number': 1046, 'ssrc': 12648429}
{'arrival_time_ms': 26201, 'header_length': 24, 'padding_length': 0, 'payload_size': 878, 'payload_type': 126, 'send_time_ms': 23109, 'sequence_number': 1047, 'ssrc': 12648429}
{'arrival_time_ms': 26230, 'header_length': 24, 'padding_length': 0, 'payload_size': 959, 'payload_type': 126, 'send_time_ms': 23169, 'sequence_number': 1049, 'ssrc': 12648429}
{'arrival_time_ms': 26253, 'header_length': 24, 'padding_length': 0, 'payload_size': 799, 'payload_type': 98, 'send_time_ms': 23194, 'sequence_number': 27, 'ssrc': 195939069}
{'arrival_time_ms': 26280, 'header_length': 24, 'padding_length': 0, 'payload_size': 959, 'payload_type': 126, 'send_time_ms': 23204, 'sequence_number': 1050, 'ssrc': 12648429}
{'arrival_time_ms': 26305, 'header_length': 24, 'padding_length': 0, 'payload_size': 878, 'payload_type': 98, 'send_time_ms': 23219, 'sequence_number': 28, 'ssrc': 195939069}
{'arrival_time_ms': 26330, 'header_length': 24, 'padding_length': 0, 'payload_size': 878, 'payload_type': 98, 'send_time_ms': 23244, 'sequence_number': 29, 'ssrc': 195939069}
{'arrival_time_ms': 26351, 'header_length': 24, 'padding_length': 0, 'payload_size': 738, 'payload_type': 126, 'send_time_ms': 23269, 'sequence_number': 1052, 'ssrc': 12648429}
{'arrival_time_ms': 26386, 'header_length': 24, 'padding_length': 0, 'payload_size': 1259, 'payload_type': 126, 'send_time_ms': 23304, 'sequence_number': 1053, 'ssrc': 12648429}
{'arrival_time_ms': 26421, 'header_length': 24, 'padding_length': 0, 'payload_size': 1259, 'payload_type': 126, 'send_time_ms': 23334, 'sequence_number': 1054, 'ssrc': 12648429}
{'arrival_time_ms': 26446, 'header_length': 24, 'padding_length': 0, 'payload_size': 905, 'payload_type': 126, 'send_time_ms': 23369, 'sequence_number': 1055, 'ssrc': 12648429}
{'arrival_time_ms': 26471, 'header_length': 24, 'padding_length': 0, 'payload_size': 882, 'payload_type': 98, 'send_time_ms': 23394, 'sequence_number': 30, 'ssrc': 195939069}
{'arrival_time_ms': 26511, 'header_length': 24, 'padding_length': 0, 'payload_size': 1421, 'payload_type': 126, 'send_time_ms': 23434, 'sequence_number': 1057, 'ssrc': 12648429}
{'arrival_time_ms': 26536, 'header_length': 24, 'padding_length': 0, 'payload_size': 882, 'payload_type': 98, 'send_time_ms': 23444, 'sequence_number': 31, 'ssrc': 195939069}
{'arrival_time_ms': 26560, 'header_length': 24, 'padding_length': 0, 'payload_size': 871, 'payload_type': 126, 'send_time_ms': 23469, 'sequence_number': 1058, 'ssrc': 12648429}
{'arrival_time_ms': 26585, 'header_length': 24, 'padding_length': 0, 'payload_size': 882, 'payload_type': 98, 'send_time_ms': 23494, 'sequence_number': 32, 'ssrc': 195939069}
{'arrival_time_ms': 26610, 'header_length': 24, 'padding_length': 0, 'payload_size': 871, 'payload_type': 126, 'send_time_ms': 23534, 'sequence_number': 1060, 'ssrc': 12648429}
{'arrival_time_ms': 26634, 'header_length': 24, 'padding_length': 0, 'payload_size': 871, 'payload_type': 126, 'send_time_ms': 23569, 'sequence_number': 1061, 'ssrc': 12648429}
{'arrival_time_ms': 26659, 'header_length': 24, 'padding_length': 0, 'payload_size': 871, 'payload_type': 126, 'send_time_ms': 23604, 'sequence_number': 1062, 'ssrc': 12648429}
{'arrival_time_ms': 26684, 'header_length': 24, 'padding_length': 0, 'payload_size': 871, 'payload_type': 126, 'send_time_ms': 23634, 'sequence_number': 1063, 'ssrc': 12648429}
{'arrival_time_ms': 26713, 'header_length': 24, 'padding_length': 0, 'payload_size': 978, 'payload_type': 98, 'send_time_ms': 23669, 'sequence_number': 33, 'ssrc': 195939069}
{'arrival_time_ms': 26735, 'header_length': 24, 'padding_length': 0, 'payload_size': 767, 'payload_type': 126, 'send_time_ms': 23674, 'sequence_number': 1064, 'ssrc': 12648429}
{'arrival_time_ms': 26757, 'header_length': 24, 'padding_length': 0, 'payload_size': 768, 'payload_type': 126, 'send_time_ms': 23679, 'sequence_number': 1065, 'ssrc': 12648429}
{'arrival_time_ms': 26779, 'header_length': 24, 'padding_length': 0, 'payload_size': 767, 'payload_type': 126, 'send_time_ms': 23704, 'sequence_number': 1066, 'ssrc': 12648429}
{'arrival_time_ms': 26798, 'header_length': 24, 'padding_length': 0, 'payload_size': 676, 'payload_type': 126, 'send_time_ms': 23734, 'sequence_number': 1068, 'ssrc': 12648429}
{'arrival_time_ms': 26818, 'header_length': 24, 'padding_length': 0, 'payload_size': 676, 'payload_type': 126, 'send_time_ms': 23769, 'sequence_number': 1069, 'ssrc': 12648429}
{'arrival_time_ms': 26839, 'header_length': 24, 'padding_length': 0, 'payload_size': 751, 'payload_type': 98, 'send_time_ms': 23794, 'sequence_number': 34, 'ssrc': 195939069}
{'arrival_time_ms': 26872, 'header_length': 24, 'padding_length': 0, 'payload_size': 1171, 'payload_type': 126, 'send_time_ms': 23804, 'sequence_number': 1070, 'ssrc': 12648429}
{'arrival_time_ms': 26895, 'header_length': 24, 'padding_length': 0, 'payload_size': 821, 'payload_type': 126, 'send_time_ms': 23834, 'sequence_number': 1071, 'ssrc': 12648429}
{'arrival_time_ms': 26919, 'header_length': 24, 'padding_length': 0, 'payload_size': 821, 'payload_type': 126, 'send_time_ms': 23869, 'sequence_number': 1072, 'ssrc': 12648429}
{'arrival_time_ms': 26940, 'header_length': 24, 'padding_length': 0, 'payload_size': 748, 'payload_type': 98, 'send_time_ms': 23879, 'sequence_number': 35, 'ssrc': 195939069}
{'arrival_time_ms': 26963, 'header_length': 24, 'padding_length': 0, 'payload_size': 821, 'payload_type': 126, 'send_time_ms': 23904, 'sequence_number': 1073, 'ssrc': 12648429}
{'arrival_time_ms': 26987, 'header_length': 24, 'padding_length': 0, 'payload_size': 821, 'payload_type': 126, 'send_time_ms': 23934, 'sequence_number': 1074, 'ssrc': 12648429}
{'arrival_time_ms': 27010, 'header_length': 24, 'padding_length': 0, 'payload_size': 821, 'payload_type': 126, 'send_time_ms': 23969, 'sequence_number': 1075, 'ssrc': 12648429}
{'arrival_time_ms': 27033, 'header_length': 24, 'padding_length': 0, 'payload_size': 821, 'payload_type': 126, 'send_time_ms': 24004, 'sequence_number': 1076, 'ssrc': 12648429}
{'arrival_time_ms': 27052, 'header_length': 24, 'padding_length': 0, 'payload_size': 651, 'payload_type': 126, 'send_time_ms': 24034, 'sequence_number': 1077, 'ssrc': 12648429}
{'arrival_time_ms': 27071, 'header_length': 24, 'padding_length': 0, 'payload_size': 651, 'payload_type': 126, 'send_time_ms': 24069, 'sequence_number': 1078, 'ssrc': 12648429}
{'arrival_time_ms': 27099, 'header_length': 24, 'padding_length': 0, 'payload_size': 984, 'payload_type': 126, 'send_time_ms': 24104, 'sequence_number': 1079, 'ssrc': 12648429}
{'arrival_time_ms': 27119, 'header_length': 24, 'padding_length': 0, 'payload_size': 651, 'payload_type': 126, 'send_time_ms': 24134, 'sequence_number': 1080, 'ssrc': 12648429}
{'arrival_time_ms': 27138, 'header_length': 24, 'padding_length': 0, 'payload_size': 651, 'payload_type': 126, 'send_time_ms': 24169, 'sequence_number': 1081, 'ssrc': 12648429}
{'arrival_time_ms': 27159, 'header_length': 24, 'padding_length': 0, 'payload_size': 732, 'payload_type': 126, 'send_time_ms': 24204, 'sequence_number': 1082, 'ssrc': 12648429}
{'arrival_time_ms': 27180, 'header_length': 24, 'padding_length': 0, 'payload_size': 732, 'payload_type': 126, 'send_time_ms': 24209, 'sequence_number': 1083, 'ssrc': 12648429}
{'arrival_time_ms': 27201, 'header_length': 24, 'padding_length': 0, 'payload_size': 732, 'payload_type': 126, 'send_time_ms': 24234, 'sequence_number': 1084, 'ssrc': 12648429}
{'arrival_time_ms': 27222, 'header_length': 24, 'padding_length': 0, 'payload_size': 732, 'payload_type': 126, 'send_time_ms': 24239, 'sequence_number': 1085, 'ssrc': 12648429}
{'arrival_time_ms': 27261, 'header_length': 24, 'padding_length': 0, 'payload_size': 1413, 'payload_type': 126, 'send_time_ms': 24269, 'sequence_number': 1086, 'ssrc': 12648429}
{'arrival_time_ms': 27300, 'header_length': 24, 'padding_length': 0, 'payload_size': 1413, 'payload_type': 126, 'send_time_ms': 24304, 'sequence_number': 1087, 'ssrc': 12648429}
{'arrival_time_ms': 27323, 'header_length': 24, 'padding_length': 0, 'payload_size': 798, 'payload_type': 126, 'send_time_ms': 24334, 'sequence_number': 1088, 'ssrc': 12648429}
{'arrival_time_ms': 27346, 'header_length': 24, 'padding_length': 0, 'payload_size': 799, 'payload_type': 126, 'send_time_ms': 24339, 'sequence_number': 1089, 'ssrc': 12648429}
{'arrival_time_ms': 27368, 'header_length': 24, 'padding_length': 0, 'payload_size': 798, 'payload_type': 126, 'send_time_ms': 24369, 'sequence_number': 1090, 'ssrc': 12648429}
{'arrival_time_ms': 27391, 'header_length': 24, 'padding_length': 0, 'payload_size': 799, 'payload_type': 126, 'send_time_ms': 24374, 'sequence_number': 1091, 'ssrc': 12648429}
{'arrival_time_ms': 27416, 'header_length': 24, 'padding_length': 0, 'payload_size': 888, 'payload_type': 126, 'send_time_ms': 24404, 'sequence_number': 1092, 'ssrc': 12648429}
{'arrival_time_ms': 27441, 'header_length': 24, 'padding_length': 0, 'payload_size': 888, 'payload_type': 126, 'send_time_ms': 24434, 'sequence_number': 1093, 'ssrc': 12648429}
{'arrival_time_ms': 27466, 'header_length': 24, 'padding_length': 0, 'payload_size': 888, 'payload_type': 126, 'send_time_ms': 24469, 'sequence_number': 1094, 'ssrc': 12648429}
{'arrival_time_ms': 27503, 'header_length': 24, 'padding_length': 0, 'payload_size': 1309, 'payload_type': 126, 'send_time_ms': 24504, 'sequence_number': 1095, 'ssrc': 12648429}
{'arrival_time_ms': 27539, 'header_length': 24, 'padding_length': 0, 'payload_size': 1309, 'payload_type': 126, 'send_time_ms': 24534, 'sequence_number': 1096, 'ssrc': 12648429}
{'arrival_time_ms': 27561, 'header_length': 24, 'padding_length': 0, 'payload_size': 767, 'payload_type': 126, 'send_time_ms': 24569, 'sequence_number': 1097, 'ssrc': 12648429}
{'arrival_time_ms': 27599, 'header_length': 24, 'padding_length': 0, 'payload_size': 1374, 'payload_type': 98, 'send_time_ms': 24594, 'sequence_number': 36, 'ssrc': 195939069}
{'arrival_time_ms': 27637, 'header_length': 24, 'padding_length': 0, 'payload_size': 1375, 'payload_type': 98, 'send_time_ms': 24609, 'sequence_number': 37, 'ssrc': 195939069}
{'arrival_time_ms': 27677, 'header_length': 24, 'padding_length': 0, 'payload_size': 1375, 'payload_type': 98, 'send_time_ms': 24624, 'sequence_number': 38, 'ssrc': 195939069}
{'arrival_time_ms': 27715, 'header_length': 28, 'padding_length': 0, 'payload_size': 1371, 'payload_type': 98, 'send_time_ms': 24639, 'sequence_number': 39, 'ssrc': 195939069}
{'arrival_time_ms': 27734, 'header_length': 24, 'padding_length': 0, 'payload_size': 657, 'payload_type': 98, 'send_time_ms': 24654, 'sequence_number': 40, 'ssrc': 195939069}
{'arrival_time_ms': 27758, 'header_length': 24, 'padding_length': 0, 'payload_size': 843, 'payload_type': 98, 'send_time_ms': 24664, 'sequence_number': 41, 'ssrc': 195939069}
{'arrival_time_ms': 27781, 'header_length': 24, 'padding_length': 0, 'payload_size': 796, 'payload_type': 126, 'send_time_ms': 24694, 'sequence_number': 1100, 'ssrc': 12648429}
{'arrival_time_ms': 27804, 'header_length': 24, 'padding_length': 0, 'payload_size': 796, 'payload_type': 126, 'send_time_ms': 24704, 'sequence_number': 1101, 'ssrc': 12648429}
{'arrival_time_ms': 27824, 'header_length': 24, 'padding_length': 0, 'payload_size': 728, 'payload_type': 126, 'send_time_ms': 24734, 'sequence_number': 1102, 'ssrc': 12648429}
{'arrival_time_ms': 27858, 'header_length': 24, 'padding_length': 0, 'payload_size': 1213, 'payload_type': 126, 'send_time_ms': 24769, 'sequence_number': 1104, 'ssrc': 12648429}
{'arrival_time_ms': 27872, 'header_length': 24, 'padding_length': 0, 'payload_size': 457, 'payload_type': 98, 'send_time_ms': 24799, 'sequence_number': 42, 'ssrc': 195939069}
{'arrival_time_ms': 27906, 'header_length': 24, 'padding_length': 0, 'payload_size': 1213, 'payload_type': 126, 'send_time_ms': 24804, 'sequence_number': 1107, 'ssrc': 12648429}
{'arrival_time_ms': 27918, 'header_length': 24, 'padding_length': 0, 'payload_size': 422, 'payload_type': 126, 'send_time_ms': 24849, 'sequence_number': 1110, 'ssrc': 12648429}
{'arrival_time_ms': 27931, 'header_length': 24, 'padding_length': 0, 'payload_size': 422, 'payload_type': 126, 'send_time_ms': 24854, 'sequence_number': 1111, 'ssrc': 12648429}
{'arrival_time_ms': 27941, 'header_length': 24, 'padding_length': 0, 'payload_size': 339, 'payload_type': 126, 'send_time_ms': 24869, 'sequence_number': 1112, 'ssrc': 12648429}
{'arrival_time_ms': 27952, 'header_length': 24, 'padding_length': 0, 'payload_size': 339, 'payload_type': 126, 'send_time_ms': 24904, 'sequence_number': 1113, 'ssrc': 12648429}
{'arrival_time_ms': 27967, 'header_length': 24, 'padding_length': 0, 'payload_size': 514, 'payload_type': 126, 'send_time_ms': 24934, 'sequence_number': 1114, 'ssrc': 12648429}
{'arrival_time_ms': 28006, 'header_length': 24, 'padding_length': 0, 'payload_size': 1386, 'payload_type': 98, 'send_time_ms': 24969, 'sequence_number': 43, 'ssrc': 195939069}
{'arrival_time_ms': 28025, 'header_length': 24, 'padding_length': 0, 'payload_size': 684, 'payload_type': 126, 'send_time_ms': 24979, 'sequence_number': 1115, 'ssrc': 12648429}
{'arrival_time_ms': 28045, 'header_length': 24, 'padding_length': 0, 'payload_size': 684, 'payload_type': 126, 'send_time_ms': 25004, 'sequence_number': 1116, 'ssrc': 12648429}
{'arrival_time_ms': 28055, 'header_length': 24, 'padding_length': 0, 'payload_size': 330, 'payload_type': 126, 'send_time_ms': 25034, 'sequence_number': 1117, 'ssrc': 12648429}
{'arrival_time_ms': 28065, 'header_length': 24, 'padding_length': 0, 'payload_size': 330, 'payload_type': 126, 'send_time_ms': 25069, 'sequence_number': 1118, 'ssrc': 12648429}
{'arrival_time_ms': 28082, 'header_length': 24, 'padding_length': 0, 'payload_size': 578, 'payload_type': 126, 'send_time_ms': 25104, 'sequence_number': 1119, 'ssrc': 12648429}
{'arrival_time_ms': 28101, 'header_length': 24, 'padding_length': 0, 'payload_size': 578, 'payload_type': 126, 'send_time_ms': 25134, 'sequence_number': 1120, 'ssrc': 12648429}
{'arrival_time_ms': 28123, 'header_length': 24, 'padding_length': 0, 'payload_size': 782, 'payload_type': 98, 'send_time_ms': 25164, 'sequence_number': 44, 'ssrc': 195939069}
{'arrival_time_ms': 28133, 'header_length': 24, 'padding_length': 0, 'payload_size': 328, 'payload_type': 126, 'send_time_ms': 25174, 'sequence_number': 1121, 'ssrc': 12648429}
{'arrival_time_ms': 28145, 'header_length': 24, 'padding_length': 0, 'payload_size': 370, 'payload_type': 126, 'send_time_ms': 25204, 'sequence_number': 1122, 'ssrc': 12648429}
{'arrival_time_ms': 28165, 'header_length': 24, 'padding_length': 0, 'payload_size': 719, 'payload_type': 126, 'send_time_ms': 25234, 'sequence_number': 1123, 'ssrc': 12648429}
{'arrival_time_ms': 28186, 'header_length': 24, 'padding_length': 0, 'payload_size': 720, 'payload_type': 126, 'send_time_ms': 25239, 'sequence_number': 1124, 'ssrc': 12648429}
{'arrival_time_ms': 28209, 'header_length': 24, 'padding_length': 0, 'payload_size': 796, 'payload_type': 126, 'send_time_ms': 25269, 'sequence_number': 1125, 'ssrc': 12648429}
{'arrival_time_ms': 28231, 'header_length': 24, 'padding_length': 0, 'payload_size': 796, 'payload_type': 126, 'send_time_ms': 25304, 'sequence_number': 1126, 'ssrc': 12648429}
{'arrival_time_ms': 28250, 'header_length': 24, 'padding_length': 0, 'payload_size': 630, 'payload_type': 126, 'send_time_ms': 25334, 'sequence_number': 1127, 'ssrc': 12648429}
{'arrival_time_ms': 28268, 'header_length': 24, 'padding_length': 0, 'payload_size': 630, 'payload_type': 126, 'send_time_ms': 25369, 'sequence_number': 1128, 'ssrc': 12648429}
{'arrival_time_ms': 28302, 'header_length': 24, 'padding_length': 0, 'payload_size': 1246, 'payload_type': 126, 'send_time_ms': 25404, 'sequence_number': 1129, 'ssrc': 12648429}
{'arrival_time_ms': 28337, 'header_length': 24, 'padding_length': 0, 'payload_size': 1246, 'payload_type': 126, 'send_time_ms': 25434, 'sequence_number': 1130, 'ssrc': 12648429}
{'arrival_time_ms': 28355, 'header_length': 24, 'padding_length': 0, 'payload_size': 626, 'payload_type': 126, 'send_time_ms': 25469, 'sequence_number': 1131, 'ssrc': 12648429}
{'arrival_time_ms': 28373, 'header_length': 24, 'padding_length': 0, 'payload_size': 626, 'payload_type': 126, 'send_time_ms': 25504, 'sequence_number': 1132, 'ssrc': 12648429}
{'arrival_time_ms': 28408, 'header_length': 24, 'padding_length': 0, 'payload_size': 1242, 'payload_type': 126, 'send_time_ms': 25534, 'sequence_number': 1133, 'ssrc': 12648429}
{'arrival_time_ms': 28438, 'header_length': 24, 'padding_length': 0, 'payload_size': 1088, 'payload_type': 126, 'send_time_ms': 25569, 'sequence_number': 1134, 'ssrc': 12648429}
{'arrival_time_ms': 28469, 'header_length': 24, 'padding_length': 0, 'payload_size': 1088, 'payload_type': 126, 'send_time_ms': 25604, 'sequence_number': 1135, 'ssrc': 12648429}
{'arrival_time_ms': 28501, 'header_length': 24, 'padding_length': 0, 'payload_size': 1088, 'payload_type': 126, 'send_time_ms': 25634, 'sequence_number': 1136, 'ssrc': 12648429}
{'arrival_time_ms': 28532, 'header_length': 24, 'padding_length': 0, 'payload_size': 1088, 'payload_type': 126, 'send_time_ms': 25669, 'sequence_number': 1137, 'ssrc': 12648429}
{'arrival_time_ms': 28553, 'header_length': 24, 'padding_length': 0, 'payload_size': 763, 'payload_type': 126, 'send_time_ms': 25704, 'sequence_number': 1138, 'ssrc': 12648429}
{'arrival_time_ms': 28575, 'header_length': 24, 'padding_length': 0, 'payload_size': 763, 'payload_type': 126, 'send_time_ms': 25734, 'sequence_number': 1139, 'ssrc': 12648429}
{'arrival_time_ms': 28597, 'header_length': 24, 'padding_length': 0, 'payload_size': 761, 'payload_type': 126, 'send_time_ms': 25769, 'sequence_number': 1140, 'ssrc': 12648429}
{'arrival_time_ms': 28619, 'header_length': 24, 'padding_length': 0, 'payload_size': 761, 'payload_type': 126, 'send_time_ms': 25774, 'sequence_number': 1141, 'ssrc': 12648429}
{'arrival_time_ms': 28640, 'header_length': 24, 'padding_length': 0, 'payload_size': 761, 'payload_type': 126, 'send_time_ms': 25804, 'sequence_number': 1142, 'ssrc': 12648429}
{'arrival_time_ms': 28662, 'header_length': 24, 'padding_length': 0, 'payload_size': 761, 'payload_type': 126, 'send_time_ms': 25809, 'sequence_number': 1143, 'ssrc': 12648429}
{'arrival_time_ms': 28684, 'header_length': 24, 'padding_length': 0, 'payload_size': 763, 'payload_type': 126, 'send_time_ms': 25834, 'sequence_number': 1144, 'ssrc': 12648429}
{'arrival_time_ms': 28711, 'header_length': 24, 'padding_length': 0, 'payload_size': 955, 'payload_type': 126, 'send_time_ms': 25869, 'sequence_number': 1145, 'ssrc': 12648429}
{'arrival_time_ms': 28738, 'header_length': 24, 'padding_length': 0, 'payload_size': 955, 'payload_type': 126, 'send_time_ms': 25904, 'sequence_number': 1146, 'ssrc': 12648429}
{'arrival_time_ms': 28762, 'header_length': 24, 'padding_length': 0, 'payload_size': 863, 'payload_type': 126, 'send_time_ms': 25934, 'sequence_number': 1147, 'ssrc': 12648429}
{'arrival_time_ms': 28787, 'header_length': 24, 'padding_length': 0, 'payload_size': 864, 'payload_type': 126, 'send_time_ms': 25939, 'sequence_number': 1148, 'ssrc': 12648429}
{'arrival_time_ms': 28812, 'header_length': 24, 'padding_length': 0, 'payload_size': 903, 'payload_type': 98, 'send_time_ms': 25944, 'sequence_number': 45, 'ssrc': 195939069}
{'arrival_time_ms': 28837, 'header_length': 24, 'padding_length': 0, 'payload_size': 863, 'payload_type': 126, 'send_time_ms': 25969, 'sequence_number': 1149, 'ssrc': 12648429}
{'arrival_time_ms': 28861, 'header_length': 24, 'padding_length': 0, 'payload_size': 864, 'payload_type': 126, 'send_time_ms': 25974, 'sequence_number': 1150, 'ssrc': 12648429}
{'arrival_time_ms': 28889, 'header_length': 24, 'padding_length': 0, 'payload_size': 976, 'payload_type': 126, 'send_time_ms': 26004, 'sequence_number': 1151, 'ssrc': 12648429}
{'arrival_time_ms': 28916, 'header_length': 24, 'padding_length': 0, 'payload_size': 976, 'payload_type': 126, 'send_time_ms': 26034, 'sequence_number': 1152, 'ssrc': 12648429}
{'arrival_time_ms': 28939, 'header_length': 24, 'padding_length': 0, 'payload_size': 816, 'payload_type': 98, 'send_time_ms': 26044, 'sequence_number': 46, 'ssrc': 195939069}
{'arrival_time_ms': 28976, 'header_length': 24, 'padding_length': 0, 'payload_size': 1338, 'payload_type': 126, 'send_time_ms': 26069, 'sequence_number': 1153, 'ssrc': 12648429}
{'arrival_time_ms': 28999, 'header_length': 24, 'padding_length': 0, 'payload_size': 784, 'payload_type': 98, 'send_time_ms': 26084, 'sequence_number': 47, 'ssrc': 195939069}
{'arrival_time_ms': 29036, 'header_length': 24, 'padding_length': 0, 'payload_size': 1338, 'payload_type': 126, 'send_time_ms': 26104, 'sequence_number': 1154, 'ssrc': 12648429}
{'arrival_time_ms': 29058, 'header_length': 24, 'padding_length': 0, 'payload_size': 784, 'payload_type': 98, 'send_time_ms': 26119, 'sequence_number': 48, 'ssrc': 195939069}
{'arrival_time_ms': 29086, 'header_length': 24, 'padding_length': 0, 'payload_size': 938, 'payload_type': 126, 'send_time_ms': 26134, 'sequence_number': 1155, 'ssrc': 12648429}
{'arrival_time_ms': 29113, 'header_length': 24, 'padding_length': 0, 'payload_size': 938, 'payload_type': 126, 'send_time_ms': 26169, 'sequence_number': 1156, 'ssrc': 12648429}
{'arrival_time_ms': 29138, 'header_length': 24, 'padding_length': 0, 'payload_size': 880, 'payload_type': 98, 'send_time_ms': 26179, 'sequence_number': 49, 'ssrc': 195939069}
{'arrival_time_ms': 29162, 'header_length': 24, 'padding_length': 0, 'payload_size': 846, 'payload_type': 126, 'send_time_ms': 26204, 'sequence_number': 1157, 'ssrc': 12648429}
{'arrival_time_ms': 29186, 'header_length': 24, 'padding_length': 0, 'payload_size': 847, 'payload_type': 126, 'send_time_ms': 26209, 'sequence_number': 1158, 'ssrc': 12648429}
{'arrival_time_ms': 29211, 'header_length': 24, 'padding_length': 0, 'payload_size': 880, 'payload_type': 98, 'send_time_ms': 26234, 'sequence_number': 50, 'ssrc': 195939069}
{'arrival_time_ms': 29237, 'header_length': 24, 'padding_length': 0, 'payload_size': 921, 'payload_type': 126, 'send_time_ms': 26244, 'sequence_number': 1159, 'ssrc': 12648429}
{'arrival_time_ms': 29262, 'header_length': 24, 'padding_length': 0, 'payload_size': 880, 'payload_type': 98, 'send_time_ms': 26259, 'sequence_number': 51, 'ssrc': 195939069}
{'arrival_time_ms': 29288, 'header_length': 24, 'padding_length': 0, 'payload_size': 921, 'payload_type': 126, 'send_time_ms': 26269, 'sequence_number': 1160, 'ssrc': 12648429}
{'arrival_time_ms': 29313, 'header_length': 24, 'padding_length': 0, 'payload_size': 880, 'payload_type': 98, 'send_time_ms': 26284, 'sequence_number': 52, 'ssrc': 195939069}
{'arrival_time_ms': 29342, 'header_length': 24, 'padding_length': 0, 'payload_size': 1030, 'payload_type': 126, 'send_time_ms': 26304, 'sequence_number': 1161, 'ssrc': 12648429}
{'arrival_time_ms': 29370, 'header_length': 24, 'padding_length': 0, 'payload_size': 1030, 'payload_type': 126, 'send_time_ms': 26334, 'sequence_number': 1162, 'ssrc': 12648429}
{'arrival_time_ms': 29397, 'header_length': 24, 'padding_length': 0, 'payload_size': 961, 'payload_type': 98, 'send_time_ms': 26344, 'sequence_number': 53, 'ssrc': 195939069}
{'arrival_time_ms': 29419, 'header_length': 24, 'padding_length': 0, 'payload_size': 757, 'payload_type': 126, 'send_time_ms': 26369, 'sequence_number': 1163, 'ssrc': 12648429}
{'arrival_time_ms': 29441, 'header_length': 24, 'padding_length': 0, 'payload_size': 757, 'payload_type': 126, 'send_time_ms': 26374, 'sequence_number': 1164, 'ssrc': 12648429}
{'arrival_time_ms': 29462, 'header_length': 24, 'padding_length': 0, 'payload_size': 757, 'payload_type': 126, 'send_time_ms': 26404, 'sequence_number': 1165, 'ssrc': 12648429}
{'arrival_time_ms': 29484, 'header_length': 24, 'padding_length': 0, 'payload_size': 757, 'payload_type': 126, 'send_time_ms': 26409, 'sequence_number': 1166, 'ssrc': 12648429}
{'arrival_time_ms': 29503, 'header_length': 24, 'padding_length': 0, 'payload_size': 676, 'payload_type': 126, 'send_time_ms': 26434, 'sequence_number': 1167, 'ssrc': 12648429}
{'arrival_time_ms': 29525, 'header_length': 24, 'padding_length': 0, 'payload_size': 740, 'payload_type': 98, 'send_time_ms': 26459, 'sequence_number': 54, 'ssrc': 195939069}
{'arrival_time_ms': 29546, 'header_length': 24, 'padding_length': 0, 'payload_size': 746, 'payload_type': 126, 'send_time_ms': 26469, 'sequence_number': 1168, 'ssrc': 12648429}
{'arrival_time_ms': 29567, 'header_length': 24, 'padding_length': 0, 'payload_size': 746, 'payload_type': 126, 'send_time_ms': 26504, 'sequence_number': 1170, 'ssrc': 12648429}
{'arrival_time_ms': 29589, 'header_length': 24, 'padding_length': 0, 'payload_size': 747, 'payload_type': 126, 'send_time_ms': 26509, 'sequence_number': 1171, 'ssrc': 12648429}
{'arrival_time_ms': 29617, 'header_length': 24, 'padding_length': 0, 'payload_size': 1005, 'payload_type': 126, 'send_time_ms': 26534, 'sequence_number': 1172, 'ssrc': 12648429}
{'arrival_time_ms': 29645, 'header_length': 24, 'padding_length': 0, 'payload_size': 1005, 'payload_type': 126, 'send_time_ms': 26569, 'sequence_number': 1173, 'ssrc': 12648429}
{'arrival_time_ms': 29664, 'header_length': 24, 'padding_length': 0, 'payload_size': 667, 'payload_type': 126, 'send_time_ms': 26604, 'sequence_number': 1174, 'ssrc': 12648429}
{'arrival_time_ms': 29690, 'header_length': 24, 'padding_length': 0, 'payload_size': 907, 'payload_type': 98, 'send_time_ms': 26619, 'sequence_number': 55, 'ssrc': 195939069}
{'arrival_time_ms': 29711, 'header_length': 24, 'padding_length': 0, 'payload_size': 667, 'payload_type': 126, 'send_time_ms': 26634, 'sequence_number': 1175, 'ssrc': 12648429}
{'arrival_time_ms': 29732, 'header_length': 24, 'padding_length': 0, 'payload_size': 732, 'payload_type': 126, 'send_time_ms': 26669, 'sequence_number': 1176, 'ssrc': 12648429}
{'arrival_time_ms': 29753, 'header_length': 24, 'padding_length': 0, 'payload_size': 732, 'payload_type': 126, 'send_time_ms': 26674, 'sequence_number': 1177, 'ssrc': 12648429}
{'arrival_time_ms': 29774, 'header_length': 24, 'padding_length': 0, 'payload_size': 732, 'payload_type': 126, 'send_time_ms': 26704, 'sequence_number': 1178, 'ssrc': 12648429}
{'arrival_time_ms': 29795, 'header_length': 24, 'padding_length': 0, 'payload_size': 732, 'payload_type': 126, 'send_time_ms': 26709, 'sequence_number': 1179, 'ssrc': 12648429}
{'arrival_time_ms': 29827, 'header_length': 24, 'padding_length': 0, 'payload_size': 1146, 'payload_type': 126, 'send_time_ms': 26734, 'sequence_number': 1180, 'ssrc': 12648429}
{'arrival_time_ms': 29850, 'header_length': 24, 'padding_length': 0, 'payload_size': 805, 'payload_type': 126, 'send_time_ms': 26769, 'sequence_number': 1181, 'ssrc': 12648429}
{'arrival_time_ms': 29873, 'header_length': 24, 'padding_length': 0, 'payload_size': 805, 'payload_type': 126, 'send_time_ms': 26804, 'sequence_number': 1182, 'ssrc': 12648429}
{'arrival_time_ms': 29908, 'header_length': 24, 'padding_length': 0, 'payload_size': 1276, 'payload_type': 126, 'send_time_ms': 26834, 'sequence_number': 1183, 'ssrc': 12648429}
{'arrival_time_ms': 29944, 'header_length': 24, 'padding_length': 0, 'payload_size': 1276, 'payload_type': 126, 'send_time_ms': 26869, 'sequence_number': 1184, 'ssrc': 12648429}
{'arrival_time_ms': 29966, 'header_length': 24, 'padding_length': 0, 'payload_size': 770, 'payload_type': 98, 'send_time_ms': 26904, 'sequence_number': 57, 'ssrc': 195939069}
{'arrival_time_ms': 29986, 'header_length': 24, 'padding_length': 0, 'payload_size': 721, 'payload_type': 126, 'send_time_ms': 26909, 'sequence_number': 1185, 'ssrc': 12648429}
{'arrival_time_ms': 30007, 'header_length': 24, 'padding_length': 0, 'payload_size': 722, 'payload_type': 126, 'send_time_ms': 26914, 'sequence_number': 1186, 'ssrc': 12648429}
{'arrival_time_ms': 30028, 'header_length': 24, 'padding_length': 0, 'payload_size': 721, 'payload_type': 126, 'send_time_ms': 26934, 'sequence_number': 1187, 'ssrc': 12648429}
{'arrival_time_ms': 30055, 'header_length': 24, 'padding_length': 0, 'payload_size': 967, 'payload_type': 126, 'send_time_ms': 26969, 'sequence_number': 1189, 'ssrc': 12648429}
{'arrival_time_ms': 30082, 'header_length': 24, 'padding_length': 0, 'payload_size': 967, 'payload_type': 126, 'send_time_ms': 27004, 'sequence_number': 1190, 'ssrc': 12648429}
{'arrival_time_ms': 30113, 'header_length': 24, 'padding_length': 0, 'payload_size': 1121, 'payload_type': 126, 'send_time_ms': 27034, 'sequence_number': 1191, 'ssrc': 12648429}
{'arrival_time_ms': 30132, 'header_length': 24, 'padding_length': 0, 'payload_size': 651, 'payload_type': 126, 'send_time_ms': 27069, 'sequence_number': 1192, 'ssrc': 12648429}
{'arrival_time_ms': 30151, 'header_length': 24, 'padding_length': 0, 'payload_size': 651, 'payload_type': 126, 'send_time_ms': 27104, 'sequence_number': 1193, 'ssrc': 12648429}
{'arrival_time_ms': 30181, 'header_length': 24, 'padding_length': 0, 'payload_size': 1009, 'payload_type': 126, 'send_time_ms': 27134, 'sequence_number': 1194, 'ssrc': 12648429}
{'arrival_time_ms': 30210, 'header_length': 24, 'padding_length': 0, 'payload_size': 1009, 'payload_type': 126, 'send_time_ms': 27169, 'sequence_number': 1195, 'ssrc': 12648429}
{'arrival_time_ms': 30234, 'header_length': 24, 'padding_length': 0, 'payload_size': 859, 'payload_type': 126, 'send_time_ms': 27204, 'sequence_number': 1196, 'ssrc': 12648429}
{'arrival_time_ms': 30258, 'header_length': 24, 'padding_length': 0, 'payload_size': 859, 'payload_type': 126, 'send_time_ms': 27234, 'sequence_number': 1197, 'ssrc': 12648429}
{'arrival_time_ms': 30278, 'header_length': 24, 'padding_length': 0, 'payload_size': 701, 'payload_type': 126, 'send_time_ms': 27269, 'sequence_number': 1198, 'ssrc': 12648429}
{'arrival_time_ms': 30299, 'header_length': 24, 'padding_length': 0, 'payload_size': 701, 'payload_type': 126, 'send_time_ms': 27304, 'sequence_number': 1199, 'ssrc': 12648429}
{'arrival_time_ms': 30322, 'header_length': 24, 'padding_length': 0, 'payload_size': 826, 'payload_type': 126, 'send_time_ms': 27334, 'sequence_number': 1200, 'ssrc': 12648429}
{'arrival_time_ms': 30346, 'header_length': 24, 'padding_length': 0, 'payload_size': 826, 'payload_type': 126, 'send_time_ms': 27339, 'sequence_number': 1201, 'ssrc': 12648429}
{'arrival_time_ms': 30367, 'header_length': 24, 'padding_length': 0, 'payload_size': 755, 'payload_type': 126, 'send_time_ms': 27369, 'sequence_number': 1202, 'ssrc': 12648429}
{'arrival_time_ms': 30389, 'header_length': 24, 'padding_length': 0, 'payload_size': 755, 'payload_type': 126, 'send_time_ms': 27374, 'sequence_number': 1203, 'ssrc': 12648429}
{'arrival_time_ms': 30410, 'header_length': 24, 'padding_length': 0, 'payload_size': 755, 'payload_type': 126, 'send_time_ms': 27404, 'sequence_number': 1204, 'ssrc': 12648429}
{'arrival_time_ms': 30432, 'header_length': 24, 'padding_length': 0, 'payload_size': 755, 'payload_type': 126, 'send_time_ms': 27409, 'sequence_number': 1205, 'ssrc': 12648429}
{'arrival_time_ms': 30453, 'header_length': 24, 'padding_length': 0, 'payload_size': 755, 'payload_type': 126, 'send_time_ms': 27434, 'sequence_number': 1206, 'ssrc': 12648429}
{'arrival_time_ms': 30475, 'header_length': 24, 'padding_length': 0, 'payload_size': 755, 'payload_type': 126, 'send_time_ms': 27439, 'sequence_number': 1207, 'ssrc': 12648429}
{'arrival_time_ms': 30497, 'header_length': 24, 'padding_length': 0, 'payload_size': 755, 'payload_type': 126, 'send_time_ms': 27469, 'sequence_number': 1208, 'ssrc': 12648429}
{'arrival_time_ms': 30518, 'header_length': 24, 'padding_length': 0, 'payload_size': 755, 'payload_type': 126, 'send_time_ms': 27474, 'sequence_number': 1209, 'ssrc': 12648429}
{'arrival_time_ms': 30556, 'header_length': 24, 'padding_length': 0, 'payload_size': 1351, 'payload_type': 126, 'send_time_ms': 27504, 'sequence_number': 1210, 'ssrc': 12648429}
{'arrival_time_ms': 30593, 'header_length': 24, 'padding_length': 0, 'payload_size': 1351, 'payload_type': 126, 'send_time_ms': 27534, 'sequence_number': 1211, 'ssrc': 12648429}
{'arrival_time_ms': 30620, 'header_length': 24, 'padding_length': 0, 'payload_size': 963, 'payload_type': 126, 'send_time_ms': 27569, 'sequence_number': 1212, 'ssrc': 12648429}
{'arrival_time_ms': 30647, 'header_length': 24, 'padding_length': 0, 'payload_size': 963, 'payload_type': 126, 'send_time_ms': 27604, 'sequence_number': 1213, 'ssrc': 12648429}
{'arrival_time_ms': 30676, 'header_length': 24, 'padding_length': 0, 'payload_size': 963, 'payload_type': 126, 'send_time_ms': 27634, 'sequence_number': 1214, 'ssrc': 12648429}
{'arrival_time_ms': 30703, 'header_length': 24, 'padding_length': 0, 'payload_size': 963, 'payload_type': 126, 'send_time_ms': 27669, 'sequence_number': 1215, 'ssrc': 12648429}
{'arrival_time_ms': 30730, 'header_length': 24, 'padding_length': 0, 'payload_size': 963, 'payload_type': 126, 'send_time_ms': 27704, 'sequence_number': 1216, 'ssrc': 12648429}
{'arrival_time_ms': 30758, 'header_length': 24, 'padding_length': 0, 'payload_size': 963, 'payload_type': 126, 'send_time_ms': 27734, 'sequence_number': 1217, 'ssrc': 12648429}
{'arrival_time_ms': 30785, 'header_length': 24, 'padding_length': 0, 'payload_size': 963, 'payload_type': 126, 'send_time_ms': 27769, 'sequence_number': 1218, 'ssrc': 12648429}
{'arrival_time_ms': 30812, 'header_length': 24, 'padding_length': 0, 'payload_size': 963, 'payload_type': 126, 'send_time_ms': 27804, 'sequence_number': 1219, 'ssrc': 12648429}
{'arrival_time_ms': 30839, 'header_length': 24, 'padding_length': 0, 'payload_size': 963, 'payload_type': 126, 'send_time_ms': 27834, 'sequence_number': 1220, 'ssrc': 12648429}
{'arrival_time_ms': 30862, 'header_length': 24, 'padding_length': 0, 'payload_size': 813, 'payload_type': 126, 'send_time_ms': 27869, 'sequence_number': 1221, 'ssrc': 12648429}
{'arrival_time_ms': 30884, 'header_length': 24, 'padding_length': 0, 'payload_size': 769, 'payload_type': 98, 'send_time_ms': 27889, 'sequence_number': 58, 'ssrc': 195939069}
{'arrival_time_ms': 30915, 'header_length': 24, 'padding_length': 0, 'payload_size': 1111, 'payload_type': 98, 'send_time_ms': 27899, 'sequence_number': 59, 'ssrc': 195939069}
{'arrival_time_ms': 30938, 'header_length': 24, 'padding_length': 0, 'payload_size': 813, 'payload_type': 126, 'send_time_ms': 27919, 'sequence_number': 1222, 'ssrc': 12648429}
{'arrival_time_ms': 30971, 'header_length': 24, 'padding_length': 0, 'payload_size': 1176, 'payload_type': 126, 'send_time_ms': 27934, 'sequence_number': 1223, 'ssrc': 12648429}
{'arrival_time_ms': 30992, 'header_length': 24, 'padding_length': 0, 'payload_size': 730, 'payload_type': 98, 'send_time_ms': 27964, 'sequence_number': 60, 'ssrc': 195939069}
{'arrival_time_ms': 31014, 'header_length': 24, 'padding_length': 0, 'payload_size': 767, 'payload_type': 126, 'send_time_ms': 27969, 'sequence_number': 1224, 'ssrc': 12648429}
{'arrival_time_ms': 31036, 'header_length': 24, 'padding_length': 0, 'payload_size': 768, 'payload_type': 126, 'send_time_ms': 27974, 'sequence_number': 1225, 'ssrc': 12648429}
{'arrival_time_ms': 31058, 'header_length': 24, 'padding_length': 0, 'payload_size': 767, 'payload_type': 126, 'send_time_ms': 28004, 'sequence_number': 1226, 'ssrc': 12648429}
{'arrival_time_ms': 31080, 'header_length': 24, 'padding_length': 0, 'payload_size': 768, 'payload_type': 126, 'send_time_ms': 28009, 'sequence_number': 1227, 'ssrc': 12648429}
{'arrival_time_ms': 31113, 'header_length': 24, 'padding_length': 0, 'payload_size': 1215, 'payload_type': 98, 'send_time_ms': 28014, 'sequence_number': 61, 'ssrc': 195939069}
{'arrival_time_ms': 31147, 'header_length': 28, 'padding_length': 0, 'payload_size': 1212, 'payload_type': 98, 'send_time_ms': 28054, 'sequence_number': 64, 'ssrc': 195939069}
{'arrival_time_ms': 31167, 'header_length': 24, 'padding_length': 0, 'payload_size': 671, 'payload_type': 126, 'send_time_ms': 28104, 'sequence_number': 1230, 'ssrc': 12648429}
{'arrival_time_ms': 31188, 'header_length': 24, 'padding_length': 0, 'payload_size': 671, 'payload_type': 126, 'send_time_ms': 28134, 'sequence_number': 1231, 'ssrc': 12648429}
{'arrival_time_ms': 31210, 'header_length': 24, 'padding_length': 0, 'payload_size': 761, 'payload_type': 126, 'send_time_ms': 28169, 'sequence_number': 1232, 'ssrc': 12648429}
{'arrival_time_ms': 31231, 'header_length': 24, 'padding_length': 0, 'payload_size': 761, 'payload_type': 126, 'send_time_ms': 28174, 'sequence_number': 1233, 'ssrc': 12648429}
{'arrival_time_ms': 31253, 'header_length': 24, 'padding_length': 0, 'payload_size': 761, 'payload_type': 126, 'send_time_ms': 28204, 'sequence_number': 1234, 'ssrc': 12648429}
{'arrival_time_ms': 31275, 'header_length': 24, 'padding_length': 0, 'payload_size': 761, 'payload_type': 126, 'send_time_ms': 28209, 'sequence_number': 1235, 'ssrc': 12648429}
{'arrival_time_ms': 31294, 'header_length': 24, 'padding_length': 0, 'payload_size': 680, 'payload_type': 126, 'send_time_ms': 28234, 'sequence_number': 1236, 'ssrc': 12648429}
{'arrival_time_ms': 31323, 'header_length': 24, 'padding_length': 0, 'payload_size': 1017, 'payload_type': 126, 'send_time_ms': 28269, 'sequence_number': 1237, 'ssrc': 12648429}
{'arrival_time_ms': 31351, 'header_length': 24, 'padding_length': 0, 'payload_size': 1017, 'payload_type': 126, 'send_time_ms': 28304, 'sequence_number': 1238, 'ssrc': 12648429}
{'arrival_time_ms': 31376, 'header_length': 24, 'padding_length': 0, 'payload_size': 851, 'payload_type': 126, 'send_time_ms': 28334, 'sequence_number': 1239, 'ssrc': 12648429}
{'arrival_time_ms': 31400, 'header_length': 24, 'padding_length': 0, 'payload_size': 851, 'payload_type': 126, 'send_time_ms': 28369, 'sequence_number': 1240, 'ssrc': 12648429}
{'arrival_time_ms': 31421, 'header_length': 24, 'padding_length': 0, 'payload_size': 755, 'payload_type': 126, 'send_time_ms': 28404, 'sequence_number': 1241, 'ssrc': 12648429}
{'arrival_time_ms': 31443, 'header_length': 24, 'padding_length': 0, 'payload_size': 755, 'payload_type': 126, 'send_time_ms': 28409, 'sequence_number': 1242, 'ssrc': 12648429}
{'arrival_time_ms': 31464, 'header_length': 24, 'padding_length': 0, 'payload_size': 755, 'payload_type': 126, 'send_time_ms': 28434, 'sequence_number': 1243, 'ssrc': 12648429}
{'arrival_time_ms': 31486, 'header_length': 24, 'padding_length': 0, 'payload_size': 755, 'payload_type': 126, 'send_time_ms': 28439, 'sequence_number': 1244, 'ssrc': 12648429}
{'arrival_time_ms': 31523, 'header_length': 24, 'padding_length': 0, 'payload_size': 1351, 'payload_type': 126, 'send_time_ms': 28469, 'sequence_number': 1245, 'ssrc': 12648429}
{'arrival_time_ms': 31561, 'header_length': 24, 'padding_length': 0, 'payload_size': 1351, 'payload_type': 126, 'send_time_ms': 28504, 'sequence_number': 1246, 'ssrc': 12648429}
{'arrival_time_ms': 31585, 'header_length': 24, 'padding_length': 0, 'payload_size': 842, 'payload_type': 126, 'send_time_ms': 28534, 'sequence_number': 1247, 'ssrc': 12648429}
{'arrival_time_ms': 31604, 'header_length': 24, 'padding_length': 0, 'payload_size': 671, 'payload_type': 126, 'send_time_ms': 28569, 'sequence_number': 1248, 'ssrc': 12648429}
{'arrival_time_ms': 31623, 'header_length': 24, 'padding_length': 0, 'payload_size': 671, 'payload_type': 126, 'send_time_ms': 28604, 'sequence_number': 1249, 'ssrc': 12648429}
{'arrival_time_ms': 31649, 'header_length': 24, 'padding_length': 0, 'payload_size': 838, 'payload_type': 126, 'send_time_ms': 28634, 'sequence_number': 1250, 'ssrc': 12648429}
{'arrival_time_ms': 31673, 'header_length': 24, 'padding_length': 0, 'payload_size': 838, 'payload_type': 126, 'send_time_ms': 28669, 'sequence_number': 1251, 'ssrc': 12648429}
{'arrival_time_ms': 31692, 'header_length': 24, 'padding_length': 0, 'payload_size': 663, 'payload_type': 126, 'send_time_ms': 28704, 'sequence_number': 1252, 'ssrc': 12648429}
{'arrival_time_ms': 31711, 'header_length': 24, 'padding_length': 0, 'payload_size': 663, 'payload_type': 126, 'send_time_ms': 28734, 'sequence_number': 1253, 'ssrc': 12648429}
{'arrival_time_ms': 31733, 'header_length': 24, 'padding_length': 0, 'payload_size': 753, 'payload_type': 126, 'send_time_ms': 28769, 'sequence_number': 1254, 'ssrc': 12648429}
{'arrival_time_ms': 31754, 'header_length': 24, 'padding_length': 0, 'payload_size': 753, 'payload_type': 126, 'send_time_ms': 28774, 'sequence_number': 1255, 'ssrc': 12648429}
{'arrival_time_ms': 31776, 'header_length': 24, 'padding_length': 0, 'payload_size': 753, 'payload_type': 126, 'send_time_ms': 28804, 'sequence_number': 1256, 'ssrc': 12648429}
{'arrival_time_ms': 31797, 'header_length': 24, 'padding_length': 0, 'payload_size': 753, 'payload_type': 126, 'send_time_ms': 28809, 'sequence_number': 1257, 'ssrc': 12648429}
{'arrival_time_ms': 31835, 'header_length': 24, 'padding_length': 0, 'payload_size': 1346, 'payload_type': 126, 'send_time_ms': 28834, 'sequence_number': 1258, 'ssrc': 12648429}
{'arrival_time_ms': 31856, 'header_length': 24, 'padding_length': 0, 'payload_size': 759, 'payload_type': 126, 'send_time_ms': 28869, 'sequence_number': 1259, 'ssrc': 12648429}
{'arrival_time_ms': 31878, 'header_length': 24, 'padding_length': 0, 'payload_size': 759, 'payload_type': 126, 'send_time_ms': 28874, 'sequence_number': 1260, 'ssrc': 12648429}
{'arrival_time_ms': 31900, 'header_length': 24, 'padding_length': 0, 'payload_size': 759, 'payload_type': 126, 'send_time_ms': 28904, 'sequence_number': 1261, 'ssrc': 12648429}
{'arrival_time_ms': 31921, 'header_length': 24, 'padding_length': 0, 'payload_size': 759, 'payload_type': 126, 'send_time_ms': 28909, 'sequence_number': 1262, 'ssrc': 12648429}
{'arrival_time_ms': 31942, 'header_length': 24, 'padding_length': 0, 'payload_size': 709, 'payload_type': 126, 'send_time_ms': 28934, 'sequence_number': 1263, 'ssrc': 12648429}
{'arrival_time_ms': 31962, 'header_length': 24, 'padding_length': 0, 'payload_size': 709, 'payload_type': 126, 'send_time_ms': 28969, 'sequence_number': 1264, 'ssrc': 12648429}
{'arrival_time_ms': 31997, 'header_length': 24, 'padding_length': 0, 'payload_size': 1255, 'payload_type': 126, 'send_time_ms': 29004, 'sequence_number': 1265, 'ssrc': 12648429}
{'arrival_time_ms': 32032, 'header_length': 24, 'padding_length': 0, 'payload_size': 1255, 'payload_type': 126, 'send_time_ms': 29034, 'sequence_number': 1266, 'ssrc': 12648429}
{'arrival_time_ms': 32055, 'header_length': 24, 'padding_length': 0, 'payload_size': 801, 'payload_type': 126, 'send_time_ms': 29069, 'sequence_number': 1267, 'ssrc': 12648429}
{'arrival_time_ms': 32077, 'header_length': 24, 'padding_length': 0, 'payload_size': 801, 'payload_type': 126, 'send_time_ms': 29104, 'sequence_number': 1268, 'ssrc': 12648429}
{'arrival_time_ms': 32103, 'header_length': 24, 'padding_length': 0, 'payload_size': 832, 'payload_type': 126, 'send_time_ms': 29134, 'sequence_number': 1269, 'ssrc': 12648429}
{'arrival_time_ms': 32127, 'header_length': 24, 'padding_length': 0, 'payload_size': 832, 'payload_type': 126, 'send_time_ms': 29139, 'sequence_number': 1270, 'ssrc': 12648429}
{'arrival_time_ms': 32150, 'header_length': 24, 'padding_length': 0, 'payload_size': 832, 'payload_type': 126, 'send_time_ms': 29169, 'sequence_number': 1271, 'ssrc': 12648429}
{'arrival_time_ms': 32174, 'header_length': 24, 'padding_length': 0, 'payload_size': 832, 'payload_type': 126, 'send_time_ms': 29174, 'sequence_number': 1272, 'ssrc': 12648429}
{'arrival_time_ms': 32197, 'header_length': 24, 'padding_length': 0, 'payload_size': 830, 'payload_type': 126, 'send_time_ms': 29204, 'sequence_number': 1273, 'ssrc': 12648429}
{'arrival_time_ms': 32218, 'header_length': 24, 'padding_length': 0, 'payload_size': 728, 'payload_type': 126, 'send_time_ms': 29234, 'sequence_number': 1274, 'ssrc': 12648429}
{'arrival_time_ms': 32239, 'header_length': 24, 'padding_length': 0, 'payload_size': 728, 'payload_type': 126, 'send_time_ms': 29239, 'sequence_number': 1275, 'ssrc': 12648429}
{'arrival_time_ms': 32260, 'header_length': 24, 'padding_length': 0, 'payload_size': 728, 'payload_type': 126, 'send_time_ms': 29269, 'sequence_number': 1276, 'ssrc': 12648429}
{'arrival_time_ms': 32281, 'header_length': 24, 'padding_length': 0, 'payload_size': 728, 'payload_type': 126, 'send_time_ms': 29274, 'sequence_number': 1277, 'ssrc': 12648429}
{'arrival_time_ms': 32307, 'header_length': 24, 'padding_length': 0, 'payload_size': 936, 'payload_type': 126, 'send_time_ms': 29304, 'sequence_number': 1278, 'ssrc': 12648429}
{'arrival_time_ms': 32334, 'header_length': 24, 'padding_length': 0, 'payload_size': 936, 'payload_type': 126, 'send_time_ms': 29309, 'sequence_number': 1279, 'ssrc': 12648429}
{'arrival_time_ms': 32360, 'header_length': 24, 'padding_length': 0, 'payload_size': 936, 'payload_type': 126, 'send_time_ms': 29334, 'sequence_number': 1280, 'ssrc': 12648429}
{'arrival_time_ms': 32386, 'header_length': 24, 'padding_length': 0, 'payload_size': 936, 'payload_type': 126, 'send_time_ms': 29339, 'sequence_number': 1281, 'ssrc': 12648429}
{'arrival_time_ms': 32407, 'header_length': 24, 'padding_length': 0, 'payload_size': 728, 'payload_type': 126, 'send_time_ms': 29369, 'sequence_number': 1282, 'ssrc': 12648429}
{'arrival_time_ms': 32428, 'header_length': 24, 'padding_length': 0, 'payload_size': 728, 'payload_type': 126, 'send_time_ms': 29374, 'sequence_number': 1283, 'ssrc': 12648429}
{'arrival_time_ms': 32449, 'header_length': 24, 'padding_length': 0, 'payload_size': 728, 'payload_type': 126, 'send_time_ms': 29404, 'sequence_number': 1284, 'ssrc': 12648429}
{'arrival_time_ms': 32470, 'header_length': 24, 'padding_length': 0, 'payload_size': 728, 'payload_type': 126, 'send_time_ms': 29409, 'sequence_number': 1285, 'ssrc': 12648429}
{'arrival_time_ms': 32499, 'header_length': 24, 'padding_length': 0, 'payload_size': 1038, 'payload_type': 126, 'send_time_ms': 29434, 'sequence_number': 1286, 'ssrc': 12648429}
{'arrival_time_ms': 32528, 'header_length': 24, 'padding_length': 0, 'payload_size': 1038, 'payload_type': 126, 'send_time_ms': 29469, 'sequence_number': 1287, 'ssrc': 12648429}
{'arrival_time_ms': 32552, 'header_length': 24, 'padding_length': 0, 'payload_size': 830, 'payload_type': 126, 'send_time_ms': 29504, 'sequence_number': 1288, 'ssrc': 12648429}
{'arrival_time_ms': 32575, 'header_length': 24, 'padding_length': 0, 'payload_size': 832, 'payload_type': 126, 'send_time_ms': 29534, 'sequence_number': 1289, 'ssrc': 12648429}
{'arrival_time_ms': 32599, 'header_length': 24, 'padding_length': 0, 'payload_size': 832, 'payload_type': 126, 'send_time_ms': 29539, 'sequence_number': 1290, 'ssrc': 12648429}
{'arrival_time_ms': 32622, 'header_length': 24, 'padding_length': 0, 'payload_size': 832, 'payload_type': 126, 'send_time_ms': 29569, 'sequence_number': 1291, 'ssrc': 12648429}
{'arrival_time_ms': 32646, 'header_length': 24, 'padding_length': 0, 'payload_size': 832, 'payload_type': 126, 'send_time_ms': 29574, 'sequence_number': 1292, 'ssrc': 12648429}
{'arrival_time_ms': 32670, 'header_length': 24, 'padding_length': 0, 'payload_size': 830, 'payload_type': 126, 'send_time_ms': 29604, 'sequence_number': 1293, 'ssrc': 12648429}
{'arrival_time_ms': 32695, 'header_length': 24, 'padding_length': 0, 'payload_size': 830, 'payload_type': 126, 'send_time_ms': 29634, 'sequence_number': 1294, 'ssrc': 12648429}
{'arrival_time_ms': 32722, 'header_length': 24, 'padding_length': 0, 'payload_size': 936, 'payload_type': 126, 'send_time_ms': 29669, 'sequence_number': 1295, 'ssrc': 12648429}
{'arrival_time_ms': 32743, 'header_length': 24, 'padding_length': 0, 'payload_size': 749, 'payload_type': 98, 'send_time_ms': 29674, 'sequence_number': 65, 'ssrc': 195939069}
{'arrival_time_ms': 32769, 'header_length': 24, 'padding_length': 0, 'payload_size': 936, 'payload_type': 126, 'send_time_ms': 29679, 'sequence_number': 1296, 'ssrc': 12648429}
{'arrival_time_ms': 32796, 'header_length': 24, 'padding_length': 0, 'payload_size': 936, 'payload_type': 126, 'send_time_ms': 29704, 'sequence_number': 1297, 'ssrc': 12648429}
{'arrival_time_ms': 32824, 'header_length': 24, 'padding_length': 0, 'payload_size': 1017, 'payload_type': 126, 'send_time_ms': 29734, 'sequence_number': 1299, 'ssrc': 12648429}
{'arrival_time_ms': 32853, 'header_length': 24, 'padding_length': 0, 'payload_size': 1017, 'payload_type': 126, 'send_time_ms': 29769, 'sequence_number': 1300, 'ssrc': 12648429}
{'arrival_time_ms': 32881, 'header_length': 24, 'padding_length': 0, 'payload_size': 1017, 'payload_type': 126, 'send_time_ms': 29804, 'sequence_number': 1301, 'ssrc': 12648429}
{'arrival_time_ms': 32921, 'header_length': 24, 'padding_length': 0, 'payload_size': 1426, 'payload_type': 126, 'send_time_ms': 29834, 'sequence_number': 1302, 'ssrc': 12648429}
{'arrival_time_ms': 32960, 'header_length': 24, 'padding_length': 0, 'payload_size': 1426, 'payload_type': 126, 'send_time_ms': 29869, 'sequence_number': 1303, 'ssrc': 12648429}
{'arrival_time_ms': 32989, 'header_length': 24, 'padding_length': 0, 'payload_size': 1017, 'payload_type': 126, 'send_time_ms': 29904, 'sequence_number': 1304, 'ssrc': 12648429}
{'arrival_time_ms': 33017, 'header_length': 24, 'padding_length': 0, 'payload_size': 1017, 'payload_type': 126, 'send_time_ms': 29934, 'sequence_number': 1305, 'ssrc': 12648429}
{'arrival_time_ms': 33043, 'header_length': 24, 'padding_length': 0, 'payload_size': 917, 'payload_type': 126, 'send_time_ms': 29969, 'sequence_number': 1306, 'ssrc': 12648429}
{'arrival_time_ms': 33069, 'header_length': 24, 'padding_length': 0, 'payload_size': 917, 'payload_type': 126, 'send_time_ms': 30004, 'sequence_number': 1308, 'ssrc': 12648429}
{'arrival_time_ms': 33095, 'header_length': 24, 'padding_length': 0, 'payload_size': 918, 'payload_type': 126, 'send_time_ms': 30009, 'sequence_number': 1309, 'ssrc': 12648429}
{'arrival_time_ms': 33124, 'header_length': 24, 'padding_length': 0, 'payload_size': 1021, 'payload_type': 126, 'send_time_ms': 30034, 'sequence_number': 1310, 'ssrc': 12648429}
{'arrival_time_ms': 33152, 'header_length': 24, 'padding_length': 0, 'payload_size': 1021, 'payload_type': 126, 'send_time_ms': 30069, 'sequence_number': 1311, 'ssrc': 12648429}
{'arrival_time_ms': 33178, 'header_length': 24, 'padding_length': 0, 'payload_size': 919, 'payload_type': 126, 'send_time_ms': 30104, 'sequence_number': 1312, 'ssrc': 12648429}
{'arrival_time_ms': 33204, 'header_length': 24, 'padding_length': 0, 'payload_size': 920, 'payload_type': 126, 'send_time_ms': 30109, 'sequence_number': 1313, 'ssrc': 12648429}
{'arrival_time_ms': 33239, 'header_length': 24, 'padding_length': 0, 'payload_size': 1226, 'payload_type': 126, 'send_time_ms': 30134, 'sequence_number': 1314, 'ssrc': 12648429}
{'arrival_time_ms': 33261, 'header_length': 24, 'padding_length': 0, 'payload_size': 801, 'payload_type': 126, 'send_time_ms': 30204, 'sequence_number': 1316, 'ssrc': 12648429}
{'arrival_time_ms': 33284, 'header_length': 24, 'padding_length': 0, 'payload_size': 801, 'payload_type': 126, 'send_time_ms': 30234, 'sequence_number': 1317, 'ssrc': 12648429}
{'arrival_time_ms': 33307, 'header_length': 24, 'padding_length': 0, 'payload_size': 803, 'payload_type': 126, 'send_time_ms': 30269, 'sequence_number': 1318, 'ssrc': 12648429}
{'arrival_time_ms': 33330, 'header_length': 24, 'padding_length': 0, 'payload_size': 803, 'payload_type': 126, 'send_time_ms': 30274, 'sequence_number': 1319, 'ssrc': 12648429}
{'arrival_time_ms': 33353, 'header_length': 24, 'padding_length': 0, 'payload_size': 803, 'payload_type': 126, 'send_time_ms': 30304, 'sequence_number': 1320, 'ssrc': 12648429}
{'arrival_time_ms': 33376, 'header_length': 24, 'padding_length': 0, 'payload_size': 803, 'payload_type': 126, 'send_time_ms': 30309, 'sequence_number': 1321, 'ssrc': 12648429}
{'arrival_time_ms': 33404, 'header_length': 24, 'padding_length': 0, 'payload_size': 1001, 'payload_type': 126, 'send_time_ms': 30334, 'sequence_number': 1322, 'ssrc': 12648429}
{'arrival_time_ms': 33432, 'header_length': 24, 'padding_length': 0, 'payload_size': 1001, 'payload_type': 126, 'send_time_ms': 30369, 'sequence_number': 1323, 'ssrc': 12648429}
{'arrival_time_ms': 33460, 'header_length': 24, 'padding_length': 0, 'payload_size': 1001, 'payload_type': 126, 'send_time_ms': 30404, 'sequence_number': 1324, 'ssrc': 12648429}
{'arrival_time_ms': 33499, 'header_length': 24, 'padding_length': 0, 'payload_size': 1401, 'payload_type': 126, 'send_time_ms': 30434, 'sequence_number': 1325, 'ssrc': 12648429}
{'arrival_time_ms': 33538, 'header_length': 24, 'padding_length': 0, 'payload_size': 1401, 'payload_type': 126, 'send_time_ms': 30469, 'sequence_number': 1326, 'ssrc': 12648429}
{'arrival_time_ms': 33563, 'header_length': 24, 'padding_length': 0, 'payload_size': 901, 'payload_type': 126, 'send_time_ms': 30504, 'sequence_number': 1327, 'ssrc': 12648429}
{'arrival_time_ms': 33588, 'header_length': 24, 'padding_length': 0, 'payload_size': 901, 'payload_type': 126, 'send_time_ms': 30509, 'sequence_number': 1328, 'ssrc': 12648429}
{'arrival_time_ms': 33614, 'header_length': 24, 'padding_length': 0, 'payload_size': 901, 'payload_type': 126, 'send_time_ms': 30534, 'sequence_number': 1329, 'ssrc': 12648429}
{'arrival_time_ms': 33637, 'header_length': 24, 'padding_length': 0, 'payload_size': 801, 'payload_type': 126, 'send_time_ms': 30569, 'sequence_number': 1331, 'ssrc': 12648429}
{'arrival_time_ms': 33660, 'header_length': 24, 'padding_length': 0, 'payload_size': 801, 'payload_type': 126, 'send_time_ms': 30604, 'sequence_number': 1332, 'ssrc': 12648429}
{'arrival_time_ms': 33684, 'header_length': 24, 'padding_length': 0, 'payload_size': 801, 'payload_type': 126, 'send_time_ms': 30634, 'sequence_number': 1333, 'ssrc': 12648429}
{'arrival_time_ms': 33707, 'header_length': 24, 'padding_length': 0, 'payload_size': 801, 'payload_type': 126, 'send_time_ms': 30639, 'sequence_number': 1334, 'ssrc': 12648429}
{'arrival_time_ms': 33735, 'header_length': 24, 'padding_length': 0, 'payload_size': 1001, 'payload_type': 126, 'send_time_ms': 30669, 'sequence_number': 1335, 'ssrc': 12648429}
{'arrival_time_ms': 33763, 'header_length': 24, 'padding_length': 0, 'payload_size': 1001, 'payload_type': 126, 'send_time_ms': 30704, 'sequence_number': 1336, 'ssrc': 12648429}
{'arrival_time_ms': 33789, 'header_length': 24, 'padding_length': 0, 'payload_size': 919, 'payload_type': 126, 'send_time_ms': 30734, 'sequence_number': 1337, 'ssrc': 12648429}
{'arrival_time_ms': 33815, 'header_length': 24, 'padding_length': 0, 'payload_size': 920, 'payload_type': 126, 'send_time_ms': 30739, 'sequence_number': 1338, 'ssrc': 12648429}
{'arrival_time_ms': 33841, 'header_length': 24, 'padding_length': 0, 'payload_size': 919, 'payload_type': 126, 'send_time_ms': 30769, 'sequence_number': 1339, 'ssrc': 12648429}
{'arrival_time_ms': 33867, 'header_length': 24, 'padding_length': 0, 'payload_size': 920, 'payload_type': 126, 'send_time_ms': 30774, 'sequence_number': 1340, 'ssrc': 12648429}
{'arrival_time_ms': 33890, 'header_length': 24, 'padding_length': 0, 'payload_size': 813, 'payload_type': 126, 'send_time_ms': 30804, 'sequence_number': 1341, 'ssrc': 12648429}
{'arrival_time_ms': 33913, 'header_length': 24, 'padding_length': 0, 'payload_size': 813, 'payload_type': 126, 'send_time_ms': 30834, 'sequence_number': 1342, 'ssrc': 12648429}
{'arrival_time_ms': 33942, 'header_length': 24, 'padding_length': 0, 'payload_size': 1017, 'payload_type': 126, 'send_time_ms': 30869, 'sequence_number': 1343, 'ssrc': 12648429}
{'arrival_time_ms': 33970, 'header_length': 24, 'padding_length': 0, 'payload_size': 1017, 'payload_type': 126, 'send_time_ms': 30904, 'sequence_number': 1344, 'ssrc': 12648429}
{'arrival_time_ms': 33994, 'header_length': 24, 'padding_length': 0, 'payload_size': 813, 'payload_type': 126, 'send_time_ms': 30934, 'sequence_number': 1345, 'ssrc': 12648429}
{'arrival_time_ms': 34017, 'header_length': 24, 'padding_length': 0, 'payload_size': 817, 'payload_type': 126, 'send_time_ms': 30969, 'sequence_number': 1346, 'ssrc': 12648429}
{'arrival_time_ms': 34040, 'header_length': 24, 'padding_length': 0, 'payload_size': 818, 'payload_type': 126, 'send_time_ms': 30974, 'sequence_number': 1347, 'ssrc': 12648429}
{'arrival_time_ms': 34063, 'header_length': 24, 'padding_length': 0, 'payload_size': 817, 'payload_type': 126, 'send_time_ms': 31004, 'sequence_number': 1348, 'ssrc': 12648429}
{'arrival_time_ms': 34087, 'header_length': 24, 'padding_length': 0, 'payload_size': 818, 'payload_type': 126, 'send_time_ms': 31009, 'sequence_number': 1349, 'ssrc': 12648429}
{'arrival_time_ms': 34113, 'header_length': 24, 'padding_length': 0, 'payload_size': 919, 'payload_type': 126, 'send_time_ms': 31034, 'sequence_number': 1350, 'ssrc': 12648429}
{'arrival_time_ms': 34138, 'header_length': 24, 'padding_length': 0, 'payload_size': 919, 'payload_type': 126, 'send_time_ms': 31069, 'sequence_number': 1352, 'ssrc': 12648429}
{'arrival_time_ms': 34164, 'header_length': 24, 'padding_length': 0, 'payload_size': 920, 'payload_type': 126, 'send_time_ms': 31074, 'sequence_number': 1353, 'ssrc': 12648429}
{'arrival_time_ms': 34193, 'header_length': 24, 'padding_length': 0, 'payload_size': 1017, 'payload_type': 126, 'send_time_ms': 31104, 'sequence_number': 1354, 'ssrc': 12648429}
{'arrival_time_ms': 34222, 'header_length': 24, 'padding_length': 0, 'payload_size': 1017, 'payload_type': 126, 'send_time_ms': 31134, 'sequence_number': 1355, 'ssrc': 12648429}
{'arrival_time_ms': 34245, 'header_length': 24, 'padding_length': 0, 'payload_size': 813, 'payload_type': 126, 'send_time_ms': 31169, 'sequence_number': 1356, 'ssrc': 12648429}
{'arrival_time_ms': 34268, 'header_length': 24, 'padding_length': 0, 'payload_size': 813, 'payload_type': 126, 'send_time_ms': 31204, 'sequence_number': 1357, 'ssrc': 12648429}
{'arrival_time_ms': 34297, 'header_length': 24, 'padding_length': 0, 'payload_size': 1038, 'payload_type': 126, 'send_time_ms': 31234, 'sequence_number': 1358, 'ssrc': 12648429}
{'arrival_time_ms': 34326, 'header_length': 24, 'padding_length': 0, 'payload_size': 1038, 'payload_type': 126, 'send_time_ms': 31269, 'sequence_number': 1359, 'ssrc': 12648429}
{'arrival_time_ms': 34352, 'header_length': 24, 'padding_length': 0, 'payload_size': 903, 'payload_type': 98, 'send_time_ms': 31284, 'sequence_number': 67, 'ssrc': 195939069}
{'arrival_time_ms': 34377, 'header_length': 24, 'padding_length': 0, 'payload_size': 903, 'payload_type': 98, 'send_time_ms': 31294, 'sequence_number': 68, 'ssrc': 195939069}
{'arrival_time_ms': 34401, 'header_length': 24, 'padding_length': 0, 'payload_size': 830, 'payload_type': 126, 'send_time_ms': 31309, 'sequence_number': 1360, 'ssrc': 12648429}
{'arrival_time_ms': 34426, 'header_length': 24, 'padding_length': 0, 'payload_size': 892, 'payload_type': 126, 'send_time_ms': 31334, 'sequence_number': 1361, 'ssrc': 12648429}
{'arrival_time_ms': 34451, 'header_length': 24, 'padding_length': 0, 'payload_size': 892, 'payload_type': 126, 'send_time_ms': 31369, 'sequence_number': 1363, 'ssrc': 12648429}
{'arrival_time_ms': 34490, 'header_length': 24, 'padding_length': 0, 'payload_size': 1388, 'payload_type': 126, 'send_time_ms': 31404, 'sequence_number': 1365, 'ssrc': 12648429}
{'arrival_time_ms': 34528, 'header_length': 24, 'padding_length': 0, 'payload_size': 1388, 'payload_type': 126, 'send_time_ms': 31434, 'sequence_number': 1366, 'ssrc': 12648429}
{'arrival_time_ms': 34553, 'header_length': 24, 'padding_length': 0, 'payload_size': 894, 'payload_type': 126, 'send_time_ms': 31469, 'sequence_number': 1367, 'ssrc': 12648429}
{'arrival_time_ms': 34579, 'header_length': 24, 'padding_length': 0, 'payload_size': 894, 'payload_type': 126, 'send_time_ms': 31504, 'sequence_number': 1369, 'ssrc': 12648429}
{'arrival_time_ms': 34604, 'header_length': 24, 'padding_length': 0, 'payload_size': 895, 'payload_type': 126, 'send_time_ms': 31509, 'sequence_number': 1370, 'ssrc': 12648429}
{'arrival_time_ms': 34626, 'header_length': 24, 'padding_length': 0, 'payload_size': 794, 'payload_type': 126, 'send_time_ms': 31534, 'sequence_number': 1371, 'ssrc': 12648429}
{'arrival_time_ms': 34649, 'header_length': 24, 'padding_length': 0, 'payload_size': 794, 'payload_type': 126, 'send_time_ms': 31569, 'sequence_number': 1373, 'ssrc': 12648429}
{'arrival_time_ms': 34672, 'header_length': 24, 'padding_length': 0, 'payload_size': 795, 'payload_type': 126, 'send_time_ms': 31574, 'sequence_number': 1374, 'ssrc': 12648429}
{'arrival_time_ms': 34699, 'header_length': 24, 'padding_length': 0, 'payload_size': 894, 'payload_type': 126, 'send_time_ms': 31634, 'sequence_number': 1377, 'ssrc': 12648429}
{'arrival_time_ms': 34724, 'header_length': 24, 'padding_length': 0, 'payload_size': 895, 'payload_type': 126, 'send_time_ms': 31639, 'sequence_number': 1378, 'ssrc': 12648429}
{'arrival_time_ms': 34749, 'header_length': 24, 'padding_length': 0, 'payload_size': 894, 'payload_type': 126, 'send_time_ms': 31669, 'sequence_number': 1379, 'ssrc': 12648429}
{'arrival_time_ms': 34788, 'header_length': 24, 'padding_length': 0, 'payload_size': 1392, 'payload_type': 126, 'send_time_ms': 31704, 'sequence_number': 1381, 'ssrc': 12648429}
{'arrival_time_ms': 34827, 'header_length': 24, 'padding_length': 0, 'payload_size': 1392, 'payload_type': 126, 'send_time_ms': 31734, 'sequence_number': 1382, 'ssrc': 12648429}
{'arrival_time_ms': 34855, 'header_length': 24, 'padding_length': 0, 'payload_size': 996, 'payload_type': 126, 'send_time_ms': 31769, 'sequence_number': 1383, 'ssrc': 12648429}
{'arrival_time_ms': 34883, 'header_length': 24, 'padding_length': 0, 'payload_size': 996, 'payload_type': 126, 'send_time_ms': 31804, 'sequence_number': 1384, 'ssrc': 12648429}
{'arrival_time_ms': 34911, 'header_length': 24, 'padding_length': 0, 'payload_size': 996, 'payload_type': 126, 'send_time_ms': 31834, 'sequence_number': 1385, 'ssrc': 12648429}
{'arrival_time_ms': 34939, 'header_length': 24, 'padding_length': 0, 'payload_size': 996, 'payload_type': 126, 'send_time_ms': 31869, 'sequence_number': 1386, 'ssrc': 12648429}
{'arrival_time_ms': 34977, 'header_length': 24, 'padding_length': 0, 'payload_size': 1392, 'payload_type': 126, 'send_time_ms': 31904, 'sequence_number': 1387, 'ssrc': 12648429}
{'arrival_time_ms': 35002, 'header_length': 24, 'padding_length': 0, 'payload_size': 896, 'payload_type': 126, 'send_time_ms': 31934, 'sequence_number': 1388, 'ssrc': 12648429}
{'arrival_time_ms': 35028, 'header_length': 24, 'padding_length': 0, 'payload_size': 897, 'payload_type': 126, 'send_time_ms': 31939, 'sequence_number': 1389, 'ssrc': 12648429}
{'arrival_time_ms': 35053, 'header_length': 24, 'padding_length': 0, 'payload_size': 896, 'payload_type': 126, 'send_time_ms': 31969, 'sequence_number': 1390, 'ssrc': 12648429}
{'arrival_time_ms': 35079, 'header_length': 24, 'padding_length': 0, 'payload_size': 896, 'payload_type': 126, 'send_time_ms': 32004, 'sequence_number': 1392, 'ssrc': 12648429}
{'arrival_time_ms': 35104, 'header_length': 24, 'padding_length': 0, 'payload_size': 897, 'payload_type': 126, 'send_time_ms': 32009, 'sequence_number': 1393, 'ssrc': 12648429}
{'arrival_time_ms': 35129, 'header_length': 24, 'padding_length': 0, 'payload_size': 896, 'payload_type': 126, 'send_time_ms': 32034, 'sequence_number': 1394, 'ssrc': 12648429}
{'arrival_time_ms': 35155, 'header_length': 24, 'padding_length': 0, 'payload_size': 896, 'payload_type': 126, 'send_time_ms': 32069, 'sequence_number': 1396, 'ssrc': 12648429}
{'arrival_time_ms': 35180, 'header_length': 24, 'padding_length': 0, 'payload_size': 897, 'payload_type': 126, 'send_time_ms': 32074, 'sequence_number': 1397, 'ssrc': 12648429}
{'arrival_time_ms': 35210, 'header_length': 24, 'padding_length': 0, 'payload_size': 996, 'payload_type': 126, 'send_time_ms': 32134, 'sequence_number': 1400, 'ssrc': 12648429}
{'arrival_time_ms': 35238, 'header_length': 24, 'padding_length': 0, 'payload_size': 996, 'payload_type': 126, 'send_time_ms': 32169, 'sequence_number': 1401, 'ssrc': 12648429}
{'arrival_time_ms': 35266, 'header_length': 24, 'padding_length': 0, 'payload_size': 996, 'payload_type': 126, 'send_time_ms': 32204, 'sequence_number': 1402, 'ssrc': 12648429}
{'arrival_time_ms': 35304, 'header_length': 24, 'padding_length': 0, 'payload_size': 1396, 'payload_type': 126, 'send_time_ms': 32234, 'sequence_number': 1403, 'ssrc': 12648429}
{'arrival_time_ms': 35343, 'header_length': 24, 'padding_length': 0, 'payload_size': 1396, 'payload_type': 126, 'send_time_ms': 32269, 'sequence_number': 1404, 'ssrc': 12648429}
{'arrival_time_ms': 35370, 'header_length': 24, 'padding_length': 0, 'payload_size': 936, 'payload_type': 126, 'send_time_ms': 32304, 'sequence_number': 1405, 'ssrc': 12648429}
{'arrival_time_ms': 35396, 'header_length': 24, 'padding_length': 0, 'payload_size': 936, 'payload_type': 126, 'send_time_ms': 32309, 'sequence_number': 1406, 'ssrc': 12648429}
{'arrival_time_ms': 35422, 'header_length': 24, 'padding_length': 0, 'payload_size': 936, 'payload_type': 126, 'send_time_ms': 32334, 'sequence_number': 1407, 'ssrc': 12648429}
{'arrival_time_ms': 35446, 'header_length': 24, 'padding_length': 0, 'payload_size': 832, 'payload_type': 126, 'send_time_ms': 32369, 'sequence_number': 1409, 'ssrc': 12648429}
{'arrival_time_ms': 35470, 'header_length': 24, 'padding_length': 0, 'payload_size': 832, 'payload_type': 126, 'send_time_ms': 32374, 'sequence_number': 1410, 'ssrc': 12648429}
{'arrival_time_ms': 35493, 'header_length': 24, 'padding_length': 0, 'payload_size': 832, 'payload_type': 126, 'send_time_ms': 32404, 'sequence_number': 1411, 'ssrc': 12648429}
{'arrival_time_ms': 35528, 'header_length': 24, 'padding_length': 0, 'payload_size': 1246, 'payload_type': 126, 'send_time_ms': 32434, 'sequence_number': 1413, 'ssrc': 12648429}
{'arrival_time_ms': 35563, 'header_length': 24, 'padding_length': 0, 'payload_size': 1246, 'payload_type': 126, 'send_time_ms': 32469, 'sequence_number': 1414, 'ssrc': 12648429}
{'arrival_time_ms': 35583, 'header_length': 24, 'padding_length': 0, 'payload_size': 728, 'payload_type': 126, 'send_time_ms': 32504, 'sequence_number': 1415, 'ssrc': 12648429}
{'arrival_time_ms': 35612, 'header_length': 24, 'padding_length': 0, 'payload_size': 1038, 'payload_type': 126, 'send_time_ms': 32534, 'sequence_number': 1417, 'ssrc': 12648429}
{'arrival_time_ms': 35642, 'header_length': 24, 'padding_length': 0, 'payload_size': 1038, 'payload_type': 126, 'send_time_ms': 32569, 'sequence_number': 1418, 'ssrc': 12648429}
{'arrival_time_ms': 35671, 'header_length': 24, 'padding_length': 0, 'payload_size': 1038, 'payload_type': 126, 'send_time_ms': 32604, 'sequence_number': 1419, 'ssrc': 12648429}
{'arrival_time_ms': 35702, 'header_length': 24, 'padding_length': 0, 'payload_size': 1038, 'payload_type': 126, 'send_time_ms': 32634, 'sequence_number': 1420, 'ssrc': 12648429}
{'arrival_time_ms': 35725, 'header_length': 24, 'padding_length': 0, 'payload_size': 832, 'payload_type': 126, 'send_time_ms': 32669, 'sequence_number': 1421, 'ssrc': 12648429}
{'arrival_time_ms': 35749, 'header_length': 24, 'padding_length': 0, 'payload_size': 832, 'payload_type': 126, 'send_time_ms': 32674, 'sequence_number': 1422, 'ssrc': 12648429}
{'arrival_time_ms': 35773, 'header_length': 24, 'padding_length': 0, 'payload_size': 832, 'payload_type': 126, 'send_time_ms': 32704, 'sequence_number': 1423, 'ssrc': 12648429}
{'arrival_time_ms': 35796, 'header_length': 24, 'padding_length': 0, 'payload_size': 832, 'payload_type': 126, 'send_time_ms': 32709, 'sequence_number': 1424, 'ssrc': 12648429}
{'arrival_time_ms': 35825, 'header_length': 24, 'padding_length': 0, 'payload_size': 1038, 'payload_type': 126, 'send_time_ms': 32734, 'sequence_number': 1425, 'ssrc': 12648429}
{'arrival_time_ms': 35854, 'header_length': 24, 'padding_length': 0, 'payload_size': 1038, 'payload_type': 126, 'send_time_ms': 32769, 'sequence_number': 1426, 'ssrc': 12648429}
{'arrival_time_ms': 35893, 'header_length': 24, 'padding_length': 0, 'payload_size': 1384, 'payload_type': 126, 'send_time_ms': 32804, 'sequence_number': 1427, 'ssrc': 12648429}
{'arrival_time_ms': 35931, 'header_length': 24, 'padding_length': 0, 'payload_size': 1384, 'payload_type': 126, 'send_time_ms': 32824, 'sequence_number': 1428, 'ssrc': 12648429}
{'arrival_time_ms': 35958, 'header_length': 24, 'padding_length': 0, 'payload_size': 936, 'payload_type': 126, 'send_time_ms': 32869, 'sequence_number': 1431, 'ssrc': 12648429}
{'arrival_time_ms': 35973, 'header_length': 24, 'padding_length': 0, 'payload_size': 520, 'payload_type': 126, 'send_time_ms': 32904, 'sequence_number': 1432, 'ssrc': 12648429}
{'arrival_time_ms': 35999, 'header_length': 24, 'padding_length': 0, 'payload_size': 938, 'payload_type': 98, 'send_time_ms': 32929, 'sequence_number': 69, 'ssrc': 195939069}
{'arrival_time_ms': 36015, 'header_length': 24, 'padding_length': 0, 'payload_size': 520, 'payload_type': 126, 'send_time_ms': 32939, 'sequence_number': 1433, 'ssrc': 12648429}
{'arrival_time_ms': 36054, 'header_length': 24, 'padding_length': 0, 'payload_size': 1420, 'payload_type': 126, 'send_time_ms': 32969, 'sequence_number': 1434, 'ssrc': 12648429}
{'arrival_time_ms': 36080, 'header_length': 24, 'padding_length': 0, 'payload_size': 915, 'payload_type': 126, 'send_time_ms': 33004, 'sequence_number': 1435, 'ssrc': 12648429}
{'arrival_time_ms': 36106, 'header_length': 24, 'padding_length': 0, 'payload_size': 916, 'payload_type': 126, 'send_time_ms': 33009, 'sequence_number': 1436, 'ssrc': 12648429}
{'arrival_time_ms': 36131, 'header_length': 24, 'padding_length': 0, 'payload_size': 915, 'payload_type': 126, 'send_time_ms': 33034, 'sequence_number': 1437, 'ssrc': 12648429}
{'arrival_time_ms': 36157, 'header_length': 24, 'padding_length': 0, 'payload_size': 915, 'payload_type': 126, 'send_time_ms': 33069, 'sequence_number': 1439, 'ssrc': 12648429}
{'arrival_time_ms': 36180, 'header_length': 24, 'padding_length': 0, 'payload_size': 813, 'payload_type': 126, 'send_time_ms': 33104, 'sequence_number': 1441, 'ssrc': 12648429}
{'arrival_time_ms': 36211, 'header_length': 24, 'padding_length': 0, 'payload_size': 1017, 'payload_type': 126, 'send_time_ms': 33134, 'sequence_number': 1442, 'ssrc': 12648429}
{'arrival_time_ms': 36239, 'header_length': 24, 'padding_length': 0, 'payload_size': 1017, 'payload_type': 126, 'send_time_ms': 33169, 'sequence_number': 1443, 'ssrc': 12648429}
{'arrival_time_ms': 36265, 'header_length': 24, 'padding_length': 0, 'payload_size': 920, 'payload_type': 98, 'send_time_ms': 33179, 'sequence_number': 70, 'ssrc': 195939069}
{'arrival_time_ms': 36299, 'header_length': 24, 'padding_length': 0, 'payload_size': 1192, 'payload_type': 126, 'send_time_ms': 33204, 'sequence_number': 1444, 'ssrc': 12648429}
{'arrival_time_ms': 36332, 'header_length': 24, 'padding_length': 0, 'payload_size': 1192, 'payload_type': 126, 'send_time_ms': 33234, 'sequence_number': 1445, 'ssrc': 12648429}
{'arrival_time_ms': 36355, 'header_length': 24, 'padding_length': 0, 'payload_size': 796, 'payload_type': 126, 'send_time_ms': 33269, 'sequence_number': 1446, 'ssrc': 12648429}
{'arrival_time_ms': 36377, 'header_length': 24, 'padding_length': 0, 'payload_size': 796, 'payload_type': 126, 'send_time_ms': 33304, 'sequence_number': 1447, 'ssrc': 12648429}
{'arrival_time_ms': 36416, 'header_length': 24, 'padding_length': 0, 'payload_size': 1388, 'payload_type': 126, 'send_time_ms': 33334, 'sequence_number': 1448, 'ssrc': 12648429}
{'arrival_time_ms': 36450, 'header_length': 24, 'padding_length': 0, 'payload_size': 1228, 'payload_type': 98, 'send_time_ms': 33369, 'sequence_number': 71, 'ssrc': 195939069}
{'arrival_time_ms': 36488, 'header_length': 24, 'padding_length': 0, 'payload_size': 1388, 'payload_type': 126, 'send_time_ms': 33379, 'sequence_number': 1449, 'ssrc': 12648429}
{'arrival_time_ms': 36510, 'header_length': 24, 'padding_length': 0, 'payload_size': 771, 'payload_type': 126, 'send_time_ms': 33404, 'sequence_number': 1450, 'ssrc': 12648429}
{'arrival_time_ms': 36548, 'header_length': 24, 'padding_length': 0, 'payload_size': 1346, 'payload_type': 126, 'send_time_ms': 33469, 'sequence_number': 1453, 'ssrc': 12648429}
{'arrival_time_ms': 36570, 'header_length': 24, 'padding_length': 0, 'payload_size': 771, 'payload_type': 126, 'send_time_ms': 33504, 'sequence_number': 1454, 'ssrc': 12648429}
{'arrival_time_ms': 36592, 'header_length': 24, 'padding_length': 0, 'payload_size': 772, 'payload_type': 126, 'send_time_ms': 33509, 'sequence_number': 1455, 'ssrc': 12648429}
{'arrival_time_ms': 36614, 'header_length': 24, 'padding_length': 0, 'payload_size': 771, 'payload_type': 126, 'send_time_ms': 33534, 'sequence_number': 1456, 'ssrc': 12648429}
{'arrival_time_ms': 36636, 'header_length': 24, 'padding_length': 0, 'payload_size': 772, 'payload_type': 126, 'send_time_ms': 33539, 'sequence_number': 1457, 'ssrc': 12648429}
{'arrival_time_ms': 36660, 'header_length': 24, 'padding_length': 0, 'payload_size': 869, 'payload_type': 126, 'send_time_ms': 33569, 'sequence_number': 1458, 'ssrc': 12648429}
{'arrival_time_ms': 36685, 'header_length': 24, 'padding_length': 0, 'payload_size': 869, 'payload_type': 126, 'send_time_ms': 33604, 'sequence_number': 1460, 'ssrc': 12648429}
{'arrival_time_ms': 36710, 'header_length': 24, 'padding_length': 0, 'payload_size': 870, 'payload_type': 126, 'send_time_ms': 33609, 'sequence_number': 1461, 'ssrc': 12648429}
{'arrival_time_ms': 36734, 'header_length': 24, 'padding_length': 0, 'payload_size': 870, 'payload_type': 126, 'send_time_ms': 33639, 'sequence_number': 1463, 'ssrc': 12648429}
{'arrival_time_ms': 36759, 'header_length': 24, 'padding_length': 0, 'payload_size': 869, 'payload_type': 126, 'send_time_ms': 33669, 'sequence_number': 1464, 'ssrc': 12648429}
{'arrival_time_ms': 36781, 'header_length': 24, 'padding_length': 0, 'payload_size': 776, 'payload_type': 126, 'send_time_ms': 33704, 'sequence_number': 1466, 'ssrc': 12648429}
{'arrival_time_ms': 36808, 'header_length': 24, 'padding_length': 0, 'payload_size': 967, 'payload_type': 126, 'send_time_ms': 33734, 'sequence_number': 1468, 'ssrc': 12648429}
{'arrival_time_ms': 36834, 'header_length': 24, 'padding_length': 0, 'payload_size': 903, 'payload_type': 98, 'send_time_ms': 33744, 'sequence_number': 72, 'ssrc': 195939069}
{'arrival_time_ms': 36861, 'header_length': 24, 'padding_length': 0, 'payload_size': 967, 'payload_type': 126, 'send_time_ms': 33769, 'sequence_number': 1469, 'ssrc': 12648429}
{'arrival_time_ms': 36888, 'header_length': 24, 'padding_length': 0, 'payload_size': 967, 'payload_type': 126, 'send_time_ms': 33804, 'sequence_number': 1470, 'ssrc': 12648429}
{'arrival_time_ms': 36915, 'header_length': 24, 'padding_length': 0, 'payload_size': 967, 'payload_type': 126, 'send_time_ms': 33834, 'sequence_number': 1471, 'ssrc': 12648429}
{'arrival_time_ms': 36943, 'header_length': 24, 'padding_length': 0, 'payload_size': 967, 'payload_type': 126, 'send_time_ms': 33869, 'sequence_number': 1472, 'ssrc': 12648429}
{'arrival_time_ms': 36970, 'header_length': 24, 'padding_length': 0, 'payload_size': 967, 'payload_type': 126, 'send_time_ms': 33904, 'sequence_number': 1473, 'ssrc': 12648429}
{'arrival_time_ms': 37001, 'header_length': 24, 'padding_length': 0, 'payload_size': 1130, 'payload_type': 126, 'send_time_ms': 33934, 'sequence_number': 1474, 'ssrc': 12648429}
{'arrival_time_ms': 37033, 'header_length': 24, 'padding_length': 0, 'payload_size': 1130, 'payload_type': 126, 'send_time_ms': 33969, 'sequence_number': 1475, 'ssrc': 12648429}
{'arrival_time_ms': 37055, 'header_length': 24, 'padding_length': 0, 'payload_size': 771, 'payload_type': 126, 'send_time_ms': 34004, 'sequence_number': 1476, 'ssrc': 12648429}
{'arrival_time_ms': 37082, 'header_length': 24, 'padding_length': 0, 'payload_size': 963, 'payload_type': 126, 'send_time_ms': 34034, 'sequence_number': 1477, 'ssrc': 12648429}
{'arrival_time_ms': 37109, 'header_length': 24, 'padding_length': 0, 'payload_size': 963, 'payload_type': 126, 'send_time_ms': 34069, 'sequence_number': 1478, 'ssrc': 12648429}
{'arrival_time_ms': 37146, 'header_length': 24, 'padding_length': 0, 'payload_size': 1342, 'payload_type': 126, 'send_time_ms': 34104, 'sequence_number': 1479, 'ssrc': 12648429}
{'arrival_time_ms': 37186, 'header_length': 24, 'padding_length': 0, 'payload_size': 1342, 'payload_type': 126, 'send_time_ms': 34134, 'sequence_number': 1480, 'ssrc': 12648429}
{'arrival_time_ms': 37207, 'header_length': 24, 'padding_length': 0, 'payload_size': 767, 'payload_type': 126, 'send_time_ms': 34169, 'sequence_number': 1481, 'ssrc': 12648429}
{'arrival_time_ms': 37229, 'header_length': 24, 'padding_length': 0, 'payload_size': 767, 'payload_type': 126, 'send_time_ms': 34204, 'sequence_number': 1482, 'ssrc': 12648429}
{'arrival_time_ms': 37257, 'header_length': 24, 'padding_length': 0, 'payload_size': 980, 'payload_type': 126, 'send_time_ms': 34234, 'sequence_number': 1483, 'ssrc': 12648429}
{'arrival_time_ms': 37283, 'header_length': 24, 'padding_length': 0, 'payload_size': 922, 'payload_type': 98, 'send_time_ms': 34244, 'sequence_number': 73, 'ssrc': 195939069}
{'arrival_time_ms': 37310, 'header_length': 24, 'padding_length': 0, 'payload_size': 980, 'payload_type': 126, 'send_time_ms': 34269, 'sequence_number': 1484, 'ssrc': 12648429}
{'arrival_time_ms': 37343, 'header_length': 24, 'padding_length': 0, 'payload_size': 1151, 'payload_type': 126, 'send_time_ms': 34304, 'sequence_number': 1485, 'ssrc': 12648429}
{'arrival_time_ms': 37375, 'header_length': 24, 'padding_length': 0, 'payload_size': 1151, 'payload_type': 126, 'send_time_ms': 34334, 'sequence_number': 1486, 'ssrc': 12648429}
{'arrival_time_ms': 37407, 'header_length': 24, 'padding_length': 0, 'payload_size': 1151, 'payload_type': 126, 'send_time_ms': 34369, 'sequence_number': 1487, 'ssrc': 12648429}
{'arrival_time_ms': 37429, 'header_length': 24, 'padding_length': 0, 'payload_size': 792, 'payload_type': 126, 'send_time_ms': 34404, 'sequence_number': 1488, 'ssrc': 12648429}
{'arrival_time_ms': 37452, 'header_length': 24, 'padding_length': 0, 'payload_size': 792, 'payload_type': 126, 'send_time_ms': 34434, 'sequence_number': 1489, 'ssrc': 12648429}
{'arrival_time_ms': 37485, 'header_length': 24, 'padding_length': 0, 'payload_size': 1184, 'payload_type': 126, 'send_time_ms': 34469, 'sequence_number': 1490, 'ssrc': 12648429}
{'arrival_time_ms': 37518, 'header_length': 24, 'padding_length': 0, 'payload_size': 1184, 'payload_type': 126, 'send_time_ms': 34504, 'sequence_number': 1491, 'ssrc': 12648429}
{'arrival_time_ms': 37546, 'header_length': 24, 'padding_length': 0, 'payload_size': 988, 'payload_type': 126, 'send_time_ms': 34534, 'sequence_number': 1492, 'ssrc': 12648429}
{'arrival_time_ms': 37571, 'header_length': 24, 'padding_length': 0, 'payload_size': 895, 'payload_type': 98, 'send_time_ms': 34559, 'sequence_number': 74, 'ssrc': 195939069}
{'arrival_time_ms': 37599, 'header_length': 24, 'padding_length': 0, 'payload_size': 988, 'payload_type': 126, 'send_time_ms': 34569, 'sequence_number': 1493, 'ssrc': 12648429}
{'arrival_time_ms': 37624, 'header_length': 24, 'padding_length': 0, 'payload_size': 895, 'payload_type': 98, 'send_time_ms': 34594, 'sequence_number': 75, 'ssrc': 195939069}
{'arrival_time_ms': 37662, 'header_length': 24, 'padding_length': 0, 'payload_size': 1346, 'payload_type': 126, 'send_time_ms': 34604, 'sequence_number': 1494, 'ssrc': 12648429}
{'arrival_time_ms': 37701, 'header_length': 24, 'padding_length': 0, 'payload_size': 1346, 'payload_type': 126, 'send_time_ms': 34634, 'sequence_number': 1495, 'ssrc': 12648429}
{'arrival_time_ms': 37738, 'header_length': 24, 'padding_length': 0, 'payload_size': 1346, 'payload_type': 126, 'send_time_ms': 34669, 'sequence_number': 1496, 'ssrc': 12648429}
{'arrival_time_ms': 37763, 'header_length': 24, 'padding_length': 0, 'payload_size': 897, 'payload_type': 98, 'send_time_ms': 34684, 'sequence_number': 76, 'ssrc': 195939069}
{'arrival_time_ms': 37787, 'header_length': 24, 'padding_length': 0, 'payload_size': 819, 'payload_type': 126, 'send_time_ms': 34704, 'sequence_number': 1497, 'ssrc': 12648429}
{'arrival_time_ms': 37810, 'header_length': 24, 'padding_length': 0, 'payload_size': 819, 'payload_type': 126, 'send_time_ms': 34734, 'sequence_number': 1499, 'ssrc': 12648429}
{'arrival_time_ms': 37833, 'header_length': 24, 'padding_length': 0, 'payload_size': 820, 'payload_type': 126, 'send_time_ms': 34739, 'sequence_number': 1500, 'ssrc': 12648429}
{'arrival_time_ms': 37856, 'header_length': 24, 'padding_length': 0, 'payload_size': 797, 'payload_type': 98, 'send_time_ms': 34754, 'sequence_number': 77, 'ssrc': 195939069}
{'arrival_time_ms': 37881, 'header_length': 24, 'padding_length': 0, 'payload_size': 896, 'payload_type': 98, 'send_time_ms': 34804, 'sequence_number': 78, 'ssrc': 195939069}
{'arrival_time_ms': 37905, 'header_length': 24, 'padding_length': 0, 'payload_size': 819, 'payload_type': 126, 'send_time_ms': 34824, 'sequence_number': 1503, 'ssrc': 12648429}
{'arrival_time_ms': 37928, 'header_length': 24, 'padding_length': 0, 'payload_size': 820, 'payload_type': 126, 'send_time_ms': 34839, 'sequence_number': 1504, 'ssrc': 12648429}
{'arrival_time_ms': 37948, 'header_length': 24, 'padding_length': 0, 'payload_size': 717, 'payload_type': 126, 'send_time_ms': 34849, 'sequence_number': 1505, 'ssrc': 12648429}
{'arrival_time_ms': 37974, 'header_length': 24, 'padding_length': 0, 'payload_size': 897, 'payload_type': 98, 'send_time_ms': 34894, 'sequence_number': 80, 'ssrc': 195939069}
{'arrival_time_ms': 38008, 'header_length': 24, 'padding_length': 0, 'payload_size': 1230, 'payload_type': 126, 'send_time_ms': 34904, 'sequence_number': 1507, 'ssrc': 12648429}
{'arrival_time_ms': 38030, 'header_length': 24, 'padding_length': 0, 'payload_size': 776, 'payload_type': 126, 'send_time_ms': 34934, 'sequence_number': 1508, 'ssrc': 12648429}
{'arrival_time_ms': 38052, 'header_length': 24, 'padding_length': 0, 'payload_size': 776, 'payload_type': 126, 'send_time_ms': 34969, 'sequence_number': 1510, 'ssrc': 12648429}
{'arrival_time_ms': 38072, 'header_length': 24, 'padding_length': 0, 'payload_size': 692, 'payload_type': 126, 'send_time_ms': 35004, 'sequence_number': 1512, 'ssrc': 12648429}
{'arrival_time_ms': 38092, 'header_length': 24, 'padding_length': 0, 'payload_size': 692, 'payload_type': 126, 'send_time_ms': 35034, 'sequence_number': 1513, 'ssrc': 12648429}
{'arrival_time_ms': 38117, 'header_length': 24, 'padding_length': 0, 'payload_size': 863, 'payload_type': 126, 'send_time_ms': 35069, 'sequence_number': 1514, 'ssrc': 12648429}
{'arrival_time_ms': 38141, 'header_length': 24, 'padding_length': 0, 'payload_size': 863, 'payload_type': 126, 'send_time_ms': 35104, 'sequence_number': 1515, 'ssrc': 12648429}
{'arrival_time_ms': 38165, 'header_length': 24, 'padding_length': 0, 'payload_size': 776, 'payload_type': 126, 'send_time_ms': 35134, 'sequence_number': 1516, 'ssrc': 12648429}
{'arrival_time_ms': 38187, 'header_length': 24, 'padding_length': 0, 'payload_size': 776, 'payload_type': 126, 'send_time_ms': 35139, 'sequence_number': 1517, 'ssrc': 12648429}
{'arrival_time_ms': 38212, 'header_length': 24, 'padding_length': 0, 'payload_size': 859, 'payload_type': 126, 'send_time_ms': 35169, 'sequence_number': 1518, 'ssrc': 12648429}
{'arrival_time_ms': 38237, 'header_length': 24, 'padding_length': 0, 'payload_size': 899, 'payload_type': 98, 'send_time_ms': 35184, 'sequence_number': 81, 'ssrc': 195939069}
{'arrival_time_ms': 38261, 'header_length': 24, 'padding_length': 0, 'payload_size': 859, 'payload_type': 126, 'send_time_ms': 35204, 'sequence_number': 1519, 'ssrc': 12648429}
{'arrival_time_ms': 38281, 'header_length': 24, 'padding_length': 0, 'payload_size': 676, 'payload_type': 126, 'send_time_ms': 35234, 'sequence_number': 1520, 'ssrc': 12648429}
{'arrival_time_ms': 38306, 'header_length': 24, 'padding_length': 0, 'payload_size': 899, 'payload_type': 98, 'send_time_ms': 35259, 'sequence_number': 82, 'ssrc': 195939069}
{'arrival_time_ms': 38326, 'header_length': 24, 'padding_length': 0, 'payload_size': 676, 'payload_type': 126, 'send_time_ms': 35269, 'sequence_number': 1521, 'ssrc': 12648429}
{'arrival_time_ms': 38354, 'header_length': 24, 'padding_length': 0, 'payload_size': 1009, 'payload_type': 126, 'send_time_ms': 35304, 'sequence_number': 1522, 'ssrc': 12648429}
{'arrival_time_ms': 38379, 'header_length': 24, 'padding_length': 0, 'payload_size': 898, 'payload_type': 98, 'send_time_ms': 35314, 'sequence_number': 83, 'ssrc': 195939069}
{'arrival_time_ms': 38405, 'header_length': 24, 'padding_length': 0, 'payload_size': 899, 'payload_type': 98, 'send_time_ms': 35324, 'sequence_number': 84, 'ssrc': 195939069}
{'arrival_time_ms': 38433, 'header_length': 24, 'padding_length': 0, 'payload_size': 1009, 'payload_type': 126, 'send_time_ms': 35334, 'sequence_number': 1523, 'ssrc': 12648429}
{'arrival_time_ms': 38454, 'header_length': 24, 'padding_length': 0, 'payload_size': 726, 'payload_type': 126, 'send_time_ms': 35369, 'sequence_number': 1524, 'ssrc': 12648429}
{'arrival_time_ms': 38475, 'header_length': 24, 'padding_length': 0, 'payload_size': 726, 'payload_type': 126, 'send_time_ms': 35404, 'sequence_number': 1526, 'ssrc': 12648429}
{'arrival_time_ms': 38496, 'header_length': 24, 'padding_length': 0, 'payload_size': 726, 'payload_type': 126, 'send_time_ms': 35414, 'sequence_number': 1527, 'ssrc': 12648429}
{'arrival_time_ms': 38514, 'header_length': 24, 'padding_length': 0, 'payload_size': 646, 'payload_type': 126, 'send_time_ms': 35434, 'sequence_number': 1528, 'ssrc': 12648429}
{'arrival_time_ms': 38550, 'header_length': 24, 'padding_length': 0, 'payload_size': 1296, 'payload_type': 126, 'send_time_ms': 35469, 'sequence_number': 1529, 'ssrc': 12648429}
{'arrival_time_ms': 38586, 'header_length': 24, 'padding_length': 0, 'payload_size': 1296, 'payload_type': 126, 'send_time_ms': 35504, 'sequence_number': 1530, 'ssrc': 12648429}
{'arrival_time_ms': 38618, 'header_length': 24, 'padding_length': 0, 'payload_size': 1134, 'payload_type': 126, 'send_time_ms': 35534, 'sequence_number': 1531, 'ssrc': 12648429}
{'arrival_time_ms': 38644, 'header_length': 24, 'padding_length': 0, 'payload_size': 938, 'payload_type': 98, 'send_time_ms': 35554, 'sequence_number': 85, 'ssrc': 195939069}
{'arrival_time_ms': 38663, 'header_length': 24, 'padding_length': 0, 'payload_size': 646, 'payload_type': 126, 'send_time_ms': 35604, 'sequence_number': 1533, 'ssrc': 12648429}
{'arrival_time_ms': 38689, 'header_length': 24, 'padding_length': 0, 'payload_size': 834, 'payload_type': 98, 'send_time_ms': 35634, 'sequence_number': 86, 'ssrc': 195939069}
{'arrival_time_ms': 38707, 'header_length': 24, 'padding_length': 0, 'payload_size': 646, 'payload_type': 126, 'send_time_ms': 35644, 'sequence_number': 1534, 'ssrc': 12648429}
{'arrival_time_ms': 38730, 'header_length': 24, 'padding_length': 0, 'payload_size': 805, 'payload_type': 126, 'send_time_ms': 35669, 'sequence_number': 1535, 'ssrc': 12648429}
{'arrival_time_ms': 38753, 'header_length': 24, 'padding_length': 0, 'payload_size': 805, 'payload_type': 126, 'send_time_ms': 35704, 'sequence_number': 1536, 'ssrc': 12648429}
{'arrival_time_ms': 38774, 'header_length': 24, 'padding_length': 0, 'payload_size': 730, 'payload_type': 98, 'send_time_ms': 35719, 'sequence_number': 87, 'ssrc': 195939069}
{'arrival_time_ms': 38810, 'header_length': 24, 'padding_length': 0, 'payload_size': 1305, 'payload_type': 126, 'send_time_ms': 35734, 'sequence_number': 1537, 'ssrc': 12648429}
{'arrival_time_ms': 38831, 'header_length': 24, 'padding_length': 0, 'payload_size': 734, 'payload_type': 126, 'send_time_ms': 35769, 'sequence_number': 1538, 'ssrc': 12648429}
{'arrival_time_ms': 38852, 'header_length': 24, 'padding_length': 0, 'payload_size': 734, 'payload_type': 126, 'send_time_ms': 35774, 'sequence_number': 1539, 'ssrc': 12648429}
{'arrival_time_ms': 38886, 'header_length': 24, 'padding_length': 0, 'payload_size': 1223, 'payload_type': 126, 'send_time_ms': 35804, 'sequence_number': 1540, 'ssrc': 12648429}
{'arrival_time_ms': 38920, 'header_length': 24, 'padding_length': 0, 'payload_size': 1223, 'payload_type': 126, 'send_time_ms': 35809, 'sequence_number': 1541, 'ssrc': 12648429}
{'arrival_time_ms': 38941, 'header_length': 24, 'padding_length': 0, 'payload_size': 734, 'payload_type': 126, 'send_time_ms': 35869, 'sequence_number': 1547, 'ssrc': 12648429}
{'arrival_time_ms': 38961, 'header_length': 24, 'padding_length': 0, 'payload_size': 701, 'payload_type': 126, 'send_time_ms': 35904, 'sequence_number': 1548, 'ssrc': 12648429}
{'arrival_time_ms': 38982, 'header_length': 24, 'padding_length': 0, 'payload_size': 701, 'payload_type': 126, 'send_time_ms': 35934, 'sequence_number': 1549, 'ssrc': 12648429}
{'arrival_time_ms': 39002, 'header_length': 24, 'padding_length': 0, 'payload_size': 701, 'payload_type': 126, 'send_time_ms': 35969, 'sequence_number': 1550, 'ssrc': 12648429}
{'arrival_time_ms': 39022, 'header_length': 24, 'padding_length': 0, 'payload_size': 701, 'payload_type': 126, 'send_time_ms': 36004, 'sequence_number': 1551, 'ssrc': 12648429}
{'arrival_time_ms': 39042, 'header_length': 24, 'padding_length': 0, 'payload_size': 701, 'payload_type': 126, 'send_time_ms': 36034, 'sequence_number': 1552, 'ssrc': 12648429}
{'arrival_time_ms': 39080, 'header_length': 28, 'padding_length': 0, 'payload_size': 1382, 'payload_type': 98, 'send_time_ms': 36064, 'sequence_number': 88, 'ssrc': 195939069}
{'arrival_time_ms': 39107, 'header_length': 24, 'padding_length': 0, 'payload_size': 938, 'payload_type': 98, 'send_time_ms': 36074, 'sequence_number': 89, 'ssrc': 195939069}
{'arrival_time_ms': 39127, 'header_length': 24, 'padding_length': 0, 'payload_size': 701, 'payload_type': 126, 'send_time_ms': 36079, 'sequence_number': 1553, 'ssrc': 12648429}
{'arrival_time_ms': 39160, 'header_length': 24, 'padding_length': 0, 'payload_size': 1203, 'payload_type': 126, 'send_time_ms': 36104, 'sequence_number': 1554, 'ssrc': 12648429}
{'arrival_time_ms': 39182, 'header_length': 24, 'padding_length': 0, 'payload_size': 667, 'payload_type': 126, 'send_time_ms': 36134, 'sequence_number': 1555, 'ssrc': 12648429}
{'arrival_time_ms': 39201, 'header_length': 24, 'padding_length': 0, 'payload_size': 667, 'payload_type': 126, 'send_time_ms': 36169, 'sequence_number': 1556, 'ssrc': 12648429}
{'arrival_time_ms': 39223, 'header_length': 24, 'padding_length': 0, 'payload_size': 763, 'payload_type': 126, 'send_time_ms': 36204, 'sequence_number': 1557, 'ssrc': 12648429}
{'arrival_time_ms': 39244, 'header_length': 24, 'padding_length': 0, 'payload_size': 764, 'payload_type': 126, 'send_time_ms': 36209, 'sequence_number': 1558, 'ssrc': 12648429}
{'arrival_time_ms': 39266, 'header_length': 24, 'padding_length': 0, 'payload_size': 763, 'payload_type': 126, 'send_time_ms': 36234, 'sequence_number': 1559, 'ssrc': 12648429}
{'arrival_time_ms': 39288, 'header_length': 24, 'padding_length': 0, 'payload_size': 764, 'payload_type': 126, 'send_time_ms': 36239, 'sequence_number': 1560, 'ssrc': 12648429}
{'arrival_time_ms': 39314, 'header_length': 24, 'padding_length': 0, 'payload_size': 918, 'payload_type': 98, 'send_time_ms': 36264, 'sequence_number': 90, 'ssrc': 195939069}
{'arrival_time_ms': 39338, 'header_length': 24, 'padding_length': 0, 'payload_size': 855, 'payload_type': 126, 'send_time_ms': 36274, 'sequence_number': 1561, 'ssrc': 12648429}
{'arrival_time_ms': 39364, 'header_length': 24, 'padding_length': 0, 'payload_size': 918, 'payload_type': 98, 'send_time_ms': 36289, 'sequence_number': 91, 'ssrc': 195939069}
{'arrival_time_ms': 39388, 'header_length': 24, 'padding_length': 0, 'payload_size': 855, 'payload_type': 126, 'send_time_ms': 36304, 'sequence_number': 1562, 'ssrc': 12648429}
{'arrival_time_ms': 39413, 'header_length': 24, 'padding_length': 0, 'payload_size': 855, 'payload_type': 126, 'send_time_ms': 36334, 'sequence_number': 1563, 'ssrc': 12648429}
{'arrival_time_ms': 39442, 'header_length': 24, 'padding_length': 0, 'payload_size': 1051, 'payload_type': 126, 'send_time_ms': 36369, 'sequence_number': 1564, 'ssrc': 12648429}
{'arrival_time_ms': 39471, 'header_length': 24, 'padding_length': 0, 'payload_size': 1051, 'payload_type': 126, 'send_time_ms': 36404, 'sequence_number': 1565, 'ssrc': 12648429}
{'arrival_time_ms': 39501, 'header_length': 24, 'padding_length': 0, 'payload_size': 1051, 'payload_type': 126, 'send_time_ms': 36434, 'sequence_number': 1566, 'ssrc': 12648429}
{'arrival_time_ms': 39530, 'header_length': 24, 'padding_length': 0, 'payload_size': 1051, 'payload_type': 126, 'send_time_ms': 36469, 'sequence_number': 1567, 'ssrc': 12648429}
{'arrival_time_ms': 39553, 'header_length': 24, 'padding_length': 0, 'payload_size': 780, 'payload_type': 126, 'send_time_ms': 36504, 'sequence_number': 1568, 'ssrc': 12648429}
{'arrival_time_ms': 39575, 'header_length': 24, 'padding_length': 0, 'payload_size': 780, 'payload_type': 126, 'send_time_ms': 36509, 'sequence_number': 1569, 'ssrc': 12648429}
{'arrival_time_ms': 39597, 'header_length': 24, 'padding_length': 0, 'payload_size': 780, 'payload_type': 126, 'send_time_ms': 36534, 'sequence_number': 1570, 'ssrc': 12648429}
{'arrival_time_ms': 39619, 'header_length': 24, 'padding_length': 0, 'payload_size': 780, 'payload_type': 126, 'send_time_ms': 36539, 'sequence_number': 1571, 'ssrc': 12648429}
{'arrival_time_ms': 39642, 'header_length': 24, 'padding_length': 0, 'payload_size': 780, 'payload_type': 126, 'send_time_ms': 36569, 'sequence_number': 1572, 'ssrc': 12648429}
{'arrival_time_ms': 39664, 'header_length': 24, 'padding_length': 0, 'payload_size': 780, 'payload_type': 126, 'send_time_ms': 36574, 'sequence_number': 1573, 'ssrc': 12648429}
{'arrival_time_ms': 39686, 'header_length': 24, 'padding_length': 0, 'payload_size': 780, 'payload_type': 126, 'send_time_ms': 36604, 'sequence_number': 1574, 'ssrc': 12648429}
{'arrival_time_ms': 39708, 'header_length': 24, 'padding_length': 0, 'payload_size': 780, 'payload_type': 126, 'send_time_ms': 36614, 'sequence_number': 1575, 'ssrc': 12648429}
{'arrival_time_ms': 39729, 'header_length': 24, 'padding_length': 0, 'payload_size': 717, 'payload_type': 126, 'send_time_ms': 36634, 'sequence_number': 1576, 'ssrc': 12648429}
{'arrival_time_ms': 39766, 'header_length': 24, 'padding_length': 0, 'payload_size': 1348, 'payload_type': 98, 'send_time_ms': 36664, 'sequence_number': 93, 'ssrc': 195939069}
{'arrival_time_ms': 39800, 'header_length': 24, 'padding_length': 0, 'payload_size': 1221, 'payload_type': 126, 'send_time_ms': 36704, 'sequence_number': 1578, 'ssrc': 12648429}
{'arrival_time_ms': 39821, 'header_length': 24, 'padding_length': 0, 'payload_size': 713, 'payload_type': 126, 'send_time_ms': 36734, 'sequence_number': 1579, 'ssrc': 12648429}
{'arrival_time_ms': 39841, 'header_length': 24, 'padding_length': 0, 'payload_size': 713, 'payload_type': 126, 'send_time_ms': 36769, 'sequence_number': 1580, 'ssrc': 12648429}
{'arrival_time_ms': 39866, 'header_length': 24, 'padding_length': 0, 'payload_size': 872, 'payload_type': 98, 'send_time_ms': 36789, 'sequence_number': 94, 'ssrc': 195939069}
{'arrival_time_ms': 39886, 'header_length': 24, 'padding_length': 0, 'payload_size': 713, 'payload_type': 126, 'send_time_ms': 36804, 'sequence_number': 1581, 'ssrc': 12648429}
{'arrival_time_ms': 39907, 'header_length': 24, 'padding_length': 0, 'payload_size': 713, 'payload_type': 126, 'send_time_ms': 36834, 'sequence_number': 1582, 'ssrc': 12648429}
{'arrival_time_ms': 39931, 'header_length': 24, 'padding_length': 0, 'payload_size': 871, 'payload_type': 98, 'send_time_ms': 36844, 'sequence_number': 95, 'ssrc': 195939069}
{'arrival_time_ms': 39953, 'header_length': 24, 'padding_length': 0, 'payload_size': 736, 'payload_type': 126, 'send_time_ms': 36869, 'sequence_number': 1583, 'ssrc': 12648429}
{'arrival_time_ms': 39974, 'header_length': 24, 'padding_length': 0, 'payload_size': 736, 'payload_type': 126, 'send_time_ms': 36874, 'sequence_number': 1584, 'ssrc': 12648429}
{'arrival_time_ms': 39995, 'header_length': 24, 'padding_length': 0, 'payload_size': 736, 'payload_type': 126, 'send_time_ms': 36904, 'sequence_number': 1585, 'ssrc': 12648429}
{'arrival_time_ms': 40031, 'header_length': 24, 'padding_length': 0, 'payload_size': 1292, 'payload_type': 126, 'send_time_ms': 36934, 'sequence_number': 1587, 'ssrc': 12648429}
{'arrival_time_ms': 40053, 'header_length': 24, 'padding_length': 0, 'payload_size': 796, 'payload_type': 126, 'send_time_ms': 36969, 'sequence_number': 1588, 'ssrc': 12648429}
{'arrival_time_ms': 40076, 'header_length': 24, 'padding_length': 0, 'payload_size': 796, 'payload_type': 126, 'send_time_ms': 37004, 'sequence_number': 1589, 'ssrc': 12648429}
{'arrival_time_ms': 40094, 'header_length': 24, 'padding_length': 0, 'payload_size': 638, 'payload_type': 126, 'send_time_ms': 37034, 'sequence_number': 1590, 'ssrc': 12648429}
{'arrival_time_ms': 40113, 'header_length': 24, 'padding_length': 0, 'payload_size': 638, 'payload_type': 126, 'send_time_ms': 37069, 'sequence_number': 1591, 'ssrc': 12648429}
{'arrival_time_ms': 40145, 'header_length': 24, 'padding_length': 0, 'payload_size': 1171, 'payload_type': 126, 'send_time_ms': 37104, 'sequence_number': 1592, 'ssrc': 12648429}
{'arrival_time_ms': 40180, 'header_length': 24, 'padding_length': 0, 'payload_size': 1171, 'payload_type': 126, 'send_time_ms': 37134, 'sequence_number': 1593, 'ssrc': 12648429}
{'arrival_time_ms': 40209, 'header_length': 24, 'padding_length': 0, 'payload_size': 1017, 'payload_type': 126, 'send_time_ms': 37169, 'sequence_number': 1594, 'ssrc': 12648429}
{'arrival_time_ms': 40237, 'header_length': 24, 'padding_length': 0, 'payload_size': 1017, 'payload_type': 126, 'send_time_ms': 37204, 'sequence_number': 1595, 'ssrc': 12648429}
{'arrival_time_ms': 40257, 'header_length': 24, 'padding_length': 0, 'payload_size': 676, 'payload_type': 126, 'send_time_ms': 37234, 'sequence_number': 1596, 'ssrc': 12648429}
{'arrival_time_ms': 40279, 'header_length': 24, 'padding_length': 0, 'payload_size': 776, 'payload_type': 126, 'send_time_ms': 37269, 'sequence_number': 1597, 'ssrc': 12648429}
{'arrival_time_ms': 40301, 'header_length': 24, 'padding_length': 0, 'payload_size': 776, 'payload_type': 126, 'send_time_ms': 37274, 'sequence_number': 1598, 'ssrc': 12648429}
{'arrival_time_ms': 40323, 'header_length': 24, 'padding_length': 0, 'payload_size': 776, 'payload_type': 126, 'send_time_ms': 37304, 'sequence_number': 1599, 'ssrc': 12648429}
{'arrival_time_ms': 40345, 'header_length': 24, 'padding_length': 0, 'payload_size': 776, 'payload_type': 126, 'send_time_ms': 37309, 'sequence_number': 1600, 'ssrc': 12648429}
{'arrival_time_ms': 40365, 'header_length': 24, 'padding_length': 0, 'payload_size': 709, 'payload_type': 126, 'send_time_ms': 37334, 'sequence_number': 1601, 'ssrc': 12648429}
{'arrival_time_ms': 40386, 'header_length': 24, 'padding_length': 0, 'payload_size': 709, 'payload_type': 126, 'send_time_ms': 37369, 'sequence_number': 1602, 'ssrc': 12648429}
{'arrival_time_ms': 40425, 'header_length': 24, 'padding_length': 0, 'payload_size': 1421, 'payload_type': 126, 'send_time_ms': 37404, 'sequence_number': 1603, 'ssrc': 12648429}
{'arrival_time_ms': 40464, 'header_length': 24, 'padding_length': 0, 'payload_size': 1421, 'payload_type': 126, 'send_time_ms': 37434, 'sequence_number': 1604, 'ssrc': 12648429}
{'arrival_time_ms': 40485, 'header_length': 24, 'padding_length': 0, 'payload_size': 709, 'payload_type': 126, 'send_time_ms': 37469, 'sequence_number': 1605, 'ssrc': 12648429}
{'arrival_time_ms': 40505, 'header_length': 24, 'padding_length': 0, 'payload_size': 709, 'payload_type': 126, 'send_time_ms': 37504, 'sequence_number': 1606, 'ssrc': 12648429}
{'arrival_time_ms': 40544, 'header_length': 24, 'padding_length': 0, 'payload_size': 1417, 'payload_type': 126, 'send_time_ms': 37534, 'sequence_number': 1607, 'ssrc': 12648429}
{'arrival_time_ms': 40579, 'header_length': 24, 'padding_length': 0, 'payload_size': 1238, 'payload_type': 126, 'send_time_ms': 37569, 'sequence_number': 1608, 'ssrc': 12648429}
{'arrival_time_ms': 40613, 'header_length': 24, 'padding_length': 0, 'payload_size': 1238, 'payload_type': 126, 'send_time_ms': 37604, 'sequence_number': 1609, 'ssrc': 12648429}
{'arrival_time_ms': 40635, 'header_length': 24, 'padding_length': 0, 'payload_size': 705, 'payload_type': 126, 'send_time_ms': 37634, 'sequence_number': 1610, 'ssrc': 12648429}
{'arrival_time_ms': 40656, 'header_length': 24, 'padding_length': 0, 'payload_size': 705, 'payload_type': 126, 'send_time_ms': 37669, 'sequence_number': 1611, 'ssrc': 12648429}
{'arrival_time_ms': 40679, 'header_length': 24, 'padding_length': 0, 'payload_size': 838, 'payload_type': 126, 'send_time_ms': 37704, 'sequence_number': 1612, 'ssrc': 12648429}
{'arrival_time_ms': 40703, 'header_length': 24, 'padding_length': 0, 'payload_size': 839, 'payload_type': 126, 'send_time_ms': 37709, 'sequence_number': 1613, 'ssrc': 12648429}
{'arrival_time_ms': 40727, 'header_length': 24, 'padding_length': 0, 'payload_size': 838, 'payload_type': 126, 'send_time_ms': 37734, 'sequence_number': 1614, 'ssrc': 12648429}
{'arrival_time_ms': 40751, 'header_length': 24, 'padding_length': 0, 'payload_size': 839, 'payload_type': 126, 'send_time_ms': 37739, 'sequence_number': 1615, 'ssrc': 12648429}
{'arrival_time_ms': 40775, 'header_length': 24, 'padding_length': 0, 'payload_size': 838, 'payload_type': 126, 'send_time_ms': 37769, 'sequence_number': 1616, 'ssrc': 12648429}
{'arrival_time_ms': 40798, 'header_length': 24, 'padding_length': 0, 'payload_size': 839, 'payload_type': 126, 'send_time_ms': 37774, 'sequence_number': 1617, 'ssrc': 12648429}
{'arrival_time_ms': 40822, 'header_length': 24, 'padding_length': 0, 'payload_size': 838, 'payload_type': 126, 'send_time_ms': 37804, 'sequence_number': 1618, 'ssrc': 12648429}
{'arrival_time_ms': 40846, 'header_length': 24, 'padding_length': 0, 'payload_size': 839, 'payload_type': 126, 'send_time_ms': 37809, 'sequence_number': 1619, 'ssrc': 12648429}
{'arrival_time_ms': 40884, 'header_length': 24, 'padding_length': 0, 'payload_size': 1355, 'payload_type': 126, 'send_time_ms': 37834, 'sequence_number': 1620, 'ssrc': 12648429}
{'arrival_time_ms': 40921, 'header_length': 24, 'padding_length': 0, 'payload_size': 1355, 'payload_type': 126, 'send_time_ms': 37869, 'sequence_number': 1621, 'ssrc': 12648429}
{'arrival_time_ms': 40954, 'header_length': 24, 'padding_length': 0, 'payload_size': 1188, 'payload_type': 126, 'send_time_ms': 37904, 'sequence_number': 1622, 'ssrc': 12648429}
{'arrival_time_ms': 40978, 'header_length': 24, 'padding_length': 0, 'payload_size': 822, 'payload_type': 98, 'send_time_ms': 37914, 'sequence_number': 98, 'ssrc': 195939069}
{'arrival_time_ms': 41006, 'header_length': 24, 'padding_length': 0, 'payload_size': 1013, 'payload_type': 126, 'send_time_ms': 37934, 'sequence_number': 1623, 'ssrc': 12648429}
{'arrival_time_ms': 41035, 'header_length': 24, 'padding_length': 0, 'payload_size': 1013, 'payload_type': 126, 'send_time_ms': 37969, 'sequence_number': 1624, 'ssrc': 12648429}
{'arrival_time_ms': 41060, 'header_length': 24, 'padding_length': 0, 'payload_size': 913, 'payload_type': 126, 'send_time_ms': 38004, 'sequence_number': 1625, 'ssrc': 12648429}
{'arrival_time_ms': 41084, 'header_length': 24, 'padding_length': 0, 'payload_size': 821, 'payload_type': 98, 'send_time_ms': 38009, 'sequence_number': 99, 'ssrc': 195939069}
{'arrival_time_ms': 41110, 'header_length': 24, 'padding_length': 0, 'payload_size': 914, 'payload_type': 126, 'send_time_ms': 38019, 'sequence_number': 1626, 'ssrc': 12648429}
{'arrival_time_ms': 41137, 'header_length': 24, 'padding_length': 0, 'payload_size': 971, 'payload_type': 126, 'send_time_ms': 38069, 'sequence_number': 1629, 'ssrc': 12648429}
{'arrival_time_ms': 41164, 'header_length': 24, 'padding_length': 0, 'payload_size': 971, 'payload_type': 126, 'send_time_ms': 38104, 'sequence_number': 1630, 'ssrc': 12648429}
{'arrival_time_ms': 41198, 'header_length': 24, 'padding_length': 0, 'payload_size': 1232, 'payload_type': 98, 'send_time_ms': 38114, 'sequence_number': 101, 'ssrc': 195939069}
{'arrival_time_ms': 41221, 'header_length': 24, 'padding_length': 0, 'payload_size': 778, 'payload_type': 98, 'send_time_ms': 38159, 'sequence_number': 102, 'ssrc': 195939069}
{'arrival_time_ms': 41248, 'header_length': 24, 'padding_length': 0, 'payload_size': 971, 'payload_type': 126, 'send_time_ms': 38169, 'sequence_number': 1632, 'ssrc': 12648429}
{'arrival_time_ms': 41275, 'header_length': 24, 'padding_length': 0, 'payload_size': 971, 'payload_type': 126, 'send_time_ms': 38204, 'sequence_number': 1633, 'ssrc': 12648429}
{'arrival_time_ms': 41299, 'header_length': 24, 'padding_length': 0, 'payload_size': 817, 'payload_type': 126, 'send_time_ms': 38234, 'sequence_number': 1634, 'ssrc': 12648429}
{'arrival_time_ms': 41322, 'header_length': 24, 'padding_length': 0, 'payload_size': 818, 'payload_type': 126, 'send_time_ms': 38239, 'sequence_number': 1635, 'ssrc': 12648429}
{'arrival_time_ms': 41345, 'header_length': 24, 'padding_length': 0, 'payload_size': 817, 'payload_type': 126, 'send_time_ms': 38269, 'sequence_number': 1636, 'ssrc': 12648429}
{'arrival_time_ms': 41368, 'header_length': 24, 'padding_length': 0, 'payload_size': 817, 'payload_type': 126, 'send_time_ms': 38304, 'sequence_number': 1638, 'ssrc': 12648429}
{'arrival_time_ms': 41392, 'header_length': 24, 'padding_length': 0, 'payload_size': 818, 'payload_type': 126, 'send_time_ms': 38309, 'sequence_number': 1639, 'ssrc': 12648429}
{'arrival_time_ms': 41415, 'header_length': 24, 'padding_length': 0, 'payload_size': 817, 'payload_type': 126, 'send_time_ms': 38334, 'sequence_number': 1640, 'ssrc': 12648429}
{'arrival_time_ms': 41438, 'header_length': 24, 'padding_length': 0, 'payload_size': 817, 'payload_type': 126, 'send_time_ms': 38369, 'sequence_number': 1642, 'ssrc': 12648429}
{'arrival_time_ms': 41461, 'header_length': 24, 'padding_length': 0, 'payload_size': 818, 'payload_type': 126, 'send_time_ms': 38374, 'sequence_number': 1643, 'ssrc': 12648429}
{'arrival_time_ms': 41484, 'header_length': 24, 'padding_length': 0, 'payload_size': 817, 'payload_type': 126, 'send_time_ms': 38404, 'sequence_number': 1644, 'ssrc': 12648429}
{'arrival_time_ms': 41505, 'header_length': 24, 'padding_length': 0, 'payload_size': 734, 'payload_type': 126, 'send_time_ms': 38434, 'sequence_number': 1646, 'ssrc': 12648429}
{'arrival_time_ms': 41526, 'header_length': 24, 'padding_length': 0, 'payload_size': 734, 'payload_type': 126, 'send_time_ms': 38439, 'sequence_number': 1647, 'ssrc': 12648429}
{'arrival_time_ms': 41552, 'header_length': 24, 'padding_length': 0, 'payload_size': 917, 'payload_type': 126, 'send_time_ms': 38469, 'sequence_number': 1648, 'ssrc': 12648429}
{'arrival_time_ms': 41578, 'header_length': 24, 'padding_length': 0, 'payload_size': 917, 'payload_type': 126, 'send_time_ms': 38504, 'sequence_number': 1649, 'ssrc': 12648429}
{'arrival_time_ms': 41599, 'header_length': 24, 'padding_length': 0, 'payload_size': 734, 'payload_type': 126, 'send_time_ms': 38534, 'sequence_number': 1650, 'ssrc': 12648429}
{'arrival_time_ms': 41620, 'header_length': 24, 'padding_length': 0, 'payload_size': 734, 'payload_type': 126, 'send_time_ms': 38569, 'sequence_number': 1651, 'ssrc': 12648429}
{'arrival_time_ms': 41641, 'header_length': 24, 'padding_length': 0, 'payload_size': 728, 'payload_type': 98, 'send_time_ms': 38579, 'sequence_number': 104, 'ssrc': 195939069}
{'arrival_time_ms': 41666, 'header_length': 24, 'padding_length': 0, 'payload_size': 896, 'payload_type': 126, 'send_time_ms': 38604, 'sequence_number': 1652, 'ssrc': 12648429}
{'arrival_time_ms': 41694, 'header_length': 24, 'padding_length': 0, 'payload_size': 896, 'payload_type': 126, 'send_time_ms': 38634, 'sequence_number': 1653, 'ssrc': 12648429}
{'arrival_time_ms': 41717, 'header_length': 24, 'padding_length': 0, 'payload_size': 809, 'payload_type': 126, 'send_time_ms': 38669, 'sequence_number': 1654, 'ssrc': 12648429}
{'arrival_time_ms': 41740, 'header_length': 24, 'padding_length': 0, 'payload_size': 809, 'payload_type': 126, 'send_time_ms': 38674, 'sequence_number': 1655, 'ssrc': 12648429}
{'arrival_time_ms': 41763, 'header_length': 24, 'padding_length': 0, 'payload_size': 809, 'payload_type': 126, 'send_time_ms': 38704, 'sequence_number': 1656, 'ssrc': 12648429}
{'arrival_time_ms': 41786, 'header_length': 24, 'padding_length': 0, 'payload_size': 809, 'payload_type': 126, 'send_time_ms': 38709, 'sequence_number': 1657, 'ssrc': 12648429}
{'arrival_time_ms': 41809, 'header_length': 24, 'padding_length': 0, 'payload_size': 809, 'payload_type': 126, 'send_time_ms': 38734, 'sequence_number': 1658, 'ssrc': 12648429}
{'arrival_time_ms': 41832, 'header_length': 24, 'padding_length': 0, 'payload_size': 809, 'payload_type': 126, 'send_time_ms': 38739, 'sequence_number': 1659, 'ssrc': 12648429}
{'arrival_time_ms': 41863, 'header_length': 24, 'padding_length': 0, 'payload_size': 1136, 'payload_type': 98, 'send_time_ms': 38769, 'sequence_number': 105, 'ssrc': 195939069}
{'arrival_time_ms': 41899, 'header_length': 24, 'padding_length': 0, 'payload_size': 1263, 'payload_type': 126, 'send_time_ms': 38804, 'sequence_number': 1661, 'ssrc': 12648429}
{'arrival_time_ms': 41934, 'header_length': 24, 'padding_length': 0, 'payload_size': 1264, 'payload_type': 126, 'send_time_ms': 38824, 'sequence_number': 1663, 'ssrc': 12648429}
{'arrival_time_ms': 41954, 'header_length': 24, 'padding_length': 0, 'payload_size': 716, 'payload_type': 126, 'send_time_ms': 38869, 'sequence_number': 1667, 'ssrc': 12648429}
{'arrival_time_ms': 41965, 'header_length': 24, 'padding_length': 0, 'payload_size': 355, 'payload_type': 126, 'send_time_ms': 38904, 'sequence_number': 1668, 'ssrc': 12648429}
{'arrival_time_ms': 41976, 'header_length': 24, 'padding_length': 0, 'payload_size': 355, 'payload_type': 126, 'send_time_ms': 38934, 'sequence_number': 1669, 'ssrc': 12648429}
{'arrival_time_ms': 41997, 'header_length': 24, 'padding_length': 0, 'payload_size': 720, 'payload_type': 126, 'send_time_ms': 38969, 'sequence_number': 1670, 'ssrc': 12648429}
{'arrival_time_ms': 42017, 'header_length': 24, 'padding_length': 0, 'payload_size': 720, 'payload_type': 126, 'send_time_ms': 39004, 'sequence_number': 1671, 'ssrc': 12648429}
{'arrival_time_ms': 42031, 'header_length': 24, 'padding_length': 0, 'payload_size': 447, 'payload_type': 126, 'send_time_ms': 39034, 'sequence_number': 1672, 'ssrc': 12648429}
{'arrival_time_ms': 42065, 'header_length': 24, 'padding_length': 0, 'payload_size': 1225, 'payload_type': 98, 'send_time_ms': 39049, 'sequence_number': 106, 'ssrc': 195939069}
{'arrival_time_ms': 42099, 'header_length': 24, 'padding_length': 0, 'payload_size': 1225, 'payload_type': 98, 'send_time_ms': 39064, 'sequence_number': 107, 'ssrc': 195939069}
{'arrival_time_ms': 42133, 'header_length': 24, 'padding_length': 0, 'payload_size': 1226, 'payload_type': 98, 'send_time_ms': 39069, 'sequence_number': 108, 'ssrc': 195939069}
{'arrival_time_ms': 42167, 'header_length': 28, 'padding_length': 0, 'payload_size': 1222, 'payload_type': 98, 'send_time_ms': 39079, 'sequence_number': 109, 'ssrc': 195939069}
{'arrival_time_ms': 42206, 'header_length': 24, 'padding_length': 0, 'payload_size': 1400, 'payload_type': 126, 'send_time_ms': 39104, 'sequence_number': 1674, 'ssrc': 12648429}
{'arrival_time_ms': 42225, 'header_length': 24, 'padding_length': 0, 'payload_size': 671, 'payload_type': 126, 'send_time_ms': 39169, 'sequence_number': 1676, 'ssrc': 12648429}
{'arrival_time_ms': 42248, 'header_length': 24, 'padding_length': 0, 'payload_size': 780, 'payload_type': 126, 'send_time_ms': 39204, 'sequence_number': 1677, 'ssrc': 12648429}
{'arrival_time_ms': 42270, 'header_length': 24, 'padding_length': 0, 'payload_size': 780, 'payload_type': 126, 'send_time_ms': 39209, 'sequence_number': 1678, 'ssrc': 12648429}
{'arrival_time_ms': 42292, 'header_length': 24, 'padding_length': 0, 'payload_size': 780, 'payload_type': 126, 'send_time_ms': 39234, 'sequence_number': 1679, 'ssrc': 12648429}
{'arrival_time_ms': 42314, 'header_length': 24, 'padding_length': 0, 'payload_size': 780, 'payload_type': 126, 'send_time_ms': 39239, 'sequence_number': 1680, 'ssrc': 12648429}
{'arrival_time_ms': 42334, 'header_length': 24, 'padding_length': 0, 'payload_size': 692, 'payload_type': 126, 'send_time_ms': 39269, 'sequence_number': 1681, 'ssrc': 12648429}
{'arrival_time_ms': 42354, 'header_length': 24, 'padding_length': 0, 'payload_size': 692, 'payload_type': 126, 'send_time_ms': 39304, 'sequence_number': 1682, 'ssrc': 12648429}
{'arrival_time_ms': 42392, 'header_length': 24, 'padding_length': 0, 'payload_size': 1380, 'payload_type': 126, 'send_time_ms': 39334, 'sequence_number': 1683, 'ssrc': 12648429}
{'arrival_time_ms': 42414, 'header_length': 24, 'padding_length': 0, 'payload_size': 773, 'payload_type': 126, 'send_time_ms': 39369, 'sequence_number': 1684, 'ssrc': 12648429}
{'arrival_time_ms': 42436, 'header_length': 24, 'padding_length': 0, 'payload_size': 774, 'payload_type': 126, 'send_time_ms': 39374, 'sequence_number': 1685, 'ssrc': 12648429}
{'arrival_time_ms': 42458, 'header_length': 24, 'padding_length': 0, 'payload_size': 773, 'payload_type': 126, 'send_time_ms': 39404, 'sequence_number': 1686, 'ssrc': 12648429}
{'arrival_time_ms': 42481, 'header_length': 24, 'padding_length': 0, 'payload_size': 774, 'payload_type': 126, 'send_time_ms': 39409, 'sequence_number': 1687, 'ssrc': 12648429}
{'arrival_time_ms': 42514, 'header_length': 24, 'padding_length': 0, 'payload_size': 1201, 'payload_type': 126, 'send_time_ms': 39434, 'sequence_number': 1688, 'ssrc': 12648429}
{'arrival_time_ms': 42548, 'header_length': 24, 'padding_length': 0, 'payload_size': 1201, 'payload_type': 126, 'send_time_ms': 39469, 'sequence_number': 1689, 'ssrc': 12648429}
{'arrival_time_ms': 42567, 'header_length': 24, 'padding_length': 0, 'payload_size': 684, 'payload_type': 126, 'send_time_ms': 39504, 'sequence_number': 1690, 'ssrc': 12648429}
{'arrival_time_ms': 42587, 'header_length': 24, 'padding_length': 0, 'payload_size': 684, 'payload_type': 126, 'send_time_ms': 39534, 'sequence_number': 1691, 'ssrc': 12648429}
{'arrival_time_ms': 42611, 'header_length': 24, 'padding_length': 0, 'payload_size': 859, 'payload_type': 126, 'send_time_ms': 39569, 'sequence_number': 1692, 'ssrc': 12648429}
{'arrival_time_ms': 42637, 'header_length': 24, 'padding_length': 0, 'payload_size': 859, 'payload_type': 126, 'send_time_ms': 39604, 'sequence_number': 1693, 'ssrc': 12648429}
{'arrival_time_ms': 42671, 'header_length': 24, 'padding_length': 0, 'payload_size': 1221, 'payload_type': 126, 'send_time_ms': 39634, 'sequence_number': 1694, 'ssrc': 12648429}
{'arrival_time_ms': 42694, 'header_length': 24, 'padding_length': 0, 'payload_size': 788, 'payload_type': 126, 'send_time_ms': 39669, 'sequence_number': 1695, 'ssrc': 12648429}
{'arrival_time_ms': 42716, 'header_length': 24, 'padding_length': 0, 'payload_size': 789, 'payload_type': 126, 'send_time_ms': 39674, 'sequence_number': 1696, 'ssrc': 12648429}
{'arrival_time_ms': 42739, 'header_length': 24, 'padding_length': 0, 'payload_size': 788, 'payload_type': 126, 'send_time_ms': 39704, 'sequence_number': 1697, 'ssrc': 12648429}
{'arrival_time_ms': 42761, 'header_length': 24, 'padding_length': 0, 'payload_size': 789, 'payload_type': 126, 'send_time_ms': 39709, 'sequence_number': 1698, 'ssrc': 12648429}
{'arrival_time_ms': 42786, 'header_length': 24, 'padding_length': 0, 'payload_size': 871, 'payload_type': 126, 'send_time_ms': 39734, 'sequence_number': 1699, 'ssrc': 12648429}
{'arrival_time_ms': 42811, 'header_length': 24, 'padding_length': 0, 'payload_size': 871, 'payload_type': 126, 'send_time_ms': 39769, 'sequence_number': 1700, 'ssrc': 12648429}
{'arrival_time_ms': 42831, 'header_length': 24, 'padding_length': 0, 'payload_size': 692, 'payload_type': 126, 'send_time_ms': 39804, 'sequence_number': 1701, 'ssrc': 12648429}
{'arrival_time_ms': 42850, 'header_length': 24, 'padding_length': 0, 'payload_size': 692, 'payload_type': 126, 'send_time_ms': 39834, 'sequence_number': 1702, 'ssrc': 12648429}
{'arrival_time_ms': 42875, 'header_length': 24, 'padding_length': 0, 'payload_size': 871, 'payload_type': 126, 'send_time_ms': 39869, 'sequence_number': 1703, 'ssrc': 12648429}
{'arrival_time_ms': 42900, 'header_length': 24, 'padding_length': 0, 'payload_size': 871, 'payload_type': 126, 'send_time_ms': 39904, 'sequence_number': 1704, 'ssrc': 12648429}
{'arrival_time_ms': 42934, 'header_length': 24, 'padding_length': 0, 'payload_size': 1223, 'payload_type': 98, 'send_time_ms': 39909, 'sequence_number': 111, 'ssrc': 195939069}
{'arrival_time_ms': 42956, 'header_length': 24, 'padding_length': 0, 'payload_size': 786, 'payload_type': 126, 'send_time_ms': 39934, 'sequence_number': 1705, 'ssrc': 12648429}
{'arrival_time_ms': 42979, 'header_length': 24, 'padding_length': 0, 'payload_size': 786, 'payload_type': 126, 'send_time_ms': 39939, 'sequence_number': 1706, 'ssrc': 12648429}
{'arrival_time_ms': 43003, 'header_length': 24, 'padding_length': 0, 'payload_size': 851, 'payload_type': 126, 'send_time_ms': 39969, 'sequence_number': 1707, 'ssrc': 12648429}
{'arrival_time_ms': 43027, 'header_length': 24, 'padding_length': 0, 'payload_size': 851, 'payload_type': 126, 'send_time_ms': 40004, 'sequence_number': 1708, 'ssrc': 12648429}
{'arrival_time_ms': 43056, 'header_length': 24, 'padding_length': 0, 'payload_size': 1021, 'payload_type': 126, 'send_time_ms': 40034, 'sequence_number': 1709, 'ssrc': 12648429}
{'arrival_time_ms': 43084, 'header_length': 24, 'padding_length': 0, 'payload_size': 1021, 'payload_type': 126, 'send_time_ms': 40069, 'sequence_number': 1710, 'ssrc': 12648429}
{'arrival_time_ms': 43111, 'header_length': 24, 'padding_length': 0, 'payload_size': 882, 'payload_type': 126, 'send_time_ms': 40104, 'sequence_number': 1711, 'ssrc': 12648429}
{'arrival_time_ms': 43136, 'header_length': 24, 'padding_length': 0, 'payload_size': 882, 'payload_type': 126, 'send_time_ms': 40109, 'sequence_number': 1712, 'ssrc': 12648429}
{'arrival_time_ms': 43161, 'header_length': 24, 'padding_length': 0, 'payload_size': 882, 'payload_type': 126, 'send_time_ms': 40134, 'sequence_number': 1713, 'ssrc': 12648429}
{'arrival_time_ms': 43182, 'header_length': 24, 'padding_length': 0, 'payload_size': 738, 'payload_type': 98, 'send_time_ms': 40139, 'sequence_number': 112, 'ssrc': 195939069}
{'arrival_time_ms': 43207, 'header_length': 24, 'padding_length': 0, 'payload_size': 882, 'payload_type': 126, 'send_time_ms': 40144, 'sequence_number': 1714, 'ssrc': 12648429}
{'arrival_time_ms': 43232, 'header_length': 24, 'padding_length': 0, 'payload_size': 882, 'payload_type': 126, 'send_time_ms': 40169, 'sequence_number': 1715, 'ssrc': 12648429}
{'arrival_time_ms': 43257, 'header_length': 24, 'padding_length': 0, 'payload_size': 882, 'payload_type': 126, 'send_time_ms': 40174, 'sequence_number': 1716, 'ssrc': 12648429}
{'arrival_time_ms': 43282, 'header_length': 24, 'padding_length': 0, 'payload_size': 882, 'payload_type': 126, 'send_time_ms': 40204, 'sequence_number': 1717, 'ssrc': 12648429}
{'arrival_time_ms': 43307, 'header_length': 24, 'padding_length': 0, 'payload_size': 882, 'payload_type': 126, 'send_time_ms': 40209, 'sequence_number': 1718, 'ssrc': 12648429}
{'arrival_time_ms': 43329, 'header_length': 24, 'padding_length': 0, 'payload_size': 788, 'payload_type': 126, 'send_time_ms': 40269, 'sequence_number': 1721, 'ssrc': 12648429}
{'arrival_time_ms': 43352, 'header_length': 24, 'padding_length': 0, 'payload_size': 789, 'payload_type': 126, 'send_time_ms': 40274, 'sequence_number': 1722, 'ssrc': 12648429}
{'arrival_time_ms': 43377, 'header_length': 24, 'padding_length': 0, 'payload_size': 888, 'payload_type': 126, 'send_time_ms': 40304, 'sequence_number': 1723, 'ssrc': 12648429}
{'arrival_time_ms': 43402, 'header_length': 24, 'padding_length': 0, 'payload_size': 889, 'payload_type': 126, 'send_time_ms': 40309, 'sequence_number': 1724, 'ssrc': 12648429}
{'arrival_time_ms': 43425, 'header_length': 24, 'padding_length': 0, 'payload_size': 788, 'payload_type': 126, 'send_time_ms': 40334, 'sequence_number': 1725, 'ssrc': 12648429}
{'arrival_time_ms': 43447, 'header_length': 24, 'padding_length': 0, 'payload_size': 788, 'payload_type': 126, 'send_time_ms': 40369, 'sequence_number': 1726, 'ssrc': 12648429}
{'arrival_time_ms': 43475, 'header_length': 24, 'padding_length': 0, 'payload_size': 984, 'payload_type': 126, 'send_time_ms': 40404, 'sequence_number': 1727, 'ssrc': 12648429}
{'arrival_time_ms': 43502, 'header_length': 24, 'padding_length': 0, 'payload_size': 984, 'payload_type': 126, 'send_time_ms': 40434, 'sequence_number': 1728, 'ssrc': 12648429}
{'arrival_time_ms': 43525, 'header_length': 24, 'padding_length': 0, 'payload_size': 784, 'payload_type': 126, 'send_time_ms': 40469, 'sequence_number': 1729, 'ssrc': 12648429}
{'arrival_time_ms': 43547, 'header_length': 24, 'padding_length': 0, 'payload_size': 784, 'payload_type': 126, 'send_time_ms': 40504, 'sequence_number': 1730, 'ssrc': 12648429}
{'arrival_time_ms': 43572, 'header_length': 24, 'padding_length': 0, 'payload_size': 886, 'payload_type': 126, 'send_time_ms': 40534, 'sequence_number': 1731, 'ssrc': 12648429}
{'arrival_time_ms': 43597, 'header_length': 24, 'padding_length': 0, 'payload_size': 886, 'payload_type': 126, 'send_time_ms': 40539, 'sequence_number': 1732, 'ssrc': 12648429}
{'arrival_time_ms': 43622, 'header_length': 24, 'padding_length': 0, 'payload_size': 886, 'payload_type': 126, 'send_time_ms': 40569, 'sequence_number': 1733, 'ssrc': 12648429}
{'arrival_time_ms': 43647, 'header_length': 24, 'padding_length': 0, 'payload_size': 886, 'payload_type': 126, 'send_time_ms': 40574, 'sequence_number': 1734, 'ssrc': 12648429}
{'arrival_time_ms': 43682, 'header_length': 24, 'padding_length': 0, 'payload_size': 1184, 'payload_type': 126, 'send_time_ms': 40604, 'sequence_number': 1735, 'ssrc': 12648429}
{'arrival_time_ms': 43710, 'header_length': 24, 'padding_length': 0, 'payload_size': 984, 'payload_type': 126, 'send_time_ms': 40634, 'sequence_number': 1736, 'ssrc': 12648429}
{'arrival_time_ms': 43738, 'header_length': 24, 'padding_length': 0, 'payload_size': 984, 'payload_type': 126, 'send_time_ms': 40669, 'sequence_number': 1737, 'ssrc': 12648429}
{'arrival_time_ms': 43776, 'header_length': 24, 'padding_length': 0, 'payload_size': 1380, 'payload_type': 126, 'send_time_ms': 40704, 'sequence_number': 1738, 'ssrc': 12648429}
{'arrival_time_ms': 43814, 'header_length': 24, 'padding_length': 0, 'payload_size': 1380, 'payload_type': 126, 'send_time_ms': 40734, 'sequence_number': 1739, 'ssrc': 12648429}
{'arrival_time_ms': 43847, 'header_length': 24, 'padding_length': 0, 'payload_size': 1184, 'payload_type': 126, 'send_time_ms': 40769, 'sequence_number': 1740, 'ssrc': 12648429}
{'arrival_time_ms': 43880, 'header_length': 24, 'padding_length': 0, 'payload_size': 1184, 'payload_type': 126, 'send_time_ms': 40804, 'sequence_number': 1741, 'ssrc': 12648429}
{'arrival_time_ms': 43908, 'header_length': 24, 'padding_length': 0, 'payload_size': 988, 'payload_type': 126, 'send_time_ms': 40834, 'sequence_number': 1742, 'ssrc': 12648429}
{'arrival_time_ms': 43936, 'header_length': 24, 'padding_length': 0, 'payload_size': 988, 'payload_type': 126, 'send_time_ms': 40869, 'sequence_number': 1743, 'ssrc': 12648429}
{'arrival_time_ms': 43961, 'header_length': 24, 'padding_length': 0, 'payload_size': 890, 'payload_type': 126, 'send_time_ms': 40904, 'sequence_number': 1744, 'ssrc': 12648429}
{'arrival_time_ms': 43986, 'header_length': 24, 'padding_length': 0, 'payload_size': 891, 'payload_type': 126, 'send_time_ms': 40909, 'sequence_number': 1745, 'ssrc': 12648429}
{'arrival_time_ms': 44025, 'header_length': 24, 'padding_length': 0, 'payload_size': 1426, 'payload_type': 126, 'send_time_ms': 40934, 'sequence_number': 1746, 'ssrc': 12648429}
{'arrival_time_ms': 44065, 'header_length': 24, 'padding_length': 0, 'payload_size': 1426, 'payload_type': 126, 'send_time_ms': 40969, 'sequence_number': 1747, 'ssrc': 12648429}
{'arrival_time_ms': 44091, 'header_length': 24, 'padding_length': 0, 'payload_size': 919, 'payload_type': 126, 'send_time_ms': 41004, 'sequence_number': 1748, 'ssrc': 12648429}
{'arrival_time_ms': 44117, 'header_length': 24, 'padding_length': 0, 'payload_size': 920, 'payload_type': 126, 'send_time_ms': 41009, 'sequence_number': 1749, 'ssrc': 12648429}
{'arrival_time_ms': 44143, 'header_length': 24, 'padding_length': 0, 'payload_size': 920, 'payload_type': 126, 'send_time_ms': 41039, 'sequence_number': 1751, 'ssrc': 12648429}
{'arrival_time_ms': 44169, 'header_length': 24, 'padding_length': 0, 'payload_size': 919, 'payload_type': 126, 'send_time_ms': 41069, 'sequence_number': 1752, 'ssrc': 12648429}
{'arrival_time_ms': 44195, 'header_length': 24, 'padding_length': 0, 'payload_size': 919, 'payload_type': 126, 'send_time_ms': 41104, 'sequence_number': 1754, 'ssrc': 12648429}
{'arrival_time_ms': 44234, 'header_length': 24, 'padding_length': 0, 'payload_size': 1430, 'payload_type': 126, 'send_time_ms': 41134, 'sequence_number': 1756, 'ssrc': 12648429}
{'arrival_time_ms': 44274, 'header_length': 24, 'padding_length': 0, 'payload_size': 1430, 'payload_type': 126, 'send_time_ms': 41169, 'sequence_number': 1757, 'ssrc': 12648429}
{'arrival_time_ms': 44297, 'header_length': 24, 'padding_length': 0, 'payload_size': 832, 'payload_type': 126, 'send_time_ms': 41204, 'sequence_number': 1758, 'ssrc': 12648429}
{'arrival_time_ms': 44324, 'header_length': 24, 'padding_length': 0, 'payload_size': 936, 'payload_type': 126, 'send_time_ms': 41234, 'sequence_number': 1760, 'ssrc': 12648429}
{'arrival_time_ms': 44350, 'header_length': 24, 'padding_length': 0, 'payload_size': 916, 'payload_type': 98, 'send_time_ms': 41249, 'sequence_number': 114, 'ssrc': 195939069}
{'arrival_time_ms': 44376, 'header_length': 24, 'padding_length': 0, 'payload_size': 936, 'payload_type': 126, 'send_time_ms': 41269, 'sequence_number': 1762, 'ssrc': 12648429}
{'arrival_time_ms': 44399, 'header_length': 24, 'padding_length': 0, 'payload_size': 796, 'payload_type': 126, 'send_time_ms': 41334, 'sequence_number': 1765, 'ssrc': 12648429}
{'arrival_time_ms': 44426, 'header_length': 24, 'padding_length': 0, 'payload_size': 973, 'payload_type': 98, 'send_time_ms': 41354, 'sequence_number': 115, 'ssrc': 195939069}
{'arrival_time_ms': 44449, 'header_length': 24, 'padding_length': 0, 'payload_size': 796, 'payload_type': 126, 'send_time_ms': 41369, 'sequence_number': 1766, 'ssrc': 12648429}
{'arrival_time_ms': 44472, 'header_length': 24, 'padding_length': 0, 'payload_size': 796, 'payload_type': 126, 'send_time_ms': 41404, 'sequence_number': 1768, 'ssrc': 12648429}
{'arrival_time_ms': 44494, 'header_length': 24, 'padding_length': 0, 'payload_size': 797, 'payload_type': 126, 'send_time_ms': 41409, 'sequence_number': 1769, 'ssrc': 12648429}
{'arrival_time_ms': 44522, 'header_length': 24, 'padding_length': 0, 'payload_size': 971, 'payload_type': 126, 'send_time_ms': 41434, 'sequence_number': 1770, 'ssrc': 12648429}
{'arrival_time_ms': 44544, 'header_length': 24, 'padding_length': 0, 'payload_size': 776, 'payload_type': 126, 'send_time_ms': 41469, 'sequence_number': 1771, 'ssrc': 12648429}
{'arrival_time_ms': 44567, 'header_length': 24, 'padding_length': 0, 'payload_size': 820, 'payload_type': 98, 'send_time_ms': 41479, 'sequence_number': 116, 'ssrc': 195939069}
{'arrival_time_ms': 44589, 'header_length': 24, 'padding_length': 0, 'payload_size': 776, 'payload_type': 126, 'send_time_ms': 41504, 'sequence_number': 1772, 'ssrc': 12648429}
{'arrival_time_ms': 44626, 'header_length': 24, 'padding_length': 0, 'payload_size': 1338, 'payload_type': 126, 'send_time_ms': 41534, 'sequence_number': 1773, 'ssrc': 12648429}
{'arrival_time_ms': 44650, 'header_length': 24, 'padding_length': 0, 'payload_size': 820, 'payload_type': 98, 'send_time_ms': 41544, 'sequence_number': 117, 'ssrc': 195939069}
{'arrival_time_ms': 44687, 'header_length': 24, 'padding_length': 0, 'payload_size': 1338, 'payload_type': 126, 'send_time_ms': 41569, 'sequence_number': 1774, 'ssrc': 12648429}
{'arrival_time_ms': 44708, 'header_length': 24, 'padding_length': 0, 'payload_size': 746, 'payload_type': 126, 'send_time_ms': 41634, 'sequence_number': 1776, 'ssrc': 12648429}
{'arrival_time_ms': 44731, 'header_length': 24, 'padding_length': 0, 'payload_size': 826, 'payload_type': 126, 'send_time_ms': 41669, 'sequence_number': 1777, 'ssrc': 12648429}
{'arrival_time_ms': 44755, 'header_length': 24, 'padding_length': 0, 'payload_size': 826, 'payload_type': 126, 'send_time_ms': 41674, 'sequence_number': 1778, 'ssrc': 12648429}
{'arrival_time_ms': 44778, 'header_length': 24, 'padding_length': 0, 'payload_size': 826, 'payload_type': 126, 'send_time_ms': 41704, 'sequence_number': 1779, 'ssrc': 12648429}
{'arrival_time_ms': 44802, 'header_length': 24, 'padding_length': 0, 'payload_size': 826, 'payload_type': 126, 'send_time_ms': 41709, 'sequence_number': 1780, 'ssrc': 12648429}
{'arrival_time_ms': 44833, 'header_length': 24, 'padding_length': 0, 'payload_size': 1105, 'payload_type': 126, 'send_time_ms': 41734, 'sequence_number': 1781, 'ssrc': 12648429}
{'arrival_time_ms': 44856, 'header_length': 24, 'padding_length': 0, 'payload_size': 828, 'payload_type': 126, 'send_time_ms': 41769, 'sequence_number': 1782, 'ssrc': 12648429}
{'arrival_time_ms': 44880, 'header_length': 24, 'padding_length': 0, 'payload_size': 828, 'payload_type': 126, 'send_time_ms': 41774, 'sequence_number': 1783, 'ssrc': 12648429}
{'arrival_time_ms': 44903, 'header_length': 24, 'padding_length': 0, 'payload_size': 828, 'payload_type': 126, 'send_time_ms': 41804, 'sequence_number': 1784, 'ssrc': 12648429}
{'arrival_time_ms': 44929, 'header_length': 24, 'padding_length': 0, 'payload_size': 921, 'payload_type': 126, 'send_time_ms': 41834, 'sequence_number': 1786, 'ssrc': 12648429}
{'arrival_time_ms': 44955, 'header_length': 24, 'padding_length': 0, 'payload_size': 921, 'payload_type': 126, 'send_time_ms': 41869, 'sequence_number': 1787, 'ssrc': 12648429}
{'arrival_time_ms': 44976, 'header_length': 24, 'padding_length': 0, 'payload_size': 738, 'payload_type': 126, 'send_time_ms': 41904, 'sequence_number': 1788, 'ssrc': 12648429}
{'arrival_time_ms': 44998, 'header_length': 24, 'padding_length': 0, 'payload_size': 739, 'payload_type': 126, 'send_time_ms': 41909, 'sequence_number': 1789, 'ssrc': 12648429}
{'arrival_time_ms': 45019, 'header_length': 24, 'padding_length': 0, 'payload_size': 738, 'payload_type': 126, 'send_time_ms': 41934, 'sequence_number': 1790, 'ssrc': 12648429}
{'arrival_time_ms': 45040, 'header_length': 24, 'padding_length': 0, 'payload_size': 739, 'payload_type': 126, 'send_time_ms': 41939, 'sequence_number': 1791, 'ssrc': 12648429}
{'arrival_time_ms': 45063, 'header_length': 24, 'padding_length': 0, 'payload_size': 830, 'payload_type': 126, 'send_time_ms': 41969, 'sequence_number': 1792, 'ssrc': 12648429}
{'arrival_time_ms': 45099, 'header_length': 24, 'padding_length': 0, 'payload_size': 1265, 'payload_type': 98, 'send_time_ms': 42004, 'sequence_number': 119, 'ssrc': 195939069}
{'arrival_time_ms': 45134, 'header_length': 24, 'padding_length': 0, 'payload_size': 1266, 'payload_type': 98, 'send_time_ms': 42044, 'sequence_number': 120, 'ssrc': 195939069}
{'arrival_time_ms': 45171, 'header_length': 28, 'padding_length': 0, 'payload_size': 1262, 'payload_type': 98, 'send_time_ms': 42079, 'sequence_number': 122, 'ssrc': 195939069}
{'arrival_time_ms': 45199, 'header_length': 24, 'padding_length': 0, 'payload_size': 1017, 'payload_type': 126, 'send_time_ms': 42119, 'sequence_number': 1798, 'ssrc': 12648429}
{'arrival_time_ms': 45228, 'header_length': 24, 'padding_length': 0, 'payload_size': 1017, 'payload_type': 126, 'send_time_ms': 42134, 'sequence_number': 1799, 'ssrc': 12648429}
{'arrival_time_ms': 45257, 'header_length': 24, 'padding_length': 0, 'payload_size': 1017, 'payload_type': 126, 'send_time_ms': 42169, 'sequence_number': 1800, 'ssrc': 12648429}
{'arrival_time_ms': 45279, 'header_length': 24, 'padding_length': 0, 'payload_size': 801, 'payload_type': 126, 'send_time_ms': 42204, 'sequence_number': 1801, 'ssrc': 12648429}
{'arrival_time_ms': 45302, 'header_length': 24, 'padding_length': 0, 'payload_size': 801, 'payload_type': 126, 'send_time_ms': 42234, 'sequence_number': 1802, 'ssrc': 12648429}
{'arrival_time_ms': 45321, 'header_length': 24, 'padding_length': 0, 'payload_size': 646, 'payload_type': 126, 'send_time_ms': 42269, 'sequence_number': 1803, 'ssrc': 12648429}
{'arrival_time_ms': 45340, 'header_length': 24, 'padding_length': 0, 'payload_size': 646, 'payload_type': 126, 'send_time_ms': 42304, 'sequence_number': 1804, 'ssrc': 12648429}
{'arrival_time_ms': 45363, 'header_length': 24, 'padding_length': 0, 'payload_size': 813, 'payload_type': 98, 'send_time_ms': 42314, 'sequence_number': 124, 'ssrc': 195939069}
{'arrival_time_ms': 45382, 'header_length': 24, 'padding_length': 0, 'payload_size': 673, 'payload_type': 98, 'send_time_ms': 42334, 'sequence_number': 125, 'ssrc': 195939069}
{'arrival_time_ms': 45405, 'header_length': 24, 'padding_length': 0, 'payload_size': 817, 'payload_type': 126, 'send_time_ms': 42339, 'sequence_number': 1805, 'ssrc': 12648429}
{'arrival_time_ms': 45426, 'header_length': 24, 'padding_length': 0, 'payload_size': 730, 'payload_type': 126, 'send_time_ms': 42369, 'sequence_number': 1806, 'ssrc': 12648429}
{'arrival_time_ms': 45447, 'header_length': 24, 'padding_length': 0, 'payload_size': 730, 'payload_type': 126, 'send_time_ms': 42374, 'sequence_number': 1807, 'ssrc': 12648429}
{'arrival_time_ms': 45468, 'header_length': 24, 'padding_length': 0, 'payload_size': 730, 'payload_type': 126, 'send_time_ms': 42404, 'sequence_number': 1808, 'ssrc': 12648429}
{'arrival_time_ms': 45489, 'header_length': 24, 'padding_length': 0, 'payload_size': 730, 'payload_type': 126, 'send_time_ms': 42409, 'sequence_number': 1809, 'ssrc': 12648429}
{'arrival_time_ms': 45510, 'header_length': 24, 'padding_length': 0, 'payload_size': 730, 'payload_type': 126, 'send_time_ms': 42434, 'sequence_number': 1810, 'ssrc': 12648429}
{'arrival_time_ms': 45531, 'header_length': 24, 'padding_length': 0, 'payload_size': 730, 'payload_type': 126, 'send_time_ms': 42469, 'sequence_number': 1812, 'ssrc': 12648429}
{'arrival_time_ms': 45552, 'header_length': 24, 'padding_length': 0, 'payload_size': 730, 'payload_type': 126, 'send_time_ms': 42474, 'sequence_number': 1813, 'ssrc': 12648429}
{'arrival_time_ms': 45588, 'header_length': 24, 'padding_length': 0, 'payload_size': 1321, 'payload_type': 126, 'send_time_ms': 42504, 'sequence_number': 1814, 'ssrc': 12648429}
{'arrival_time_ms': 45625, 'header_length': 24, 'padding_length': 0, 'payload_size': 1321, 'payload_type': 126, 'send_time_ms': 42534, 'sequence_number': 1815, 'ssrc': 12648429}
{'arrival_time_ms': 45660, 'header_length': 24, 'padding_length': 0, 'payload_size': 1188, 'payload_type': 126, 'send_time_ms': 42569, 'sequence_number': 1816, 'ssrc': 12648429}
{'arrival_time_ms': 45693, 'header_length': 24, 'padding_length': 0, 'payload_size': 1188, 'payload_type': 126, 'send_time_ms': 42604, 'sequence_number': 1817, 'ssrc': 12648429}
{'arrival_time_ms': 45715, 'header_length': 24, 'padding_length': 0, 'payload_size': 765, 'payload_type': 126, 'send_time_ms': 42634, 'sequence_number': 1818, 'ssrc': 12648429}
{'arrival_time_ms': 45737, 'header_length': 24, 'padding_length': 0, 'payload_size': 766, 'payload_type': 126, 'send_time_ms': 42639, 'sequence_number': 1819, 'ssrc': 12648429}
{'arrival_time_ms': 45775, 'header_length': 24, 'padding_length': 0, 'payload_size': 1388, 'payload_type': 126, 'send_time_ms': 42669, 'sequence_number': 1820, 'ssrc': 12648429}
{'arrival_time_ms': 45809, 'header_length': 24, 'padding_length': 0, 'payload_size': 1213, 'payload_type': 126, 'send_time_ms': 42734, 'sequence_number': 1822, 'ssrc': 12648429}
{'arrival_time_ms': 45843, 'header_length': 24, 'padding_length': 0, 'payload_size': 1213, 'payload_type': 126, 'send_time_ms': 42769, 'sequence_number': 1823, 'ssrc': 12648429}
{'arrival_time_ms': 45865, 'header_length': 24, 'padding_length': 0, 'payload_size': 773, 'payload_type': 126, 'send_time_ms': 42804, 'sequence_number': 1824, 'ssrc': 12648429}
{'arrival_time_ms': 45887, 'header_length': 24, 'padding_length': 0, 'payload_size': 774, 'payload_type': 126, 'send_time_ms': 42809, 'sequence_number': 1825, 'ssrc': 12648429}
{'arrival_time_ms': 45909, 'header_length': 24, 'padding_length': 0, 'payload_size': 773, 'payload_type': 126, 'send_time_ms': 42834, 'sequence_number': 1826, 'ssrc': 12648429}
{'arrival_time_ms': 45931, 'header_length': 24, 'padding_length': 0, 'payload_size': 774, 'payload_type': 126, 'send_time_ms': 42839, 'sequence_number': 1827, 'ssrc': 12648429}
{'arrival_time_ms': 45951, 'header_length': 24, 'padding_length': 0, 'payload_size': 692, 'payload_type': 126, 'send_time_ms': 42869, 'sequence_number': 1828, 'ssrc': 12648429}
{'arrival_time_ms': 45971, 'header_length': 24, 'padding_length': 0, 'payload_size': 692, 'payload_type': 126, 'send_time_ms': 42904, 'sequence_number': 1829, 'ssrc': 12648429}
{'arrival_time_ms': 45995, 'header_length': 24, 'padding_length': 0, 'payload_size': 863, 'payload_type': 126, 'send_time_ms': 42934, 'sequence_number': 1830, 'ssrc': 12648429}
{'arrival_time_ms': 46017, 'header_length': 24, 'padding_length': 0, 'payload_size': 776, 'payload_type': 126, 'send_time_ms': 42969, 'sequence_number': 1831, 'ssrc': 12648429}
{'arrival_time_ms': 46040, 'header_length': 24, 'padding_length': 0, 'payload_size': 776, 'payload_type': 126, 'send_time_ms': 42974, 'sequence_number': 1832, 'ssrc': 12648429}
{'arrival_time_ms': 46062, 'header_length': 24, 'padding_length': 0, 'payload_size': 776, 'payload_type': 126, 'send_time_ms': 43004, 'sequence_number': 1833, 'ssrc': 12648429}
{'arrival_time_ms': 46084, 'header_length': 24, 'padding_length': 0, 'payload_size': 776, 'payload_type': 126, 'send_time_ms': 43009, 'sequence_number': 1834, 'ssrc': 12648429}
{'arrival_time_ms': 46106, 'header_length': 24, 'padding_length': 0, 'payload_size': 776, 'payload_type': 126, 'send_time_ms': 43034, 'sequence_number': 1835, 'ssrc': 12648429}
{'arrival_time_ms': 46128, 'header_length': 24, 'padding_length': 0, 'payload_size': 776, 'payload_type': 126, 'send_time_ms': 43039, 'sequence_number': 1836, 'ssrc': 12648429}
{'arrival_time_ms': 46150, 'header_length': 24, 'padding_length': 0, 'payload_size': 776, 'payload_type': 126, 'send_time_ms': 43069, 'sequence_number': 1837, 'ssrc': 12648429}
{'arrival_time_ms': 46178, 'header_length': 24, 'padding_length': 0, 'payload_size': 996, 'payload_type': 126, 'send_time_ms': 43104, 'sequence_number': 1839, 'ssrc': 12648429}
{'arrival_time_ms': 46206, 'header_length': 24, 'padding_length': 0, 'payload_size': 996, 'payload_type': 126, 'send_time_ms': 43134, 'sequence_number': 1840, 'ssrc': 12648429}
{'arrival_time_ms': 46245, 'header_length': 24, 'padding_length': 0, 'payload_size': 1396, 'payload_type': 126, 'send_time_ms': 43169, 'sequence_number': 1841, 'ssrc': 12648429}
{'arrival_time_ms': 46284, 'header_length': 24, 'padding_length': 0, 'payload_size': 1396, 'payload_type': 126, 'send_time_ms': 43204, 'sequence_number': 1842, 'ssrc': 12648429}
{'arrival_time_ms': 46309, 'header_length': 24, 'padding_length': 0, 'payload_size': 901, 'payload_type': 126, 'send_time_ms': 43234, 'sequence_number': 1843, 'ssrc': 12648429}
{'arrival_time_ms': 46334, 'header_length': 24, 'padding_length': 0, 'payload_size': 901, 'payload_type': 126, 'send_time_ms': 43239, 'sequence_number': 1844, 'ssrc': 12648429}
{'arrival_time_ms': 46360, 'header_length': 24, 'padding_length': 0, 'payload_size': 901, 'payload_type': 126, 'send_time_ms': 43269, 'sequence_number': 1845, 'ssrc': 12648429}
{'arrival_time_ms': 46383, 'header_length': 24, 'padding_length': 0, 'payload_size': 801, 'payload_type': 126, 'send_time_ms': 43304, 'sequence_number': 1847, 'ssrc': 12648429}
{'arrival_time_ms': 46406, 'header_length': 24, 'padding_length': 0, 'payload_size': 801, 'payload_type': 126, 'send_time_ms': 43309, 'sequence_number': 1848, 'ssrc': 12648429}
{'arrival_time_ms': 46434, 'header_length': 24, 'padding_length': 0, 'payload_size': 1021, 'payload_type': 126, 'send_time_ms': 43334, 'sequence_number': 1849, 'ssrc': 12648429}
{'arrival_time_ms': 46463, 'header_length': 24, 'padding_length': 0, 'payload_size': 1021, 'payload_type': 126, 'send_time_ms': 43369, 'sequence_number': 1850, 'ssrc': 12648429}
{'arrival_time_ms': 46498, 'header_length': 24, 'padding_length': 0, 'payload_size': 1246, 'payload_type': 126, 'send_time_ms': 43404, 'sequence_number': 1851, 'ssrc': 12648429}
{'arrival_time_ms': 46520, 'header_length': 24, 'padding_length': 0, 'payload_size': 790, 'payload_type': 98, 'send_time_ms': 43434, 'sequence_number': 126, 'ssrc': 195939069}
{'arrival_time_ms': 46555, 'header_length': 24, 'padding_length': 0, 'payload_size': 1246, 'payload_type': 126, 'send_time_ms': 43449, 'sequence_number': 1852, 'ssrc': 12648429}
{'arrival_time_ms': 46580, 'header_length': 24, 'padding_length': 0, 'payload_size': 901, 'payload_type': 126, 'send_time_ms': 43474, 'sequence_number': 1854, 'ssrc': 12648429}
{'arrival_time_ms': 46606, 'header_length': 24, 'padding_length': 0, 'payload_size': 901, 'payload_type': 126, 'send_time_ms': 43504, 'sequence_number': 1855, 'ssrc': 12648429}
{'arrival_time_ms': 46634, 'header_length': 24, 'padding_length': 0, 'payload_size': 1001, 'payload_type': 126, 'send_time_ms': 43534, 'sequence_number': 1857, 'ssrc': 12648429}
{'arrival_time_ms': 46664, 'header_length': 24, 'padding_length': 0, 'payload_size': 1001, 'payload_type': 126, 'send_time_ms': 43569, 'sequence_number': 1858, 'ssrc': 12648429}
{'arrival_time_ms': 46692, 'header_length': 24, 'padding_length': 0, 'payload_size': 1001, 'payload_type': 126, 'send_time_ms': 43604, 'sequence_number': 1859, 'ssrc': 12648429}
{'arrival_time_ms': 46715, 'header_length': 24, 'padding_length': 0, 'payload_size': 796, 'payload_type': 126, 'send_time_ms': 43634, 'sequence_number': 1860, 'ssrc': 12648429}
{'arrival_time_ms': 46737, 'header_length': 24, 'padding_length': 0, 'payload_size': 796, 'payload_type': 126, 'send_time_ms': 43669, 'sequence_number': 1861, 'ssrc': 12648429}
{'arrival_time_ms': 46776, 'header_length': 24, 'padding_length': 0, 'payload_size': 1396, 'payload_type': 126, 'send_time_ms': 43704, 'sequence_number': 1862, 'ssrc': 12648429}
{'arrival_time_ms': 46815, 'header_length': 24, 'padding_length': 0, 'payload_size': 1396, 'payload_type': 126, 'send_time_ms': 43734, 'sequence_number': 1863, 'ssrc': 12648429}
{'arrival_time_ms': 46843, 'header_length': 24, 'padding_length': 0, 'payload_size': 996, 'payload_type': 126, 'send_time_ms': 43769, 'sequence_number': 1864, 'ssrc': 12648429}
{'arrival_time_ms': 46871, 'header_length': 24, 'padding_length': 0, 'payload_size': 996, 'payload_type': 126, 'send_time_ms': 43804, 'sequence_number': 1865, 'ssrc': 12648429}
{'arrival_time_ms': 46909, 'header_length': 24, 'padding_length': 0, 'payload_size': 1396, 'payload_type': 126, 'send_time_ms': 43834, 'sequence_number': 1866, 'ssrc': 12648429}
{'arrival_time_ms': 46948, 'header_length': 24, 'padding_length': 0, 'payload_size': 1396, 'payload_type': 126, 'send_time_ms': 43869, 'sequence_number': 1867, 'ssrc': 12648429}
{'arrival_time_ms': 46973, 'header_length': 24, 'padding_length': 0, 'payload_size': 898, 'payload_type': 126, 'send_time_ms': 43904, 'sequence_number': 1868, 'ssrc': 12648429}
{'arrival_time_ms': 46999, 'header_length': 24, 'padding_length': 0, 'payload_size': 899, 'payload_type': 126, 'send_time_ms': 43909, 'sequence_number': 1869, 'ssrc': 12648429}
{'arrival_time_ms': 47032, 'header_length': 24, 'padding_length': 0, 'payload_size': 1196, 'payload_type': 126, 'send_time_ms': 43934, 'sequence_number': 1870, 'ssrc': 12648429}
{'arrival_time_ms': 47065, 'header_length': 24, 'padding_length': 0, 'payload_size': 1196, 'payload_type': 126, 'send_time_ms': 43969, 'sequence_number': 1871, 'ssrc': 12648429}
{'arrival_time_ms': 47093, 'header_length': 24, 'padding_length': 0, 'payload_size': 996, 'payload_type': 126, 'send_time_ms': 44004, 'sequence_number': 1872, 'ssrc': 12648429}
{'arrival_time_ms': 47121, 'header_length': 24, 'padding_length': 0, 'payload_size': 996, 'payload_type': 126, 'send_time_ms': 44034, 'sequence_number': 1873, 'ssrc': 12648429}
{'arrival_time_ms': 47157, 'header_length': 24, 'padding_length': 0, 'payload_size': 1196, 'payload_type': 126, 'send_time_ms': 44069, 'sequence_number': 1874, 'ssrc': 12648429}
{'arrival_time_ms': 47190, 'header_length': 24, 'padding_length': 0, 'payload_size': 1196, 'payload_type': 126, 'send_time_ms': 44104, 'sequence_number': 1875, 'ssrc': 12648429}
{'arrival_time_ms': 47215, 'header_length': 24, 'padding_length': 0, 'payload_size': 898, 'payload_type': 126, 'send_time_ms': 44134, 'sequence_number': 1876, 'ssrc': 12648429}
{'arrival_time_ms': 47241, 'header_length': 24, 'padding_length': 0, 'payload_size': 899, 'payload_type': 126, 'send_time_ms': 44139, 'sequence_number': 1877, 'ssrc': 12648429}
{'arrival_time_ms': 47266, 'header_length': 24, 'padding_length': 0, 'payload_size': 899, 'payload_type': 126, 'send_time_ms': 44174, 'sequence_number': 1879, 'ssrc': 12648429}
{'arrival_time_ms': 47292, 'header_length': 24, 'padding_length': 0, 'payload_size': 898, 'payload_type': 126, 'send_time_ms': 44204, 'sequence_number': 1880, 'ssrc': 12648429}
{'arrival_time_ms': 47317, 'header_length': 24, 'padding_length': 0, 'payload_size': 898, 'payload_type': 126, 'send_time_ms': 44234, 'sequence_number': 1882, 'ssrc': 12648429}
{'arrival_time_ms': 47343, 'header_length': 24, 'padding_length': 0, 'payload_size': 921, 'payload_type': 98, 'send_time_ms': 44249, 'sequence_number': 128, 'ssrc': 195939069}
{'arrival_time_ms': 47369, 'header_length': 24, 'padding_length': 0, 'payload_size': 922, 'payload_type': 98, 'send_time_ms': 44299, 'sequence_number': 129, 'ssrc': 195939069}
{'arrival_time_ms': 47394, 'header_length': 24, 'padding_length': 0, 'payload_size': 898, 'payload_type': 126, 'send_time_ms': 44304, 'sequence_number': 1886, 'ssrc': 12648429}
{'arrival_time_ms': 47420, 'header_length': 24, 'padding_length': 0, 'payload_size': 898, 'payload_type': 126, 'send_time_ms': 44334, 'sequence_number': 1888, 'ssrc': 12648429}
{'arrival_time_ms': 47451, 'header_length': 24, 'padding_length': 0, 'payload_size': 1126, 'payload_type': 126, 'send_time_ms': 44369, 'sequence_number': 1890, 'ssrc': 12648429}
{'arrival_time_ms': 47483, 'header_length': 24, 'padding_length': 0, 'payload_size': 1126, 'payload_type': 126, 'send_time_ms': 44404, 'sequence_number': 1891, 'ssrc': 12648429}
{'arrival_time_ms': 47506, 'header_length': 24, 'padding_length': 0, 'payload_size': 834, 'payload_type': 98, 'send_time_ms': 44429, 'sequence_number': 131, 'ssrc': 195939069}
{'arrival_time_ms': 47531, 'header_length': 24, 'padding_length': 0, 'payload_size': 859, 'payload_type': 126, 'send_time_ms': 44469, 'sequence_number': 1893, 'ssrc': 12648429}
{'arrival_time_ms': 47555, 'header_length': 24, 'padding_length': 0, 'payload_size': 859, 'payload_type': 126, 'send_time_ms': 44474, 'sequence_number': 1894, 'ssrc': 12648429}
{'arrival_time_ms': 47581, 'header_length': 24, 'padding_length': 0, 'payload_size': 938, 'payload_type': 98, 'send_time_ms': 44504, 'sequence_number': 133, 'ssrc': 195939069}
{'arrival_time_ms': 47604, 'header_length': 24, 'padding_length': 0, 'payload_size': 798, 'payload_type': 98, 'send_time_ms': 44509, 'sequence_number': 134, 'ssrc': 195939069}
{'arrival_time_ms': 47629, 'header_length': 24, 'padding_length': 0, 'payload_size': 859, 'payload_type': 126, 'send_time_ms': 44534, 'sequence_number': 1897, 'ssrc': 12648429}
{'arrival_time_ms': 47655, 'header_length': 24, 'padding_length': 0, 'payload_size': 859, 'payload_type': 126, 'send_time_ms': 44569, 'sequence_number': 1899, 'ssrc': 12648429}
{'arrival_time_ms': 47675, 'header_length': 24, 'padding_length': 0, 'payload_size': 709, 'payload_type': 126, 'send_time_ms': 44604, 'sequence_number': 1901, 'ssrc': 12648429}
{'arrival_time_ms': 47695, 'header_length': 24, 'padding_length': 0, 'payload_size': 709, 'payload_type': 126, 'send_time_ms': 44634, 'sequence_number': 1902, 'ssrc': 12648429}
{'arrival_time_ms': 47718, 'header_length': 24, 'padding_length': 0, 'payload_size': 798, 'payload_type': 126, 'send_time_ms': 44669, 'sequence_number': 1903, 'ssrc': 12648429}
{'arrival_time_ms': 47741, 'header_length': 24, 'padding_length': 0, 'payload_size': 799, 'payload_type': 126, 'send_time_ms': 44674, 'sequence_number': 1904, 'ssrc': 12648429}
{'arrival_time_ms': 47764, 'header_length': 24, 'padding_length': 0, 'payload_size': 798, 'payload_type': 126, 'send_time_ms': 44704, 'sequence_number': 1905, 'ssrc': 12648429}
{'arrival_time_ms': 47786, 'header_length': 24, 'padding_length': 0, 'payload_size': 799, 'payload_type': 126, 'send_time_ms': 44709, 'sequence_number': 1906, 'ssrc': 12648429}
{'arrival_time_ms': 47811, 'header_length': 24, 'padding_length': 0, 'payload_size': 888, 'payload_type': 126, 'send_time_ms': 44734, 'sequence_number': 1907, 'ssrc': 12648429}
{'arrival_time_ms': 47846, 'header_length': 24, 'padding_length': 0, 'payload_size': 1242, 'payload_type': 126, 'send_time_ms': 44769, 'sequence_number': 1908, 'ssrc': 12648429}
{'arrival_time_ms': 47881, 'header_length': 24, 'padding_length': 0, 'payload_size': 1242, 'payload_type': 126, 'send_time_ms': 44804, 'sequence_number': 1909, 'ssrc': 12648429}
{'arrival_time_ms': 47902, 'header_length': 24, 'padding_length': 0, 'payload_size': 748, 'payload_type': 98, 'send_time_ms': 44814, 'sequence_number': 136, 'ssrc': 195939069}
{'arrival_time_ms': 47927, 'header_length': 24, 'padding_length': 0, 'payload_size': 876, 'payload_type': 126, 'send_time_ms': 44834, 'sequence_number': 1910, 'ssrc': 12648429}
{'arrival_time_ms': 47952, 'header_length': 24, 'padding_length': 0, 'payload_size': 876, 'payload_type': 126, 'send_time_ms': 44869, 'sequence_number': 1911, 'ssrc': 12648429}
{'arrival_time_ms': 47974, 'header_length': 24, 'padding_length': 0, 'payload_size': 786, 'payload_type': 126, 'send_time_ms': 44904, 'sequence_number': 1912, 'ssrc': 12648429}
{'arrival_time_ms': 47996, 'header_length': 24, 'padding_length': 0, 'payload_size': 786, 'payload_type': 126, 'send_time_ms': 44909, 'sequence_number': 1913, 'ssrc': 12648429}
{'arrival_time_ms': 48019, 'header_length': 24, 'padding_length': 0, 'payload_size': 786, 'payload_type': 126, 'send_time_ms': 44934, 'sequence_number': 1914, 'ssrc': 12648429}
{'arrival_time_ms': 48041, 'header_length': 24, 'padding_length': 0, 'payload_size': 786, 'payload_type': 126, 'send_time_ms': 44939, 'sequence_number': 1915, 'ssrc': 12648429}
{'arrival_time_ms': 48061, 'header_length': 24, 'padding_length': 0, 'payload_size': 696, 'payload_type': 126, 'send_time_ms': 44969, 'sequence_number': 1916, 'ssrc': 12648429}
{'arrival_time_ms': 48081, 'header_length': 24, 'padding_length': 0, 'payload_size': 696, 'payload_type': 126, 'send_time_ms': 45004, 'sequence_number': 1917, 'ssrc': 12648429}
{'arrival_time_ms': 48107, 'header_length': 24, 'padding_length': 0, 'payload_size': 830, 'payload_type': 98, 'send_time_ms': 45034, 'sequence_number': 137, 'ssrc': 195939069}
{'arrival_time_ms': 48129, 'header_length': 24, 'padding_length': 0, 'payload_size': 784, 'payload_type': 126, 'send_time_ms': 45039, 'sequence_number': 1918, 'ssrc': 12648429}
{'arrival_time_ms': 48151, 'header_length': 24, 'padding_length': 0, 'payload_size': 784, 'payload_type': 126, 'send_time_ms': 45044, 'sequence_number': 1919, 'ssrc': 12648429}
{'arrival_time_ms': 48171, 'header_length': 24, 'padding_length': 0, 'payload_size': 684, 'payload_type': 126, 'send_time_ms': 45104, 'sequence_number': 1921, 'ssrc': 12648429}
{'arrival_time_ms': 48193, 'header_length': 24, 'padding_length': 0, 'payload_size': 769, 'payload_type': 126, 'send_time_ms': 45134, 'sequence_number': 1922, 'ssrc': 12648429}
{'arrival_time_ms': 48215, 'header_length': 24, 'padding_length': 0, 'payload_size': 770, 'payload_type': 126, 'send_time_ms': 45139, 'sequence_number': 1923, 'ssrc': 12648429}
{'arrival_time_ms': 48237, 'header_length': 24, 'padding_length': 0, 'payload_size': 769, 'payload_type': 126, 'send_time_ms': 45169, 'sequence_number': 1924, 'ssrc': 12648429}
{'arrival_time_ms': 48259, 'header_length': 24, 'padding_length': 0, 'payload_size': 770, 'payload_type': 126, 'send_time_ms': 45174, 'sequence_number': 1925, 'ssrc': 12648429}
{'arrival_time_ms': 48283, 'header_length': 24, 'padding_length': 0, 'payload_size': 851, 'payload_type': 126, 'send_time_ms': 45204, 'sequence_number': 1926, 'ssrc': 12648429}
{'arrival_time_ms': 48307, 'header_length': 24, 'padding_length': 0, 'payload_size': 851, 'payload_type': 126, 'send_time_ms': 45234, 'sequence_number': 1927, 'ssrc': 12648429}
{'arrival_time_ms': 48336, 'header_length': 24, 'padding_length': 0, 'payload_size': 1013, 'payload_type': 126, 'send_time_ms': 45269, 'sequence_number': 1928, 'ssrc': 12648429}
{'arrival_time_ms': 48359, 'header_length': 24, 'padding_length': 0, 'payload_size': 832, 'payload_type': 98, 'send_time_ms': 45304, 'sequence_number': 138, 'ssrc': 195939069}
{'arrival_time_ms': 48383, 'header_length': 24, 'padding_length': 0, 'payload_size': 832, 'payload_type': 98, 'send_time_ms': 45309, 'sequence_number': 139, 'ssrc': 195939069}
{'arrival_time_ms': 48406, 'header_length': 24, 'padding_length': 0, 'payload_size': 832, 'payload_type': 98, 'send_time_ms': 45314, 'sequence_number': 140, 'ssrc': 195939069}
{'arrival_time_ms': 48435, 'header_length': 24, 'padding_length': 0, 'payload_size': 1019, 'payload_type': 98, 'send_time_ms': 45329, 'sequence_number': 142, 'ssrc': 195939069}
{'arrival_time_ms': 48473, 'header_length': 24, 'padding_length': 0, 'payload_size': 1371, 'payload_type': 126, 'send_time_ms': 45369, 'sequence_number': 1931, 'ssrc': 12648429}
{'arrival_time_ms': 48492, 'header_length': 24, 'padding_length': 0, 'payload_size': 646, 'payload_type': 126, 'send_time_ms': 45434, 'sequence_number': 1933, 'ssrc': 12648429}
{'arrival_time_ms': 48510, 'header_length': 24, 'padding_length': 0, 'payload_size': 646, 'payload_type': 126, 'send_time_ms': 45469, 'sequence_number': 1934, 'ssrc': 12648429}
{'arrival_time_ms': 48534, 'header_length': 24, 'padding_length': 0, 'payload_size': 753, 'payload_type': 126, 'send_time_ms': 45504, 'sequence_number': 1935, 'ssrc': 12648429}
{'arrival_time_ms': 48555, 'header_length': 24, 'padding_length': 0, 'payload_size': 753, 'payload_type': 126, 'send_time_ms': 45509, 'sequence_number': 1936, 'ssrc': 12648429}
{'arrival_time_ms': 48577, 'header_length': 24, 'padding_length': 0, 'payload_size': 753, 'payload_type': 126, 'send_time_ms': 45534, 'sequence_number': 1937, 'ssrc': 12648429}
{'arrival_time_ms': 48598, 'header_length': 24, 'padding_length': 0, 'payload_size': 753, 'payload_type': 126, 'send_time_ms': 45539, 'sequence_number': 1938, 'ssrc': 12648429}
{'arrival_time_ms': 48623, 'header_length': 24, 'padding_length': 0, 'payload_size': 867, 'payload_type': 126, 'send_time_ms': 45569, 'sequence_number': 1939, 'ssrc': 12648429}
{'arrival_time_ms': 48647, 'header_length': 24, 'padding_length': 0, 'payload_size': 867, 'payload_type': 126, 'send_time_ms': 45604, 'sequence_number': 1940, 'ssrc': 12648429}
{'arrival_time_ms': 48672, 'header_length': 24, 'padding_length': 0, 'payload_size': 867, 'payload_type': 126, 'send_time_ms': 45634, 'sequence_number': 1941, 'ssrc': 12648429}
{'arrival_time_ms': 48693, 'header_length': 24, 'padding_length': 0, 'payload_size': 732, 'payload_type': 98, 'send_time_ms': 45644, 'sequence_number': 143, 'ssrc': 195939069}
{'arrival_time_ms': 48718, 'header_length': 24, 'padding_length': 0, 'payload_size': 867, 'payload_type': 126, 'send_time_ms': 45669, 'sequence_number': 1942, 'ssrc': 12648429}
{'arrival_time_ms': 48737, 'header_length': 24, 'padding_length': 0, 'payload_size': 692, 'payload_type': 126, 'send_time_ms': 45704, 'sequence_number': 1943, 'ssrc': 12648429}
{'arrival_time_ms': 48776, 'header_length': 24, 'padding_length': 0, 'payload_size': 1380, 'payload_type': 126, 'send_time_ms': 45734, 'sequence_number': 1944, 'ssrc': 12648429}
{'arrival_time_ms': 48814, 'header_length': 24, 'padding_length': 0, 'payload_size': 1380, 'payload_type': 126, 'send_time_ms': 45769, 'sequence_number': 1945, 'ssrc': 12648429}
{'arrival_time_ms': 48836, 'header_length': 24, 'padding_length': 0, 'payload_size': 778, 'payload_type': 126, 'send_time_ms': 45804, 'sequence_number': 1946, 'ssrc': 12648429}
{'arrival_time_ms': 48858, 'header_length': 24, 'padding_length': 0, 'payload_size': 778, 'payload_type': 126, 'send_time_ms': 45809, 'sequence_number': 1947, 'ssrc': 12648429}
{'arrival_time_ms': 48880, 'header_length': 24, 'padding_length': 0, 'payload_size': 778, 'payload_type': 126, 'send_time_ms': 45834, 'sequence_number': 1948, 'ssrc': 12648429}
{'arrival_time_ms': 48903, 'header_length': 24, 'padding_length': 0, 'payload_size': 778, 'payload_type': 126, 'send_time_ms': 45839, 'sequence_number': 1949, 'ssrc': 12648429}
{'arrival_time_ms': 48928, 'header_length': 24, 'padding_length': 0, 'payload_size': 884, 'payload_type': 126, 'send_time_ms': 45869, 'sequence_number': 1950, 'ssrc': 12648429}
{'arrival_time_ms': 48953, 'header_length': 24, 'padding_length': 0, 'payload_size': 884, 'payload_type': 126, 'send_time_ms': 45904, 'sequence_number': 1951, 'ssrc': 12648429}
{'arrival_time_ms': 48991, 'header_length': 24, 'padding_length': 0, 'payload_size': 1390, 'payload_type': 98, 'send_time_ms': 45914, 'sequence_number': 144, 'ssrc': 195939069}
{'arrival_time_ms': 49014, 'header_length': 24, 'padding_length': 0, 'payload_size': 794, 'payload_type': 126, 'send_time_ms': 45934, 'sequence_number': 1952, 'ssrc': 12648429}
{'arrival_time_ms': 49036, 'header_length': 24, 'padding_length': 0, 'payload_size': 795, 'payload_type': 126, 'send_time_ms': 45939, 'sequence_number': 1953, 'ssrc': 12648429}
{'arrival_time_ms': 49059, 'header_length': 24, 'padding_length': 0, 'payload_size': 794, 'payload_type': 126, 'send_time_ms': 45969, 'sequence_number': 1954, 'ssrc': 12648429}
{'arrival_time_ms': 49088, 'header_length': 24, 'padding_length': 0, 'payload_size': 1026, 'payload_type': 126, 'send_time_ms': 46004, 'sequence_number': 1956, 'ssrc': 12648429}
{'arrival_time_ms': 49108, 'header_length': 24, 'padding_length': 0, 'payload_size': 684, 'payload_type': 126, 'send_time_ms': 46034, 'sequence_number': 1957, 'ssrc': 12648429}
{'arrival_time_ms': 49127, 'header_length': 24, 'padding_length': 0, 'payload_size': 684, 'payload_type': 126, 'send_time_ms': 46069, 'sequence_number': 1958, 'ssrc': 12648429}
{'arrival_time_ms': 49150, 'header_length': 24, 'padding_length': 0, 'payload_size': 782, 'payload_type': 126, 'send_time_ms': 46104, 'sequence_number': 1959, 'ssrc': 12648429}
{'arrival_time_ms': 49172, 'header_length': 24, 'padding_length': 0, 'payload_size': 782, 'payload_type': 126, 'send_time_ms': 46109, 'sequence_number': 1960, 'ssrc': 12648429}
{'arrival_time_ms': 49194, 'header_length': 24, 'padding_length': 0, 'payload_size': 782, 'payload_type': 126, 'send_time_ms': 46134, 'sequence_number': 1961, 'ssrc': 12648429}
{'arrival_time_ms': 49216, 'header_length': 24, 'padding_length': 0, 'payload_size': 782, 'payload_type': 126, 'send_time_ms': 46139, 'sequence_number': 1962, 'ssrc': 12648429}
{'arrival_time_ms': 49251, 'header_length': 24, 'padding_length': 0, 'payload_size': 1226, 'payload_type': 126, 'send_time_ms': 46169, 'sequence_number': 1963, 'ssrc': 12648429}
{'arrival_time_ms': 49285, 'header_length': 24, 'padding_length': 0, 'payload_size': 1226, 'payload_type': 126, 'send_time_ms': 46204, 'sequence_number': 1964, 'ssrc': 12648429}
{'arrival_time_ms': 49323, 'header_length': 24, 'padding_length': 0, 'payload_size': 1401, 'payload_type': 126, 'send_time_ms': 46234, 'sequence_number': 1965, 'ssrc': 12648429}
{'arrival_time_ms': 49362, 'header_length': 24, 'padding_length': 0, 'payload_size': 1401, 'payload_type': 126, 'send_time_ms': 46269, 'sequence_number': 1966, 'ssrc': 12648429}
{'arrival_time_ms': 49384, 'header_length': 24, 'padding_length': 0, 'payload_size': 778, 'payload_type': 98, 'send_time_ms': 46284, 'sequence_number': 145, 'ssrc': 195939069}
{'arrival_time_ms': 49409, 'header_length': 24, 'padding_length': 0, 'payload_size': 880, 'payload_type': 126, 'send_time_ms': 46334, 'sequence_number': 1968, 'ssrc': 12648429}
{'arrival_time_ms': 49434, 'header_length': 24, 'padding_length': 0, 'payload_size': 880, 'payload_type': 126, 'send_time_ms': 46369, 'sequence_number': 1969, 'ssrc': 12648429}
{'arrival_time_ms': 49466, 'header_length': 24, 'padding_length': 0, 'payload_size': 1151, 'payload_type': 126, 'send_time_ms': 46404, 'sequence_number': 1970, 'ssrc': 12648429}
{'arrival_time_ms': 49499, 'header_length': 24, 'padding_length': 0, 'payload_size': 1151, 'payload_type': 126, 'send_time_ms': 46434, 'sequence_number': 1971, 'ssrc': 12648429}
{'arrival_time_ms': 49536, 'header_length': 24, 'padding_length': 0, 'payload_size': 1342, 'payload_type': 126, 'send_time_ms': 46469, 'sequence_number': 1972, 'ssrc': 12648429}
{'arrival_time_ms': 49563, 'header_length': 24, 'padding_length': 0, 'payload_size': 903, 'payload_type': 98, 'send_time_ms': 46489, 'sequence_number': 146, 'ssrc': 195939069}
{'arrival_time_ms': 49600, 'header_length': 24, 'padding_length': 0, 'payload_size': 1342, 'payload_type': 126, 'send_time_ms': 46504, 'sequence_number': 1973, 'ssrc': 12648429}
{'arrival_time_ms': 49638, 'header_length': 24, 'padding_length': 0, 'payload_size': 1342, 'payload_type': 126, 'send_time_ms': 46569, 'sequence_number': 1975, 'ssrc': 12648429}
{'arrival_time_ms': 49675, 'header_length': 24, 'padding_length': 0, 'payload_size': 1342, 'payload_type': 126, 'send_time_ms': 46604, 'sequence_number': 1976, 'ssrc': 12648429}
{'arrival_time_ms': 49701, 'header_length': 24, 'padding_length': 0, 'payload_size': 938, 'payload_type': 126, 'send_time_ms': 46634, 'sequence_number': 1977, 'ssrc': 12648429}
{'arrival_time_ms': 49728, 'header_length': 24, 'padding_length': 0, 'payload_size': 938, 'payload_type': 126, 'send_time_ms': 46669, 'sequence_number': 1978, 'ssrc': 12648429}
{'arrival_time_ms': 49753, 'header_length': 24, 'padding_length': 0, 'payload_size': 903, 'payload_type': 98, 'send_time_ms': 46689, 'sequence_number': 147, 'ssrc': 195939069}
{'arrival_time_ms': 49790, 'header_length': 24, 'padding_length': 0, 'payload_size': 1342, 'payload_type': 126, 'send_time_ms': 46704, 'sequence_number': 1979, 'ssrc': 12648429}
{'arrival_time_ms': 49828, 'header_length': 24, 'padding_length': 0, 'payload_size': 1342, 'payload_type': 126, 'send_time_ms': 46734, 'sequence_number': 1980, 'ssrc': 12648429}
{'arrival_time_ms': 49853, 'header_length': 24, 'padding_length': 0, 'payload_size': 903, 'payload_type': 98, 'send_time_ms': 46744, 'sequence_number': 148, 'ssrc': 195939069}
{'arrival_time_ms': 49879, 'header_length': 24, 'padding_length': 0, 'payload_size': 917, 'payload_type': 126, 'send_time_ms': 46804, 'sequence_number': 1982, 'ssrc': 12648429}
{'arrival_time_ms': 49900, 'header_length': 24, 'padding_length': 0, 'payload_size': 732, 'payload_type': 126, 'send_time_ms': 46834, 'sequence_number': 1983, 'ssrc': 12648429}
{'arrival_time_ms': 49921, 'header_length': 24, 'padding_length': 0, 'payload_size': 732, 'payload_type': 126, 'send_time_ms': 46839, 'sequence_number': 1984, 'ssrc': 12648429}
{'arrival_time_ms': 49942, 'header_length': 24, 'padding_length': 0, 'payload_size': 732, 'payload_type': 126, 'send_time_ms': 46869, 'sequence_number': 1985, 'ssrc': 12648429}
{'arrival_time_ms': 49963, 'header_length': 24, 'padding_length': 0, 'payload_size': 732, 'payload_type': 126, 'send_time_ms': 46874, 'sequence_number': 1986, 'ssrc': 12648429}
{'arrival_time_ms': 49989, 'header_length': 24, 'padding_length': 0, 'payload_size': 913, 'payload_type': 126, 'send_time_ms': 46904, 'sequence_number': 1987, 'ssrc': 12648429}
{'arrival_time_ms': 50013, 'header_length': 24, 'padding_length': 0, 'payload_size': 853, 'payload_type': 126, 'send_time_ms': 46934, 'sequence_number': 1988, 'ssrc': 12648429}
{'arrival_time_ms': 50037, 'header_length': 24, 'padding_length': 0, 'payload_size': 853, 'payload_type': 126, 'send_time_ms': 46939, 'sequence_number': 1989, 'ssrc': 12648429}
{'arrival_time_ms': 50061, 'header_length': 24, 'padding_length': 0, 'payload_size': 853, 'payload_type': 126, 'send_time_ms': 46969, 'sequence_number': 1990, 'ssrc': 12648429}
{'arrival_time_ms': 50088, 'header_length': 24, 'padding_length': 0, 'payload_size': 946, 'payload_type': 126, 'send_time_ms': 47004, 'sequence_number': 1992, 'ssrc': 12648429}
{'arrival_time_ms': 50115, 'header_length': 24, 'padding_length': 0, 'payload_size': 946, 'payload_type': 126, 'send_time_ms': 47034, 'sequence_number': 1993, 'ssrc': 12648429}
{'arrival_time_ms': 50139, 'header_length': 24, 'padding_length': 0, 'payload_size': 855, 'payload_type': 126, 'send_time_ms': 47069, 'sequence_number': 1994, 'ssrc': 12648429}
{'arrival_time_ms': 50163, 'header_length': 24, 'padding_length': 0, 'payload_size': 855, 'payload_type': 126, 'send_time_ms': 47074, 'sequence_number': 1995, 'ssrc': 12648429}
{'arrival_time_ms': 50187, 'header_length': 24, 'padding_length': 0, 'payload_size': 855, 'payload_type': 126, 'send_time_ms': 47104, 'sequence_number': 1996, 'ssrc': 12648429}
{'arrival_time_ms': 50214, 'header_length': 24, 'padding_length': 0, 'payload_size': 951, 'payload_type': 126, 'send_time_ms': 47134, 'sequence_number': 1998, 'ssrc': 12648429}
{'arrival_time_ms': 50241, 'header_length': 24, 'padding_length': 0, 'payload_size': 951, 'payload_type': 126, 'send_time_ms': 47169, 'sequence_number': 1999, 'ssrc': 12648429}
{'arrival_time_ms': 50268, 'header_length': 24, 'padding_length': 0, 'payload_size': 951, 'payload_type': 126, 'send_time_ms': 47204, 'sequence_number': 2000, 'ssrc': 12648429}
{'arrival_time_ms': 50289, 'header_length': 24, 'padding_length': 0, 'payload_size': 759, 'payload_type': 126, 'send_time_ms': 47234, 'sequence_number': 2001, 'ssrc': 12648429}
{'arrival_time_ms': 50311, 'header_length': 24, 'padding_length': 0, 'payload_size': 759, 'payload_type': 126, 'send_time_ms': 47269, 'sequence_number': 2002, 'ssrc': 12648429}
{'arrival_time_ms': 50336, 'header_length': 24, 'padding_length': 0, 'payload_size': 867, 'payload_type': 126, 'send_time_ms': 47304, 'sequence_number': 2003, 'ssrc': 12648429}
{'arrival_time_ms': 50360, 'header_length': 24, 'padding_length': 0, 'payload_size': 868, 'payload_type': 126, 'send_time_ms': 47309, 'sequence_number': 2004, 'ssrc': 12648429}
{'arrival_time_ms': 50385, 'header_length': 24, 'padding_length': 0, 'payload_size': 867, 'payload_type': 126, 'send_time_ms': 47334, 'sequence_number': 2005, 'ssrc': 12648429}
{'arrival_time_ms': 50409, 'header_length': 24, 'padding_length': 0, 'payload_size': 868, 'payload_type': 126, 'send_time_ms': 47339, 'sequence_number': 2006, 'ssrc': 12648429}
{'arrival_time_ms': 50447, 'header_length': 24, 'padding_length': 0, 'payload_size': 1355, 'payload_type': 126, 'send_time_ms': 47369, 'sequence_number': 2007, 'ssrc': 12648429}
{'arrival_time_ms': 50485, 'header_length': 24, 'padding_length': 0, 'payload_size': 1355, 'payload_type': 126, 'send_time_ms': 47404, 'sequence_number': 2008, 'ssrc': 12648429}
{'arrival_time_ms': 50510, 'header_length': 24, 'padding_length': 0, 'payload_size': 901, 'payload_type': 98, 'send_time_ms': 47424, 'sequence_number': 150, 'ssrc': 195939069}
{'arrival_time_ms': 50548, 'header_length': 24, 'padding_length': 0, 'payload_size': 1355, 'payload_type': 126, 'send_time_ms': 47434, 'sequence_number': 2009, 'ssrc': 12648429}
{'arrival_time_ms': 50573, 'header_length': 24, 'padding_length': 0, 'payload_size': 901, 'payload_type': 98, 'send_time_ms': 47499, 'sequence_number': 151, 'ssrc': 195939069}
{'arrival_time_ms': 50598, 'header_length': 24, 'padding_length': 0, 'payload_size': 900, 'payload_type': 98, 'send_time_ms': 47509, 'sequence_number': 152, 'ssrc': 195939069}
{'arrival_time_ms': 50625, 'header_length': 24, 'padding_length': 0, 'payload_size': 926, 'payload_type': 126, 'send_time_ms': 47534, 'sequence_number': 2011, 'ssrc': 12648429}
{'arrival_time_ms': 50650, 'header_length': 24, 'padding_length': 0, 'payload_size': 901, 'payload_type': 98, 'send_time_ms': 47559, 'sequence_number': 155, 'ssrc': 195939069}
{'arrival_time_ms': 50683, 'header_length': 24, 'padding_length': 0, 'payload_size': 1196, 'payload_type': 126, 'send_time_ms': 47604, 'sequence_number': 2016, 'ssrc': 12648429}
{'arrival_time_ms': 50717, 'header_length': 24, 'padding_length': 0, 'payload_size': 1196, 'payload_type': 126, 'send_time_ms': 47634, 'sequence_number': 2017, 'ssrc': 12648429}
{'arrival_time_ms': 50743, 'header_length': 24, 'padding_length': 0, 'payload_size': 940, 'payload_type': 98, 'send_time_ms': 47644, 'sequence_number': 156, 'ssrc': 195939069}
{'arrival_time_ms': 50765, 'header_length': 24, 'padding_length': 0, 'payload_size': 755, 'payload_type': 126, 'send_time_ms': 47669, 'sequence_number': 2018, 'ssrc': 12648429}
{'arrival_time_ms': 50786, 'header_length': 24, 'padding_length': 0, 'payload_size': 755, 'payload_type': 126, 'send_time_ms': 47704, 'sequence_number': 2020, 'ssrc': 12648429}
{'arrival_time_ms': 50811, 'header_length': 24, 'padding_length': 0, 'payload_size': 861, 'payload_type': 98, 'send_time_ms': 47734, 'sequence_number': 157, 'ssrc': 195939069}
{'arrival_time_ms': 50835, 'header_length': 24, 'padding_length': 0, 'payload_size': 859, 'payload_type': 126, 'send_time_ms': 47754, 'sequence_number': 2022, 'ssrc': 12648429}
{'arrival_time_ms': 50860, 'header_length': 24, 'padding_length': 0, 'payload_size': 861, 'payload_type': 98, 'send_time_ms': 47764, 'sequence_number': 159, 'ssrc': 195939069}
{'arrival_time_ms': 50884, 'header_length': 24, 'padding_length': 0, 'payload_size': 861, 'payload_type': 98, 'send_time_ms': 47789, 'sequence_number': 160, 'ssrc': 195939069}
{'arrival_time_ms': 50903, 'header_length': 24, 'padding_length': 0, 'payload_size': 659, 'payload_type': 126, 'send_time_ms': 47804, 'sequence_number': 2024, 'ssrc': 12648429}
{'arrival_time_ms': 50926, 'header_length': 24, 'padding_length': 0, 'payload_size': 809, 'payload_type': 126, 'send_time_ms': 47834, 'sequence_number': 2025, 'ssrc': 12648429}
{'arrival_time_ms': 50949, 'header_length': 24, 'padding_length': 0, 'payload_size': 809, 'payload_type': 126, 'send_time_ms': 47869, 'sequence_number': 2026, 'ssrc': 12648429}
{'arrival_time_ms': 50970, 'header_length': 24, 'padding_length': 0, 'payload_size': 723, 'payload_type': 126, 'send_time_ms': 47904, 'sequence_number': 2027, 'ssrc': 12648429}
{'arrival_time_ms': 50990, 'header_length': 24, 'padding_length': 0, 'payload_size': 724, 'payload_type': 126, 'send_time_ms': 47909, 'sequence_number': 2028, 'ssrc': 12648429}
{'arrival_time_ms': 51011, 'header_length': 24, 'padding_length': 0, 'payload_size': 723, 'payload_type': 126, 'send_time_ms': 47934, 'sequence_number': 2029, 'ssrc': 12648429}
{'arrival_time_ms': 51032, 'header_length': 24, 'padding_length': 0, 'payload_size': 723, 'payload_type': 126, 'send_time_ms': 47969, 'sequence_number': 2031, 'ssrc': 12648429}
{'arrival_time_ms': 51053, 'header_length': 24, 'padding_length': 0, 'payload_size': 724, 'payload_type': 126, 'send_time_ms': 47974, 'sequence_number': 2032, 'ssrc': 12648429}
{'arrival_time_ms': 51073, 'header_length': 24, 'padding_length': 0, 'payload_size': 723, 'payload_type': 126, 'send_time_ms': 48004, 'sequence_number': 2033, 'ssrc': 12648429}
{'arrival_time_ms': 51094, 'header_length': 24, 'padding_length': 0, 'payload_size': 724, 'payload_type': 126, 'send_time_ms': 48009, 'sequence_number': 2034, 'ssrc': 12648429}
{'arrival_time_ms': 51121, 'header_length': 24, 'padding_length': 0, 'payload_size': 967, 'payload_type': 126, 'send_time_ms': 48034, 'sequence_number': 2035, 'ssrc': 12648429}
{'arrival_time_ms': 51149, 'header_length': 24, 'padding_length': 0, 'payload_size': 967, 'payload_type': 126, 'send_time_ms': 48069, 'sequence_number': 2036, 'ssrc': 12648429}
{'arrival_time_ms': 51176, 'header_length': 24, 'padding_length': 0, 'payload_size': 967, 'payload_type': 126, 'send_time_ms': 48104, 'sequence_number': 2037, 'ssrc': 12648429}
{'arrival_time_ms': 51198, 'header_length': 24, 'padding_length': 0, 'payload_size': 796, 'payload_type': 126, 'send_time_ms': 48134, 'sequence_number': 2038, 'ssrc': 12648429}
{'arrival_time_ms': 51221, 'header_length': 24, 'padding_length': 0, 'payload_size': 796, 'payload_type': 126, 'send_time_ms': 48169, 'sequence_number': 2039, 'ssrc': 12648429}
{'arrival_time_ms': 51248, 'header_length': 24, 'padding_length': 0, 'payload_size': 955, 'payload_type': 126, 'send_time_ms': 48204, 'sequence_number': 2040, 'ssrc': 12648429}
{'arrival_time_ms': 51275, 'header_length': 24, 'padding_length': 0, 'payload_size': 955, 'payload_type': 126, 'send_time_ms': 48234, 'sequence_number': 2041, 'ssrc': 12648429}
{'arrival_time_ms': 51298, 'header_length': 24, 'padding_length': 0, 'payload_size': 796, 'payload_type': 126, 'send_time_ms': 48269, 'sequence_number': 2042, 'ssrc': 12648429}
{'arrival_time_ms': 51317, 'header_length': 24, 'padding_length': 0, 'payload_size': 686, 'payload_type': 98, 'send_time_ms': 48279, 'sequence_number': 161, 'ssrc': 195939069}
{'arrival_time_ms': 51340, 'header_length': 24, 'padding_length': 0, 'payload_size': 796, 'payload_type': 126, 'send_time_ms': 48304, 'sequence_number': 2043, 'ssrc': 12648429}
{'arrival_time_ms': 51379, 'header_length': 24, 'padding_length': 0, 'payload_size': 1405, 'payload_type': 126, 'send_time_ms': 48334, 'sequence_number': 2044, 'ssrc': 12648429}
{'arrival_time_ms': 51397, 'header_length': 24, 'padding_length': 0, 'payload_size': 621, 'payload_type': 126, 'send_time_ms': 48369, 'sequence_number': 2045, 'ssrc': 12648429}
{'arrival_time_ms': 51415, 'header_length': 24, 'padding_length': 0, 'payload_size': 621, 'payload_type': 126, 'send_time_ms': 48404, 'sequence_number': 2046, 'ssrc': 12648429}
{'arrival_time_ms': 51446, 'header_length': 24, 'padding_length': 0, 'payload_size': 1126, 'payload_type': 126, 'send_time_ms': 48434, 'sequence_number': 2047, 'ssrc': 12648429}
{'arrival_time_ms': 51480, 'header_length': 24, 'padding_length': 0, 'payload_size': 1126, 'payload_type': 126, 'send_time_ms': 48469, 'sequence_number': 2048, 'ssrc': 12648429}
{'arrival_time_ms': 51517, 'header_length': 24, 'padding_length': 0, 'payload_size': 1335, 'payload_type': 126, 'send_time_ms': 48504, 'sequence_number': 2049, 'ssrc': 12648429}
{'arrival_time_ms': 51554, 'header_length': 24, 'padding_length': 0, 'payload_size': 1336, 'payload_type': 126, 'send_time_ms': 48519, 'sequence_number': 2050, 'ssrc': 12648429}
{'arrival_time_ms': 51591, 'header_length': 28, 'padding_length': 0, 'payload_size': 1332, 'payload_type': 126, 'send_time_ms': 48534, 'sequence_number': 2051, 'ssrc': 12648429}
{'arrival_time_ms': 51603, 'header_length': 24, 'padding_length': 0, 'payload_size': 401, 'payload_type': 126, 'send_time_ms': 48554, 'sequence_number': 2052, 'ssrc': 12648429}
{'arrival_time_ms': 51614, 'header_length': 24, 'padding_length': 0, 'payload_size': 353, 'payload_type': 126, 'send_time_ms': 48569, 'sequence_number': 2053, 'ssrc': 12648429}
{'arrival_time_ms': 51642, 'header_length': 24, 'padding_length': 0, 'payload_size': 1015, 'payload_type': 98, 'send_time_ms': 48579, 'sequence_number': 162, 'ssrc': 195939069}
{'arrival_time_ms': 51680, 'header_length': 24, 'padding_length': 0, 'payload_size': 1373, 'payload_type': 98, 'send_time_ms': 48594, 'sequence_number': 163, 'ssrc': 195939069}
{'arrival_time_ms': 51691, 'header_length': 24, 'padding_length': 0, 'payload_size': 353, 'payload_type': 126, 'send_time_ms': 48634, 'sequence_number': 2054, 'ssrc': 12648429}
{'arrival_time_ms': 51702, 'header_length': 24, 'padding_length': 0, 'payload_size': 353, 'payload_type': 126, 'send_time_ms': 48639, 'sequence_number': 2055, 'ssrc': 12648429}
{'arrival_time_ms': 51721, 'header_length': 24, 'padding_length': 0, 'payload_size': 668, 'payload_type': 126, 'send_time_ms': 48669, 'sequence_number': 2056, 'ssrc': 12648429}
{'arrival_time_ms': 51741, 'header_length': 24, 'padding_length': 0, 'payload_size': 668, 'payload_type': 126, 'send_time_ms': 48704, 'sequence_number': 2057, 'ssrc': 12648429}
{'arrival_time_ms': 51771, 'header_length': 24, 'padding_length': 0, 'payload_size': 1072, 'payload_type': 126, 'send_time_ms': 48734, 'sequence_number': 2058, 'ssrc': 12648429}
{'arrival_time_ms': 51792, 'header_length': 24, 'padding_length': 0, 'payload_size': 742, 'payload_type': 126, 'send_time_ms': 48769, 'sequence_number': 2059, 'ssrc': 12648429}
{'arrival_time_ms': 51813, 'header_length': 24, 'padding_length': 0, 'payload_size': 743, 'payload_type': 126, 'send_time_ms': 48774, 'sequence_number': 2060, 'ssrc': 12648429}
{'arrival_time_ms': 51848, 'header_length': 24, 'padding_length': 0, 'payload_size': 1246, 'payload_type': 126, 'send_time_ms': 48804, 'sequence_number': 2061, 'ssrc': 12648429}
{'arrival_time_ms': 51882, 'header_length': 24, 'padding_length': 0, 'payload_size': 1246, 'payload_type': 126, 'send_time_ms': 48834, 'sequence_number': 2062, 'ssrc': 12648429}
{'arrival_time_ms': 51906, 'header_length': 24, 'padding_length': 0, 'payload_size': 826, 'payload_type': 126, 'send_time_ms': 48869, 'sequence_number': 2063, 'ssrc': 12648429}
{'arrival_time_ms': 51929, 'header_length': 24, 'padding_length': 0, 'payload_size': 826, 'payload_type': 126, 'send_time_ms': 48874, 'sequence_number': 2064, 'ssrc': 12648429}
{'arrival_time_ms': 51953, 'header_length': 24, 'padding_length': 0, 'payload_size': 826, 'payload_type': 126, 'send_time_ms': 48904, 'sequence_number': 2065, 'ssrc': 12648429}
{'arrival_time_ms': 51976, 'header_length': 24, 'padding_length': 0, 'payload_size': 826, 'payload_type': 126, 'send_time_ms': 48909, 'sequence_number': 2066, 'ssrc': 12648429}
{'arrival_time_ms': 52002, 'header_length': 24, 'padding_length': 0, 'payload_size': 921, 'payload_type': 126, 'send_time_ms': 48934, 'sequence_number': 2067, 'ssrc': 12648429}
{'arrival_time_ms': 52030, 'header_length': 24, 'padding_length': 0, 'payload_size': 921, 'payload_type': 126, 'send_time_ms': 48969, 'sequence_number': 2068, 'ssrc': 12648429}
{'arrival_time_ms': 52051, 'header_length': 24, 'padding_length': 0, 'payload_size': 734, 'payload_type': 126, 'send_time_ms': 49004, 'sequence_number': 2069, 'ssrc': 12648429}
{'arrival_time_ms': 52077, 'header_length': 24, 'padding_length': 0, 'payload_size': 913, 'payload_type': 126, 'send_time_ms': 49034, 'sequence_number': 2070, 'ssrc': 12648429}
{'arrival_time_ms': 52103, 'header_length': 24, 'padding_length': 0, 'payload_size': 913, 'payload_type': 126, 'send_time_ms': 49069, 'sequence_number': 2071, 'ssrc': 12648429}
{'arrival_time_ms': 52129, 'header_length': 24, 'padding_length': 0, 'payload_size': 913, 'payload_type': 126, 'send_time_ms': 49104, 'sequence_number': 2072, 'ssrc': 12648429}
{'arrival_time_ms': 52154, 'header_length': 24, 'padding_length': 0, 'payload_size': 913, 'payload_type': 126, 'send_time_ms': 49134, 'sequence_number': 2073, 'ssrc': 12648429}
{'arrival_time_ms': 52180, 'header_length': 24, 'padding_length': 0, 'payload_size': 913, 'payload_type': 126, 'send_time_ms': 49169, 'sequence_number': 2074, 'ssrc': 12648429}
{'arrival_time_ms': 52203, 'header_length': 24, 'padding_length': 0, 'payload_size': 797, 'payload_type': 98, 'send_time_ms': 49194, 'sequence_number': 165, 'ssrc': 195939069}
{'arrival_time_ms': 52229, 'header_length': 24, 'padding_length': 0, 'payload_size': 913, 'payload_type': 126, 'send_time_ms': 49204, 'sequence_number': 2075, 'ssrc': 12648429}
{'arrival_time_ms': 52263, 'header_length': 24, 'padding_length': 0, 'payload_size': 1251, 'payload_type': 126, 'send_time_ms': 49234, 'sequence_number': 2076, 'ssrc': 12648429}
{'arrival_time_ms': 52298, 'header_length': 24, 'padding_length': 0, 'payload_size': 1251, 'payload_type': 126, 'send_time_ms': 49269, 'sequence_number': 2077, 'ssrc': 12648429}
{'arrival_time_ms': 52324, 'header_length': 24, 'padding_length': 0, 'payload_size': 896, 'payload_type': 126, 'send_time_ms': 49304, 'sequence_number': 2078, 'ssrc': 12648429}
{'arrival_time_ms': 52354, 'header_length': 24, 'padding_length': 0, 'payload_size': 1096, 'payload_type': 126, 'send_time_ms': 49334, 'sequence_number': 2079, 'ssrc': 12648429}
{'arrival_time_ms': 52385, 'header_length': 24, 'padding_length': 0, 'payload_size': 1096, 'payload_type': 126, 'send_time_ms': 49369, 'sequence_number': 2080, 'ssrc': 12648429}
{'arrival_time_ms': 52411, 'header_length': 24, 'padding_length': 0, 'payload_size': 913, 'payload_type': 126, 'send_time_ms': 49404, 'sequence_number': 2081, 'ssrc': 12648429}
{'arrival_time_ms': 52436, 'header_length': 24, 'padding_length': 0, 'payload_size': 913, 'payload_type': 126, 'send_time_ms': 49434, 'sequence_number': 2082, 'ssrc': 12648429}
{'arrival_time_ms': 52462, 'header_length': 24, 'padding_length': 0, 'payload_size': 826, 'payload_type': 126, 'send_time_ms': 49469, 'sequence_number': 2083, 'ssrc': 12648429}
{'arrival_time_ms': 52485, 'header_length': 24, 'padding_length': 0, 'payload_size': 826, 'payload_type': 126, 'send_time_ms': 49474, 'sequence_number': 2084, 'ssrc': 12648429}
{'arrival_time_ms': 52509, 'header_length': 24, 'padding_length': 0, 'payload_size': 826, 'payload_type': 126, 'send_time_ms': 49504, 'sequence_number': 2085, 'ssrc': 12648429}
{'arrival_time_ms': 52532, 'header_length': 24, 'padding_length': 0, 'payload_size': 826, 'payload_type': 126, 'send_time_ms': 49509, 'sequence_number': 2086, 'ssrc': 12648429}
{'arrival_time_ms': 52557, 'header_length': 24, 'padding_length': 0, 'payload_size': 882, 'payload_type': 98, 'send_time_ms': 49514, 'sequence_number': 166, 'ssrc': 195939069}
{'arrival_time_ms': 52593, 'header_length': 24, 'padding_length': 0, 'payload_size': 1271, 'payload_type': 126, 'send_time_ms': 49534, 'sequence_number': 2087, 'ssrc': 12648429}
{'arrival_time_ms': 52628, 'header_length': 24, 'padding_length': 0, 'payload_size': 1271, 'payload_type': 126, 'send_time_ms': 49569, 'sequence_number': 2088, 'ssrc': 12648429}
{'arrival_time_ms': 52651, 'header_length': 24, 'padding_length': 0, 'payload_size': 805, 'payload_type': 126, 'send_time_ms': 49604, 'sequence_number': 2089, 'ssrc': 12648429}
{'arrival_time_ms': 52674, 'header_length': 24, 'padding_length': 0, 'payload_size': 805, 'payload_type': 126, 'send_time_ms': 49609, 'sequence_number': 2090, 'ssrc': 12648429}
{'arrival_time_ms': 52701, 'header_length': 24, 'padding_length': 0, 'payload_size': 988, 'payload_type': 126, 'send_time_ms': 49634, 'sequence_number': 2091, 'ssrc': 12648429}
{'arrival_time_ms': 52729, 'header_length': 24, 'padding_length': 0, 'payload_size': 988, 'payload_type': 126, 'send_time_ms': 49669, 'sequence_number': 2092, 'ssrc': 12648429}
{'arrival_time_ms': 52757, 'header_length': 24, 'padding_length': 0, 'payload_size': 988, 'payload_type': 126, 'send_time_ms': 49704, 'sequence_number': 2093, 'ssrc': 12648429}
{'arrival_time_ms': 52785, 'header_length': 24, 'padding_length': 0, 'payload_size': 988, 'payload_type': 126, 'send_time_ms': 49734, 'sequence_number': 2094, 'ssrc': 12648429}
{'arrival_time_ms': 52822, 'header_length': 24, 'padding_length': 0, 'payload_size': 1344, 'payload_type': 98, 'send_time_ms': 49744, 'sequence_number': 167, 'ssrc': 195939069}
{'arrival_time_ms': 52850, 'header_length': 24, 'padding_length': 0, 'payload_size': 988, 'payload_type': 126, 'send_time_ms': 49769, 'sequence_number': 2095, 'ssrc': 12648429}
{'arrival_time_ms': 52878, 'header_length': 24, 'padding_length': 0, 'payload_size': 988, 'payload_type': 126, 'send_time_ms': 49804, 'sequence_number': 2096, 'ssrc': 12648429}
{'arrival_time_ms': 52905, 'header_length': 24, 'padding_length': 0, 'payload_size': 988, 'payload_type': 126, 'send_time_ms': 49834, 'sequence_number': 2097, 'ssrc': 12648429}
{'arrival_time_ms': 52933, 'header_length': 24, 'padding_length': 0, 'payload_size': 988, 'payload_type': 126, 'send_time_ms': 49869, 'sequence_number': 2098, 'ssrc': 12648429}
{'arrival_time_ms': 52970, 'header_length': 24, 'padding_length': 0, 'payload_size': 1330, 'payload_type': 126, 'send_time_ms': 49904, 'sequence_number': 2099, 'ssrc': 12648429}
{'arrival_time_ms': 52994, 'header_length': 24, 'padding_length': 0, 'payload_size': 857, 'payload_type': 126, 'send_time_ms': 49934, 'sequence_number': 2100, 'ssrc': 12648429}
{'arrival_time_ms': 53019, 'header_length': 24, 'padding_length': 0, 'payload_size': 857, 'payload_type': 126, 'send_time_ms': 49939, 'sequence_number': 2101, 'ssrc': 12648429}
{'arrival_time_ms': 53045, 'header_length': 24, 'padding_length': 0, 'payload_size': 857, 'payload_type': 126, 'send_time_ms': 49969, 'sequence_number': 2102, 'ssrc': 12648429}
{'arrival_time_ms': 53069, 'header_length': 24, 'padding_length': 0, 'payload_size': 857, 'payload_type': 126, 'send_time_ms': 49974, 'sequence_number': 2103, 'ssrc': 12648429}
{'arrival_time_ms': 53105, 'header_length': 24, 'padding_length': 0, 'payload_size': 1305, 'payload_type': 126, 'send_time_ms': 50004, 'sequence_number': 2104, 'ssrc': 12648429}
{'arrival_time_ms': 53132, 'header_length': 24, 'padding_length': 0, 'payload_size': 934, 'payload_type': 126, 'send_time_ms': 50069, 'sequence_number': 2106, 'ssrc': 12648429}
{'arrival_time_ms': 53158, 'header_length': 24, 'padding_length': 0, 'payload_size': 934, 'payload_type': 126, 'send_time_ms': 50099, 'sequence_number': 2107, 'ssrc': 12648429}
{'arrival_time_ms': 53179, 'header_length': 24, 'padding_length': 0, 'payload_size': 746, 'payload_type': 126, 'send_time_ms': 50134, 'sequence_number': 2108, 'ssrc': 12648429}
{'arrival_time_ms': 53201, 'header_length': 24, 'padding_length': 0, 'payload_size': 747, 'payload_type': 126, 'send_time_ms': 50139, 'sequence_number': 2109, 'ssrc': 12648429}
{'arrival_time_ms': 53222, 'header_length': 24, 'padding_length': 0, 'payload_size': 746, 'payload_type': 126, 'send_time_ms': 50169, 'sequence_number': 2110, 'ssrc': 12648429}
{'arrival_time_ms': 53244, 'header_length': 24, 'padding_length': 0, 'payload_size': 747, 'payload_type': 126, 'send_time_ms': 50174, 'sequence_number': 2111, 'ssrc': 12648429}
{'arrival_time_ms': 53268, 'header_length': 24, 'padding_length': 0, 'payload_size': 855, 'payload_type': 98, 'send_time_ms': 50194, 'sequence_number': 169, 'ssrc': 195939069}
{'arrival_time_ms': 53292, 'header_length': 24, 'padding_length': 0, 'payload_size': 844, 'payload_type': 126, 'send_time_ms': 50199, 'sequence_number': 2112, 'ssrc': 12648429}
{'arrival_time_ms': 53323, 'header_length': 24, 'padding_length': 0, 'payload_size': 1126, 'payload_type': 126, 'send_time_ms': 50234, 'sequence_number': 2114, 'ssrc': 12648429}
{'arrival_time_ms': 53355, 'header_length': 24, 'padding_length': 0, 'payload_size': 1126, 'payload_type': 126, 'send_time_ms': 50269, 'sequence_number': 2115, 'ssrc': 12648429}
{'arrival_time_ms': 53379, 'header_length': 24, 'padding_length': 0, 'payload_size': 844, 'payload_type': 126, 'send_time_ms': 50299, 'sequence_number': 2116, 'ssrc': 12648429}
{'arrival_time_ms': 53403, 'header_length': 24, 'padding_length': 0, 'payload_size': 857, 'payload_type': 98, 'send_time_ms': 50319, 'sequence_number': 170, 'ssrc': 195939069}
{'arrival_time_ms': 53427, 'header_length': 24, 'padding_length': 0, 'payload_size': 844, 'payload_type': 126, 'send_time_ms': 50334, 'sequence_number': 2118, 'ssrc': 12648429}
{'arrival_time_ms': 53458, 'header_length': 24, 'padding_length': 0, 'payload_size': 1105, 'payload_type': 126, 'send_time_ms': 50369, 'sequence_number': 2120, 'ssrc': 12648429}
{'arrival_time_ms': 53489, 'header_length': 24, 'padding_length': 0, 'payload_size': 1105, 'payload_type': 126, 'send_time_ms': 50399, 'sequence_number': 2121, 'ssrc': 12648429}
{'arrival_time_ms': 53515, 'header_length': 24, 'padding_length': 0, 'payload_size': 921, 'payload_type': 126, 'send_time_ms': 50434, 'sequence_number': 2122, 'ssrc': 12648429}
{'arrival_time_ms': 53542, 'header_length': 24, 'padding_length': 0, 'payload_size': 921, 'payload_type': 126, 'send_time_ms': 50469, 'sequence_number': 2123, 'ssrc': 12648429}
{'arrival_time_ms': 53566, 'header_length': 24, 'padding_length': 0, 'payload_size': 828, 'payload_type': 126, 'send_time_ms': 50499, 'sequence_number': 2124, 'ssrc': 12648429}
{'arrival_time_ms': 53590, 'header_length': 24, 'padding_length': 0, 'payload_size': 828, 'payload_type': 126, 'send_time_ms': 50504, 'sequence_number': 2125, 'ssrc': 12648429}
{'arrival_time_ms': 53611, 'header_length': 24, 'padding_length': 0, 'payload_size': 751, 'payload_type': 126, 'send_time_ms': 50534, 'sequence_number': 2126, 'ssrc': 12648429}
{'arrival_time_ms': 53632, 'header_length': 24, 'padding_length': 0, 'payload_size': 751, 'payload_type': 126, 'send_time_ms': 50569, 'sequence_number': 2127, 'ssrc': 12648429}
{'arrival_time_ms': 53654, 'header_length': 24, 'padding_length': 0, 'payload_size': 751, 'payload_type': 126, 'send_time_ms': 50599, 'sequence_number': 2128, 'ssrc': 12648429}
{'arrival_time_ms': 53675, 'header_length': 24, 'padding_length': 0, 'payload_size': 751, 'payload_type': 126, 'send_time_ms': 50634, 'sequence_number': 2129, 'ssrc': 12648429}
{'arrival_time_ms': 53697, 'header_length': 24, 'padding_length': 0, 'payload_size': 751, 'payload_type': 126, 'send_time_ms': 50669, 'sequence_number': 2130, 'ssrc': 12648429}
{'arrival_time_ms': 53718, 'header_length': 24, 'padding_length': 0, 'payload_size': 751, 'payload_type': 126, 'send_time_ms': 50699, 'sequence_number': 2131, 'ssrc': 12648429}
{'arrival_time_ms': 53756, 'header_length': 24, 'padding_length': 0, 'payload_size': 1357, 'payload_type': 98, 'send_time_ms': 50729, 'sequence_number': 171, 'ssrc': 195939069}
{'arrival_time_ms': 53777, 'header_length': 24, 'padding_length': 0, 'payload_size': 751, 'payload_type': 126, 'send_time_ms': 50749, 'sequence_number': 2132, 'ssrc': 12648429}
{'arrival_time_ms': 53799, 'header_length': 24, 'padding_length': 0, 'payload_size': 751, 'payload_type': 126, 'send_time_ms': 50769, 'sequence_number': 2133, 'ssrc': 12648429}
{'arrival_time_ms': 53822, 'header_length': 24, 'padding_length': 0, 'payload_size': 803, 'payload_type': 98, 'send_time_ms': 50789, 'sequence_number': 172, 'ssrc': 195939069}
{'arrival_time_ms': 53845, 'header_length': 24, 'padding_length': 0, 'payload_size': 803, 'payload_type': 98, 'send_time_ms': 50794, 'sequence_number': 173, 'ssrc': 195939069}
{'arrival_time_ms': 53867, 'header_length': 24, 'padding_length': 0, 'payload_size': 803, 'payload_type': 98, 'send_time_ms': 50799, 'sequence_number': 174, 'ssrc': 195939069}
{'arrival_time_ms': 53890, 'header_length': 24, 'padding_length': 0, 'payload_size': 803, 'payload_type': 98, 'send_time_ms': 50809, 'sequence_number': 175, 'ssrc': 195939069}
{'arrival_time_ms': 53915, 'header_length': 24, 'padding_length': 0, 'payload_size': 859, 'payload_type': 126, 'send_time_ms': 50834, 'sequence_number': 2135, 'ssrc': 12648429}
{'arrival_time_ms': 53939, 'header_length': 24, 'padding_length': 0, 'payload_size': 859, 'payload_type': 126, 'send_time_ms': 50869, 'sequence_number': 2136, 'ssrc': 12648429}
{'arrival_time_ms': 53961, 'header_length': 24, 'padding_length': 0, 'payload_size': 757, 'payload_type': 98, 'send_time_ms': 50894, 'sequence_number': 176, 'ssrc': 195939069}
{'arrival_time_ms': 53983, 'header_length': 24, 'padding_length': 0, 'payload_size': 773, 'payload_type': 126, 'send_time_ms': 50899, 'sequence_number': 2137, 'ssrc': 12648429}
{'arrival_time_ms': 54005, 'header_length': 24, 'padding_length': 0, 'payload_size': 773, 'payload_type': 126, 'send_time_ms': 50934, 'sequence_number': 2139, 'ssrc': 12648429}
{'arrival_time_ms': 54027, 'header_length': 24, 'padding_length': 0, 'payload_size': 774, 'payload_type': 126, 'send_time_ms': 50939, 'sequence_number': 2140, 'ssrc': 12648429}
{'arrival_time_ms': 54049, 'header_length': 24, 'padding_length': 0, 'payload_size': 773, 'payload_type': 126, 'send_time_ms': 50969, 'sequence_number': 2141, 'ssrc': 12648429}
{'arrival_time_ms': 54071, 'header_length': 24, 'padding_length': 0, 'payload_size': 774, 'payload_type': 126, 'send_time_ms': 50974, 'sequence_number': 2142, 'ssrc': 12648429}
{'arrival_time_ms': 54093, 'header_length': 24, 'padding_length': 0, 'payload_size': 773, 'payload_type': 126, 'send_time_ms': 50999, 'sequence_number': 2143, 'ssrc': 12648429}
{'arrival_time_ms': 54112, 'header_length': 24, 'padding_length': 0, 'payload_size': 676, 'payload_type': 126, 'send_time_ms': 51034, 'sequence_number': 2145, 'ssrc': 12648429}
{'arrival_time_ms': 54132, 'header_length': 24, 'padding_length': 0, 'payload_size': 676, 'payload_type': 126, 'send_time_ms': 51069, 'sequence_number': 2146, 'ssrc': 12648429}
{'arrival_time_ms': 54160, 'header_length': 24, 'padding_length': 0, 'payload_size': 996, 'payload_type': 126, 'send_time_ms': 51099, 'sequence_number': 2147, 'ssrc': 12648429}
{'arrival_time_ms': 54184, 'header_length': 24, 'padding_length': 0, 'payload_size': 830, 'payload_type': 126, 'send_time_ms': 51134, 'sequence_number': 2148, 'ssrc': 12648429}
{'arrival_time_ms': 54204, 'header_length': 24, 'padding_length': 0, 'payload_size': 726, 'payload_type': 98, 'send_time_ms': 51144, 'sequence_number': 179, 'ssrc': 195939069}
{'arrival_time_ms': 54228, 'header_length': 24, 'padding_length': 0, 'payload_size': 830, 'payload_type': 126, 'send_time_ms': 51169, 'sequence_number': 2149, 'ssrc': 12648429}
{'arrival_time_ms': 54251, 'header_length': 24, 'padding_length': 0, 'payload_size': 830, 'payload_type': 126, 'send_time_ms': 51199, 'sequence_number': 2150, 'ssrc': 12648429}
{'arrival_time_ms': 54273, 'header_length': 24, 'padding_length': 0, 'payload_size': 740, 'payload_type': 126, 'send_time_ms': 51234, 'sequence_number': 2151, 'ssrc': 12648429}
{'arrival_time_ms': 54294, 'header_length': 24, 'padding_length': 0, 'payload_size': 741, 'payload_type': 126, 'send_time_ms': 51239, 'sequence_number': 2152, 'ssrc': 12648429}
{'arrival_time_ms': 54317, 'header_length': 24, 'padding_length': 0, 'payload_size': 821, 'payload_type': 126, 'send_time_ms': 51269, 'sequence_number': 2153, 'ssrc': 12648429}
{'arrival_time_ms': 54340, 'header_length': 24, 'padding_length': 0, 'payload_size': 821, 'payload_type': 126, 'send_time_ms': 51299, 'sequence_number': 2154, 'ssrc': 12648429}
{'arrival_time_ms': 54368, 'header_length': 24, 'padding_length': 0, 'payload_size': 980, 'payload_type': 126, 'send_time_ms': 51334, 'sequence_number': 2155, 'ssrc': 12648429}
{'arrival_time_ms': 54396, 'header_length': 24, 'padding_length': 0, 'payload_size': 980, 'payload_type': 126, 'send_time_ms': 51369, 'sequence_number': 2156, 'ssrc': 12648429}
{'arrival_time_ms': 54423, 'header_length': 24, 'padding_length': 0, 'payload_size': 980, 'payload_type': 126, 'send_time_ms': 51399, 'sequence_number': 2157, 'ssrc': 12648429}
{'arrival_time_ms': 54460, 'header_length': 24, 'padding_length': 0, 'payload_size': 1330, 'payload_type': 126, 'send_time_ms': 51434, 'sequence_number': 2158, 'ssrc': 12648429}
{'arrival_time_ms': 54499, 'header_length': 24, 'padding_length': 0, 'payload_size': 1330, 'payload_type': 126, 'send_time_ms': 51469, 'sequence_number': 2159, 'ssrc': 12648429}
{'arrival_time_ms': 54536, 'header_length': 24, 'padding_length': 0, 'payload_size': 1330, 'payload_type': 126, 'send_time_ms': 51499, 'sequence_number': 2160, 'ssrc': 12648429}
{'arrival_time_ms': 54573, 'header_length': 24, 'padding_length': 0, 'payload_size': 1331, 'payload_type': 126, 'send_time_ms': 51509, 'sequence_number': 2161, 'ssrc': 12648429}
{'arrival_time_ms': 54610, 'header_length': 24, 'padding_length': 0, 'payload_size': 1331, 'payload_type': 126, 'send_time_ms': 51514, 'sequence_number': 2162, 'ssrc': 12648429}
{'arrival_time_ms': 54632, 'header_length': 24, 'padding_length': 0, 'payload_size': 774, 'payload_type': 126, 'send_time_ms': 51544, 'sequence_number': 2165, 'ssrc': 12648429}
{'arrival_time_ms': 54642, 'header_length': 24, 'padding_length': 0, 'payload_size': 343, 'payload_type': 126, 'send_time_ms': 51569, 'sequence_number': 2166, 'ssrc': 12648429}
{'arrival_time_ms': 54653, 'header_length': 24, 'padding_length': 0, 'payload_size': 343, 'payload_type': 126, 'send_time_ms': 51599, 'sequence_number': 2167, 'ssrc': 12648429}
{'arrival_time_ms': 54670, 'header_length': 24, 'padding_length': 0, 'payload_size': 599, 'payload_type': 126, 'send_time_ms': 51634, 'sequence_number': 2168, 'ssrc': 12648429}
{'arrival_time_ms': 54688, 'header_length': 24, 'padding_length': 0, 'payload_size': 599, 'payload_type': 126, 'send_time_ms': 51669, 'sequence_number': 2169, 'ssrc': 12648429}
{'arrival_time_ms': 54698, 'header_length': 24, 'padding_length': 0, 'payload_size': 341, 'payload_type': 126, 'send_time_ms': 51699, 'sequence_number': 2170, 'ssrc': 12648429}
{'arrival_time_ms': 54720, 'header_length': 24, 'padding_length': 0, 'payload_size': 768, 'payload_type': 126, 'send_time_ms': 51734, 'sequence_number': 2171, 'ssrc': 12648429}
{'arrival_time_ms': 54742, 'header_length': 24, 'padding_length': 0, 'payload_size': 768, 'payload_type': 126, 'send_time_ms': 51769, 'sequence_number': 2172, 'ssrc': 12648429}
{'arrival_time_ms': 54764, 'header_length': 24, 'padding_length': 0, 'payload_size': 768, 'payload_type': 126, 'send_time_ms': 51799, 'sequence_number': 2173, 'ssrc': 12648429}
{'arrival_time_ms': 54785, 'header_length': 24, 'padding_length': 0, 'payload_size': 733, 'payload_type': 126, 'send_time_ms': 51834, 'sequence_number': 2174, 'ssrc': 12648429}
{'arrival_time_ms': 54806, 'header_length': 24, 'padding_length': 0, 'payload_size': 733, 'payload_type': 126, 'send_time_ms': 51839, 'sequence_number': 2175, 'ssrc': 12648429}
{'arrival_time_ms': 54828, 'header_length': 24, 'padding_length': 0, 'payload_size': 763, 'payload_type': 126, 'send_time_ms': 51869, 'sequence_number': 2176, 'ssrc': 12648429}
{'arrival_time_ms': 54850, 'header_length': 24, 'padding_length': 0, 'payload_size': 763, 'payload_type': 126, 'send_time_ms': 51899, 'sequence_number': 2177, 'ssrc': 12648429}
{'arrival_time_ms': 54887, 'header_length': 24, 'padding_length': 0, 'payload_size': 1367, 'payload_type': 126, 'send_time_ms': 51934, 'sequence_number': 2178, 'ssrc': 12648429}
{'arrival_time_ms': 54912, 'header_length': 24, 'padding_length': 0, 'payload_size': 796, 'payload_type': 126, 'send_time_ms': 51969, 'sequence_number': 2179, 'ssrc': 12648429}
{'arrival_time_ms': 54935, 'header_length': 24, 'padding_length': 0, 'payload_size': 796, 'payload_type': 126, 'send_time_ms': 51999, 'sequence_number': 2180, 'ssrc': 12648429}
{'arrival_time_ms': 54961, 'header_length': 24, 'padding_length': 0, 'payload_size': 915, 'payload_type': 126, 'send_time_ms': 52034, 'sequence_number': 2181, 'ssrc': 12648429}
{'arrival_time_ms': 54986, 'header_length': 24, 'padding_length': 0, 'payload_size': 916, 'payload_type': 126, 'send_time_ms': 52039, 'sequence_number': 2182, 'ssrc': 12648429}
{'arrival_time_ms': 55012, 'header_length': 24, 'padding_length': 0, 'payload_size': 915, 'payload_type': 126, 'send_time_ms': 52069, 'sequence_number': 2183, 'ssrc': 12648429}
{'arrival_time_ms': 55038, 'header_length': 24, 'padding_length': 0, 'payload_size': 916, 'payload_type': 126, 'send_time_ms': 52074, 'sequence_number': 2184, 'ssrc': 12648429}
{'arrival_time_ms': 55064, 'header_length': 24, 'padding_length': 0, 'payload_size': 915, 'payload_type': 126, 'send_time_ms': 52099, 'sequence_number': 2185, 'ssrc': 12648429}
{'arrival_time_ms': 55090, 'header_length': 24, 'padding_length': 0, 'payload_size': 916, 'payload_type': 126, 'send_time_ms': 52104, 'sequence_number': 2186, 'ssrc': 12648429}
{'arrival_time_ms': 55113, 'header_length': 24, 'padding_length': 0, 'payload_size': 815, 'payload_type': 126, 'send_time_ms': 52134, 'sequence_number': 2187, 'ssrc': 12648429}
{'arrival_time_ms': 55136, 'header_length': 24, 'padding_length': 0, 'payload_size': 816, 'payload_type': 126, 'send_time_ms': 52139, 'sequence_number': 2188, 'ssrc': 12648429}
{'arrival_time_ms': 55171, 'header_length': 24, 'padding_length': 0, 'payload_size': 1246, 'payload_type': 126, 'send_time_ms': 52169, 'sequence_number': 2189, 'ssrc': 12648429}
{'arrival_time_ms': 55206, 'header_length': 24, 'padding_length': 0, 'payload_size': 1246, 'payload_type': 126, 'send_time_ms': 52199, 'sequence_number': 2190, 'ssrc': 12648429}
{'arrival_time_ms': 55235, 'header_length': 24, 'padding_length': 0, 'payload_size': 1038, 'payload_type': 126, 'send_time_ms': 52234, 'sequence_number': 2191, 'ssrc': 12648429}
{'arrival_time_ms': 55264, 'header_length': 24, 'padding_length': 0, 'payload_size': 1038, 'payload_type': 126, 'send_time_ms': 52269, 'sequence_number': 2192, 'ssrc': 12648429}
{'arrival_time_ms': 55293, 'header_length': 24, 'padding_length': 0, 'payload_size': 1038, 'payload_type': 126, 'send_time_ms': 52299, 'sequence_number': 2193, 'ssrc': 12648429}
{'arrival_time_ms': 55319, 'header_length': 24, 'padding_length': 0, 'payload_size': 936, 'payload_type': 126, 'send_time_ms': 52334, 'sequence_number': 2194, 'ssrc': 12648429}
{'arrival_time_ms': 55346, 'header_length': 24, 'padding_length': 0, 'payload_size': 936, 'payload_type': 126, 'send_time_ms': 52339, 'sequence_number': 2195, 'ssrc': 12648429}
{'arrival_time_ms': 55372, 'header_length': 24, 'padding_length': 0, 'payload_size': 936, 'payload_type': 126, 'send_time_ms': 52369, 'sequence_number': 2196, 'ssrc': 12648429}
{'arrival_time_ms': 55398, 'header_length': 24, 'padding_length': 0, 'payload_size': 936, 'payload_type': 126, 'send_time_ms': 52374, 'sequence_number': 2197, 'ssrc': 12648429}
{'arrival_time_ms': 55425, 'header_length': 24, 'padding_length': 0, 'payload_size': 936, 'payload_type': 126, 'send_time_ms': 52399, 'sequence_number': 2198, 'ssrc': 12648429}
{'arrival_time_ms': 55451, 'header_length': 24, 'padding_length': 0, 'payload_size': 936, 'payload_type': 126, 'send_time_ms': 52404, 'sequence_number': 2199, 'ssrc': 12648429}
{'arrival_time_ms': 55480, 'header_length': 24, 'padding_length': 0, 'payload_size': 1038, 'payload_type': 126, 'send_time_ms': 52434, 'sequence_number': 2200, 'ssrc': 12648429}
{'arrival_time_ms': 55506, 'header_length': 24, 'padding_length': 0, 'payload_size': 830, 'payload_type': 126, 'send_time_ms': 52469, 'sequence_number': 2201, 'ssrc': 12648429}
{'arrival_time_ms': 55529, 'header_length': 24, 'padding_length': 0, 'payload_size': 830, 'payload_type': 126, 'send_time_ms': 52499, 'sequence_number': 2202, 'ssrc': 12648429}
{'arrival_time_ms': 55553, 'header_length': 24, 'padding_length': 0, 'payload_size': 830, 'payload_type': 126, 'send_time_ms': 52534, 'sequence_number': 2203, 'ssrc': 12648429}
{'arrival_time_ms': 55577, 'header_length': 24, 'padding_length': 0, 'payload_size': 830, 'payload_type': 126, 'send_time_ms': 52569, 'sequence_number': 2204, 'ssrc': 12648429}
{'arrival_time_ms': 55603, 'header_length': 24, 'padding_length': 0, 'payload_size': 936, 'payload_type': 126, 'send_time_ms': 52599, 'sequence_number': 2205, 'ssrc': 12648429}
{'arrival_time_ms': 55629, 'header_length': 24, 'padding_length': 0, 'payload_size': 936, 'payload_type': 126, 'send_time_ms': 52604, 'sequence_number': 2206, 'ssrc': 12648429}
{'arrival_time_ms': 55653, 'header_length': 24, 'padding_length': 0, 'payload_size': 832, 'payload_type': 126, 'send_time_ms': 52634, 'sequence_number': 2207, 'ssrc': 12648429}
{'arrival_time_ms': 55677, 'header_length': 24, 'padding_length': 0, 'payload_size': 832, 'payload_type': 126, 'send_time_ms': 52639, 'sequence_number': 2208, 'ssrc': 12648429}
{'arrival_time_ms': 55700, 'header_length': 24, 'padding_length': 0, 'payload_size': 832, 'payload_type': 126, 'send_time_ms': 52669, 'sequence_number': 2209, 'ssrc': 12648429}
{'arrival_time_ms': 55724, 'header_length': 24, 'padding_length': 0, 'payload_size': 832, 'payload_type': 126, 'send_time_ms': 52674, 'sequence_number': 2210, 'ssrc': 12648429}
{'arrival_time_ms': 55747, 'header_length': 24, 'padding_length': 0, 'payload_size': 832, 'payload_type': 126, 'send_time_ms': 52699, 'sequence_number': 2211, 'ssrc': 12648429}
{'arrival_time_ms': 55771, 'header_length': 24, 'padding_length': 0, 'payload_size': 832, 'payload_type': 126, 'send_time_ms': 52704, 'sequence_number': 2212, 'ssrc': 12648429}
{'arrival_time_ms': 55800, 'header_length': 24, 'padding_length': 0, 'payload_size': 1038, 'payload_type': 126, 'send_time_ms': 52734, 'sequence_number': 2213, 'ssrc': 12648429}
{'arrival_time_ms': 55829, 'header_length': 24, 'padding_length': 0, 'payload_size': 1038, 'payload_type': 126, 'send_time_ms': 52769, 'sequence_number': 2214, 'ssrc': 12648429}
{'arrival_time_ms': 55858, 'header_length': 24, 'padding_length': 0, 'payload_size': 1038, 'payload_type': 126, 'send_time_ms': 52799, 'sequence_number': 2215, 'ssrc': 12648429}
{'arrival_time_ms': 55888, 'header_length': 24, 'padding_length': 0, 'payload_size': 1038, 'payload_type': 126, 'send_time_ms': 52834, 'sequence_number': 2216, 'ssrc': 12648429}
{'arrival_time_ms': 55917, 'header_length': 24, 'padding_length': 0, 'payload_size': 1038, 'payload_type': 126, 'send_time_ms': 52869, 'sequence_number': 2217, 'ssrc': 12648429}
{'arrival_time_ms': 55943, 'header_length': 24, 'padding_length': 0, 'payload_size': 936, 'payload_type': 126, 'send_time_ms': 52899, 'sequence_number': 2218, 'ssrc': 12648429}
{'arrival_time_ms': 55970, 'header_length': 24, 'padding_length': 0, 'payload_size': 936, 'payload_type': 126, 'send_time_ms': 52904, 'sequence_number': 2219, 'ssrc': 12648429}
{'arrival_time_ms': 55996, 'header_length': 24, 'padding_length': 0, 'payload_size': 936, 'payload_type': 126, 'send_time_ms': 52934, 'sequence_number': 2220, 'ssrc': 12648429}
{'arrival_time_ms': 56022, 'header_length': 24, 'padding_length': 0, 'payload_size': 936, 'payload_type': 126, 'send_time_ms': 52939, 'sequence_number': 2221, 'ssrc': 12648429}
{'arrival_time_ms': 56051, 'header_length': 24, 'padding_length': 0, 'payload_size': 936, 'payload_type': 126, 'send_time_ms': 52969, 'sequence_number': 2222, 'ssrc': 12648429}
{'arrival_time_ms': 56077, 'header_length': 24, 'padding_length': 0, 'payload_size': 936, 'payload_type': 126, 'send_time_ms': 52974, 'sequence_number': 2223, 'ssrc': 12648429}
{'arrival_time_ms': 56106, 'header_length': 24, 'padding_length': 0, 'payload_size': 1038, 'payload_type': 126, 'send_time_ms': 53034, 'sequence_number': 2226, 'ssrc': 12648429}
{'arrival_time_ms': 56132, 'header_length': 24, 'padding_length': 0, 'payload_size': 936, 'payload_type': 126, 'send_time_ms': 53069, 'sequence_number': 2227, 'ssrc': 12648429}
{'arrival_time_ms': 56159, 'header_length': 24, 'padding_length': 0, 'payload_size': 936, 'payload_type': 126, 'send_time_ms': 53074, 'sequence_number': 2228, 'ssrc': 12648429}
{'arrival_time_ms': 56185, 'header_length': 24, 'padding_length': 0, 'payload_size': 936, 'payload_type': 126, 'send_time_ms': 53099, 'sequence_number': 2229, 'ssrc': 12648429}
{'arrival_time_ms': 56214, 'header_length': 24, 'padding_length': 0, 'payload_size': 1038, 'payload_type': 126, 'send_time_ms': 53134, 'sequence_number': 2231, 'ssrc': 12648429}
{'arrival_time_ms': 56244, 'header_length': 24, 'padding_length': 0, 'payload_size': 1038, 'payload_type': 126, 'send_time_ms': 53169, 'sequence_number': 2232, 'ssrc': 12648429}
{'arrival_time_ms': 56264, 'header_length': 24, 'padding_length': 0, 'payload_size': 728, 'payload_type': 126, 'send_time_ms': 53199, 'sequence_number': 2233, 'ssrc': 12648429}
{'arrival_time_ms': 56285, 'header_length': 24, 'padding_length': 0, 'payload_size': 728, 'payload_type': 126, 'send_time_ms': 53204, 'sequence_number': 2234, 'ssrc': 12648429}
{'arrival_time_ms': 56314, 'header_length': 24, 'padding_length': 0, 'payload_size': 1038, 'payload_type': 126, 'send_time_ms': 53234, 'sequence_number': 2235, 'ssrc': 12648429}
{'arrival_time_ms': 56351, 'header_length': 24, 'padding_length': 0, 'payload_size': 1307, 'payload_type': 98, 'send_time_ms': 53244, 'sequence_number': 180, 'ssrc': 195939069}
{'arrival_time_ms': 56380, 'header_length': 24, 'padding_length': 0, 'payload_size': 1038, 'payload_type': 126, 'send_time_ms': 53299, 'sequence_number': 2237, 'ssrc': 12648429}
{'arrival_time_ms': 56403, 'header_length': 24, 'padding_length': 0, 'payload_size': 805, 'payload_type': 126, 'send_time_ms': 53334, 'sequence_number': 2238, 'ssrc': 12648429}
{'arrival_time_ms': 56428, 'header_length': 24, 'padding_length': 0, 'payload_size': 907, 'payload_type': 126, 'send_time_ms': 53369, 'sequence_number': 2239, 'ssrc': 12648429}
{'arrival_time_ms': 56454, 'header_length': 24, 'padding_length': 0, 'payload_size': 907, 'payload_type': 126, 'send_time_ms': 53374, 'sequence_number': 2240, 'ssrc': 12648429}
{'arrival_time_ms': 56480, 'header_length': 24, 'padding_length': 0, 'payload_size': 907, 'payload_type': 126, 'send_time_ms': 53399, 'sequence_number': 2241, 'ssrc': 12648429}
{'arrival_time_ms': 56504, 'header_length': 24, 'padding_length': 0, 'payload_size': 847, 'payload_type': 98, 'send_time_ms': 53429, 'sequence_number': 181, 'ssrc': 195939069}
{'arrival_time_ms': 56534, 'header_length': 24, 'padding_length': 0, 'payload_size': 1005, 'payload_type': 126, 'send_time_ms': 53469, 'sequence_number': 2244, 'ssrc': 12648429}
{'arrival_time_ms': 56559, 'header_length': 24, 'padding_length': 0, 'payload_size': 888, 'payload_type': 126, 'send_time_ms': 53499, 'sequence_number': 2245, 'ssrc': 12648429}
{'arrival_time_ms': 56584, 'header_length': 24, 'padding_length': 0, 'payload_size': 889, 'payload_type': 126, 'send_time_ms': 53504, 'sequence_number': 2246, 'ssrc': 12648429}
{'arrival_time_ms': 56608, 'header_length': 24, 'padding_length': 0, 'payload_size': 847, 'payload_type': 98, 'send_time_ms': 53534, 'sequence_number': 182, 'ssrc': 195939069}
{'arrival_time_ms': 56630, 'header_length': 24, 'padding_length': 0, 'payload_size': 790, 'payload_type': 126, 'send_time_ms': 53539, 'sequence_number': 2247, 'ssrc': 12648429}
{'arrival_time_ms': 56655, 'header_length': 24, 'padding_length': 0, 'payload_size': 847, 'payload_type': 98, 'send_time_ms': 53564, 'sequence_number': 183, 'ssrc': 195939069}
{'arrival_time_ms': 56676, 'header_length': 24, 'padding_length': 0, 'payload_size': 759, 'payload_type': 126, 'send_time_ms': 53599, 'sequence_number': 2251, 'ssrc': 12648429}
{'arrival_time_ms': 56698, 'header_length': 24, 'padding_length': 0, 'payload_size': 759, 'payload_type': 126, 'send_time_ms': 53634, 'sequence_number': 2252, 'ssrc': 12648429}
{'arrival_time_ms': 56720, 'header_length': 24, 'padding_length': 0, 'payload_size': 759, 'payload_type': 126, 'send_time_ms': 53669, 'sequence_number': 2253, 'ssrc': 12648429}
{'arrival_time_ms': 56741, 'header_length': 24, 'padding_length': 0, 'payload_size': 759, 'payload_type': 126, 'send_time_ms': 53699, 'sequence_number': 2254, 'ssrc': 12648429}
{'arrival_time_ms': 56768, 'header_length': 24, 'padding_length': 0, 'payload_size': 942, 'payload_type': 126, 'send_time_ms': 53734, 'sequence_number': 2255, 'ssrc': 12648429}
{'arrival_time_ms': 56789, 'header_length': 24, 'padding_length': 0, 'payload_size': 755, 'payload_type': 126, 'send_time_ms': 53769, 'sequence_number': 2256, 'ssrc': 12648429}
{'arrival_time_ms': 56811, 'header_length': 24, 'padding_length': 0, 'payload_size': 755, 'payload_type': 126, 'send_time_ms': 53799, 'sequence_number': 2257, 'ssrc': 12648429}
{'arrival_time_ms': 56838, 'header_length': 24, 'padding_length': 0, 'payload_size': 942, 'payload_type': 126, 'send_time_ms': 53834, 'sequence_number': 2258, 'ssrc': 12648429}
{'arrival_time_ms': 56864, 'header_length': 24, 'padding_length': 0, 'payload_size': 942, 'payload_type': 126, 'send_time_ms': 53869, 'sequence_number': 2259, 'ssrc': 12648429}
{'arrival_time_ms': 56888, 'header_length': 24, 'padding_length': 0, 'payload_size': 851, 'payload_type': 126, 'send_time_ms': 53899, 'sequence_number': 2260, 'ssrc': 12648429}
{'arrival_time_ms': 56912, 'header_length': 24, 'padding_length': 0, 'payload_size': 851, 'payload_type': 126, 'send_time_ms': 53904, 'sequence_number': 2261, 'ssrc': 12648429}
{'arrival_time_ms': 56936, 'header_length': 24, 'padding_length': 0, 'payload_size': 851, 'payload_type': 126, 'send_time_ms': 53934, 'sequence_number': 2262, 'ssrc': 12648429}
{'arrival_time_ms': 56961, 'header_length': 24, 'padding_length': 0, 'payload_size': 851, 'payload_type': 126, 'send_time_ms': 53939, 'sequence_number': 2263, 'ssrc': 12648429}
{'arrival_time_ms': 56989, 'header_length': 24, 'padding_length': 0, 'payload_size': 942, 'payload_type': 126, 'send_time_ms': 53969, 'sequence_number': 2264, 'ssrc': 12648429}
{'arrival_time_ms': 57016, 'header_length': 24, 'padding_length': 0, 'payload_size': 942, 'payload_type': 126, 'send_time_ms': 53999, 'sequence_number': 2265, 'ssrc': 12648429}
{'arrival_time_ms': 57052, 'header_length': 24, 'padding_length': 0, 'payload_size': 1307, 'payload_type': 98, 'send_time_ms': 54019, 'sequence_number': 184, 'ssrc': 195939069}
{'arrival_time_ms': 57073, 'header_length': 24, 'padding_length': 0, 'payload_size': 726, 'payload_type': 126, 'send_time_ms': 54034, 'sequence_number': 2266, 'ssrc': 12648429}
{'arrival_time_ms': 57093, 'header_length': 24, 'padding_length': 0, 'payload_size': 726, 'payload_type': 126, 'send_time_ms': 54069, 'sequence_number': 2267, 'ssrc': 12648429}
{'arrival_time_ms': 57114, 'header_length': 24, 'padding_length': 0, 'payload_size': 726, 'payload_type': 126, 'send_time_ms': 54099, 'sequence_number': 2268, 'ssrc': 12648429}
{'arrival_time_ms': 57136, 'header_length': 24, 'padding_length': 0, 'payload_size': 776, 'payload_type': 98, 'send_time_ms': 54109, 'sequence_number': 185, 'ssrc': 195939069}
{'arrival_time_ms': 57166, 'header_length': 24, 'padding_length': 0, 'payload_size': 1055, 'payload_type': 126, 'send_time_ms': 54134, 'sequence_number': 2269, 'ssrc': 12648429}
{'arrival_time_ms': 57196, 'header_length': 24, 'padding_length': 0, 'payload_size': 1055, 'payload_type': 126, 'send_time_ms': 54169, 'sequence_number': 2270, 'ssrc': 12648429}
{'arrival_time_ms': 57225, 'header_length': 24, 'padding_length': 0, 'payload_size': 1055, 'payload_type': 126, 'send_time_ms': 54199, 'sequence_number': 2271, 'ssrc': 12648429}
{'arrival_time_ms': 57247, 'header_length': 24, 'padding_length': 0, 'payload_size': 776, 'payload_type': 98, 'send_time_ms': 54219, 'sequence_number': 186, 'ssrc': 195939069}
{'arrival_time_ms': 57270, 'header_length': 24, 'padding_length': 0, 'payload_size': 792, 'payload_type': 126, 'send_time_ms': 54234, 'sequence_number': 2272, 'ssrc': 12648429}
{'arrival_time_ms': 57292, 'header_length': 24, 'padding_length': 0, 'payload_size': 793, 'payload_type': 126, 'send_time_ms': 54239, 'sequence_number': 2273, 'ssrc': 12648429}
{'arrival_time_ms': 57331, 'header_length': 24, 'padding_length': 0, 'payload_size': 1384, 'payload_type': 126, 'send_time_ms': 54269, 'sequence_number': 2274, 'ssrc': 12648429}
{'arrival_time_ms': 57369, 'header_length': 24, 'padding_length': 0, 'payload_size': 1384, 'payload_type': 126, 'send_time_ms': 54299, 'sequence_number': 2275, 'ssrc': 12648429}
{'arrival_time_ms': 57390, 'header_length': 24, 'padding_length': 0, 'payload_size': 717, 'payload_type': 126, 'send_time_ms': 54334, 'sequence_number': 2276, 'ssrc': 12648429}
{'arrival_time_ms': 57413, 'header_length': 24, 'padding_length': 0, 'payload_size': 807, 'payload_type': 126, 'send_time_ms': 54369, 'sequence_number': 2277, 'ssrc': 12648429}
{'arrival_time_ms': 57436, 'header_length': 24, 'padding_length': 0, 'payload_size': 807, 'payload_type': 126, 'send_time_ms': 54374, 'sequence_number': 2278, 'ssrc': 12648429}
{'arrival_time_ms': 57459, 'header_length': 24, 'padding_length': 0, 'payload_size': 807, 'payload_type': 126, 'send_time_ms': 54399, 'sequence_number': 2279, 'ssrc': 12648429}
{'arrival_time_ms': 57482, 'header_length': 24, 'padding_length': 0, 'payload_size': 807, 'payload_type': 126, 'send_time_ms': 54404, 'sequence_number': 2280, 'ssrc': 12648429}
{'arrival_time_ms': 57504, 'header_length': 24, 'padding_length': 0, 'payload_size': 807, 'payload_type': 126, 'send_time_ms': 54434, 'sequence_number': 2281, 'ssrc': 12648429}
{'arrival_time_ms': 57527, 'header_length': 24, 'padding_length': 0, 'payload_size': 807, 'payload_type': 126, 'send_time_ms': 54439, 'sequence_number': 2282, 'ssrc': 12648429}
{'arrival_time_ms': 57552, 'header_length': 24, 'padding_length': 0, 'payload_size': 807, 'payload_type': 126, 'send_time_ms': 54469, 'sequence_number': 2283, 'ssrc': 12648429}
{'arrival_time_ms': 57575, 'header_length': 24, 'padding_length': 0, 'payload_size': 807, 'payload_type': 126, 'send_time_ms': 54474, 'sequence_number': 2284, 'ssrc': 12648429}
{'arrival_time_ms': 57596, 'header_length': 24, 'padding_length': 0, 'payload_size': 734, 'payload_type': 126, 'send_time_ms': 54534, 'sequence_number': 2287, 'ssrc': 12648429}
{'arrival_time_ms': 57617, 'header_length': 24, 'padding_length': 0, 'payload_size': 734, 'payload_type': 126, 'send_time_ms': 54539, 'sequence_number': 2288, 'ssrc': 12648429}
{'arrival_time_ms': 57638, 'header_length': 24, 'padding_length': 0, 'payload_size': 734, 'payload_type': 126, 'send_time_ms': 54569, 'sequence_number': 2289, 'ssrc': 12648429}
{'arrival_time_ms': 57659, 'header_length': 24, 'padding_length': 0, 'payload_size': 734, 'payload_type': 126, 'send_time_ms': 54574, 'sequence_number': 2290, 'ssrc': 12648429}
{'arrival_time_ms': 57680, 'header_length': 24, 'padding_length': 0, 'payload_size': 734, 'payload_type': 126, 'send_time_ms': 54599, 'sequence_number': 2291, 'ssrc': 12648429}
{'arrival_time_ms': 57718, 'header_length': 24, 'padding_length': 0, 'payload_size': 1346, 'payload_type': 126, 'send_time_ms': 54634, 'sequence_number': 2293, 'ssrc': 12648429}
{'arrival_time_ms': 57755, 'header_length': 24, 'padding_length': 0, 'payload_size': 1346, 'payload_type': 126, 'send_time_ms': 54669, 'sequence_number': 2294, 'ssrc': 12648429}
{'arrival_time_ms': 57782, 'header_length': 24, 'padding_length': 0, 'payload_size': 963, 'payload_type': 126, 'send_time_ms': 54699, 'sequence_number': 2295, 'ssrc': 12648429}
{'arrival_time_ms': 57809, 'header_length': 24, 'padding_length': 0, 'payload_size': 963, 'payload_type': 126, 'send_time_ms': 54734, 'sequence_number': 2296, 'ssrc': 12648429}
{'arrival_time_ms': 57846, 'header_length': 24, 'padding_length': 0, 'payload_size': 1333, 'payload_type': 98, 'send_time_ms': 54744, 'sequence_number': 187, 'ssrc': 195939069}
{'arrival_time_ms': 57883, 'header_length': 28, 'padding_length': 0, 'payload_size': 1329, 'payload_type': 98, 'send_time_ms': 54759, 'sequence_number': 188, 'ssrc': 195939069}
{'arrival_time_ms': 57910, 'header_length': 24, 'padding_length': 0, 'payload_size': 963, 'payload_type': 126, 'send_time_ms': 54834, 'sequence_number': 2299, 'ssrc': 12648429}
{'arrival_time_ms': 57933, 'header_length': 24, 'padding_length': 0, 'payload_size': 813, 'payload_type': 126, 'send_time_ms': 54869, 'sequence_number': 2300, 'ssrc': 12648429}
{'arrival_time_ms': 57957, 'header_length': 24, 'padding_length': 0, 'payload_size': 814, 'payload_type': 126, 'send_time_ms': 54874, 'sequence_number': 2301, 'ssrc': 12648429}
{'arrival_time_ms': 57980, 'header_length': 24, 'padding_length': 0, 'payload_size': 813, 'payload_type': 126, 'send_time_ms': 54899, 'sequence_number': 2302, 'ssrc': 12648429}
{'arrival_time_ms': 58003, 'header_length': 24, 'padding_length': 0, 'payload_size': 813, 'payload_type': 126, 'send_time_ms': 54934, 'sequence_number': 2304, 'ssrc': 12648429}
{'arrival_time_ms': 58026, 'header_length': 24, 'padding_length': 0, 'payload_size': 814, 'payload_type': 126, 'send_time_ms': 54939, 'sequence_number': 2305, 'ssrc': 12648429}
{'arrival_time_ms': 58049, 'header_length': 24, 'padding_length': 0, 'payload_size': 813, 'payload_type': 126, 'send_time_ms': 54969, 'sequence_number': 2306, 'ssrc': 12648429}
{'arrival_time_ms': 58072, 'header_length': 24, 'padding_length': 0, 'payload_size': 814, 'payload_type': 126, 'send_time_ms': 54974, 'sequence_number': 2307, 'ssrc': 12648429}
{'arrival_time_ms': 58098, 'header_length': 24, 'padding_length': 0, 'payload_size': 905, 'payload_type': 126, 'send_time_ms': 54999, 'sequence_number': 2308, 'ssrc': 12648429}
{'arrival_time_ms': 58119, 'header_length': 24, 'padding_length': 0, 'payload_size': 746, 'payload_type': 126, 'send_time_ms': 55069, 'sequence_number': 2310, 'ssrc': 12648429}
{'arrival_time_ms': 58140, 'header_length': 24, 'padding_length': 0, 'payload_size': 746, 'payload_type': 126, 'send_time_ms': 55099, 'sequence_number': 2311, 'ssrc': 12648429}
{'arrival_time_ms': 58164, 'header_length': 24, 'padding_length': 0, 'payload_size': 842, 'payload_type': 126, 'send_time_ms': 55134, 'sequence_number': 2312, 'ssrc': 12648429}
{'arrival_time_ms': 58188, 'header_length': 24, 'padding_length': 0, 'payload_size': 843, 'payload_type': 126, 'send_time_ms': 55139, 'sequence_number': 2313, 'ssrc': 12648429}
{'arrival_time_ms': 58210, 'header_length': 24, 'padding_length': 0, 'payload_size': 763, 'payload_type': 126, 'send_time_ms': 55169, 'sequence_number': 2314, 'ssrc': 12648429}
{'arrival_time_ms': 58232, 'header_length': 24, 'padding_length': 0, 'payload_size': 763, 'payload_type': 126, 'send_time_ms': 55199, 'sequence_number': 2315, 'ssrc': 12648429}
{'arrival_time_ms': 58269, 'header_length': 24, 'padding_length': 0, 'payload_size': 1334, 'payload_type': 126, 'send_time_ms': 55234, 'sequence_number': 2316, 'ssrc': 12648429}
{'arrival_time_ms': 58291, 'header_length': 24, 'padding_length': 0, 'payload_size': 776, 'payload_type': 126, 'send_time_ms': 55269, 'sequence_number': 2317, 'ssrc': 12648429}
{'arrival_time_ms': 58313, 'header_length': 24, 'padding_length': 0, 'payload_size': 776, 'payload_type': 126, 'send_time_ms': 55299, 'sequence_number': 2318, 'ssrc': 12648429}
{'arrival_time_ms': 58338, 'header_length': 24, 'padding_length': 0, 'payload_size': 873, 'payload_type': 126, 'send_time_ms': 55334, 'sequence_number': 2319, 'ssrc': 12648429}
{'arrival_time_ms': 58363, 'header_length': 24, 'padding_length': 0, 'payload_size': 874, 'payload_type': 126, 'send_time_ms': 55339, 'sequence_number': 2320, 'ssrc': 12648429}
{'arrival_time_ms': 58387, 'header_length': 24, 'padding_length': 0, 'payload_size': 873, 'payload_type': 126, 'send_time_ms': 55369, 'sequence_number': 2321, 'ssrc': 12648429}
{'arrival_time_ms': 58412, 'header_length': 24, 'padding_length': 0, 'payload_size': 874, 'payload_type': 126, 'send_time_ms': 55374, 'sequence_number': 2322, 'ssrc': 12648429}
{'arrival_time_ms': 58437, 'header_length': 24, 'padding_length': 0, 'payload_size': 873, 'payload_type': 126, 'send_time_ms': 55399, 'sequence_number': 2323, 'ssrc': 12648429}
{'arrival_time_ms': 58462, 'header_length': 24, 'padding_length': 0, 'payload_size': 874, 'payload_type': 126, 'send_time_ms': 55404, 'sequence_number': 2324, 'ssrc': 12648429}
{'arrival_time_ms': 58486, 'header_length': 24, 'padding_length': 0, 'payload_size': 873, 'payload_type': 126, 'send_time_ms': 55434, 'sequence_number': 2325, 'ssrc': 12648429}
{'arrival_time_ms': 58511, 'header_length': 24, 'padding_length': 0, 'payload_size': 874, 'payload_type': 126, 'send_time_ms': 55439, 'sequence_number': 2326, 'ssrc': 12648429}
{'arrival_time_ms': 58551, 'header_length': 24, 'padding_length': 0, 'payload_size': 1359, 'payload_type': 126, 'send_time_ms': 55469, 'sequence_number': 2327, 'ssrc': 12648429}
{'arrival_time_ms': 58588, 'header_length': 24, 'padding_length': 0, 'payload_size': 1359, 'payload_type': 126, 'send_time_ms': 55499, 'sequence_number': 2328, 'ssrc': 12648429}
{'arrival_time_ms': 58621, 'header_length': 24, 'padding_length': 0, 'payload_size': 1163, 'payload_type': 126, 'send_time_ms': 55534, 'sequence_number': 2329, 'ssrc': 12648429}
{'arrival_time_ms': 58653, 'header_length': 24, 'padding_length': 0, 'payload_size': 1163, 'payload_type': 126, 'send_time_ms': 55569, 'sequence_number': 2330, 'ssrc': 12648429}
{'arrival_time_ms': 58678, 'header_length': 24, 'padding_length': 0, 'payload_size': 873, 'payload_type': 126, 'send_time_ms': 55599, 'sequence_number': 2331, 'ssrc': 12648429}
{'arrival_time_ms': 58703, 'header_length': 24, 'padding_length': 0, 'payload_size': 874, 'payload_type': 126, 'send_time_ms': 55604, 'sequence_number': 2332, 'ssrc': 12648429}
{'arrival_time_ms': 58730, 'header_length': 24, 'padding_length': 0, 'payload_size': 971, 'payload_type': 126, 'send_time_ms': 55634, 'sequence_number': 2333, 'ssrc': 12648429}
{'arrival_time_ms': 58757, 'header_length': 24, 'padding_length': 0, 'payload_size': 971, 'payload_type': 126, 'send_time_ms': 55669, 'sequence_number': 2334, 'ssrc': 12648429}
{'arrival_time_ms': 58785, 'header_length': 24, 'padding_length': 0, 'payload_size': 971, 'payload_type': 126, 'send_time_ms': 55699, 'sequence_number': 2335, 'ssrc': 12648429}
{'arrival_time_ms': 58812, 'header_length': 24, 'padding_length': 0, 'payload_size': 971, 'payload_type': 126, 'send_time_ms': 55734, 'sequence_number': 2336, 'ssrc': 12648429}
{'arrival_time_ms': 58837, 'header_length': 24, 'padding_length': 0, 'payload_size': 903, 'payload_type': 126, 'send_time_ms': 55769, 'sequence_number': 2337, 'ssrc': 12648429}
{'arrival_time_ms': 58863, 'header_length': 24, 'padding_length': 0, 'payload_size': 903, 'payload_type': 126, 'send_time_ms': 55774, 'sequence_number': 2338, 'ssrc': 12648429}
{'arrival_time_ms': 58888, 'header_length': 24, 'padding_length': 0, 'payload_size': 903, 'payload_type': 126, 'send_time_ms': 55799, 'sequence_number': 2339, 'ssrc': 12648429}
{'arrival_time_ms': 58912, 'header_length': 24, 'padding_length': 0, 'payload_size': 830, 'payload_type': 126, 'send_time_ms': 55834, 'sequence_number': 2341, 'ssrc': 12648429}
{'arrival_time_ms': 58936, 'header_length': 24, 'padding_length': 0, 'payload_size': 830, 'payload_type': 126, 'send_time_ms': 55869, 'sequence_number': 2342, 'ssrc': 12648429}
{'arrival_time_ms': 58970, 'header_length': 24, 'padding_length': 0, 'payload_size': 1246, 'payload_type': 126, 'send_time_ms': 55899, 'sequence_number': 2343, 'ssrc': 12648429}
{'arrival_time_ms': 59005, 'header_length': 24, 'padding_length': 0, 'payload_size': 1246, 'payload_type': 126, 'send_time_ms': 55934, 'sequence_number': 2344, 'ssrc': 12648429}
{'arrival_time_ms': 59041, 'header_length': 24, 'padding_length': 0, 'payload_size': 1246, 'payload_type': 126, 'send_time_ms': 55969, 'sequence_number': 2345, 'ssrc': 12648429}
{'arrival_time_ms': 59076, 'header_length': 24, 'padding_length': 0, 'payload_size': 1246, 'payload_type': 126, 'send_time_ms': 55999, 'sequence_number': 2346, 'ssrc': 12648429}
{'arrival_time_ms': 59103, 'header_length': 24, 'padding_length': 0, 'payload_size': 936, 'payload_type': 126, 'send_time_ms': 56034, 'sequence_number': 2347, 'ssrc': 12648429}
{'arrival_time_ms': 59129, 'header_length': 24, 'padding_length': 0, 'payload_size': 936, 'payload_type': 126, 'send_time_ms': 56039, 'sequence_number': 2348, 'ssrc': 12648429}
{'arrival_time_ms': 59153, 'header_length': 24, 'padding_length': 0, 'payload_size': 832, 'payload_type': 126, 'send_time_ms': 56069, 'sequence_number': 2349, 'ssrc': 12648429}
{'arrival_time_ms': 59176, 'header_length': 24, 'padding_length': 0, 'payload_size': 832, 'payload_type': 126, 'send_time_ms': 56099, 'sequence_number': 2351, 'ssrc': 12648429}
{'arrival_time_ms': 59211, 'header_length': 24, 'padding_length': 0, 'payload_size': 1246, 'payload_type': 126, 'send_time_ms': 56134, 'sequence_number': 2353, 'ssrc': 12648429}
{'arrival_time_ms': 59246, 'header_length': 24, 'padding_length': 0, 'payload_size': 1246, 'payload_type': 126, 'send_time_ms': 56169, 'sequence_number': 2354, 'ssrc': 12648429}
{'arrival_time_ms': 59269, 'header_length': 24, 'padding_length': 0, 'payload_size': 832, 'payload_type': 126, 'send_time_ms': 56199, 'sequence_number': 2355, 'ssrc': 12648429}
{'arrival_time_ms': 59293, 'header_length': 24, 'padding_length': 0, 'payload_size': 832, 'payload_type': 126, 'send_time_ms': 56204, 'sequence_number': 2356, 'ssrc': 12648429}
{'arrival_time_ms': 59319, 'header_length': 24, 'padding_length': 0, 'payload_size': 938, 'payload_type': 98, 'send_time_ms': 56214, 'sequence_number': 189, 'ssrc': 195939069}
{'arrival_time_ms': 59343, 'header_length': 24, 'padding_length': 0, 'payload_size': 832, 'payload_type': 126, 'send_time_ms': 56269, 'sequence_number': 2359, 'ssrc': 12648429}
{'arrival_time_ms': 59366, 'header_length': 24, 'padding_length': 0, 'payload_size': 832, 'payload_type': 126, 'send_time_ms': 56299, 'sequence_number': 2361, 'ssrc': 12648429}
{'arrival_time_ms': 59390, 'header_length': 24, 'padding_length': 0, 'payload_size': 832, 'payload_type': 126, 'send_time_ms': 56304, 'sequence_number': 2362, 'ssrc': 12648429}
{'arrival_time_ms': 59418, 'header_length': 24, 'padding_length': 0, 'payload_size': 996, 'payload_type': 126, 'send_time_ms': 56334, 'sequence_number': 2363, 'ssrc': 12648429}
{'arrival_time_ms': 59443, 'header_length': 24, 'padding_length': 0, 'payload_size': 878, 'payload_type': 126, 'send_time_ms': 56369, 'sequence_number': 2364, 'ssrc': 12648429}
{'arrival_time_ms': 59468, 'header_length': 24, 'padding_length': 0, 'payload_size': 878, 'payload_type': 126, 'send_time_ms': 56399, 'sequence_number': 2366, 'ssrc': 12648429}
{'arrival_time_ms': 59493, 'header_length': 24, 'padding_length': 0, 'payload_size': 878, 'payload_type': 126, 'send_time_ms': 56434, 'sequence_number': 2368, 'ssrc': 12648429}
{'arrival_time_ms': 59518, 'header_length': 24, 'padding_length': 0, 'payload_size': 878, 'payload_type': 126, 'send_time_ms': 56439, 'sequence_number': 2369, 'ssrc': 12648429}
{'arrival_time_ms': 59544, 'header_length': 24, 'padding_length': 0, 'payload_size': 878, 'payload_type': 126, 'send_time_ms': 56469, 'sequence_number': 2370, 'ssrc': 12648429}
{'arrival_time_ms': 59573, 'header_length': 24, 'padding_length': 0, 'payload_size': 1040, 'payload_type': 98, 'send_time_ms': 56484, 'sequence_number': 192, 'ssrc': 195939069}
{'arrival_time_ms': 59600, 'header_length': 24, 'padding_length': 0, 'payload_size': 951, 'payload_type': 126, 'send_time_ms': 56534, 'sequence_number': 2374, 'ssrc': 12648429}
{'arrival_time_ms': 59627, 'header_length': 24, 'padding_length': 0, 'payload_size': 951, 'payload_type': 126, 'send_time_ms': 56569, 'sequence_number': 2375, 'ssrc': 12648429}
{'arrival_time_ms': 59654, 'header_length': 24, 'padding_length': 0, 'payload_size': 951, 'payload_type': 126, 'send_time_ms': 56599, 'sequence_number': 2376, 'ssrc': 12648429}
{'arrival_time_ms': 59681, 'header_length': 24, 'padding_length': 0, 'payload_size': 951, 'payload_type': 126, 'send_time_ms': 56634, 'sequence_number': 2377, 'ssrc': 12648429}
{'arrival_time_ms': 59706, 'header_length': 24, 'padding_length': 0, 'payload_size': 909, 'payload_type': 98, 'send_time_ms': 56644, 'sequence_number': 193, 'ssrc': 195939069}
{'arrival_time_ms': 59735, 'header_length': 24, 'padding_length': 0, 'payload_size': 1007, 'payload_type': 98, 'send_time_ms': 56659, 'sequence_number': 194, 'ssrc': 195939069}
{'arrival_time_ms': 59756, 'header_length': 24, 'padding_length': 0, 'payload_size': 742, 'payload_type': 126, 'send_time_ms': 56674, 'sequence_number': 2378, 'ssrc': 12648429}
{'arrival_time_ms': 59777, 'header_length': 24, 'padding_length': 0, 'payload_size': 742, 'payload_type': 126, 'send_time_ms': 56699, 'sequence_number': 2379, 'ssrc': 12648429}
{'arrival_time_ms': 59798, 'header_length': 24, 'padding_length': 0, 'payload_size': 728, 'payload_type': 126, 'send_time_ms': 56734, 'sequence_number': 2380, 'ssrc': 12648429}
{'arrival_time_ms': 59819, 'header_length': 24, 'padding_length': 0, 'payload_size': 728, 'payload_type': 126, 'send_time_ms': 56739, 'sequence_number': 2381, 'ssrc': 12648429}
{'arrival_time_ms': 59840, 'header_length': 24, 'padding_length': 0, 'payload_size': 728, 'payload_type': 126, 'send_time_ms': 56769, 'sequence_number': 2382, 'ssrc': 12648429}
{'arrival_time_ms': 59860, 'header_length': 24, 'padding_length': 0, 'payload_size': 728, 'payload_type': 126, 'send_time_ms': 56774, 'sequence_number': 2383, 'ssrc': 12648429}
{'arrival_time_ms': 59883, 'header_length': 24, 'padding_length': 0, 'payload_size': 792, 'payload_type': 98, 'send_time_ms': 56794, 'sequence_number': 196, 'ssrc': 195939069}
{'arrival_time_ms': 59909, 'header_length': 24, 'padding_length': 0, 'payload_size': 909, 'payload_type': 126, 'send_time_ms': 56814, 'sequence_number': 2384, 'ssrc': 12648429}
{'arrival_time_ms': 59934, 'header_length': 24, 'padding_length': 0, 'payload_size': 909, 'payload_type': 126, 'send_time_ms': 56869, 'sequence_number': 2386, 'ssrc': 12648429}
{'arrival_time_ms': 59973, 'header_length': 24, 'padding_length': 0, 'payload_size': 1380, 'payload_type': 126, 'send_time_ms': 56899, 'sequence_number': 2387, 'ssrc': 12648429}
Current BWE: 450000
Current BWE: 450000
Current BWE: 450000
Current BWE: 450000
Current BWE: 450000
Current BWE: 450000
Current BWE: 300000
Current BWE: 450000
Current BWE: 450000
Current BWE: 250000
Current BWE: 200000
Current BWE: 350000
Current BWE: 250000
Current BWE: 250000
Current BWE: 450000
Current BWE: 200000
Current BWE: 400000
Current BWE: 450000
Current BWE: 200000
Current BWE: 250000
Current BWE: 300000
Current BWE: 250000
Current BWE: 250000
Current BWE: 300000
Current BWE: 300000
Current BWE: 350000
Current BWE: 450000
Current BWE: 200000
Current BWE: 450000
Current BWE: 350000
Current BWE: 200000
Current BWE: 200000
Current BWE: 250000
Current BWE: 250000
Current BWE: 450000
Current BWE: 450000
Current BWE: 450000
Current BWE: 450000
Current BWE: 350000
Current BWE: 450000
Current BWE: 250000
Current BWE: 250000
Current BWE: 400000
Current BWE: 250000
Current BWE: 350000
Current BWE: 250000
Current BWE: 450000
Current BWE: 250000
Current BWE: 250000
Current BWE: 350000
Current BWE: 250000
Current BWE: 450000
Current BWE: 200000
Current BWE: 250000
Current BWE: 450000
Current BWE: 350000
Current BWE: 450000
Current BWE: 300000
Current BWE: 350000
Current BWE: 450000
Current BWE: 350000
Current BWE: 400000
Current BWE: 200000
Current BWE: 450000
Current BWE: 350000
Current BWE: 350000
Current BWE: 450000
Current BWE: 300000
Current BWE: 250000
Current BWE: 350000
Current BWE: 450000
Current BWE: 250000
Current BWE: 400000
Current BWE: 400000
Current BWE: 350000
Current BWE: 450000
Current BWE: 350000
Current BWE: 300000
Current BWE: 350000
Current BWE: 250000
Current BWE: 300000
Current BWE: 300000
Current BWE: 300000
Current BWE: 350000
Current BWE: 300000
Current BWE: 200000
Current BWE: 450000
Current BWE: 250000
Current BWE: 450000
Current BWE: 450000
Current BWE: 300000
Current BWE: 450000
Current BWE: 350000
Current BWE: 200000
Current BWE: 400000
Current BWE: 450000
Current BWE: 450000
Current BWE: 250000
Current BWE: 200000
Current BWE: 250000
Current BWE: 450000
Current BWE: 250000
Current BWE: 450000
Current BWE: 350000
Current BWE: 400000
Current BWE: 250000
Current BWE: 450000
Current BWE: 450000
Current BWE: 250000
Current BWE: 200000
Current BWE: 450000
Current BWE: 450000
Current BWE: 450000
Current BWE: 350000
Current BWE: 300000
Current BWE: 450000
Current BWE: 450000
Current BWE: 450000
Current BWE: 250000
Current BWE: 450000
Current BWE: 250000
Current BWE: 400000
Current BWE: 250000
Current BWE: 450000
Current BWE: 250000
Current BWE: 250000
Current BWE: 450000
Current BWE: 250000
Current BWE: 300000
Current BWE: 450000
Current BWE: 450000
Current BWE: 350000
Current BWE: 450000
Current BWE: 250000
Current BWE: 200000
Current BWE: 250000
Current BWE: 450000
Current BWE: 250000
Current BWE: 450000
Current BWE: 250000
Current BWE: 450000
Current BWE: 400000
Current BWE: 450000
Current BWE: 250000
Current BWE: 400000
Current BWE: 350000
Current BWE: 250000
Current BWE: 250000
Current BWE: 450000
Current BWE: 200000
Current BWE: 450000
Current BWE: 300000
Current BWE: 350000
Current BWE: 450000
Current BWE: 450000
Current BWE: 300000
Current BWE: 250000
Current BWE: 200000
Current BWE: 250000
Current BWE: 450000
Current BWE: 250000
Current BWE: 250000
Current BWE: 450000
Current BWE: 250000
Current BWE: 250000
Current BWE: 350000
Current BWE: 250000
Current BWE: 400000
Current BWE: 350000
Current BWE: 250000
Current BWE: 250000
Current BWE: 450000
Current BWE: 450000
Current BWE: 250000
Current BWE: 450000
Current BWE: 250000
Current BWE: 350000
Current BWE: 450000
Current BWE: 450000
Current BWE: 450000
Current BWE: 200000
Current BWE: 450000
Current BWE: 400000
Current BWE: 400000
Current BWE: 450000
Current BWE: 450000
Current BWE: 200000
Current BWE: 350000
Current BWE: 250000
Current BWE: 300000
Current BWE: 300000
Current BWE: 200000
Current BWE: 200000
Current BWE: 200000
Current BWE: 450000
Current BWE: 200000
Current BWE: 200000
Current BWE: 350000
Current BWE: 450000
Current BWE: 200000
Current BWE: 450000
Current BWE: 350000
Current BWE: 350000
Current BWE: 250000
Current BWE: 350000
Current BWE: 250000
Current BWE: 300000
Current BWE: 450000
Current BWE: 400000
Current BWE: 250000
Current BWE: 450000
Current BWE: 450000
Current BWE: 450000
Current BWE: 400000
Current BWE: 200000
Current BWE: 450000
Current BWE: 450000
Current BWE: 400000
Current BWE: 450000
Current BWE: 300000
Current BWE: 200000
Current BWE: 250000
Current BWE: 400000
Current BWE: 450000
Current BWE: 450000
Current BWE: 450000
Current BWE: 250000
Current BWE: 450000
Current BWE: 250000
Current BWE: 450000
Current BWE: 450000
Current BWE: 200000
Current BWE: 250000
Current BWE: 200000
Current BWE: 200000
Current BWE: 400000
Current BWE: 300000
Current BWE: 450000
Current BWE: 250000
Current BWE: 250000
Current BWE: 300000
Current BWE: 450000
Current BWE: 400000
Current BWE: 300000
Current BWE: 450000
Current BWE: 250000
Current BWE: 200000
Current BWE: 450000
Current BWE: 250000
Current BWE: 450000
Current BWE: 450000
Current BWE: 400000
Current BWE: 400000
Current BWE: 450000
Current BWE: 350000
Current BWE: 200000
Current BWE: 250000
Current BWE: 250000
Current BWE: 200000
Current BWE: 350000
Current BWE: 200000
Current BWE: 250000
Current BWE: 200000
Current BWE: 250000
Current BWE: 450000
Current BWE: 400000
Current BWE: 450000
Current BWE: 300000
Current BWE: 450000
Current BWE: 250000
Current BWE: 400000
Current BWE: 450000
Current BWE: 200000
Current BWE: 400000
Current BWE: 200000
Current BWE: 450000
Current BWE: 450000
Current BWE: 250000
Current BWE: 250000
Current BWE: 450000
Current BWE: 350000
Current BWE: 250000
Current BWE: 250000
Current BWE: 250000
Current BWE: 200000
Current BWE: 250000
Current BWE: 450000
Current BWE: 450000
Current BWE: 400000
Current BWE: 200000
Current BWE: 250000
Current BWE: 250000
Current BWE: 250000
Current BWE: 200000
Current BWE: 450000
Current BWE: 450000
Current BWE: 300000
Current BWE: 450000
Current BWE: 250000
Current BWE: 450000
Current BWE: 200000
Current BWE: 400000
Current BWE: 200000
Current BWE: 450000
Current BWE: 450000
Current BWE: 450000
Current BWE: 200000
Current BWE: 250000
Current BWE: 300000
Current BWE: 250000
Current BWE: 400000
Current BWE: 250000
Current BWE: 450000
Current BWE: 200000
Current BWE: 250000
Current BWE: 450000
Current BWE: 250000
Current BWE: 400000
Current BWE: 200000
Current BWE: 400000
Current BWE: 300000
Current BWE: 400000
Current BWE: 350000
Current BWE: 350000
Current BWE: 300000
Current BWE: 450000
Current BWE: 250000
Current BWE: 400000
Current BWE: 250000
Current BWE: 450000
Current BWE: 350000
Current BWE: 300000
Current BWE: 350000
Current BWE: 450000
Current BWE: 450000
Current BWE: 400000
Current BWE: 250000
Current BWE: 400000
Current BWE: 450000
Current BWE: 450000
Current BWE: 300000
Current BWE: 450000
Current BWE: 350000
Current BWE: 350000
Current BWE: 400000
Current BWE: 200000
Current BWE: 400000
Current BWE: 250000
Current BWE: 450000
Current BWE: 200000
Current BWE: 250000
Current BWE: 250000
Current BWE: 400000
Current BWE: 250000
Current BWE: 250000
Current BWE: 350000
Current BWE: 200000
Current BWE: 450000
Current BWE: 250000
Current BWE: 400000
Current BWE: 450000
Current BWE: 250000
Current BWE: 250000
Current BWE: 300000
Current BWE: 250000
Current BWE: 200000
Current BWE: 450000
Current BWE: 300000
Current BWE: 200000
Current BWE: 450000
Current BWE: 250000
Current BWE: 450000
Current BWE: 450000
Current BWE: 450000
Current BWE: 250000
Current BWE: 250000
Current BWE: 250000
Current BWE: 300000
Current BWE: 450000
Current BWE: 250000
Current BWE: 450000
Current BWE: 350000
Current BWE: 200000
Current BWE: 450000
Current BWE: 450000
Current BWE: 400000
Current BWE: 400000
Current BWE: 200000
Current BWE: 200000
Current BWE: 450000
Current BWE: 300000
Current BWE: 200000
Current BWE: 450000
Current BWE: 250000
Current BWE: 300000
Current BWE: 250000
Current BWE: 450000
Current BWE: 200000
Current BWE: 200000
Current BWE: 250000
Current BWE: 200000
Current BWE: 200000
Current BWE: 250000
Current BWE: 400000
Current BWE: 450000
Current BWE: 350000
Current BWE: 450000
Current BWE: 200000
Current BWE: 450000
Current BWE: 250000
Current BWE: 250000
Current BWE: 350000
Current BWE: 450000
Current BWE: 250000
Current BWE: 400000
Current BWE: 400000
Current BWE: 300000
Current BWE: 400000
Current BWE: 400000
Current BWE: 250000
Current BWE: 300000
Current BWE: 250000
Current BWE: 200000
Current BWE: 250000
Current BWE: 250000
Current BWE: 450000
Current BWE: 200000
Current BWE: 450000
Current BWE: 300000
Current BWE: 200000
Current BWE: 400000
Current BWE: 250000
Current BWE: 300000
Current BWE: 450000
Current BWE: 250000
Current BWE: 200000
Current BWE: 450000
Current BWE: 300000
Current BWE: 350000
Current BWE: 200000
Current BWE: 400000
Current BWE: 250000
Current BWE: 400000
Current BWE: 450000
Current BWE: 350000
Current BWE: 450000
Current BWE: 450000
Current BWE: 200000
Current BWE: 200000
Current BWE: 450000
Current BWE: 300000
Current BWE: 450000
Current BWE: 350000
Current BWE: 250000
Current BWE: 400000
Current BWE: 450000
Current BWE: 450000
Current BWE: 250000
Current BWE: 250000
Current BWE: 250000
Current BWE: 200000
Current BWE: 450000
Current BWE: 450000
Current BWE: 450000
Current BWE: 450000
Current BWE: 400000
Current BWE: 400000
Current BWE: 200000
Current BWE: 350000
Current BWE: 250000
Current BWE: 200000
Current BWE: 250000
Current BWE: 450000
Current BWE: 200000
Current BWE: 450000
Current BWE: 300000
Current BWE: 200000
Current BWE: 250000
Current BWE: 250000
Current BWE: 250000
Current BWE: 350000
Current BWE: 250000
Current BWE: 200000
Current BWE: 350000
Current BWE: 250000
Current BWE: 350000
Current BWE: 450000
Current BWE: 250000
Current BWE: 200000
Current BWE: 350000
Current BWE: 250000
Current BWE: 350000
Current BWE: 250000
Current BWE: 250000
Current BWE: 250000
Current BWE: 300000
Current BWE: 450000
Current BWE: 250000
Current BWE: 450000
Current BWE: 200000
Current BWE: 200000
Current BWE: 200000
Current BWE: 250000
Current BWE: 450000
Current BWE: 400000
Current BWE: 250000
Current BWE: 200000
Current BWE: 250000
Current BWE: 400000
Current BWE: 450000
Current BWE: 450000
Current BWE: 250000
Current BWE: 200000
Current BWE: 200000
Current BWE: 450000
Current BWE: 300000
Current BWE: 450000
Current BWE: 450000
Current BWE: 450000
Current BWE: 400000
Current BWE: 200000
Current BWE: 250000
Current BWE: 350000
Current BWE: 300000
Current BWE: 400000
Current BWE: 250000
Current BWE: 450000
Current BWE: 200000
Current BWE: 450000
Current BWE: 250000
Current BWE: 200000
Current BWE: 250000
Current BWE: 350000
Current BWE: 400000
Current BWE: 250000
Current BWE: 350000
Current BWE: 200000
Current BWE: 450000
Current BWE: 200000
Current BWE: 200000
Current BWE: 200000
Current BWE: 300000
Current BWE: 400000
Current BWE: 450000
Current BWE: 300000
Current BWE: 400000
Current BWE: 400000
Current BWE: 350000
Current BWE: 450000
Current BWE: 200000
Current BWE: 450000
Current BWE: 200000
Current BWE: 350000
Current BWE: 250000
Current BWE: 200000
Current BWE: 200000
Current BWE: 450000
Current BWE: 200000
Current BWE: 250000
Current BWE: 450000
Current BWE: 400000
Current BWE: 450000
Current BWE: 200000
Current BWE: 350000
Current BWE: 200000
Current BWE: 200000
Current BWE: 450000
Current BWE: 400000
Current BWE: 450000
Current BWE: 200000
Current BWE: 450000
Current BWE: 250000
Current BWE: 250000
Current BWE: 350000
Current BWE: 450000
Current BWE: 350000
Current BWE: 200000
Current BWE: 450000
Current BWE: 300000
Current BWE: 250000
Current BWE: 250000
Current BWE: 400000
Current BWE: 400000
Current BWE: 250000
Current BWE: 300000
Current BWE: 350000
Current BWE: 200000
Current BWE: 250000
Current BWE: 200000
Current BWE: 400000
Current BWE: 200000
Current BWE: 250000
Current BWE: 450000
Current BWE: 250000
Current BWE: 200000
Current BWE: 350000
Current BWE: 250000
Current BWE: 200000
Current BWE: 300000
Current BWE: 400000
Current BWE: 250000
Current BWE: 350000
Current BWE: 350000
Current BWE: 250000
Current BWE: 300000
Current BWE: 200000
Current BWE: 250000
Current BWE: 350000
Current BWE: 300000
Current BWE: 200000
Current BWE: 300000
Current BWE: 250000
Current BWE: 400000
Current BWE: 250000
Current BWE: 250000
Current BWE: 250000
Current BWE: 250000
Current BWE: 450000
Current BWE: 250000
Current BWE: 250000
Current BWE: 300000
Current BWE: 450000
Current BWE: 300000
Current BWE: 400000
Current BWE: 200000
Current BWE: 200000
Current BWE: 400000
Current BWE: 200000
Current BWE: 250000
Current BWE: 200000
Current BWE: 200000
Current BWE: 450000
Current BWE: 200000
Current BWE: 400000
Current BWE: 250000
Current BWE: 250000
Current BWE: 400000
Current BWE: 200000
Current BWE: 400000
Current BWE: 200000
Current BWE: 450000
Current BWE: 250000
Current BWE: 400000
Current BWE: 450000
Current BWE: 200000
Current BWE: 300000
Current BWE: 450000
Current BWE: 250000
Current BWE: 250000
Current BWE: 200000
Current BWE: 250000
Current BWE: 250000
Current BWE: 200000
Current BWE: 350000
Current BWE: 200000
Current BWE: 250000
Current BWE: 450000
Current BWE: 400000
Current BWE: 400000
Current BWE: 400000
Current BWE: 450000
Current BWE: 400000
Current BWE: 200000
Current BWE: 400000
Current BWE: 350000
Current BWE: 250000
Current BWE: 200000
Current BWE: 200000
Current BWE: 200000
Current BWE: 200000
Current BWE: 450000
Current BWE: 250000
Current BWE: 450000
Current BWE: 250000
Current BWE: 400000
Current BWE: 450000
Current BWE: 250000
Current BWE: 450000
Current BWE: 250000
Current BWE: 250000
Current BWE: 200000
Current BWE: 250000
Current BWE: 250000
Current BWE: 250000
Current BWE: 450000
Current BWE: 400000
Current BWE: 250000
Current BWE: 400000
Current BWE: 200000
Current BWE: 450000
Current BWE: 350000
Current BWE: 250000
Current BWE: 350000
Current BWE: 200000
Current BWE: 400000
Current BWE: 450000
Current BWE: 250000
Current BWE: 250000
Current BWE: 350000
Current BWE: 450000
Current BWE: 200000
Current BWE: 200000
Current BWE: 250000
Current BWE: 350000
Current BWE: 450000
Current BWE: 250000
Current BWE: 450000
Current BWE: 450000
Current BWE: 250000
Current BWE: 250000
Current BWE: 350000
Current BWE: 200000
Current BWE: 300000
Current BWE: 250000
Current BWE: 300000
Current BWE: 250000
Current BWE: 200000
Current BWE: 450000
Current BWE: 200000
Current BWE: 350000
Current BWE: 350000
Current BWE: 450000
Current BWE: 450000
Current BWE: 350000
Current BWE: 400000
Current BWE: 350000
Current BWE: 450000
Current BWE: 450000
Current BWE: 200000
Current BWE: 400000
Current BWE: 250000
Current BWE: 300000
Current BWE: 250000
Current BWE: 450000
Current BWE: 200000
Current BWE: 200000
Current BWE: 250000
Current BWE: 350000
Current BWE: 250000
Current BWE: 450000
Current BWE: 200000
Current BWE: 450000
Current BWE: 200000
Current BWE: 350000
Current BWE: 250000
Current BWE: 450000
Current BWE: 350000
Current BWE: 200000
Current BWE: 250000
Current BWE: 250000
Current BWE: 250000
Current BWE: 250000
Current BWE: 200000
Current BWE: 450000
Current BWE: 250000
Current BWE: 400000
Current BWE: 450000
Current BWE: 200000
Current BWE: 200000
Current BWE: 250000
Current BWE: 250000
Current BWE: 200000
Current BWE: 250000
Current BWE: 250000
Current BWE: 300000
Current BWE: 250000
Current BWE: 250000
Current BWE: 250000
Current BWE: 200000
Current BWE: 450000
Current BWE: 350000
Current BWE: 250000
Current BWE: 450000
Current BWE: 200000
Current BWE: 250000
Current BWE: 250000
Current BWE: 400000
Current BWE: 300000
Current BWE: 450000
Current BWE: 450000
Current BWE: 250000
Current BWE: 450000
Current BWE: 400000
Current BWE: 250000
Current BWE: 250000
Current BWE: 400000
Current BWE: 450000
Current BWE: 450000
Current BWE: 200000
Current BWE: 200000
Current BWE: 250000
Current BWE: 200000
Current BWE: 450000
Current BWE: 300000
Current BWE: 400000
Current BWE: 450000
Current BWE: 300000
Current BWE: 250000
Current BWE: 250000
Current BWE: 300000
Current BWE: 200000
Current BWE: 350000
Current BWE: 400000
Current BWE: 400000
Current BWE: 250000
Current BWE: 250000
Current BWE: 200000
Current BWE: 200000
Current BWE: 250000
Current BWE: 450000
Current BWE: 450000
Current BWE: 450000
Current BWE: 250000
Current BWE: 200000
Current BWE: 250000
Current BWE: 250000
Current BWE: 250000
Current BWE: 450000
Current BWE: 200000
Current BWE: 400000
Current BWE: 250000
Current BWE: 400000
Current BWE: 250000
Current BWE: 450000
Current BWE: 400000
Current BWE: 250000
Current BWE: 250000
Current BWE: 450000
Current BWE: 350000
Current BWE: 300000
Current BWE: 450000
Current BWE: 350000
Current BWE: 250000
Current BWE: 450000
Current BWE: 400000
Current BWE: 250000
Current BWE: 450000
Current BWE: 450000
Current BWE: 350000
Current BWE: 250000
Current BWE: 450000
Current BWE: 300000
Current BWE: 200000
Current BWE: 350000
Current BWE: 450000
Current BWE: 250000
Current BWE: 300000
Current BWE: 200000
Current BWE: 250000
Current BWE: 450000
Current BWE: 400000
Current BWE: 200000
Current BWE: 200000
Current BWE: 350000
Current BWE: 400000
Current BWE: 450000
Current BWE: 250000
Current BWE: 350000
Current BWE: 300000
Current BWE: 450000
Current BWE: 350000
Current BWE: 400000
Current BWE: 450000
Current BWE: 250000
Current BWE: 450000
Current BWE: 450000
Current BWE: 250000
Current BWE: 450000
Current BWE: 350000
Current BWE: 250000
Current BWE: 450000
Current BWE: 450000
Current BWE: 200000
Current BWE: 250000
Current BWE: 450000
Current BWE: 200000
Current BWE: 200000
Current BWE: 450000
Current BWE: 450000
Current BWE: 350000
Current BWE: 200000
Current BWE: 450000
Current BWE: 450000
Current BWE: 250000
Current BWE: 450000
Current BWE: 400000
Current BWE: 200000
Current BWE: 350000
Current BWE: 450000
Current BWE: 300000
Current BWE: 250000
Current BWE: 450000
Current BWE: 350000
Current BWE: 450000
Current BWE: 350000
Current BWE: 200000
Current BWE: 250000
Current BWE: 250000
Current BWE: 250000
Current BWE: 450000
Current BWE: 450000
Current BWE: 200000
Current BWE: 450000
Current BWE: 250000
Current BWE: 250000
Current BWE: 300000
Current BWE: 300000
Current BWE: 400000
Current BWE: 250000
Current BWE: 450000
Current BWE: 200000
Current BWE: 450000
Current BWE: 250000
Current BWE: 200000
Current BWE: 200000
Current BWE: 250000
Current BWE: 400000
Current BWE: 450000
Current BWE: 400000
Current BWE: 400000
Current BWE: 350000
Current BWE: 300000
Current BWE: 450000
Current BWE: 300000
Current BWE: 450000
Current BWE: 450000
Current BWE: 300000
Current BWE: 250000
Current BWE: 250000
Current BWE: 450000
Current BWE: 450000
Current BWE: 250000
Current BWE: 400000
Current BWE: 450000
Current BWE: 250000
Current BWE: 300000
Current BWE: 450000
Current BWE: 450000
Current BWE: 300000
Current BWE: 200000
Current BWE: 200000
Current BWE: 250000
Current BWE: 350000
Current BWE: 450000
Current BWE: 200000
Current BWE: 250000
Current BWE: 200000
Current BWE: 250000
Current BWE: 250000
Current BWE: 200000
Current BWE: 350000
Current BWE: 450000
Current BWE: 400000
Current BWE: 450000
Current BWE: 450000
Current BWE: 400000
Current BWE: 450000
Current BWE: 250000
Current BWE: 400000
Current BWE: 300000
Current BWE: 200000
Current BWE: 200000
Current BWE: 450000
Current BWE: 350000
Current BWE: 400000
Current BWE: 450000
Current BWE: 200000
Current BWE: 400000
Current BWE: 200000
Current BWE: 200000
Current BWE: 200000
Current BWE: 250000
Current BWE: 250000
Current BWE: 300000
Current BWE: 200000
Current BWE: 200000
Current BWE: 250000
Current BWE: 200000
Current BWE: 450000
Current BWE: 350000
Current BWE: 450000
Current BWE: 200000
Current BWE: 250000
Current BWE: 400000
Current BWE: 300000
Current BWE: 400000
Current BWE: 350000
Current BWE: 250000
Current BWE: 350000
Current BWE: 350000
Current BWE: 250000
Current BWE: 200000
Current BWE: 250000
Current BWE: 300000
Current BWE: 350000
Current BWE: 450000
Current BWE: 200000
Current BWE: 250000
Current BWE: 300000
Current BWE: 250000
Current BWE: 450000
====================States Info====================
{'arrival_time_ms': 164, 'header_length': 24, 'padding_length': 0, 'payload_size': 1043, 'payload_type': 126, 'send_time_ms': 35, 'sequence_number': 1, 'ssrc': 12648429}
{'arrival_time_ms': 194, 'header_length': 28, 'padding_length': 0, 'payload_size': 1039, 'payload_type': 126, 'send_time_ms': 65, 'sequence_number': 2, 'ssrc': 12648429}
{'arrival_time_ms': 221, 'header_length': 24, 'padding_length': 0, 'payload_size': 939, 'payload_type': 126, 'send_time_ms': 75, 'sequence_number': 3, 'ssrc': 12648429}
{'arrival_time_ms': 253, 'header_length': 24, 'padding_length': 0, 'payload_size': 1149, 'payload_type': 126, 'send_time_ms': 105, 'sequence_number': 4, 'ssrc': 12648429}
{'arrival_time_ms': 279, 'header_length': 24, 'padding_length': 0, 'payload_size': 938, 'payload_type': 126, 'send_time_ms': 135, 'sequence_number': 5, 'ssrc': 12648429}
{'arrival_time_ms': 306, 'header_length': 24, 'padding_length': 0, 'payload_size': 939, 'payload_type': 126, 'send_time_ms': 140, 'sequence_number': 6, 'ssrc': 12648429}
{'arrival_time_ms': 332, 'header_length': 24, 'padding_length': 0, 'payload_size': 938, 'payload_type': 126, 'send_time_ms': 170, 'sequence_number': 7, 'ssrc': 12648429}
{'arrival_time_ms': 359, 'header_length': 24, 'padding_length': 0, 'payload_size': 939, 'payload_type': 126, 'send_time_ms': 175, 'sequence_number': 8, 'ssrc': 12648429}
{'arrival_time_ms': 385, 'header_length': 24, 'padding_length': 0, 'payload_size': 938, 'payload_type': 126, 'send_time_ms': 205, 'sequence_number': 9, 'ssrc': 12648429}
{'arrival_time_ms': 412, 'header_length': 24, 'padding_length': 0, 'payload_size': 939, 'payload_type': 126, 'send_time_ms': 210, 'sequence_number': 10, 'ssrc': 12648429}
{'arrival_time_ms': 438, 'header_length': 24, 'padding_length': 0, 'payload_size': 938, 'payload_type': 126, 'send_time_ms': 235, 'sequence_number': 11, 'ssrc': 12648429}
{'arrival_time_ms': 465, 'header_length': 24, 'padding_length': 0, 'payload_size': 939, 'payload_type': 126, 'send_time_ms': 240, 'sequence_number': 12, 'ssrc': 12648429}
{'arrival_time_ms': 491, 'header_length': 24, 'padding_length': 0, 'payload_size': 938, 'payload_type': 126, 'send_time_ms': 270, 'sequence_number': 13, 'ssrc': 12648429}
{'arrival_time_ms': 517, 'header_length': 24, 'padding_length': 0, 'payload_size': 939, 'payload_type': 126, 'send_time_ms': 275, 'sequence_number': 14, 'ssrc': 12648429}
{'arrival_time_ms': 544, 'header_length': 24, 'padding_length': 0, 'payload_size': 938, 'payload_type': 126, 'send_time_ms': 305, 'sequence_number': 15, 'ssrc': 12648429}
{'arrival_time_ms': 570, 'header_length': 24, 'padding_length': 0, 'payload_size': 939, 'payload_type': 126, 'send_time_ms': 310, 'sequence_number': 16, 'ssrc': 12648429}
{'arrival_time_ms': 597, 'header_length': 24, 'padding_length': 0, 'payload_size': 938, 'payload_type': 126, 'send_time_ms': 335, 'sequence_number': 17, 'ssrc': 12648429}
{'arrival_time_ms': 623, 'header_length': 24, 'padding_length': 0, 'payload_size': 939, 'payload_type': 126, 'send_time_ms': 340, 'sequence_number': 18, 'ssrc': 12648429}
{'arrival_time_ms': 650, 'header_length': 24, 'padding_length': 0, 'payload_size': 938, 'payload_type': 126, 'send_time_ms': 370, 'sequence_number': 19, 'ssrc': 12648429}
{'arrival_time_ms': 676, 'header_length': 24, 'padding_length': 0, 'payload_size': 939, 'payload_type': 126, 'send_time_ms': 375, 'sequence_number': 20, 'ssrc': 12648429}
{'arrival_time_ms': 703, 'header_length': 24, 'padding_length': 0, 'payload_size': 938, 'payload_type': 126, 'send_time_ms': 405, 'sequence_number': 21, 'ssrc': 12648429}
{'arrival_time_ms': 729, 'header_length': 24, 'padding_length': 0, 'payload_size': 939, 'payload_type': 126, 'send_time_ms': 410, 'sequence_number': 22, 'ssrc': 12648429}
{'arrival_time_ms': 763, 'header_length': 24, 'padding_length': 0, 'payload_size': 1206, 'payload_type': 126, 'send_time_ms': 435, 'sequence_number': 23, 'ssrc': 12648429}
{'arrival_time_ms': 796, 'header_length': 24, 'padding_length': 0, 'payload_size': 1206, 'payload_type': 126, 'send_time_ms': 470, 'sequence_number': 24, 'ssrc': 12648429}
{'arrival_time_ms': 825, 'header_length': 24, 'padding_length': 0, 'payload_size': 936, 'payload_type': 126, 'send_time_ms': 505, 'sequence_number': 25, 'ssrc': 12648429}
{'arrival_time_ms': 851, 'header_length': 24, 'padding_length': 0, 'payload_size': 936, 'payload_type': 126, 'send_time_ms': 510, 'sequence_number': 26, 'ssrc': 12648429}
{'arrival_time_ms': 877, 'header_length': 24, 'padding_length': 0, 'payload_size': 936, 'payload_type': 126, 'send_time_ms': 535, 'sequence_number': 27, 'ssrc': 12648429}
{'arrival_time_ms': 904, 'header_length': 24, 'padding_length': 0, 'payload_size': 936, 'payload_type': 126, 'send_time_ms': 540, 'sequence_number': 28, 'ssrc': 12648429}
{'arrival_time_ms': 930, 'header_length': 24, 'padding_length': 0, 'payload_size': 936, 'payload_type': 126, 'send_time_ms': 570, 'sequence_number': 29, 'ssrc': 12648429}
{'arrival_time_ms': 957, 'header_length': 24, 'padding_length': 0, 'payload_size': 936, 'payload_type': 126, 'send_time_ms': 575, 'sequence_number': 30, 'ssrc': 12648429}
{'arrival_time_ms': 983, 'header_length': 24, 'padding_length': 0, 'payload_size': 936, 'payload_type': 126, 'send_time_ms': 605, 'sequence_number': 31, 'ssrc': 12648429}
{'arrival_time_ms': 1009, 'header_length': 24, 'padding_length': 0, 'payload_size': 936, 'payload_type': 126, 'send_time_ms': 610, 'sequence_number': 32, 'ssrc': 12648429}
{'arrival_time_ms': 1038, 'header_length': 24, 'padding_length': 0, 'payload_size': 1005, 'payload_type': 126, 'send_time_ms': 635, 'sequence_number': 33, 'ssrc': 12648429}
{'arrival_time_ms': 1066, 'header_length': 24, 'padding_length': 0, 'payload_size': 1005, 'payload_type': 126, 'send_time_ms': 670, 'sequence_number': 34, 'ssrc': 12648429}
{'arrival_time_ms': 1089, 'header_length': 24, 'padding_length': 0, 'payload_size': 803, 'payload_type': 126, 'send_time_ms': 705, 'sequence_number': 35, 'ssrc': 12648429}
{'arrival_time_ms': 1110, 'header_length': 24, 'padding_length': 0, 'payload_size': 728, 'payload_type': 126, 'send_time_ms': 735, 'sequence_number': 36, 'ssrc': 12648429}
{'arrival_time_ms': 1131, 'header_length': 24, 'padding_length': 0, 'payload_size': 728, 'payload_type': 126, 'send_time_ms': 740, 'sequence_number': 37, 'ssrc': 12648429}
{'arrival_time_ms': 1151, 'header_length': 24, 'padding_length': 0, 'payload_size': 728, 'payload_type': 126, 'send_time_ms': 770, 'sequence_number': 38, 'ssrc': 12648429}
{'arrival_time_ms': 1172, 'header_length': 24, 'padding_length': 0, 'payload_size': 728, 'payload_type': 126, 'send_time_ms': 775, 'sequence_number': 39, 'ssrc': 12648429}
{'arrival_time_ms': 1201, 'header_length': 24, 'padding_length': 0, 'payload_size': 1038, 'payload_type': 126, 'send_time_ms': 805, 'sequence_number': 40, 'ssrc': 12648429}
{'arrival_time_ms': 1230, 'header_length': 24, 'padding_length': 0, 'payload_size': 1038, 'payload_type': 126, 'send_time_ms': 835, 'sequence_number': 41, 'ssrc': 12648429}
{'arrival_time_ms': 1260, 'header_length': 24, 'padding_length': 0, 'payload_size': 1038, 'payload_type': 126, 'send_time_ms': 870, 'sequence_number': 42, 'ssrc': 12648429}
{'arrival_time_ms': 1289, 'header_length': 24, 'padding_length': 0, 'payload_size': 1038, 'payload_type': 126, 'send_time_ms': 905, 'sequence_number': 43, 'ssrc': 12648429}
{'arrival_time_ms': 1314, 'header_length': 24, 'padding_length': 0, 'payload_size': 906, 'payload_type': 126, 'send_time_ms': 935, 'sequence_number': 44, 'ssrc': 12648429}
{'arrival_time_ms': 1340, 'header_length': 24, 'padding_length': 0, 'payload_size': 906, 'payload_type': 126, 'send_time_ms': 940, 'sequence_number': 45, 'ssrc': 12648429}
{'arrival_time_ms': 1367, 'header_length': 24, 'padding_length': 0, 'payload_size': 906, 'payload_type': 126, 'send_time_ms': 970, 'sequence_number': 46, 'ssrc': 12648429}
{'arrival_time_ms': 1393, 'header_length': 24, 'padding_length': 0, 'payload_size': 906, 'payload_type': 126, 'send_time_ms': 975, 'sequence_number': 47, 'ssrc': 12648429}
{'arrival_time_ms': 1416, 'header_length': 24, 'padding_length': 0, 'payload_size': 803, 'payload_type': 126, 'send_time_ms': 1005, 'sequence_number': 48, 'ssrc': 12648429}
{'arrival_time_ms': 1439, 'header_length': 24, 'padding_length': 0, 'payload_size': 832, 'payload_type': 126, 'send_time_ms': 1035, 'sequence_number': 49, 'ssrc': 12648429}
{'arrival_time_ms': 1463, 'header_length': 24, 'padding_length': 0, 'payload_size': 832, 'payload_type': 126, 'send_time_ms': 1040, 'sequence_number': 50, 'ssrc': 12648429}
{'arrival_time_ms': 1487, 'header_length': 24, 'padding_length': 0, 'payload_size': 832, 'payload_type': 126, 'send_time_ms': 1070, 'sequence_number': 51, 'ssrc': 12648429}
{'arrival_time_ms': 1510, 'header_length': 24, 'padding_length': 0, 'payload_size': 832, 'payload_type': 126, 'send_time_ms': 1075, 'sequence_number': 52, 'ssrc': 12648429}
{'arrival_time_ms': 1537, 'header_length': 24, 'padding_length': 0, 'payload_size': 936, 'payload_type': 126, 'send_time_ms': 1105, 'sequence_number': 53, 'ssrc': 12648429}
{'arrival_time_ms': 1563, 'header_length': 24, 'padding_length': 0, 'payload_size': 936, 'payload_type': 126, 'send_time_ms': 1110, 'sequence_number': 54, 'ssrc': 12648429}
{'arrival_time_ms': 1590, 'header_length': 24, 'padding_length': 0, 'payload_size': 936, 'payload_type': 126, 'send_time_ms': 1135, 'sequence_number': 55, 'ssrc': 12648429}
{'arrival_time_ms': 1616, 'header_length': 24, 'padding_length': 0, 'payload_size': 936, 'payload_type': 126, 'send_time_ms': 1140, 'sequence_number': 56, 'ssrc': 12648429}
{'arrival_time_ms': 1640, 'header_length': 24, 'padding_length': 0, 'payload_size': 830, 'payload_type': 126, 'send_time_ms': 1170, 'sequence_number': 57, 'ssrc': 12648429}
{'arrival_time_ms': 1663, 'header_length': 24, 'padding_length': 0, 'payload_size': 830, 'payload_type': 126, 'send_time_ms': 1205, 'sequence_number': 58, 'ssrc': 12648429}
{'arrival_time_ms': 1691, 'header_length': 24, 'padding_length': 0, 'payload_size': 1005, 'payload_type': 126, 'send_time_ms': 1235, 'sequence_number': 59, 'ssrc': 12648429}
{'arrival_time_ms': 1720, 'header_length': 24, 'padding_length': 0, 'payload_size': 1005, 'payload_type': 126, 'send_time_ms': 1270, 'sequence_number': 60, 'ssrc': 12648429}
{'arrival_time_ms': 1753, 'header_length': 24, 'padding_length': 0, 'payload_size': 1206, 'payload_type': 126, 'send_time_ms': 1305, 'sequence_number': 61, 'ssrc': 12648429}
{'arrival_time_ms': 1782, 'header_length': 24, 'padding_length': 0, 'payload_size': 1038, 'payload_type': 126, 'send_time_ms': 1335, 'sequence_number': 62, 'ssrc': 12648429}
{'arrival_time_ms': 1811, 'header_length': 24, 'padding_length': 0, 'payload_size': 1038, 'payload_type': 126, 'send_time_ms': 1370, 'sequence_number': 63, 'ssrc': 12648429}
{'arrival_time_ms': 1841, 'header_length': 24, 'padding_length': 0, 'payload_size': 1038, 'payload_type': 126, 'send_time_ms': 1405, 'sequence_number': 64, 'ssrc': 12648429}
{'arrival_time_ms': 1872, 'header_length': 24, 'padding_length': 0, 'payload_size': 1038, 'payload_type': 126, 'send_time_ms': 1435, 'sequence_number': 65, 'ssrc': 12648429}
{'arrival_time_ms': 1906, 'header_length': 24, 'padding_length': 0, 'payload_size': 1246, 'payload_type': 126, 'send_time_ms': 1470, 'sequence_number': 66, 'ssrc': 12648429}
{'arrival_time_ms': 1941, 'header_length': 24, 'padding_length': 0, 'payload_size': 1246, 'payload_type': 126, 'send_time_ms': 1505, 'sequence_number': 67, 'ssrc': 12648429}
{'arrival_time_ms': 1976, 'header_length': 24, 'padding_length': 0, 'payload_size': 1246, 'payload_type': 126, 'send_time_ms': 1535, 'sequence_number': 68, 'ssrc': 12648429}
{'arrival_time_ms': 1996, 'header_length': 24, 'padding_length': 0, 'payload_size': 728, 'payload_type': 126, 'send_time_ms': 1570, 'sequence_number': 69, 'ssrc': 12648429}
{'arrival_time_ms': 2017, 'header_length': 24, 'padding_length': 0, 'payload_size': 728, 'payload_type': 126, 'send_time_ms': 1575, 'sequence_number': 70, 'ssrc': 12648429}
{'arrival_time_ms': 2038, 'header_length': 24, 'padding_length': 0, 'payload_size': 728, 'payload_type': 126, 'send_time_ms': 1605, 'sequence_number': 71, 'ssrc': 12648429}
{'arrival_time_ms': 2059, 'header_length': 24, 'padding_length': 0, 'payload_size': 728, 'payload_type': 126, 'send_time_ms': 1610, 'sequence_number': 72, 'ssrc': 12648429}
{'arrival_time_ms': 2085, 'header_length': 24, 'padding_length': 0, 'payload_size': 936, 'payload_type': 126, 'send_time_ms': 1635, 'sequence_number': 73, 'ssrc': 12648429}
{'arrival_time_ms': 2112, 'header_length': 24, 'padding_length': 0, 'payload_size': 936, 'payload_type': 126, 'send_time_ms': 1640, 'sequence_number': 74, 'ssrc': 12648429}
{'arrival_time_ms': 2138, 'header_length': 24, 'padding_length': 0, 'payload_size': 936, 'payload_type': 126, 'send_time_ms': 1670, 'sequence_number': 75, 'ssrc': 12648429}
{'arrival_time_ms': 2165, 'header_length': 24, 'padding_length': 0, 'payload_size': 936, 'payload_type': 126, 'send_time_ms': 1675, 'sequence_number': 76, 'ssrc': 12648429}
{'arrival_time_ms': 2188, 'header_length': 24, 'padding_length': 0, 'payload_size': 830, 'payload_type': 126, 'send_time_ms': 1705, 'sequence_number': 77, 'ssrc': 12648429}
{'arrival_time_ms': 2212, 'header_length': 24, 'padding_length': 0, 'payload_size': 830, 'payload_type': 126, 'send_time_ms': 1735, 'sequence_number': 78, 'ssrc': 12648429}
{'arrival_time_ms': 2238, 'header_length': 24, 'padding_length': 0, 'payload_size': 936, 'payload_type': 126, 'send_time_ms': 1770, 'sequence_number': 79, 'ssrc': 12648429}
{'arrival_time_ms': 2264, 'header_length': 24, 'padding_length': 0, 'payload_size': 936, 'payload_type': 126, 'send_time_ms': 1775, 'sequence_number': 80, 'ssrc': 12648429}
{'arrival_time_ms': 2291, 'header_length': 24, 'padding_length': 0, 'payload_size': 936, 'payload_type': 126, 'send_time_ms': 1805, 'sequence_number': 81, 'ssrc': 12648429}
{'arrival_time_ms': 2317, 'header_length': 24, 'padding_length': 0, 'payload_size': 936, 'payload_type': 126, 'send_time_ms': 1810, 'sequence_number': 82, 'ssrc': 12648429}
{'arrival_time_ms': 2338, 'header_length': 24, 'padding_length': 0, 'payload_size': 728, 'payload_type': 126, 'send_time_ms': 1835, 'sequence_number': 83, 'ssrc': 12648429}
{'arrival_time_ms': 2359, 'header_length': 24, 'padding_length': 0, 'payload_size': 728, 'payload_type': 126, 'send_time_ms': 1840, 'sequence_number': 84, 'ssrc': 12648429}
{'arrival_time_ms': 2380, 'header_length': 24, 'padding_length': 0, 'payload_size': 728, 'payload_type': 126, 'send_time_ms': 1870, 'sequence_number': 85, 'ssrc': 12648429}
{'arrival_time_ms': 2401, 'header_length': 24, 'padding_length': 0, 'payload_size': 728, 'payload_type': 126, 'send_time_ms': 1875, 'sequence_number': 86, 'ssrc': 12648429}
{'arrival_time_ms': 2424, 'header_length': 24, 'padding_length': 0, 'payload_size': 830, 'payload_type': 126, 'send_time_ms': 1905, 'sequence_number': 87, 'ssrc': 12648429}
{'arrival_time_ms': 2450, 'header_length': 24, 'padding_length': 0, 'payload_size': 830, 'payload_type': 126, 'send_time_ms': 1935, 'sequence_number': 88, 'ssrc': 12648429}
{'arrival_time_ms': 2473, 'header_length': 24, 'padding_length': 0, 'payload_size': 830, 'payload_type': 126, 'send_time_ms': 1970, 'sequence_number': 89, 'ssrc': 12648429}
{'arrival_time_ms': 2502, 'header_length': 24, 'padding_length': 0, 'payload_size': 1038, 'payload_type': 126, 'send_time_ms': 2005, 'sequence_number': 90, 'ssrc': 12648429}
{'arrival_time_ms': 2532, 'header_length': 24, 'padding_length': 0, 'payload_size': 1038, 'payload_type': 126, 'send_time_ms': 2035, 'sequence_number': 91, 'ssrc': 12648429}
{'arrival_time_ms': 2561, 'header_length': 24, 'padding_length': 0, 'payload_size': 1038, 'payload_type': 126, 'send_time_ms': 2070, 'sequence_number': 92, 'ssrc': 12648429}
{'arrival_time_ms': 2590, 'header_length': 24, 'padding_length': 0, 'payload_size': 1038, 'payload_type': 126, 'send_time_ms': 2105, 'sequence_number': 93, 'ssrc': 12648429}
{'arrival_time_ms': 2616, 'header_length': 24, 'padding_length': 0, 'payload_size': 936, 'payload_type': 126, 'send_time_ms': 2135, 'sequence_number': 94, 'ssrc': 12648429}
{'arrival_time_ms': 2643, 'header_length': 24, 'padding_length': 0, 'payload_size': 936, 'payload_type': 126, 'send_time_ms': 2140, 'sequence_number': 95, 'ssrc': 12648429}
{'arrival_time_ms': 2669, 'header_length': 24, 'padding_length': 0, 'payload_size': 936, 'payload_type': 126, 'send_time_ms': 2170, 'sequence_number': 96, 'ssrc': 12648429}
{'arrival_time_ms': 2695, 'header_length': 24, 'padding_length': 0, 'payload_size': 936, 'payload_type': 126, 'send_time_ms': 2175, 'sequence_number': 97, 'ssrc': 12648429}
{'arrival_time_ms': 2722, 'header_length': 24, 'padding_length': 0, 'payload_size': 936, 'payload_type': 126, 'send_time_ms': 2205, 'sequence_number': 98, 'ssrc': 12648429}
{'arrival_time_ms': 2748, 'header_length': 24, 'padding_length': 0, 'payload_size': 936, 'payload_type': 126, 'send_time_ms': 2210, 'sequence_number': 99, 'ssrc': 12648429}
{'arrival_time_ms': 2775, 'header_length': 24, 'padding_length': 0, 'payload_size': 936, 'payload_type': 126, 'send_time_ms': 2235, 'sequence_number': 100, 'ssrc': 12648429}
{'arrival_time_ms': 2801, 'header_length': 24, 'padding_length': 0, 'payload_size': 936, 'payload_type': 126, 'send_time_ms': 2240, 'sequence_number': 101, 'ssrc': 12648429}
{'arrival_time_ms': 2827, 'header_length': 24, 'padding_length': 0, 'payload_size': 936, 'payload_type': 126, 'send_time_ms': 2270, 'sequence_number': 102, 'ssrc': 12648429}
{'arrival_time_ms': 2854, 'header_length': 24, 'padding_length': 0, 'payload_size': 936, 'payload_type': 126, 'send_time_ms': 2275, 'sequence_number': 103, 'ssrc': 12648429}
{'arrival_time_ms': 2880, 'header_length': 24, 'padding_length': 0, 'payload_size': 936, 'payload_type': 126, 'send_time_ms': 2305, 'sequence_number': 104, 'ssrc': 12648429}
{'arrival_time_ms': 2907, 'header_length': 24, 'padding_length': 0, 'payload_size': 936, 'payload_type': 126, 'send_time_ms': 2310, 'sequence_number': 105, 'ssrc': 12648429}
{'arrival_time_ms': 2933, 'header_length': 24, 'padding_length': 0, 'payload_size': 936, 'payload_type': 126, 'send_time_ms': 2335, 'sequence_number': 106, 'ssrc': 12648429}
{'arrival_time_ms': 2959, 'header_length': 24, 'padding_length': 0, 'payload_size': 936, 'payload_type': 126, 'send_time_ms': 2340, 'sequence_number': 107, 'ssrc': 12648429}
{'arrival_time_ms': 2980, 'header_length': 24, 'padding_length': 0, 'payload_size': 728, 'payload_type': 126, 'send_time_ms': 2370, 'sequence_number': 108, 'ssrc': 12648429}
{'arrival_time_ms': 3001, 'header_length': 24, 'padding_length': 0, 'payload_size': 728, 'payload_type': 126, 'send_time_ms': 2375, 'sequence_number': 109, 'ssrc': 12648429}
{'arrival_time_ms': 3022, 'header_length': 24, 'padding_length': 0, 'payload_size': 728, 'payload_type': 126, 'send_time_ms': 2405, 'sequence_number': 110, 'ssrc': 12648429}
{'arrival_time_ms': 3043, 'header_length': 24, 'padding_length': 0, 'payload_size': 728, 'payload_type': 126, 'send_time_ms': 2410, 'sequence_number': 111, 'ssrc': 12648429}
{'arrival_time_ms': 3071, 'header_length': 24, 'padding_length': 0, 'payload_size': 936, 'payload_type': 126, 'send_time_ms': 2435, 'sequence_number': 112, 'ssrc': 12648429}
{'arrival_time_ms': 3097, 'header_length': 24, 'padding_length': 0, 'payload_size': 936, 'payload_type': 126, 'send_time_ms': 2440, 'sequence_number': 113, 'ssrc': 12648429}
{'arrival_time_ms': 3124, 'header_length': 24, 'padding_length': 0, 'payload_size': 936, 'payload_type': 126, 'send_time_ms': 2470, 'sequence_number': 114, 'ssrc': 12648429}
{'arrival_time_ms': 3150, 'header_length': 24, 'padding_length': 0, 'payload_size': 936, 'payload_type': 126, 'send_time_ms': 2475, 'sequence_number': 115, 'ssrc': 12648429}
{'arrival_time_ms': 3179, 'header_length': 24, 'padding_length': 0, 'payload_size': 1038, 'payload_type': 126, 'send_time_ms': 2505, 'sequence_number': 116, 'ssrc': 12648429}
{'arrival_time_ms': 3208, 'header_length': 24, 'padding_length': 0, 'payload_size': 1038, 'payload_type': 126, 'send_time_ms': 2535, 'sequence_number': 117, 'ssrc': 12648429}
{'arrival_time_ms': 3238, 'header_length': 24, 'padding_length': 0, 'payload_size': 1038, 'payload_type': 126, 'send_time_ms': 2570, 'sequence_number': 118, 'ssrc': 12648429}
{'arrival_time_ms': 3261, 'header_length': 24, 'padding_length': 0, 'payload_size': 832, 'payload_type': 126, 'send_time_ms': 2605, 'sequence_number': 119, 'ssrc': 12648429}
{'arrival_time_ms': 3285, 'header_length': 24, 'padding_length': 0, 'payload_size': 832, 'payload_type': 126, 'send_time_ms': 2610, 'sequence_number': 120, 'ssrc': 12648429}
{'arrival_time_ms': 3308, 'header_length': 24, 'padding_length': 0, 'payload_size': 832, 'payload_type': 126, 'send_time_ms': 2635, 'sequence_number': 121, 'ssrc': 12648429}
{'arrival_time_ms': 3332, 'header_length': 24, 'padding_length': 0, 'payload_size': 832, 'payload_type': 126, 'send_time_ms': 2640, 'sequence_number': 122, 'ssrc': 12648429}
{'arrival_time_ms': 3361, 'header_length': 24, 'padding_length': 0, 'payload_size': 1038, 'payload_type': 126, 'send_time_ms': 2670, 'sequence_number': 123, 'ssrc': 12648429}
{'arrival_time_ms': 3390, 'header_length': 24, 'padding_length': 0, 'payload_size': 1038, 'payload_type': 126, 'send_time_ms': 2705, 'sequence_number': 124, 'ssrc': 12648429}
{'arrival_time_ms': 3411, 'header_length': 24, 'padding_length': 0, 'payload_size': 728, 'payload_type': 126, 'send_time_ms': 2735, 'sequence_number': 125, 'ssrc': 12648429}
{'arrival_time_ms': 3432, 'header_length': 24, 'padding_length': 0, 'payload_size': 728, 'payload_type': 126, 'send_time_ms': 2740, 'sequence_number': 126, 'ssrc': 12648429}
{'arrival_time_ms': 3453, 'header_length': 24, 'padding_length': 0, 'payload_size': 728, 'payload_type': 126, 'send_time_ms': 2770, 'sequence_number': 127, 'ssrc': 12648429}
{'arrival_time_ms': 3474, 'header_length': 24, 'padding_length': 0, 'payload_size': 728, 'payload_type': 126, 'send_time_ms': 2775, 'sequence_number': 128, 'ssrc': 12648429}
{'arrival_time_ms': 3503, 'header_length': 24, 'padding_length': 0, 'payload_size': 1038, 'payload_type': 126, 'send_time_ms': 2805, 'sequence_number': 129, 'ssrc': 12648429}
{'arrival_time_ms': 3529, 'header_length': 24, 'padding_length': 0, 'payload_size': 936, 'payload_type': 126, 'send_time_ms': 2835, 'sequence_number': 130, 'ssrc': 12648429}
{'arrival_time_ms': 3556, 'header_length': 24, 'padding_length': 0, 'payload_size': 936, 'payload_type': 126, 'send_time_ms': 2840, 'sequence_number': 131, 'ssrc': 12648429}
{'arrival_time_ms': 3582, 'header_length': 24, 'padding_length': 0, 'payload_size': 936, 'payload_type': 126, 'send_time_ms': 2870, 'sequence_number': 132, 'ssrc': 12648429}
{'arrival_time_ms': 3608, 'header_length': 24, 'padding_length': 0, 'payload_size': 936, 'payload_type': 126, 'send_time_ms': 2875, 'sequence_number': 133, 'ssrc': 12648429}
{'arrival_time_ms': 3638, 'header_length': 24, 'padding_length': 0, 'payload_size': 1038, 'payload_type': 126, 'send_time_ms': 2905, 'sequence_number': 134, 'ssrc': 12648429}
{'arrival_time_ms': 3669, 'header_length': 24, 'padding_length': 0, 'payload_size': 1038, 'payload_type': 126, 'send_time_ms': 2935, 'sequence_number': 135, 'ssrc': 12648429}
{'arrival_time_ms': 3698, 'header_length': 24, 'padding_length': 0, 'payload_size': 1038, 'payload_type': 126, 'send_time_ms': 2970, 'sequence_number': 136, 'ssrc': 12648429}
{'arrival_time_ms': 3727, 'header_length': 24, 'padding_length': 0, 'payload_size': 1038, 'payload_type': 126, 'send_time_ms': 3005, 'sequence_number': 137, 'ssrc': 12648429}
{'arrival_time_ms': 3748, 'header_length': 24, 'padding_length': 0, 'payload_size': 728, 'payload_type': 126, 'send_time_ms': 3035, 'sequence_number': 138, 'ssrc': 12648429}
{'arrival_time_ms': 3769, 'header_length': 24, 'padding_length': 0, 'payload_size': 728, 'payload_type': 126, 'send_time_ms': 3040, 'sequence_number': 139, 'ssrc': 12648429}
{'arrival_time_ms': 3789, 'header_length': 24, 'padding_length': 0, 'payload_size': 728, 'payload_type': 126, 'send_time_ms': 3070, 'sequence_number': 140, 'ssrc': 12648429}
{'arrival_time_ms': 3810, 'header_length': 24, 'padding_length': 0, 'payload_size': 728, 'payload_type': 126, 'send_time_ms': 3075, 'sequence_number': 141, 'ssrc': 12648429}
{'arrival_time_ms': 3839, 'header_length': 24, 'padding_length': 0, 'payload_size': 1038, 'payload_type': 126, 'send_time_ms': 3105, 'sequence_number': 142, 'ssrc': 12648429}
{'arrival_time_ms': 3866, 'header_length': 24, 'padding_length': 0, 'payload_size': 936, 'payload_type': 126, 'send_time_ms': 3135, 'sequence_number': 143, 'ssrc': 12648429}
{'arrival_time_ms': 3892, 'header_length': 24, 'padding_length': 0, 'payload_size': 936, 'payload_type': 126, 'send_time_ms': 3140, 'sequence_number': 144, 'ssrc': 12648429}
{'arrival_time_ms': 3919, 'header_length': 24, 'padding_length': 0, 'payload_size': 936, 'payload_type': 126, 'send_time_ms': 3170, 'sequence_number': 145, 'ssrc': 12648429}
{'arrival_time_ms': 3945, 'header_length': 24, 'padding_length': 0, 'payload_size': 936, 'payload_type': 126, 'send_time_ms': 3175, 'sequence_number': 146, 'ssrc': 12648429}
{'arrival_time_ms': 3969, 'header_length': 24, 'padding_length': 0, 'payload_size': 830, 'payload_type': 126, 'send_time_ms': 3205, 'sequence_number': 147, 'ssrc': 12648429}
{'arrival_time_ms': 3992, 'header_length': 24, 'padding_length': 0, 'payload_size': 830, 'payload_type': 126, 'send_time_ms': 3235, 'sequence_number': 148, 'ssrc': 12648429}
{'arrival_time_ms': 4021, 'header_length': 24, 'padding_length': 0, 'payload_size': 1038, 'payload_type': 126, 'send_time_ms': 3270, 'sequence_number': 149, 'ssrc': 12648429}
{'arrival_time_ms': 4050, 'header_length': 24, 'padding_length': 0, 'payload_size': 1038, 'payload_type': 126, 'send_time_ms': 3305, 'sequence_number': 150, 'ssrc': 12648429}
{'arrival_time_ms': 4077, 'header_length': 24, 'padding_length': 0, 'payload_size': 936, 'payload_type': 126, 'send_time_ms': 3335, 'sequence_number': 151, 'ssrc': 12648429}
{'arrival_time_ms': 4103, 'header_length': 24, 'padding_length': 0, 'payload_size': 936, 'payload_type': 126, 'send_time_ms': 3340, 'sequence_number': 152, 'ssrc': 12648429}
{'arrival_time_ms': 4130, 'header_length': 24, 'padding_length': 0, 'payload_size': 936, 'payload_type': 126, 'send_time_ms': 3370, 'sequence_number': 153, 'ssrc': 12648429}
{'arrival_time_ms': 4156, 'header_length': 24, 'padding_length': 0, 'payload_size': 936, 'payload_type': 126, 'send_time_ms': 3375, 'sequence_number': 154, 'ssrc': 12648429}
{'arrival_time_ms': 4177, 'header_length': 24, 'padding_length': 0, 'payload_size': 728, 'payload_type': 126, 'send_time_ms': 3405, 'sequence_number': 155, 'ssrc': 12648429}
{'arrival_time_ms': 4198, 'header_length': 24, 'padding_length': 0, 'payload_size': 728, 'payload_type': 126, 'send_time_ms': 3410, 'sequence_number': 156, 'ssrc': 12648429}
{'arrival_time_ms': 4226, 'header_length': 24, 'padding_length': 0, 'payload_size': 936, 'payload_type': 126, 'send_time_ms': 3435, 'sequence_number': 157, 'ssrc': 12648429}
{'arrival_time_ms': 4252, 'header_length': 24, 'padding_length': 0, 'payload_size': 936, 'payload_type': 126, 'send_time_ms': 3440, 'sequence_number': 158, 'ssrc': 12648429}
{'arrival_time_ms': 4279, 'header_length': 24, 'padding_length': 0, 'payload_size': 936, 'payload_type': 126, 'send_time_ms': 3470, 'sequence_number': 159, 'ssrc': 12648429}
{'arrival_time_ms': 4305, 'header_length': 24, 'padding_length': 0, 'payload_size': 936, 'payload_type': 126, 'send_time_ms': 3475, 'sequence_number': 160, 'ssrc': 12648429}
{'arrival_time_ms': 4340, 'header_length': 24, 'padding_length': 0, 'payload_size': 1246, 'payload_type': 126, 'send_time_ms': 3505, 'sequence_number': 161, 'ssrc': 12648429}
{'arrival_time_ms': 4374, 'header_length': 24, 'padding_length': 0, 'payload_size': 1246, 'payload_type': 126, 'send_time_ms': 3535, 'sequence_number': 162, 'ssrc': 12648429}
{'arrival_time_ms': 4395, 'header_length': 24, 'padding_length': 0, 'payload_size': 728, 'payload_type': 126, 'send_time_ms': 3570, 'sequence_number': 163, 'ssrc': 12648429}
{'arrival_time_ms': 4416, 'header_length': 24, 'padding_length': 0, 'payload_size': 728, 'payload_type': 126, 'send_time_ms': 3575, 'sequence_number': 164, 'ssrc': 12648429}
{'arrival_time_ms': 4437, 'header_length': 24, 'padding_length': 0, 'payload_size': 728, 'payload_type': 126, 'send_time_ms': 3605, 'sequence_number': 165, 'ssrc': 12648429}
{'arrival_time_ms': 4458, 'header_length': 24, 'padding_length': 0, 'payload_size': 728, 'payload_type': 126, 'send_time_ms': 3610, 'sequence_number': 166, 'ssrc': 12648429}
{'arrival_time_ms': 4484, 'header_length': 24, 'padding_length': 0, 'payload_size': 936, 'payload_type': 126, 'send_time_ms': 3635, 'sequence_number': 167, 'ssrc': 12648429}
{'arrival_time_ms': 4511, 'header_length': 24, 'padding_length': 0, 'payload_size': 936, 'payload_type': 126, 'send_time_ms': 3640, 'sequence_number': 168, 'ssrc': 12648429}
{'arrival_time_ms': 4537, 'header_length': 24, 'padding_length': 0, 'payload_size': 936, 'payload_type': 126, 'send_time_ms': 3670, 'sequence_number': 169, 'ssrc': 12648429}
{'arrival_time_ms': 4563, 'header_length': 24, 'padding_length': 0, 'payload_size': 936, 'payload_type': 126, 'send_time_ms': 3675, 'sequence_number': 170, 'ssrc': 12648429}
{'arrival_time_ms': 4584, 'header_length': 24, 'padding_length': 0, 'payload_size': 728, 'payload_type': 126, 'send_time_ms': 3705, 'sequence_number': 171, 'ssrc': 12648429}
{'arrival_time_ms': 4605, 'header_length': 24, 'padding_length': 0, 'payload_size': 728, 'payload_type': 126, 'send_time_ms': 3710, 'sequence_number': 172, 'ssrc': 12648429}
{'arrival_time_ms': 4629, 'header_length': 24, 'padding_length': 0, 'payload_size': 832, 'payload_type': 126, 'send_time_ms': 3735, 'sequence_number': 173, 'ssrc': 12648429}
{'arrival_time_ms': 4652, 'header_length': 24, 'padding_length': 0, 'payload_size': 832, 'payload_type': 126, 'send_time_ms': 3740, 'sequence_number': 174, 'ssrc': 12648429}
{'arrival_time_ms': 4676, 'header_length': 24, 'padding_length': 0, 'payload_size': 832, 'payload_type': 126, 'send_time_ms': 3770, 'sequence_number': 175, 'ssrc': 12648429}
{'arrival_time_ms': 4700, 'header_length': 24, 'padding_length': 0, 'payload_size': 832, 'payload_type': 126, 'send_time_ms': 3775, 'sequence_number': 176, 'ssrc': 12648429}
{'arrival_time_ms': 4723, 'header_length': 24, 'padding_length': 0, 'payload_size': 830, 'payload_type': 126, 'send_time_ms': 3805, 'sequence_number': 177, 'ssrc': 12648429}
{'arrival_time_ms': 4747, 'header_length': 24, 'padding_length': 0, 'payload_size': 830, 'payload_type': 126, 'send_time_ms': 3835, 'sequence_number': 178, 'ssrc': 12648429}
{'arrival_time_ms': 4773, 'header_length': 24, 'padding_length': 0, 'payload_size': 936, 'payload_type': 126, 'send_time_ms': 3870, 'sequence_number': 179, 'ssrc': 12648429}
{'arrival_time_ms': 4800, 'header_length': 24, 'padding_length': 0, 'payload_size': 936, 'payload_type': 126, 'send_time_ms': 3875, 'sequence_number': 180, 'ssrc': 12648429}
{'arrival_time_ms': 4826, 'header_length': 24, 'padding_length': 0, 'payload_size': 936, 'payload_type': 126, 'send_time_ms': 3905, 'sequence_number': 181, 'ssrc': 12648429}
{'arrival_time_ms': 4852, 'header_length': 24, 'padding_length': 0, 'payload_size': 936, 'payload_type': 126, 'send_time_ms': 3910, 'sequence_number': 182, 'ssrc': 12648429}
{'arrival_time_ms': 4875, 'header_length': 24, 'padding_length': 0, 'payload_size': 728, 'payload_type': 126, 'send_time_ms': 3935, 'sequence_number': 183, 'ssrc': 12648429}
{'arrival_time_ms': 4896, 'header_length': 24, 'padding_length': 0, 'payload_size': 728, 'payload_type': 126, 'send_time_ms': 3940, 'sequence_number': 184, 'ssrc': 12648429}
{'arrival_time_ms': 4917, 'header_length': 24, 'padding_length': 0, 'payload_size': 728, 'payload_type': 126, 'send_time_ms': 3970, 'sequence_number': 185, 'ssrc': 12648429}
{'arrival_time_ms': 4938, 'header_length': 24, 'padding_length': 0, 'payload_size': 728, 'payload_type': 126, 'send_time_ms': 3975, 'sequence_number': 186, 'ssrc': 12648429}
{'arrival_time_ms': 4959, 'header_length': 24, 'padding_length': 0, 'payload_size': 728, 'payload_type': 126, 'send_time_ms': 4005, 'sequence_number': 187, 'ssrc': 12648429}
{'arrival_time_ms': 4979, 'header_length': 24, 'padding_length': 0, 'payload_size': 728, 'payload_type': 126, 'send_time_ms': 4010, 'sequence_number': 188, 'ssrc': 12648429}
{'arrival_time_ms': 5006, 'header_length': 24, 'padding_length': 0, 'payload_size': 936, 'payload_type': 126, 'send_time_ms': 4035, 'sequence_number': 189, 'ssrc': 12648429}
{'arrival_time_ms': 5032, 'header_length': 24, 'padding_length': 0, 'payload_size': 936, 'payload_type': 126, 'send_time_ms': 4040, 'sequence_number': 190, 'ssrc': 12648429}
{'arrival_time_ms': 5059, 'header_length': 24, 'padding_length': 0, 'payload_size': 936, 'payload_type': 126, 'send_time_ms': 4070, 'sequence_number': 191, 'ssrc': 12648429}
{'arrival_time_ms': 5085, 'header_length': 24, 'padding_length': 0, 'payload_size': 936, 'payload_type': 126, 'send_time_ms': 4075, 'sequence_number': 192, 'ssrc': 12648429}
{'arrival_time_ms': 5120, 'header_length': 24, 'padding_length': 0, 'payload_size': 1246, 'payload_type': 126, 'send_time_ms': 4105, 'sequence_number': 193, 'ssrc': 12648429}
{'arrival_time_ms': 5154, 'header_length': 24, 'padding_length': 0, 'payload_size': 1246, 'payload_type': 126, 'send_time_ms': 4135, 'sequence_number': 194, 'ssrc': 12648429}
{'arrival_time_ms': 5183, 'header_length': 24, 'padding_length': 0, 'payload_size': 1038, 'payload_type': 126, 'send_time_ms': 4170, 'sequence_number': 195, 'ssrc': 12648429}
{'arrival_time_ms': 5213, 'header_length': 24, 'padding_length': 0, 'payload_size': 1038, 'payload_type': 126, 'send_time_ms': 4205, 'sequence_number': 196, 'ssrc': 12648429}
{'arrival_time_ms': 5233, 'header_length': 24, 'padding_length': 0, 'payload_size': 728, 'payload_type': 126, 'send_time_ms': 4235, 'sequence_number': 197, 'ssrc': 12648429}
{'arrival_time_ms': 5254, 'header_length': 24, 'padding_length': 0, 'payload_size': 728, 'payload_type': 126, 'send_time_ms': 4240, 'sequence_number': 198, 'ssrc': 12648429}
{'arrival_time_ms': 5275, 'header_length': 24, 'padding_length': 0, 'payload_size': 728, 'payload_type': 126, 'send_time_ms': 4270, 'sequence_number': 199, 'ssrc': 12648429}
{'arrival_time_ms': 5296, 'header_length': 24, 'padding_length': 0, 'payload_size': 728, 'payload_type': 126, 'send_time_ms': 4275, 'sequence_number': 200, 'ssrc': 12648429}
{'arrival_time_ms': 5322, 'header_length': 24, 'padding_length': 0, 'payload_size': 936, 'payload_type': 126, 'send_time_ms': 4305, 'sequence_number': 201, 'ssrc': 12648429}
{'arrival_time_ms': 5349, 'header_length': 24, 'padding_length': 0, 'payload_size': 936, 'payload_type': 126, 'send_time_ms': 4310, 'sequence_number': 202, 'ssrc': 12648429}
{'arrival_time_ms': 5378, 'header_length': 24, 'padding_length': 0, 'payload_size': 1038, 'payload_type': 126, 'send_time_ms': 4335, 'sequence_number': 203, 'ssrc': 12648429}
{'arrival_time_ms': 5407, 'header_length': 24, 'padding_length': 0, 'payload_size': 1038, 'payload_type': 126, 'send_time_ms': 4370, 'sequence_number': 204, 'ssrc': 12648429}
{'arrival_time_ms': 5431, 'header_length': 24, 'padding_length': 0, 'payload_size': 832, 'payload_type': 126, 'send_time_ms': 4405, 'sequence_number': 205, 'ssrc': 12648429}
{'arrival_time_ms': 5454, 'header_length': 24, 'padding_length': 0, 'payload_size': 832, 'payload_type': 126, 'send_time_ms': 4410, 'sequence_number': 206, 'ssrc': 12648429}
{'arrival_time_ms': 5480, 'header_length': 24, 'padding_length': 0, 'payload_size': 832, 'payload_type': 126, 'send_time_ms': 4435, 'sequence_number': 207, 'ssrc': 12648429}
{'arrival_time_ms': 5503, 'header_length': 24, 'padding_length': 0, 'payload_size': 832, 'payload_type': 126, 'send_time_ms': 4440, 'sequence_number': 208, 'ssrc': 12648429}
{'arrival_time_ms': 5527, 'header_length': 24, 'padding_length': 0, 'payload_size': 832, 'payload_type': 126, 'send_time_ms': 4470, 'sequence_number': 209, 'ssrc': 12648429}
{'arrival_time_ms': 5551, 'header_length': 24, 'padding_length': 0, 'payload_size': 832, 'payload_type': 126, 'send_time_ms': 4475, 'sequence_number': 210, 'ssrc': 12648429}
{'arrival_time_ms': 5574, 'header_length': 24, 'padding_length': 0, 'payload_size': 832, 'payload_type': 126, 'send_time_ms': 4505, 'sequence_number': 211, 'ssrc': 12648429}
{'arrival_time_ms': 5598, 'header_length': 24, 'padding_length': 0, 'payload_size': 832, 'payload_type': 126, 'send_time_ms': 4510, 'sequence_number': 212, 'ssrc': 12648429}
{'arrival_time_ms': 5619, 'header_length': 24, 'padding_length': 0, 'payload_size': 728, 'payload_type': 126, 'send_time_ms': 4535, 'sequence_number': 213, 'ssrc': 12648429}
{'arrival_time_ms': 5640, 'header_length': 24, 'padding_length': 0, 'payload_size': 728, 'payload_type': 126, 'send_time_ms': 4540, 'sequence_number': 214, 'ssrc': 12648429}
{'arrival_time_ms': 5660, 'header_length': 24, 'padding_length': 0, 'payload_size': 728, 'payload_type': 126, 'send_time_ms': 4570, 'sequence_number': 215, 'ssrc': 12648429}
{'arrival_time_ms': 5681, 'header_length': 24, 'padding_length': 0, 'payload_size': 728, 'payload_type': 126, 'send_time_ms': 4575, 'sequence_number': 216, 'ssrc': 12648429}
{'arrival_time_ms': 5708, 'header_length': 24, 'padding_length': 0, 'payload_size': 936, 'payload_type': 126, 'send_time_ms': 4605, 'sequence_number': 217, 'ssrc': 12648429}
{'arrival_time_ms': 5734, 'header_length': 24, 'padding_length': 0, 'payload_size': 936, 'payload_type': 126, 'send_time_ms': 4610, 'sequence_number': 218, 'ssrc': 12648429}
{'arrival_time_ms': 5755, 'header_length': 24, 'padding_length': 0, 'payload_size': 728, 'payload_type': 126, 'send_time_ms': 4635, 'sequence_number': 219, 'ssrc': 12648429}
{'arrival_time_ms': 5776, 'header_length': 24, 'padding_length': 0, 'payload_size': 728, 'payload_type': 126, 'send_time_ms': 4640, 'sequence_number': 220, 'ssrc': 12648429}
{'arrival_time_ms': 5797, 'header_length': 24, 'padding_length': 0, 'payload_size': 728, 'payload_type': 126, 'send_time_ms': 4670, 'sequence_number': 221, 'ssrc': 12648429}
{'arrival_time_ms': 5818, 'header_length': 24, 'padding_length': 0, 'payload_size': 728, 'payload_type': 126, 'send_time_ms': 4675, 'sequence_number': 222, 'ssrc': 12648429}
{'arrival_time_ms': 5852, 'header_length': 24, 'padding_length': 0, 'payload_size': 1246, 'payload_type': 126, 'send_time_ms': 4705, 'sequence_number': 223, 'ssrc': 12648429}
{'arrival_time_ms': 5887, 'header_length': 24, 'padding_length': 0, 'payload_size': 1246, 'payload_type': 126, 'send_time_ms': 4735, 'sequence_number': 224, 'ssrc': 12648429}
{'arrival_time_ms': 5908, 'header_length': 24, 'padding_length': 0, 'payload_size': 728, 'payload_type': 126, 'send_time_ms': 4770, 'sequence_number': 225, 'ssrc': 12648429}
{'arrival_time_ms': 5929, 'header_length': 24, 'padding_length': 0, 'payload_size': 728, 'payload_type': 126, 'send_time_ms': 4775, 'sequence_number': 226, 'ssrc': 12648429}
{'arrival_time_ms': 5949, 'header_length': 24, 'padding_length': 0, 'payload_size': 728, 'payload_type': 126, 'send_time_ms': 4805, 'sequence_number': 227, 'ssrc': 12648429}
{'arrival_time_ms': 5970, 'header_length': 24, 'padding_length': 0, 'payload_size': 728, 'payload_type': 126, 'send_time_ms': 4810, 'sequence_number': 228, 'ssrc': 12648429}
{'arrival_time_ms': 5999, 'header_length': 24, 'padding_length': 0, 'payload_size': 1038, 'payload_type': 126, 'send_time_ms': 4835, 'sequence_number': 229, 'ssrc': 12648429}
{'arrival_time_ms': 6029, 'header_length': 24, 'padding_length': 0, 'payload_size': 1038, 'payload_type': 126, 'send_time_ms': 4870, 'sequence_number': 230, 'ssrc': 12648429}
{'arrival_time_ms': 6063, 'header_length': 24, 'padding_length': 0, 'payload_size': 1246, 'payload_type': 126, 'send_time_ms': 4905, 'sequence_number': 231, 'ssrc': 12648429}
{'arrival_time_ms': 6100, 'header_length': 24, 'padding_length': 0, 'payload_size': 1246, 'payload_type': 126, 'send_time_ms': 4935, 'sequence_number': 232, 'ssrc': 12648429}
{'arrival_time_ms': 6134, 'header_length': 24, 'padding_length': 0, 'payload_size': 1246, 'payload_type': 126, 'send_time_ms': 4970, 'sequence_number': 233, 'ssrc': 12648429}
{'arrival_time_ms': 6169, 'header_length': 24, 'padding_length': 0, 'payload_size': 1246, 'payload_type': 126, 'send_time_ms': 5005, 'sequence_number': 234, 'ssrc': 12648429}
{'arrival_time_ms': 6204, 'header_length': 24, 'padding_length': 0, 'payload_size': 1246, 'payload_type': 126, 'send_time_ms': 5035, 'sequence_number': 235, 'ssrc': 12648429}
{'arrival_time_ms': 6225, 'header_length': 24, 'padding_length': 0, 'payload_size': 728, 'payload_type': 126, 'send_time_ms': 5070, 'sequence_number': 236, 'ssrc': 12648429}
{'arrival_time_ms': 6245, 'header_length': 24, 'padding_length': 0, 'payload_size': 728, 'payload_type': 126, 'send_time_ms': 5075, 'sequence_number': 237, 'ssrc': 12648429}
{'arrival_time_ms': 6266, 'header_length': 24, 'padding_length': 0, 'payload_size': 728, 'payload_type': 126, 'send_time_ms': 5105, 'sequence_number': 238, 'ssrc': 12648429}
{'arrival_time_ms': 6287, 'header_length': 24, 'padding_length': 0, 'payload_size': 728, 'payload_type': 126, 'send_time_ms': 5110, 'sequence_number': 239, 'ssrc': 12648429}
{'arrival_time_ms': 6322, 'header_length': 24, 'padding_length': 0, 'payload_size': 1246, 'payload_type': 126, 'send_time_ms': 5135, 'sequence_number': 240, 'ssrc': 12648429}
{'arrival_time_ms': 6356, 'header_length': 24, 'padding_length': 0, 'payload_size': 1246, 'payload_type': 126, 'send_time_ms': 5170, 'sequence_number': 241, 'ssrc': 12648429}
{'arrival_time_ms': 6380, 'header_length': 24, 'padding_length': 0, 'payload_size': 830, 'payload_type': 126, 'send_time_ms': 5205, 'sequence_number': 242, 'ssrc': 12648429}
{'arrival_time_ms': 6406, 'header_length': 24, 'padding_length': 0, 'payload_size': 936, 'payload_type': 126, 'send_time_ms': 5235, 'sequence_number': 243, 'ssrc': 12648429}
{'arrival_time_ms': 6433, 'header_length': 24, 'padding_length': 0, 'payload_size': 936, 'payload_type': 126, 'send_time_ms': 5240, 'sequence_number': 244, 'ssrc': 12648429}
{'arrival_time_ms': 6459, 'header_length': 24, 'padding_length': 0, 'payload_size': 936, 'payload_type': 126, 'send_time_ms': 5270, 'sequence_number': 245, 'ssrc': 12648429}
{'arrival_time_ms': 6486, 'header_length': 24, 'padding_length': 0, 'payload_size': 936, 'payload_type': 126, 'send_time_ms': 5275, 'sequence_number': 246, 'ssrc': 12648429}
{'arrival_time_ms': 6515, 'header_length': 24, 'padding_length': 0, 'payload_size': 1038, 'payload_type': 126, 'send_time_ms': 5305, 'sequence_number': 247, 'ssrc': 12648429}
{'arrival_time_ms': 6544, 'header_length': 24, 'padding_length': 0, 'payload_size': 1038, 'payload_type': 126, 'send_time_ms': 5335, 'sequence_number': 248, 'ssrc': 12648429}
{'arrival_time_ms': 6570, 'header_length': 24, 'padding_length': 0, 'payload_size': 936, 'payload_type': 126, 'send_time_ms': 5370, 'sequence_number': 249, 'ssrc': 12648429}
{'arrival_time_ms': 6597, 'header_length': 24, 'padding_length': 0, 'payload_size': 936, 'payload_type': 126, 'send_time_ms': 5375, 'sequence_number': 250, 'ssrc': 12648429}
{'arrival_time_ms': 6623, 'header_length': 24, 'padding_length': 0, 'payload_size': 936, 'payload_type': 126, 'send_time_ms': 5405, 'sequence_number': 251, 'ssrc': 12648429}
{'arrival_time_ms': 6649, 'header_length': 24, 'padding_length': 0, 'payload_size': 936, 'payload_type': 126, 'send_time_ms': 5410, 'sequence_number': 252, 'ssrc': 12648429}
{'arrival_time_ms': 6678, 'header_length': 24, 'padding_length': 0, 'payload_size': 936, 'payload_type': 126, 'send_time_ms': 5435, 'sequence_number': 253, 'ssrc': 12648429}
{'arrival_time_ms': 6704, 'header_length': 24, 'padding_length': 0, 'payload_size': 936, 'payload_type': 126, 'send_time_ms': 5440, 'sequence_number': 254, 'ssrc': 12648429}
{'arrival_time_ms': 6731, 'header_length': 24, 'padding_length': 0, 'payload_size': 936, 'payload_type': 126, 'send_time_ms': 5470, 'sequence_number': 255, 'ssrc': 12648429}
{'arrival_time_ms': 6757, 'header_length': 24, 'padding_length': 0, 'payload_size': 936, 'payload_type': 126, 'send_time_ms': 5475, 'sequence_number': 256, 'ssrc': 12648429}
{'arrival_time_ms': 6792, 'header_length': 24, 'padding_length': 0, 'payload_size': 1246, 'payload_type': 126, 'send_time_ms': 5505, 'sequence_number': 257, 'ssrc': 12648429}
{'arrival_time_ms': 6818, 'header_length': 24, 'padding_length': 0, 'payload_size': 936, 'payload_type': 126, 'send_time_ms': 5535, 'sequence_number': 258, 'ssrc': 12648429}
{'arrival_time_ms': 6844, 'header_length': 24, 'padding_length': 0, 'payload_size': 936, 'payload_type': 126, 'send_time_ms': 5540, 'sequence_number': 259, 'ssrc': 12648429}
{'arrival_time_ms': 6871, 'header_length': 24, 'padding_length': 0, 'payload_size': 936, 'payload_type': 126, 'send_time_ms': 5570, 'sequence_number': 260, 'ssrc': 12648429}
{'arrival_time_ms': 6897, 'header_length': 24, 'padding_length': 0, 'payload_size': 936, 'payload_type': 126, 'send_time_ms': 5575, 'sequence_number': 261, 'ssrc': 12648429}
{'arrival_time_ms': 6918, 'header_length': 24, 'padding_length': 0, 'payload_size': 728, 'payload_type': 126, 'send_time_ms': 5605, 'sequence_number': 262, 'ssrc': 12648429}
{'arrival_time_ms': 6939, 'header_length': 24, 'padding_length': 0, 'payload_size': 728, 'payload_type': 126, 'send_time_ms': 5610, 'sequence_number': 263, 'ssrc': 12648429}
{'arrival_time_ms': 6960, 'header_length': 24, 'padding_length': 0, 'payload_size': 728, 'payload_type': 126, 'send_time_ms': 5635, 'sequence_number': 264, 'ssrc': 12648429}
{'arrival_time_ms': 6981, 'header_length': 24, 'padding_length': 0, 'payload_size': 728, 'payload_type': 126, 'send_time_ms': 5640, 'sequence_number': 265, 'ssrc': 12648429}
{'arrival_time_ms': 7004, 'header_length': 24, 'padding_length': 0, 'payload_size': 830, 'payload_type': 126, 'send_time_ms': 5670, 'sequence_number': 266, 'ssrc': 12648429}
{'arrival_time_ms': 7028, 'header_length': 24, 'padding_length': 0, 'payload_size': 830, 'payload_type': 126, 'send_time_ms': 5705, 'sequence_number': 267, 'ssrc': 12648429}
{'arrival_time_ms': 7051, 'header_length': 24, 'padding_length': 0, 'payload_size': 832, 'payload_type': 126, 'send_time_ms': 5735, 'sequence_number': 268, 'ssrc': 12648429}
{'arrival_time_ms': 7075, 'header_length': 24, 'padding_length': 0, 'payload_size': 832, 'payload_type': 126, 'send_time_ms': 5740, 'sequence_number': 269, 'ssrc': 12648429}
{'arrival_time_ms': 7099, 'header_length': 24, 'padding_length': 0, 'payload_size': 832, 'payload_type': 126, 'send_time_ms': 5770, 'sequence_number': 270, 'ssrc': 12648429}
{'arrival_time_ms': 7122, 'header_length': 24, 'padding_length': 0, 'payload_size': 832, 'payload_type': 126, 'send_time_ms': 5775, 'sequence_number': 271, 'ssrc': 12648429}
{'arrival_time_ms': 7149, 'header_length': 24, 'padding_length': 0, 'payload_size': 936, 'payload_type': 126, 'send_time_ms': 5805, 'sequence_number': 272, 'ssrc': 12648429}
{'arrival_time_ms': 7175, 'header_length': 24, 'padding_length': 0, 'payload_size': 936, 'payload_type': 126, 'send_time_ms': 5810, 'sequence_number': 273, 'ssrc': 12648429}
{'arrival_time_ms': 7201, 'header_length': 24, 'padding_length': 0, 'payload_size': 936, 'payload_type': 126, 'send_time_ms': 5835, 'sequence_number': 274, 'ssrc': 12648429}
{'arrival_time_ms': 7228, 'header_length': 24, 'padding_length': 0, 'payload_size': 936, 'payload_type': 126, 'send_time_ms': 5840, 'sequence_number': 275, 'ssrc': 12648429}
{'arrival_time_ms': 7254, 'header_length': 24, 'padding_length': 0, 'payload_size': 936, 'payload_type': 126, 'send_time_ms': 5870, 'sequence_number': 276, 'ssrc': 12648429}
{'arrival_time_ms': 7281, 'header_length': 24, 'padding_length': 0, 'payload_size': 936, 'payload_type': 126, 'send_time_ms': 5875, 'sequence_number': 277, 'ssrc': 12648429}
{'arrival_time_ms': 7310, 'header_length': 24, 'padding_length': 0, 'payload_size': 1038, 'payload_type': 126, 'send_time_ms': 5905, 'sequence_number': 278, 'ssrc': 12648429}
{'arrival_time_ms': 7341, 'header_length': 24, 'padding_length': 0, 'payload_size': 1038, 'payload_type': 126, 'send_time_ms': 5935, 'sequence_number': 279, 'ssrc': 12648429}
{'arrival_time_ms': 7364, 'header_length': 24, 'padding_length': 0, 'payload_size': 830, 'payload_type': 126, 'send_time_ms': 5970, 'sequence_number': 280, 'ssrc': 12648429}
{'arrival_time_ms': 7388, 'header_length': 24, 'padding_length': 0, 'payload_size': 830, 'payload_type': 126, 'send_time_ms': 6005, 'sequence_number': 281, 'ssrc': 12648429}
{'arrival_time_ms': 7417, 'header_length': 24, 'padding_length': 0, 'payload_size': 1038, 'payload_type': 126, 'send_time_ms': 6035, 'sequence_number': 282, 'ssrc': 12648429}
{'arrival_time_ms': 7446, 'header_length': 24, 'padding_length': 0, 'payload_size': 1038, 'payload_type': 126, 'send_time_ms': 6070, 'sequence_number': 283, 'ssrc': 12648429}
{'arrival_time_ms': 7473, 'header_length': 24, 'padding_length': 0, 'payload_size': 936, 'payload_type': 126, 'send_time_ms': 6105, 'sequence_number': 284, 'ssrc': 12648429}
{'arrival_time_ms': 7499, 'header_length': 24, 'padding_length': 0, 'payload_size': 936, 'payload_type': 126, 'send_time_ms': 6110, 'sequence_number': 285, 'ssrc': 12648429}
{'arrival_time_ms': 7528, 'header_length': 24, 'padding_length': 0, 'payload_size': 1038, 'payload_type': 126, 'send_time_ms': 6135, 'sequence_number': 286, 'ssrc': 12648429}
{'arrival_time_ms': 7557, 'header_length': 24, 'padding_length': 0, 'payload_size': 1038, 'payload_type': 126, 'send_time_ms': 6170, 'sequence_number': 287, 'ssrc': 12648429}
{'arrival_time_ms': 7584, 'header_length': 24, 'padding_length': 0, 'payload_size': 936, 'payload_type': 126, 'send_time_ms': 6205, 'sequence_number': 288, 'ssrc': 12648429}
{'arrival_time_ms': 7610, 'header_length': 24, 'padding_length': 0, 'payload_size': 936, 'payload_type': 126, 'send_time_ms': 6210, 'sequence_number': 289, 'ssrc': 12648429}
{'arrival_time_ms': 7636, 'header_length': 24, 'padding_length': 0, 'payload_size': 936, 'payload_type': 126, 'send_time_ms': 6235, 'sequence_number': 290, 'ssrc': 12648429}
{'arrival_time_ms': 7663, 'header_length': 24, 'padding_length': 0, 'payload_size': 936, 'payload_type': 126, 'send_time_ms': 6240, 'sequence_number': 291, 'ssrc': 12648429}
{'arrival_time_ms': 7684, 'header_length': 24, 'padding_length': 0, 'payload_size': 728, 'payload_type': 126, 'send_time_ms': 6270, 'sequence_number': 292, 'ssrc': 12648429}
{'arrival_time_ms': 7705, 'header_length': 24, 'padding_length': 0, 'payload_size': 728, 'payload_type': 126, 'send_time_ms': 6275, 'sequence_number': 293, 'ssrc': 12648429}
{'arrival_time_ms': 7725, 'header_length': 24, 'padding_length': 0, 'payload_size': 728, 'payload_type': 126, 'send_time_ms': 6305, 'sequence_number': 294, 'ssrc': 12648429}
{'arrival_time_ms': 7746, 'header_length': 24, 'padding_length': 0, 'payload_size': 728, 'payload_type': 126, 'send_time_ms': 6310, 'sequence_number': 295, 'ssrc': 12648429}
{'arrival_time_ms': 7770, 'header_length': 24, 'padding_length': 0, 'payload_size': 832, 'payload_type': 126, 'send_time_ms': 6335, 'sequence_number': 296, 'ssrc': 12648429}
{'arrival_time_ms': 7793, 'header_length': 24, 'padding_length': 0, 'payload_size': 832, 'payload_type': 126, 'send_time_ms': 6340, 'sequence_number': 297, 'ssrc': 12648429}
{'arrival_time_ms': 7817, 'header_length': 24, 'padding_length': 0, 'payload_size': 832, 'payload_type': 126, 'send_time_ms': 6370, 'sequence_number': 298, 'ssrc': 12648429}
{'arrival_time_ms': 7841, 'header_length': 24, 'padding_length': 0, 'payload_size': 832, 'payload_type': 126, 'send_time_ms': 6375, 'sequence_number': 299, 'ssrc': 12648429}
{'arrival_time_ms': 7870, 'header_length': 24, 'padding_length': 0, 'payload_size': 1038, 'payload_type': 126, 'send_time_ms': 6405, 'sequence_number': 300, 'ssrc': 12648429}
{'arrival_time_ms': 7898, 'header_length': 24, 'padding_length': 0, 'payload_size': 936, 'payload_type': 126, 'send_time_ms': 6435, 'sequence_number': 301, 'ssrc': 12648429}
{'arrival_time_ms': 7925, 'header_length': 24, 'padding_length': 0, 'payload_size': 936, 'payload_type': 126, 'send_time_ms': 6440, 'sequence_number': 302, 'ssrc': 12648429}
{'arrival_time_ms': 7951, 'header_length': 24, 'padding_length': 0, 'payload_size': 936, 'payload_type': 126, 'send_time_ms': 6470, 'sequence_number': 303, 'ssrc': 12648429}
{'arrival_time_ms': 7977, 'header_length': 24, 'padding_length': 0, 'payload_size': 936, 'payload_type': 126, 'send_time_ms': 6475, 'sequence_number': 304, 'ssrc': 12648429}
{'arrival_time_ms': 8004, 'header_length': 24, 'padding_length': 0, 'payload_size': 936, 'payload_type': 126, 'send_time_ms': 6505, 'sequence_number': 305, 'ssrc': 12648429}
{'arrival_time_ms': 8030, 'header_length': 24, 'padding_length': 0, 'payload_size': 936, 'payload_type': 126, 'send_time_ms': 6510, 'sequence_number': 306, 'ssrc': 12648429}
{'arrival_time_ms': 8057, 'header_length': 24, 'padding_length': 0, 'payload_size': 936, 'payload_type': 126, 'send_time_ms': 6535, 'sequence_number': 307, 'ssrc': 12648429}
{'arrival_time_ms': 8083, 'header_length': 24, 'padding_length': 0, 'payload_size': 936, 'payload_type': 126, 'send_time_ms': 6540, 'sequence_number': 308, 'ssrc': 12648429}
{'arrival_time_ms': 8112, 'header_length': 24, 'padding_length': 0, 'payload_size': 1038, 'payload_type': 126, 'send_time_ms': 6570, 'sequence_number': 309, 'ssrc': 12648429}
{'arrival_time_ms': 8141, 'header_length': 24, 'padding_length': 0, 'payload_size': 1038, 'payload_type': 126, 'send_time_ms': 6605, 'sequence_number': 310, 'ssrc': 12648429}
{'arrival_time_ms': 8165, 'header_length': 24, 'padding_length': 0, 'payload_size': 830, 'payload_type': 126, 'send_time_ms': 6635, 'sequence_number': 311, 'ssrc': 12648429}
{'arrival_time_ms': 8188, 'header_length': 24, 'padding_length': 0, 'payload_size': 830, 'payload_type': 126, 'send_time_ms': 6670, 'sequence_number': 312, 'ssrc': 12648429}
{'arrival_time_ms': 8215, 'header_length': 24, 'padding_length': 0, 'payload_size': 936, 'payload_type': 126, 'send_time_ms': 6705, 'sequence_number': 313, 'ssrc': 12648429}
{'arrival_time_ms': 8241, 'header_length': 24, 'padding_length': 0, 'payload_size': 936, 'payload_type': 126, 'send_time_ms': 6710, 'sequence_number': 314, 'ssrc': 12648429}
{'arrival_time_ms': 8268, 'header_length': 24, 'padding_length': 0, 'payload_size': 936, 'payload_type': 126, 'send_time_ms': 6735, 'sequence_number': 315, 'ssrc': 12648429}
{'arrival_time_ms': 8294, 'header_length': 24, 'padding_length': 0, 'payload_size': 936, 'payload_type': 126, 'send_time_ms': 6740, 'sequence_number': 316, 'ssrc': 12648429}
{'arrival_time_ms': 8320, 'header_length': 24, 'padding_length': 0, 'payload_size': 936, 'payload_type': 126, 'send_time_ms': 6770, 'sequence_number': 317, 'ssrc': 12648429}
{'arrival_time_ms': 8347, 'header_length': 24, 'padding_length': 0, 'payload_size': 936, 'payload_type': 126, 'send_time_ms': 6775, 'sequence_number': 318, 'ssrc': 12648429}
{'arrival_time_ms': 8373, 'header_length': 24, 'padding_length': 0, 'payload_size': 936, 'payload_type': 126, 'send_time_ms': 6805, 'sequence_number': 319, 'ssrc': 12648429}
{'arrival_time_ms': 8400, 'header_length': 24, 'padding_length': 0, 'payload_size': 936, 'payload_type': 126, 'send_time_ms': 6810, 'sequence_number': 320, 'ssrc': 12648429}
{'arrival_time_ms': 8426, 'header_length': 24, 'padding_length': 0, 'payload_size': 936, 'payload_type': 126, 'send_time_ms': 6835, 'sequence_number': 321, 'ssrc': 12648429}
{'arrival_time_ms': 8452, 'header_length': 24, 'padding_length': 0, 'payload_size': 936, 'payload_type': 126, 'send_time_ms': 6840, 'sequence_number': 322, 'ssrc': 12648429}
{'arrival_time_ms': 8473, 'header_length': 24, 'padding_length': 0, 'payload_size': 728, 'payload_type': 126, 'send_time_ms': 6870, 'sequence_number': 323, 'ssrc': 12648429}
{'arrival_time_ms': 8494, 'header_length': 24, 'padding_length': 0, 'payload_size': 728, 'payload_type': 126, 'send_time_ms': 6875, 'sequence_number': 324, 'ssrc': 12648429}
{'arrival_time_ms': 8515, 'header_length': 24, 'padding_length': 0, 'payload_size': 728, 'payload_type': 126, 'send_time_ms': 6905, 'sequence_number': 325, 'ssrc': 12648429}
{'arrival_time_ms': 8536, 'header_length': 24, 'padding_length': 0, 'payload_size': 728, 'payload_type': 126, 'send_time_ms': 6910, 'sequence_number': 326, 'ssrc': 12648429}
{'arrival_time_ms': 8572, 'header_length': 24, 'padding_length': 0, 'payload_size': 1246, 'payload_type': 126, 'send_time_ms': 6935, 'sequence_number': 327, 'ssrc': 12648429}
{'arrival_time_ms': 8607, 'header_length': 24, 'padding_length': 0, 'payload_size': 1246, 'payload_type': 126, 'send_time_ms': 6970, 'sequence_number': 328, 'ssrc': 12648429}
{'arrival_time_ms': 8633, 'header_length': 24, 'padding_length': 0, 'payload_size': 936, 'payload_type': 126, 'send_time_ms': 7005, 'sequence_number': 329, 'ssrc': 12648429}
{'arrival_time_ms': 8660, 'header_length': 24, 'padding_length': 0, 'payload_size': 936, 'payload_type': 126, 'send_time_ms': 7010, 'sequence_number': 330, 'ssrc': 12648429}
{'arrival_time_ms': 8686, 'header_length': 24, 'padding_length': 0, 'payload_size': 936, 'payload_type': 126, 'send_time_ms': 7035, 'sequence_number': 331, 'ssrc': 12648429}
{'arrival_time_ms': 8713, 'header_length': 24, 'padding_length': 0, 'payload_size': 936, 'payload_type': 126, 'send_time_ms': 7040, 'sequence_number': 332, 'ssrc': 12648429}
{'arrival_time_ms': 8739, 'header_length': 24, 'padding_length': 0, 'payload_size': 936, 'payload_type': 126, 'send_time_ms': 7070, 'sequence_number': 333, 'ssrc': 12648429}
{'arrival_time_ms': 8765, 'header_length': 24, 'padding_length': 0, 'payload_size': 936, 'payload_type': 126, 'send_time_ms': 7075, 'sequence_number': 334, 'ssrc': 12648429}
{'arrival_time_ms': 8792, 'header_length': 24, 'padding_length': 0, 'payload_size': 936, 'payload_type': 126, 'send_time_ms': 7105, 'sequence_number': 335, 'ssrc': 12648429}
{'arrival_time_ms': 8818, 'header_length': 24, 'padding_length': 0, 'payload_size': 936, 'payload_type': 126, 'send_time_ms': 7110, 'sequence_number': 336, 'ssrc': 12648429}
{'arrival_time_ms': 8845, 'header_length': 24, 'padding_length': 0, 'payload_size': 936, 'payload_type': 126, 'send_time_ms': 7135, 'sequence_number': 337, 'ssrc': 12648429}
{'arrival_time_ms': 8871, 'header_length': 24, 'padding_length': 0, 'payload_size': 936, 'payload_type': 126, 'send_time_ms': 7140, 'sequence_number': 338, 'ssrc': 12648429}
{'arrival_time_ms': 8900, 'header_length': 24, 'padding_length': 0, 'payload_size': 1038, 'payload_type': 126, 'send_time_ms': 7170, 'sequence_number': 339, 'ssrc': 12648429}
{'arrival_time_ms': 8929, 'header_length': 24, 'padding_length': 0, 'payload_size': 1038, 'payload_type': 126, 'send_time_ms': 7205, 'sequence_number': 340, 'ssrc': 12648429}
{'arrival_time_ms': 8956, 'header_length': 24, 'padding_length': 0, 'payload_size': 936, 'payload_type': 126, 'send_time_ms': 7235, 'sequence_number': 341, 'ssrc': 12648429}
{'arrival_time_ms': 8982, 'header_length': 24, 'padding_length': 0, 'payload_size': 936, 'payload_type': 126, 'send_time_ms': 7240, 'sequence_number': 342, 'ssrc': 12648429}
{'arrival_time_ms': 9008, 'header_length': 24, 'padding_length': 0, 'payload_size': 936, 'payload_type': 126, 'send_time_ms': 7270, 'sequence_number': 343, 'ssrc': 12648429}
{'arrival_time_ms': 9035, 'header_length': 24, 'padding_length': 0, 'payload_size': 936, 'payload_type': 126, 'send_time_ms': 7275, 'sequence_number': 344, 'ssrc': 12648429}
{'arrival_time_ms': 9064, 'header_length': 24, 'padding_length': 0, 'payload_size': 1038, 'payload_type': 126, 'send_time_ms': 7305, 'sequence_number': 345, 'ssrc': 12648429}
{'arrival_time_ms': 9088, 'header_length': 24, 'padding_length': 0, 'payload_size': 832, 'payload_type': 126, 'send_time_ms': 7335, 'sequence_number': 346, 'ssrc': 12648429}
{'arrival_time_ms': 9111, 'header_length': 24, 'padding_length': 0, 'payload_size': 832, 'payload_type': 126, 'send_time_ms': 7340, 'sequence_number': 347, 'ssrc': 12648429}
{'arrival_time_ms': 9135, 'header_length': 24, 'padding_length': 0, 'payload_size': 832, 'payload_type': 126, 'send_time_ms': 7370, 'sequence_number': 348, 'ssrc': 12648429}
{'arrival_time_ms': 9158, 'header_length': 24, 'padding_length': 0, 'payload_size': 832, 'payload_type': 126, 'send_time_ms': 7375, 'sequence_number': 349, 'ssrc': 12648429}
{'arrival_time_ms': 9188, 'header_length': 24, 'padding_length': 0, 'payload_size': 1038, 'payload_type': 126, 'send_time_ms': 7405, 'sequence_number': 350, 'ssrc': 12648429}
{'arrival_time_ms': 9218, 'header_length': 24, 'padding_length': 0, 'payload_size': 1038, 'payload_type': 126, 'send_time_ms': 7435, 'sequence_number': 351, 'ssrc': 12648429}
{'arrival_time_ms': 9245, 'header_length': 24, 'padding_length': 0, 'payload_size': 936, 'payload_type': 126, 'send_time_ms': 7470, 'sequence_number': 352, 'ssrc': 12648429}
{'arrival_time_ms': 9271, 'header_length': 24, 'padding_length': 0, 'payload_size': 936, 'payload_type': 126, 'send_time_ms': 7475, 'sequence_number': 353, 'ssrc': 12648429}
{'arrival_time_ms': 9298, 'header_length': 24, 'padding_length': 0, 'payload_size': 936, 'payload_type': 126, 'send_time_ms': 7505, 'sequence_number': 354, 'ssrc': 12648429}
{'arrival_time_ms': 9324, 'header_length': 24, 'padding_length': 0, 'payload_size': 936, 'payload_type': 126, 'send_time_ms': 7510, 'sequence_number': 355, 'ssrc': 12648429}
{'arrival_time_ms': 9353, 'header_length': 24, 'padding_length': 0, 'payload_size': 1038, 'payload_type': 126, 'send_time_ms': 7535, 'sequence_number': 356, 'ssrc': 12648429}
{'arrival_time_ms': 9382, 'header_length': 24, 'padding_length': 0, 'payload_size': 1038, 'payload_type': 126, 'send_time_ms': 7570, 'sequence_number': 357, 'ssrc': 12648429}
{'arrival_time_ms': 9411, 'header_length': 24, 'padding_length': 0, 'payload_size': 1038, 'payload_type': 126, 'send_time_ms': 7605, 'sequence_number': 358, 'ssrc': 12648429}
{'arrival_time_ms': 9438, 'header_length': 24, 'padding_length': 0, 'payload_size': 936, 'payload_type': 126, 'send_time_ms': 7635, 'sequence_number': 359, 'ssrc': 12648429}
{'arrival_time_ms': 9464, 'header_length': 24, 'padding_length': 0, 'payload_size': 936, 'payload_type': 126, 'send_time_ms': 7640, 'sequence_number': 360, 'ssrc': 12648429}
{'arrival_time_ms': 9491, 'header_length': 24, 'padding_length': 0, 'payload_size': 936, 'payload_type': 126, 'send_time_ms': 7670, 'sequence_number': 361, 'ssrc': 12648429}
{'arrival_time_ms': 9517, 'header_length': 24, 'padding_length': 0, 'payload_size': 936, 'payload_type': 126, 'send_time_ms': 7675, 'sequence_number': 362, 'ssrc': 12648429}
{'arrival_time_ms': 9546, 'header_length': 24, 'padding_length': 0, 'payload_size': 1038, 'payload_type': 126, 'send_time_ms': 7705, 'sequence_number': 363, 'ssrc': 12648429}
{'arrival_time_ms': 9575, 'header_length': 24, 'padding_length': 0, 'payload_size': 1038, 'payload_type': 126, 'send_time_ms': 7735, 'sequence_number': 364, 'ssrc': 12648429}
{'arrival_time_ms': 9610, 'header_length': 24, 'padding_length': 0, 'payload_size': 1246, 'payload_type': 126, 'send_time_ms': 7770, 'sequence_number': 365, 'ssrc': 12648429}
{'arrival_time_ms': 9645, 'header_length': 24, 'padding_length': 0, 'payload_size': 1246, 'payload_type': 126, 'send_time_ms': 7805, 'sequence_number': 366, 'ssrc': 12648429}
{'arrival_time_ms': 9671, 'header_length': 24, 'padding_length': 0, 'payload_size': 936, 'payload_type': 126, 'send_time_ms': 7835, 'sequence_number': 367, 'ssrc': 12648429}
{'arrival_time_ms': 9697, 'header_length': 24, 'padding_length': 0, 'payload_size': 936, 'payload_type': 126, 'send_time_ms': 7840, 'sequence_number': 368, 'ssrc': 12648429}
{'arrival_time_ms': 9724, 'header_length': 24, 'padding_length': 0, 'payload_size': 936, 'payload_type': 126, 'send_time_ms': 7870, 'sequence_number': 369, 'ssrc': 12648429}
{'arrival_time_ms': 9750, 'header_length': 24, 'padding_length': 0, 'payload_size': 936, 'payload_type': 126, 'send_time_ms': 7875, 'sequence_number': 370, 'ssrc': 12648429}
{'arrival_time_ms': 9778, 'header_length': 24, 'padding_length': 0, 'payload_size': 936, 'payload_type': 126, 'send_time_ms': 7905, 'sequence_number': 371, 'ssrc': 12648429}
{'arrival_time_ms': 9805, 'header_length': 24, 'padding_length': 0, 'payload_size': 936, 'payload_type': 126, 'send_time_ms': 7910, 'sequence_number': 372, 'ssrc': 12648429}
{'arrival_time_ms': 9826, 'header_length': 24, 'padding_length': 0, 'payload_size': 728, 'payload_type': 126, 'send_time_ms': 7935, 'sequence_number': 373, 'ssrc': 12648429}
{'arrival_time_ms': 9847, 'header_length': 24, 'padding_length': 0, 'payload_size': 728, 'payload_type': 126, 'send_time_ms': 7940, 'sequence_number': 374, 'ssrc': 12648429}
{'arrival_time_ms': 9867, 'header_length': 24, 'padding_length': 0, 'payload_size': 728, 'payload_type': 126, 'send_time_ms': 7970, 'sequence_number': 375, 'ssrc': 12648429}
{'arrival_time_ms': 9888, 'header_length': 24, 'padding_length': 0, 'payload_size': 728, 'payload_type': 126, 'send_time_ms': 7975, 'sequence_number': 376, 'ssrc': 12648429}
{'arrival_time_ms': 9915, 'header_length': 24, 'padding_length': 0, 'payload_size': 936, 'payload_type': 126, 'send_time_ms': 8005, 'sequence_number': 377, 'ssrc': 12648429}
{'arrival_time_ms': 9941, 'header_length': 24, 'padding_length': 0, 'payload_size': 936, 'payload_type': 126, 'send_time_ms': 8010, 'sequence_number': 378, 'ssrc': 12648429}
{'arrival_time_ms': 9968, 'header_length': 24, 'padding_length': 0, 'payload_size': 936, 'payload_type': 126, 'send_time_ms': 8035, 'sequence_number': 379, 'ssrc': 12648429}
{'arrival_time_ms': 9994, 'header_length': 24, 'padding_length': 0, 'payload_size': 936, 'payload_type': 126, 'send_time_ms': 8040, 'sequence_number': 380, 'ssrc': 12648429}
{'arrival_time_ms': 10023, 'header_length': 24, 'padding_length': 0, 'payload_size': 1038, 'payload_type': 126, 'send_time_ms': 8070, 'sequence_number': 381, 'ssrc': 12648429}
{'arrival_time_ms': 10052, 'header_length': 24, 'padding_length': 0, 'payload_size': 1038, 'payload_type': 126, 'send_time_ms': 8105, 'sequence_number': 382, 'ssrc': 12648429}
{'arrival_time_ms': 10076, 'header_length': 24, 'padding_length': 0, 'payload_size': 830, 'payload_type': 126, 'send_time_ms': 8135, 'sequence_number': 383, 'ssrc': 12648429}
{'arrival_time_ms': 10099, 'header_length': 24, 'padding_length': 0, 'payload_size': 830, 'payload_type': 126, 'send_time_ms': 8170, 'sequence_number': 384, 'ssrc': 12648429}
{'arrival_time_ms': 10128, 'header_length': 24, 'padding_length': 0, 'payload_size': 1038, 'payload_type': 126, 'send_time_ms': 8205, 'sequence_number': 385, 'ssrc': 12648429}
{'arrival_time_ms': 10155, 'header_length': 24, 'padding_length': 0, 'payload_size': 936, 'payload_type': 126, 'send_time_ms': 8235, 'sequence_number': 386, 'ssrc': 12648429}
{'arrival_time_ms': 10181, 'header_length': 24, 'padding_length': 0, 'payload_size': 936, 'payload_type': 126, 'send_time_ms': 8240, 'sequence_number': 387, 'ssrc': 12648429}
{'arrival_time_ms': 10208, 'header_length': 24, 'padding_length': 0, 'payload_size': 936, 'payload_type': 126, 'send_time_ms': 8270, 'sequence_number': 388, 'ssrc': 12648429}
{'arrival_time_ms': 10234, 'header_length': 24, 'padding_length': 0, 'payload_size': 936, 'payload_type': 126, 'send_time_ms': 8275, 'sequence_number': 389, 'ssrc': 12648429}
{'arrival_time_ms': 10263, 'header_length': 24, 'padding_length': 0, 'payload_size': 1038, 'payload_type': 126, 'send_time_ms': 8305, 'sequence_number': 390, 'ssrc': 12648429}
{'arrival_time_ms': 10292, 'header_length': 24, 'padding_length': 0, 'payload_size': 1038, 'payload_type': 126, 'send_time_ms': 8335, 'sequence_number': 391, 'ssrc': 12648429}
{'arrival_time_ms': 10319, 'header_length': 24, 'padding_length': 0, 'payload_size': 936, 'payload_type': 126, 'send_time_ms': 8370, 'sequence_number': 392, 'ssrc': 12648429}
{'arrival_time_ms': 10345, 'header_length': 24, 'padding_length': 0, 'payload_size': 936, 'payload_type': 126, 'send_time_ms': 8375, 'sequence_number': 393, 'ssrc': 12648429}
{'arrival_time_ms': 10373, 'header_length': 24, 'padding_length': 0, 'payload_size': 936, 'payload_type': 126, 'send_time_ms': 8405, 'sequence_number': 394, 'ssrc': 12648429}
{'arrival_time_ms': 10400, 'header_length': 24, 'padding_length': 0, 'payload_size': 936, 'payload_type': 126, 'send_time_ms': 8410, 'sequence_number': 395, 'ssrc': 12648429}
{'arrival_time_ms': 10429, 'header_length': 24, 'padding_length': 0, 'payload_size': 1038, 'payload_type': 126, 'send_time_ms': 8435, 'sequence_number': 396, 'ssrc': 12648429}
{'arrival_time_ms': 10458, 'header_length': 24, 'padding_length': 0, 'payload_size': 1038, 'payload_type': 126, 'send_time_ms': 8470, 'sequence_number': 397, 'ssrc': 12648429}
{'arrival_time_ms': 10484, 'header_length': 24, 'padding_length': 0, 'payload_size': 936, 'payload_type': 126, 'send_time_ms': 8505, 'sequence_number': 398, 'ssrc': 12648429}
{'arrival_time_ms': 10511, 'header_length': 24, 'padding_length': 0, 'payload_size': 936, 'payload_type': 126, 'send_time_ms': 8510, 'sequence_number': 399, 'ssrc': 12648429}
{'arrival_time_ms': 10534, 'header_length': 24, 'padding_length': 0, 'payload_size': 832, 'payload_type': 126, 'send_time_ms': 8535, 'sequence_number': 400, 'ssrc': 12648429}
{'arrival_time_ms': 10558, 'header_length': 24, 'padding_length': 0, 'payload_size': 832, 'payload_type': 126, 'send_time_ms': 8540, 'sequence_number': 401, 'ssrc': 12648429}
{'arrival_time_ms': 10582, 'header_length': 24, 'padding_length': 0, 'payload_size': 832, 'payload_type': 126, 'send_time_ms': 8570, 'sequence_number': 402, 'ssrc': 12648429}
{'arrival_time_ms': 10605, 'header_length': 24, 'padding_length': 0, 'payload_size': 832, 'payload_type': 126, 'send_time_ms': 8575, 'sequence_number': 403, 'ssrc': 12648429}
{'arrival_time_ms': 10632, 'header_length': 24, 'padding_length': 0, 'payload_size': 936, 'payload_type': 126, 'send_time_ms': 8605, 'sequence_number': 404, 'ssrc': 12648429}
{'arrival_time_ms': 10658, 'header_length': 24, 'padding_length': 0, 'payload_size': 936, 'payload_type': 126, 'send_time_ms': 8610, 'sequence_number': 405, 'ssrc': 12648429}
{'arrival_time_ms': 10684, 'header_length': 24, 'padding_length': 0, 'payload_size': 936, 'payload_type': 126, 'send_time_ms': 8635, 'sequence_number': 406, 'ssrc': 12648429}
{'arrival_time_ms': 10711, 'header_length': 24, 'padding_length': 0, 'payload_size': 936, 'payload_type': 126, 'send_time_ms': 8640, 'sequence_number': 407, 'ssrc': 12648429}
{'arrival_time_ms': 10740, 'header_length': 24, 'padding_length': 0, 'payload_size': 1038, 'payload_type': 126, 'send_time_ms': 8670, 'sequence_number': 408, 'ssrc': 12648429}
{'arrival_time_ms': 10769, 'header_length': 24, 'padding_length': 0, 'payload_size': 1038, 'payload_type': 126, 'send_time_ms': 8705, 'sequence_number': 409, 'ssrc': 12648429}
{'arrival_time_ms': 10793, 'header_length': 24, 'padding_length': 0, 'payload_size': 832, 'payload_type': 126, 'send_time_ms': 8735, 'sequence_number': 410, 'ssrc': 12648429}
{'arrival_time_ms': 10816, 'header_length': 24, 'padding_length': 0, 'payload_size': 832, 'payload_type': 126, 'send_time_ms': 8740, 'sequence_number': 411, 'ssrc': 12648429}
{'arrival_time_ms': 10840, 'header_length': 24, 'padding_length': 0, 'payload_size': 832, 'payload_type': 126, 'send_time_ms': 8770, 'sequence_number': 412, 'ssrc': 12648429}
{'arrival_time_ms': 10864, 'header_length': 24, 'padding_length': 0, 'payload_size': 832, 'payload_type': 126, 'send_time_ms': 8775, 'sequence_number': 413, 'ssrc': 12648429}
{'arrival_time_ms': 10884, 'header_length': 24, 'padding_length': 0, 'payload_size': 728, 'payload_type': 126, 'send_time_ms': 8805, 'sequence_number': 414, 'ssrc': 12648429}
{'arrival_time_ms': 10905, 'header_length': 24, 'padding_length': 0, 'payload_size': 728, 'payload_type': 126, 'send_time_ms': 8810, 'sequence_number': 415, 'ssrc': 12648429}
{'arrival_time_ms': 10934, 'header_length': 24, 'padding_length': 0, 'payload_size': 1038, 'payload_type': 126, 'send_time_ms': 8835, 'sequence_number': 416, 'ssrc': 12648429}
{'arrival_time_ms': 10964, 'header_length': 24, 'padding_length': 0, 'payload_size': 1038, 'payload_type': 126, 'send_time_ms': 8870, 'sequence_number': 417, 'ssrc': 12648429}
{'arrival_time_ms': 10995, 'header_length': 24, 'padding_length': 0, 'payload_size': 1038, 'payload_type': 126, 'send_time_ms': 8905, 'sequence_number': 418, 'ssrc': 12648429}
{'arrival_time_ms': 11024, 'header_length': 24, 'padding_length': 0, 'payload_size': 1038, 'payload_type': 126, 'send_time_ms': 8935, 'sequence_number': 419, 'ssrc': 12648429}
{'arrival_time_ms': 11050, 'header_length': 24, 'padding_length': 0, 'payload_size': 936, 'payload_type': 126, 'send_time_ms': 8970, 'sequence_number': 420, 'ssrc': 12648429}
{'arrival_time_ms': 11076, 'header_length': 24, 'padding_length': 0, 'payload_size': 936, 'payload_type': 126, 'send_time_ms': 8975, 'sequence_number': 421, 'ssrc': 12648429}
{'arrival_time_ms': 11103, 'header_length': 24, 'padding_length': 0, 'payload_size': 936, 'payload_type': 126, 'send_time_ms': 9005, 'sequence_number': 422, 'ssrc': 12648429}
{'arrival_time_ms': 11129, 'header_length': 24, 'padding_length': 0, 'payload_size': 936, 'payload_type': 126, 'send_time_ms': 9010, 'sequence_number': 423, 'ssrc': 12648429}
{'arrival_time_ms': 11153, 'header_length': 24, 'padding_length': 0, 'payload_size': 830, 'payload_type': 126, 'send_time_ms': 9035, 'sequence_number': 424, 'ssrc': 12648429}
{'arrival_time_ms': 11176, 'header_length': 24, 'padding_length': 0, 'payload_size': 830, 'payload_type': 126, 'send_time_ms': 9070, 'sequence_number': 425, 'ssrc': 12648429}
{'arrival_time_ms': 11203, 'header_length': 24, 'padding_length': 0, 'payload_size': 936, 'payload_type': 126, 'send_time_ms': 9105, 'sequence_number': 426, 'ssrc': 12648429}
{'arrival_time_ms': 11229, 'header_length': 24, 'padding_length': 0, 'payload_size': 936, 'payload_type': 126, 'send_time_ms': 9110, 'sequence_number': 427, 'ssrc': 12648429}
{'arrival_time_ms': 11264, 'header_length': 24, 'padding_length': 0, 'payload_size': 1246, 'payload_type': 126, 'send_time_ms': 9135, 'sequence_number': 428, 'ssrc': 12648429}
{'arrival_time_ms': 11299, 'header_length': 24, 'padding_length': 0, 'payload_size': 1246, 'payload_type': 126, 'send_time_ms': 9170, 'sequence_number': 429, 'ssrc': 12648429}
{'arrival_time_ms': 11319, 'header_length': 24, 'padding_length': 0, 'payload_size': 728, 'payload_type': 126, 'send_time_ms': 9205, 'sequence_number': 430, 'ssrc': 12648429}
{'arrival_time_ms': 11340, 'header_length': 24, 'padding_length': 0, 'payload_size': 728, 'payload_type': 126, 'send_time_ms': 9210, 'sequence_number': 431, 'ssrc': 12648429}
{'arrival_time_ms': 11361, 'header_length': 24, 'padding_length': 0, 'payload_size': 728, 'payload_type': 126, 'send_time_ms': 9235, 'sequence_number': 432, 'ssrc': 12648429}
{'arrival_time_ms': 11382, 'header_length': 24, 'padding_length': 0, 'payload_size': 728, 'payload_type': 126, 'send_time_ms': 9240, 'sequence_number': 433, 'ssrc': 12648429}
{'arrival_time_ms': 11408, 'header_length': 24, 'padding_length': 0, 'payload_size': 936, 'payload_type': 126, 'send_time_ms': 9270, 'sequence_number': 434, 'ssrc': 12648429}
{'arrival_time_ms': 11435, 'header_length': 24, 'padding_length': 0, 'payload_size': 936, 'payload_type': 126, 'send_time_ms': 9275, 'sequence_number': 435, 'ssrc': 12648429}
{'arrival_time_ms': 11461, 'header_length': 24, 'padding_length': 0, 'payload_size': 936, 'payload_type': 126, 'send_time_ms': 9305, 'sequence_number': 436, 'ssrc': 12648429}
{'arrival_time_ms': 11488, 'header_length': 24, 'padding_length': 0, 'payload_size': 936, 'payload_type': 126, 'send_time_ms': 9310, 'sequence_number': 437, 'ssrc': 12648429}
{'arrival_time_ms': 11514, 'header_length': 24, 'padding_length': 0, 'payload_size': 936, 'payload_type': 126, 'send_time_ms': 9335, 'sequence_number': 438, 'ssrc': 12648429}
{'arrival_time_ms': 11540, 'header_length': 24, 'padding_length': 0, 'payload_size': 936, 'payload_type': 126, 'send_time_ms': 9340, 'sequence_number': 439, 'ssrc': 12648429}
{'arrival_time_ms': 11567, 'header_length': 24, 'padding_length': 0, 'payload_size': 936, 'payload_type': 126, 'send_time_ms': 9370, 'sequence_number': 440, 'ssrc': 12648429}
{'arrival_time_ms': 11593, 'header_length': 24, 'padding_length': 0, 'payload_size': 936, 'payload_type': 126, 'send_time_ms': 9375, 'sequence_number': 441, 'ssrc': 12648429}
{'arrival_time_ms': 11630, 'header_length': 24, 'padding_length': 0, 'payload_size': 1246, 'payload_type': 126, 'send_time_ms': 9405, 'sequence_number': 442, 'ssrc': 12648429}
{'arrival_time_ms': 11659, 'header_length': 24, 'padding_length': 0, 'payload_size': 1038, 'payload_type': 126, 'send_time_ms': 9435, 'sequence_number': 443, 'ssrc': 12648429}
{'arrival_time_ms': 11688, 'header_length': 24, 'padding_length': 0, 'payload_size': 1038, 'payload_type': 126, 'send_time_ms': 9470, 'sequence_number': 444, 'ssrc': 12648429}
{'arrival_time_ms': 11712, 'header_length': 24, 'padding_length': 0, 'payload_size': 830, 'payload_type': 126, 'send_time_ms': 9505, 'sequence_number': 445, 'ssrc': 12648429}
{'arrival_time_ms': 11735, 'header_length': 24, 'padding_length': 0, 'payload_size': 830, 'payload_type': 126, 'send_time_ms': 9535, 'sequence_number': 446, 'ssrc': 12648429}
{'arrival_time_ms': 11764, 'header_length': 24, 'padding_length': 0, 'payload_size': 1038, 'payload_type': 126, 'send_time_ms': 9570, 'sequence_number': 447, 'ssrc': 12648429}
{'arrival_time_ms': 11793, 'header_length': 24, 'padding_length': 0, 'payload_size': 1038, 'payload_type': 126, 'send_time_ms': 9605, 'sequence_number': 448, 'ssrc': 12648429}
{'arrival_time_ms': 11820, 'header_length': 24, 'padding_length': 0, 'payload_size': 936, 'payload_type': 126, 'send_time_ms': 9635, 'sequence_number': 449, 'ssrc': 12648429}
{'arrival_time_ms': 11846, 'header_length': 24, 'padding_length': 0, 'payload_size': 936, 'payload_type': 126, 'send_time_ms': 9640, 'sequence_number': 450, 'ssrc': 12648429}
{'arrival_time_ms': 11875, 'header_length': 24, 'padding_length': 0, 'payload_size': 1038, 'payload_type': 126, 'send_time_ms': 9670, 'sequence_number': 451, 'ssrc': 12648429}
{'arrival_time_ms': 11904, 'header_length': 24, 'padding_length': 0, 'payload_size': 1038, 'payload_type': 126, 'send_time_ms': 9705, 'sequence_number': 452, 'ssrc': 12648429}
{'arrival_time_ms': 11933, 'header_length': 24, 'padding_length': 0, 'payload_size': 1038, 'payload_type': 126, 'send_time_ms': 9735, 'sequence_number': 453, 'ssrc': 12648429}
{'arrival_time_ms': 11963, 'header_length': 24, 'padding_length': 0, 'payload_size': 1038, 'payload_type': 126, 'send_time_ms': 9770, 'sequence_number': 454, 'ssrc': 12648429}
{'arrival_time_ms': 11989, 'header_length': 24, 'padding_length': 0, 'payload_size': 936, 'payload_type': 126, 'send_time_ms': 9805, 'sequence_number': 455, 'ssrc': 12648429}
{'arrival_time_ms': 12015, 'header_length': 24, 'padding_length': 0, 'payload_size': 936, 'payload_type': 126, 'send_time_ms': 9810, 'sequence_number': 456, 'ssrc': 12648429}
{'arrival_time_ms': 12042, 'header_length': 24, 'padding_length': 0, 'payload_size': 936, 'payload_type': 126, 'send_time_ms': 9835, 'sequence_number': 457, 'ssrc': 12648429}
{'arrival_time_ms': 12068, 'header_length': 24, 'padding_length': 0, 'payload_size': 936, 'payload_type': 126, 'send_time_ms': 9840, 'sequence_number': 458, 'ssrc': 12648429}
{'arrival_time_ms': 12097, 'header_length': 24, 'padding_length': 0, 'payload_size': 1038, 'payload_type': 126, 'send_time_ms': 9870, 'sequence_number': 459, 'ssrc': 12648429}
{'arrival_time_ms': 12128, 'header_length': 24, 'padding_length': 0, 'payload_size': 1038, 'payload_type': 126, 'send_time_ms': 9905, 'sequence_number': 460, 'ssrc': 12648429}
{'arrival_time_ms': 12157, 'header_length': 24, 'padding_length': 0, 'payload_size': 1038, 'payload_type': 126, 'send_time_ms': 9935, 'sequence_number': 461, 'ssrc': 12648429}
{'arrival_time_ms': 12178, 'header_length': 24, 'padding_length': 0, 'payload_size': 728, 'payload_type': 126, 'send_time_ms': 9970, 'sequence_number': 462, 'ssrc': 12648429}
{'arrival_time_ms': 12199, 'header_length': 24, 'padding_length': 0, 'payload_size': 728, 'payload_type': 126, 'send_time_ms': 9975, 'sequence_number': 463, 'ssrc': 12648429}
{'arrival_time_ms': 12220, 'header_length': 24, 'padding_length': 0, 'payload_size': 728, 'payload_type': 126, 'send_time_ms': 10005, 'sequence_number': 464, 'ssrc': 12648429}
{'arrival_time_ms': 12241, 'header_length': 24, 'padding_length': 0, 'payload_size': 728, 'payload_type': 126, 'send_time_ms': 10010, 'sequence_number': 465, 'ssrc': 12648429}
{'arrival_time_ms': 12270, 'header_length': 24, 'padding_length': 0, 'payload_size': 1038, 'payload_type': 126, 'send_time_ms': 10035, 'sequence_number': 466, 'ssrc': 12648429}
{'arrival_time_ms': 12299, 'header_length': 24, 'padding_length': 0, 'payload_size': 1038, 'payload_type': 126, 'send_time_ms': 10070, 'sequence_number': 467, 'ssrc': 12648429}
{'arrival_time_ms': 12323, 'header_length': 24, 'padding_length': 0, 'payload_size': 832, 'payload_type': 126, 'send_time_ms': 10105, 'sequence_number': 468, 'ssrc': 12648429}
{'arrival_time_ms': 12346, 'header_length': 24, 'padding_length': 0, 'payload_size': 832, 'payload_type': 126, 'send_time_ms': 10110, 'sequence_number': 469, 'ssrc': 12648429}
{'arrival_time_ms': 12370, 'header_length': 24, 'padding_length': 0, 'payload_size': 832, 'payload_type': 126, 'send_time_ms': 10135, 'sequence_number': 470, 'ssrc': 12648429}
{'arrival_time_ms': 12394, 'header_length': 24, 'padding_length': 0, 'payload_size': 832, 'payload_type': 126, 'send_time_ms': 10140, 'sequence_number': 471, 'ssrc': 12648429}
{'arrival_time_ms': 12414, 'header_length': 24, 'padding_length': 0, 'payload_size': 728, 'payload_type': 126, 'send_time_ms': 10170, 'sequence_number': 472, 'ssrc': 12648429}
{'arrival_time_ms': 12435, 'header_length': 24, 'padding_length': 0, 'payload_size': 728, 'payload_type': 126, 'send_time_ms': 10175, 'sequence_number': 473, 'ssrc': 12648429}
{'arrival_time_ms': 12456, 'header_length': 24, 'padding_length': 0, 'payload_size': 728, 'payload_type': 126, 'send_time_ms': 10205, 'sequence_number': 474, 'ssrc': 12648429}
{'arrival_time_ms': 12477, 'header_length': 24, 'padding_length': 0, 'payload_size': 728, 'payload_type': 126, 'send_time_ms': 10210, 'sequence_number': 475, 'ssrc': 12648429}
{'arrival_time_ms': 12506, 'header_length': 24, 'padding_length': 0, 'payload_size': 1038, 'payload_type': 126, 'send_time_ms': 10235, 'sequence_number': 476, 'ssrc': 12648429}
{'arrival_time_ms': 12535, 'header_length': 24, 'padding_length': 0, 'payload_size': 1038, 'payload_type': 126, 'send_time_ms': 10270, 'sequence_number': 477, 'ssrc': 12648429}
{'arrival_time_ms': 12564, 'header_length': 24, 'padding_length': 0, 'payload_size': 1038, 'payload_type': 126, 'send_time_ms': 10305, 'sequence_number': 478, 'ssrc': 12648429}
{'arrival_time_ms': 12591, 'header_length': 24, 'padding_length': 0, 'payload_size': 936, 'payload_type': 126, 'send_time_ms': 10335, 'sequence_number': 479, 'ssrc': 12648429}
{'arrival_time_ms': 12617, 'header_length': 24, 'padding_length': 0, 'payload_size': 936, 'payload_type': 126, 'send_time_ms': 10340, 'sequence_number': 480, 'ssrc': 12648429}
{'arrival_time_ms': 12644, 'header_length': 24, 'padding_length': 0, 'payload_size': 936, 'payload_type': 126, 'send_time_ms': 10370, 'sequence_number': 481, 'ssrc': 12648429}
{'arrival_time_ms': 12670, 'header_length': 24, 'padding_length': 0, 'payload_size': 936, 'payload_type': 126, 'send_time_ms': 10375, 'sequence_number': 482, 'ssrc': 12648429}
{'arrival_time_ms': 12698, 'header_length': 24, 'padding_length': 0, 'payload_size': 936, 'payload_type': 126, 'send_time_ms': 10405, 'sequence_number': 483, 'ssrc': 12648429}
{'arrival_time_ms': 12725, 'header_length': 24, 'padding_length': 0, 'payload_size': 936, 'payload_type': 126, 'send_time_ms': 10410, 'sequence_number': 484, 'ssrc': 12648429}
{'arrival_time_ms': 12751, 'header_length': 24, 'padding_length': 0, 'payload_size': 936, 'payload_type': 126, 'send_time_ms': 10435, 'sequence_number': 485, 'ssrc': 12648429}
{'arrival_time_ms': 12777, 'header_length': 24, 'padding_length': 0, 'payload_size': 936, 'payload_type': 126, 'send_time_ms': 10440, 'sequence_number': 486, 'ssrc': 12648429}
{'arrival_time_ms': 12807, 'header_length': 24, 'padding_length': 0, 'payload_size': 1038, 'payload_type': 126, 'send_time_ms': 10470, 'sequence_number': 487, 'ssrc': 12648429}
{'arrival_time_ms': 12836, 'header_length': 24, 'padding_length': 0, 'payload_size': 1038, 'payload_type': 126, 'send_time_ms': 10505, 'sequence_number': 488, 'ssrc': 12648429}
{'arrival_time_ms': 12862, 'header_length': 24, 'padding_length': 0, 'payload_size': 936, 'payload_type': 126, 'send_time_ms': 10535, 'sequence_number': 489, 'ssrc': 12648429}
{'arrival_time_ms': 12888, 'header_length': 24, 'padding_length': 0, 'payload_size': 936, 'payload_type': 126, 'send_time_ms': 10540, 'sequence_number': 490, 'ssrc': 12648429}
{'arrival_time_ms': 12918, 'header_length': 24, 'padding_length': 0, 'payload_size': 1038, 'payload_type': 126, 'send_time_ms': 10570, 'sequence_number': 491, 'ssrc': 12648429}
{'arrival_time_ms': 12947, 'header_length': 24, 'padding_length': 0, 'payload_size': 1038, 'payload_type': 126, 'send_time_ms': 10605, 'sequence_number': 492, 'ssrc': 12648429}
{'arrival_time_ms': 12968, 'header_length': 24, 'padding_length': 0, 'payload_size': 728, 'payload_type': 126, 'send_time_ms': 10635, 'sequence_number': 493, 'ssrc': 12648429}
{'arrival_time_ms': 12988, 'header_length': 24, 'padding_length': 0, 'payload_size': 728, 'payload_type': 126, 'send_time_ms': 10640, 'sequence_number': 494, 'ssrc': 12648429}
{'arrival_time_ms': 13009, 'header_length': 24, 'padding_length': 0, 'payload_size': 728, 'payload_type': 126, 'send_time_ms': 10670, 'sequence_number': 495, 'ssrc': 12648429}
{'arrival_time_ms': 13030, 'header_length': 24, 'padding_length': 0, 'payload_size': 728, 'payload_type': 126, 'send_time_ms': 10675, 'sequence_number': 496, 'ssrc': 12648429}
{'arrival_time_ms': 13057, 'header_length': 24, 'padding_length': 0, 'payload_size': 936, 'payload_type': 126, 'send_time_ms': 10705, 'sequence_number': 497, 'ssrc': 12648429}
{'arrival_time_ms': 13083, 'header_length': 24, 'padding_length': 0, 'payload_size': 936, 'payload_type': 126, 'send_time_ms': 10710, 'sequence_number': 498, 'ssrc': 12648429}
{'arrival_time_ms': 13109, 'header_length': 24, 'padding_length': 0, 'payload_size': 936, 'payload_type': 126, 'send_time_ms': 10735, 'sequence_number': 499, 'ssrc': 12648429}
{'arrival_time_ms': 13136, 'header_length': 24, 'padding_length': 0, 'payload_size': 936, 'payload_type': 126, 'send_time_ms': 10740, 'sequence_number': 500, 'ssrc': 12648429}
{'arrival_time_ms': 13162, 'header_length': 24, 'padding_length': 0, 'payload_size': 936, 'payload_type': 126, 'send_time_ms': 10770, 'sequence_number': 501, 'ssrc': 12648429}
{'arrival_time_ms': 13189, 'header_length': 24, 'padding_length': 0, 'payload_size': 936, 'payload_type': 126, 'send_time_ms': 10775, 'sequence_number': 502, 'ssrc': 12648429}
{'arrival_time_ms': 13215, 'header_length': 24, 'padding_length': 0, 'payload_size': 936, 'payload_type': 126, 'send_time_ms': 10805, 'sequence_number': 503, 'ssrc': 12648429}
{'arrival_time_ms': 13241, 'header_length': 24, 'padding_length': 0, 'payload_size': 936, 'payload_type': 126, 'send_time_ms': 10810, 'sequence_number': 504, 'ssrc': 12648429}
{'arrival_time_ms': 13268, 'header_length': 24, 'padding_length': 0, 'payload_size': 936, 'payload_type': 126, 'send_time_ms': 10835, 'sequence_number': 505, 'ssrc': 12648429}
{'arrival_time_ms': 13294, 'header_length': 24, 'padding_length': 0, 'payload_size': 936, 'payload_type': 126, 'send_time_ms': 10840, 'sequence_number': 506, 'ssrc': 12648429}
{'arrival_time_ms': 13318, 'header_length': 24, 'padding_length': 0, 'payload_size': 830, 'payload_type': 126, 'send_time_ms': 10870, 'sequence_number': 507, 'ssrc': 12648429}
{'arrival_time_ms': 13343, 'header_length': 24, 'padding_length': 0, 'payload_size': 830, 'payload_type': 126, 'send_time_ms': 10905, 'sequence_number': 508, 'ssrc': 12648429}
{'arrival_time_ms': 13370, 'header_length': 24, 'padding_length': 0, 'payload_size': 936, 'payload_type': 126, 'send_time_ms': 10935, 'sequence_number': 509, 'ssrc': 12648429}
{'arrival_time_ms': 13396, 'header_length': 24, 'padding_length': 0, 'payload_size': 936, 'payload_type': 126, 'send_time_ms': 10940, 'sequence_number': 510, 'ssrc': 12648429}
{'arrival_time_ms': 13422, 'header_length': 24, 'padding_length': 0, 'payload_size': 936, 'payload_type': 126, 'send_time_ms': 10970, 'sequence_number': 511, 'ssrc': 12648429}
{'arrival_time_ms': 13449, 'header_length': 24, 'padding_length': 0, 'payload_size': 936, 'payload_type': 126, 'send_time_ms': 10975, 'sequence_number': 512, 'ssrc': 12648429}
{'arrival_time_ms': 13472, 'header_length': 24, 'padding_length': 0, 'payload_size': 832, 'payload_type': 126, 'send_time_ms': 11005, 'sequence_number': 513, 'ssrc': 12648429}
{'arrival_time_ms': 13496, 'header_length': 24, 'padding_length': 0, 'payload_size': 832, 'payload_type': 126, 'send_time_ms': 11010, 'sequence_number': 514, 'ssrc': 12648429}
{'arrival_time_ms': 13520, 'header_length': 24, 'padding_length': 0, 'payload_size': 832, 'payload_type': 126, 'send_time_ms': 11035, 'sequence_number': 515, 'ssrc': 12648429}
{'arrival_time_ms': 13543, 'header_length': 24, 'padding_length': 0, 'payload_size': 832, 'payload_type': 126, 'send_time_ms': 11040, 'sequence_number': 516, 'ssrc': 12648429}
{'arrival_time_ms': 13567, 'header_length': 24, 'padding_length': 0, 'payload_size': 832, 'payload_type': 126, 'send_time_ms': 11070, 'sequence_number': 517, 'ssrc': 12648429}
{'arrival_time_ms': 13590, 'header_length': 24, 'padding_length': 0, 'payload_size': 832, 'payload_type': 126, 'send_time_ms': 11075, 'sequence_number': 518, 'ssrc': 12648429}
{'arrival_time_ms': 13614, 'header_length': 24, 'padding_length': 0, 'payload_size': 832, 'payload_type': 126, 'send_time_ms': 11105, 'sequence_number': 519, 'ssrc': 12648429}
{'arrival_time_ms': 13638, 'header_length': 24, 'padding_length': 0, 'payload_size': 832, 'payload_type': 126, 'send_time_ms': 11110, 'sequence_number': 520, 'ssrc': 12648429}
{'arrival_time_ms': 13664, 'header_length': 24, 'padding_length': 0, 'payload_size': 936, 'payload_type': 126, 'send_time_ms': 11135, 'sequence_number': 521, 'ssrc': 12648429}
{'arrival_time_ms': 13691, 'header_length': 24, 'padding_length': 0, 'payload_size': 936, 'payload_type': 126, 'send_time_ms': 11140, 'sequence_number': 522, 'ssrc': 12648429}
{'arrival_time_ms': 13717, 'header_length': 24, 'padding_length': 0, 'payload_size': 936, 'payload_type': 126, 'send_time_ms': 11170, 'sequence_number': 523, 'ssrc': 12648429}
{'arrival_time_ms': 13743, 'header_length': 24, 'padding_length': 0, 'payload_size': 936, 'payload_type': 126, 'send_time_ms': 11175, 'sequence_number': 524, 'ssrc': 12648429}
{'arrival_time_ms': 13770, 'header_length': 24, 'padding_length': 0, 'payload_size': 936, 'payload_type': 126, 'send_time_ms': 11205, 'sequence_number': 525, 'ssrc': 12648429}
{'arrival_time_ms': 13796, 'header_length': 24, 'padding_length': 0, 'payload_size': 936, 'payload_type': 126, 'send_time_ms': 11210, 'sequence_number': 526, 'ssrc': 12648429}
{'arrival_time_ms': 13820, 'header_length': 24, 'padding_length': 0, 'payload_size': 830, 'payload_type': 126, 'send_time_ms': 11235, 'sequence_number': 527, 'ssrc': 12648429}
{'arrival_time_ms': 13843, 'header_length': 24, 'padding_length': 0, 'payload_size': 830, 'payload_type': 126, 'send_time_ms': 11270, 'sequence_number': 528, 'ssrc': 12648429}
{'arrival_time_ms': 13864, 'header_length': 24, 'padding_length': 0, 'payload_size': 728, 'payload_type': 126, 'send_time_ms': 11305, 'sequence_number': 529, 'ssrc': 12648429}
{'arrival_time_ms': 13885, 'header_length': 24, 'padding_length': 0, 'payload_size': 728, 'payload_type': 126, 'send_time_ms': 11310, 'sequence_number': 530, 'ssrc': 12648429}
{'arrival_time_ms': 13906, 'header_length': 24, 'padding_length': 0, 'payload_size': 728, 'payload_type': 126, 'send_time_ms': 11335, 'sequence_number': 531, 'ssrc': 12648429}
{'arrival_time_ms': 13927, 'header_length': 24, 'padding_length': 0, 'payload_size': 728, 'payload_type': 126, 'send_time_ms': 11340, 'sequence_number': 532, 'ssrc': 12648429}
{'arrival_time_ms': 13956, 'header_length': 24, 'padding_length': 0, 'payload_size': 1038, 'payload_type': 126, 'send_time_ms': 11370, 'sequence_number': 533, 'ssrc': 12648429}
{'arrival_time_ms': 13987, 'header_length': 24, 'padding_length': 0, 'payload_size': 1038, 'payload_type': 126, 'send_time_ms': 11405, 'sequence_number': 534, 'ssrc': 12648429}
{'arrival_time_ms': 14021, 'header_length': 24, 'padding_length': 0, 'payload_size': 1246, 'payload_type': 126, 'send_time_ms': 11435, 'sequence_number': 535, 'ssrc': 12648429}
{'arrival_time_ms': 14056, 'header_length': 24, 'padding_length': 0, 'payload_size': 1246, 'payload_type': 126, 'send_time_ms': 11470, 'sequence_number': 536, 'ssrc': 12648429}
{'arrival_time_ms': 14091, 'header_length': 24, 'padding_length': 0, 'payload_size': 1246, 'payload_type': 126, 'send_time_ms': 11505, 'sequence_number': 537, 'ssrc': 12648429}
{'arrival_time_ms': 14114, 'header_length': 24, 'padding_length': 0, 'payload_size': 830, 'payload_type': 126, 'send_time_ms': 11535, 'sequence_number': 538, 'ssrc': 12648429}
{'arrival_time_ms': 14138, 'header_length': 24, 'padding_length': 0, 'payload_size': 830, 'payload_type': 126, 'send_time_ms': 11570, 'sequence_number': 539, 'ssrc': 12648429}
{'arrival_time_ms': 14162, 'header_length': 24, 'padding_length': 0, 'payload_size': 830, 'payload_type': 126, 'send_time_ms': 11605, 'sequence_number': 540, 'ssrc': 12648429}
{'arrival_time_ms': 14185, 'header_length': 24, 'padding_length': 0, 'payload_size': 830, 'payload_type': 126, 'send_time_ms': 11635, 'sequence_number': 541, 'ssrc': 12648429}
{'arrival_time_ms': 14209, 'header_length': 24, 'padding_length': 0, 'payload_size': 830, 'payload_type': 126, 'send_time_ms': 11670, 'sequence_number': 542, 'ssrc': 12648429}
{'arrival_time_ms': 14232, 'header_length': 24, 'padding_length': 0, 'payload_size': 830, 'payload_type': 126, 'send_time_ms': 11705, 'sequence_number': 543, 'ssrc': 12648429}
{'arrival_time_ms': 14259, 'header_length': 24, 'padding_length': 0, 'payload_size': 936, 'payload_type': 126, 'send_time_ms': 11735, 'sequence_number': 544, 'ssrc': 12648429}
{'arrival_time_ms': 14285, 'header_length': 24, 'padding_length': 0, 'payload_size': 936, 'payload_type': 126, 'send_time_ms': 11740, 'sequence_number': 545, 'ssrc': 12648429}
{'arrival_time_ms': 14311, 'header_length': 24, 'padding_length': 0, 'payload_size': 936, 'payload_type': 126, 'send_time_ms': 11770, 'sequence_number': 546, 'ssrc': 12648429}
{'arrival_time_ms': 14338, 'header_length': 24, 'padding_length': 0, 'payload_size': 936, 'payload_type': 126, 'send_time_ms': 11775, 'sequence_number': 547, 'ssrc': 12648429}
{'arrival_time_ms': 14361, 'header_length': 24, 'padding_length': 0, 'payload_size': 830, 'payload_type': 126, 'send_time_ms': 11805, 'sequence_number': 548, 'ssrc': 12648429}
{'arrival_time_ms': 14385, 'header_length': 24, 'padding_length': 0, 'payload_size': 830, 'payload_type': 126, 'send_time_ms': 11835, 'sequence_number': 549, 'ssrc': 12648429}
{'arrival_time_ms': 14409, 'header_length': 24, 'padding_length': 0, 'payload_size': 830, 'payload_type': 126, 'send_time_ms': 11870, 'sequence_number': 550, 'ssrc': 12648429}
{'arrival_time_ms': 14431, 'header_length': 24, 'padding_length': 0, 'payload_size': 728, 'payload_type': 126, 'send_time_ms': 11905, 'sequence_number': 551, 'ssrc': 12648429}
{'arrival_time_ms': 14452, 'header_length': 24, 'padding_length': 0, 'payload_size': 728, 'payload_type': 126, 'send_time_ms': 11910, 'sequence_number': 552, 'ssrc': 12648429}
{'arrival_time_ms': 14473, 'header_length': 24, 'padding_length': 0, 'payload_size': 728, 'payload_type': 126, 'send_time_ms': 11935, 'sequence_number': 553, 'ssrc': 12648429}
{'arrival_time_ms': 14494, 'header_length': 24, 'padding_length': 0, 'payload_size': 728, 'payload_type': 126, 'send_time_ms': 11940, 'sequence_number': 554, 'ssrc': 12648429}
{'arrival_time_ms': 14520, 'header_length': 24, 'padding_length': 0, 'payload_size': 936, 'payload_type': 126, 'send_time_ms': 11970, 'sequence_number': 555, 'ssrc': 12648429}
{'arrival_time_ms': 14547, 'header_length': 24, 'padding_length': 0, 'payload_size': 936, 'payload_type': 126, 'send_time_ms': 11975, 'sequence_number': 556, 'ssrc': 12648429}
{'arrival_time_ms': 14573, 'header_length': 24, 'padding_length': 0, 'payload_size': 936, 'payload_type': 126, 'send_time_ms': 12005, 'sequence_number': 557, 'ssrc': 12648429}
{'arrival_time_ms': 14599, 'header_length': 24, 'padding_length': 0, 'payload_size': 936, 'payload_type': 126, 'send_time_ms': 12010, 'sequence_number': 558, 'ssrc': 12648429}
{'arrival_time_ms': 14623, 'header_length': 24, 'padding_length': 0, 'payload_size': 830, 'payload_type': 126, 'send_time_ms': 12035, 'sequence_number': 559, 'ssrc': 12648429}
{'arrival_time_ms': 14647, 'header_length': 24, 'padding_length': 0, 'payload_size': 830, 'payload_type': 126, 'send_time_ms': 12070, 'sequence_number': 560, 'ssrc': 12648429}
{'arrival_time_ms': 14673, 'header_length': 24, 'padding_length': 0, 'payload_size': 936, 'payload_type': 126, 'send_time_ms': 12105, 'sequence_number': 561, 'ssrc': 12648429}
{'arrival_time_ms': 14699, 'header_length': 24, 'padding_length': 0, 'payload_size': 936, 'payload_type': 126, 'send_time_ms': 12110, 'sequence_number': 562, 'ssrc': 12648429}
{'arrival_time_ms': 14720, 'header_length': 24, 'padding_length': 0, 'payload_size': 728, 'payload_type': 126, 'send_time_ms': 12135, 'sequence_number': 563, 'ssrc': 12648429}
{'arrival_time_ms': 14741, 'header_length': 24, 'padding_length': 0, 'payload_size': 728, 'payload_type': 126, 'send_time_ms': 12140, 'sequence_number': 564, 'ssrc': 12648429}
{'arrival_time_ms': 14762, 'header_length': 24, 'padding_length': 0, 'payload_size': 728, 'payload_type': 126, 'send_time_ms': 12170, 'sequence_number': 565, 'ssrc': 12648429}
{'arrival_time_ms': 14783, 'header_length': 24, 'padding_length': 0, 'payload_size': 728, 'payload_type': 126, 'send_time_ms': 12175, 'sequence_number': 566, 'ssrc': 12648429}
{'arrival_time_ms': 14804, 'header_length': 24, 'padding_length': 0, 'payload_size': 728, 'payload_type': 126, 'send_time_ms': 12205, 'sequence_number': 567, 'ssrc': 12648429}
{'arrival_time_ms': 14825, 'header_length': 24, 'padding_length': 0, 'payload_size': 728, 'payload_type': 126, 'send_time_ms': 12210, 'sequence_number': 568, 'ssrc': 12648429}
{'arrival_time_ms': 14845, 'header_length': 24, 'padding_length': 0, 'payload_size': 728, 'payload_type': 126, 'send_time_ms': 12235, 'sequence_number': 569, 'ssrc': 12648429}
{'arrival_time_ms': 14866, 'header_length': 24, 'padding_length': 0, 'payload_size': 728, 'payload_type': 126, 'send_time_ms': 12240, 'sequence_number': 570, 'ssrc': 12648429}
{'arrival_time_ms': 14895, 'header_length': 24, 'padding_length': 0, 'payload_size': 1038, 'payload_type': 126, 'send_time_ms': 12270, 'sequence_number': 571, 'ssrc': 12648429}
{'arrival_time_ms': 14924, 'header_length': 24, 'padding_length': 0, 'payload_size': 1038, 'payload_type': 126, 'send_time_ms': 12305, 'sequence_number': 572, 'ssrc': 12648429}
{'arrival_time_ms': 14945, 'header_length': 24, 'padding_length': 0, 'payload_size': 728, 'payload_type': 126, 'send_time_ms': 12335, 'sequence_number': 573, 'ssrc': 12648429}
{'arrival_time_ms': 14966, 'header_length': 24, 'padding_length': 0, 'payload_size': 728, 'payload_type': 126, 'send_time_ms': 12340, 'sequence_number': 574, 'ssrc': 12648429}
{'arrival_time_ms': 14987, 'header_length': 24, 'padding_length': 0, 'payload_size': 728, 'payload_type': 126, 'send_time_ms': 12370, 'sequence_number': 575, 'ssrc': 12648429}
{'arrival_time_ms': 15010, 'header_length': 24, 'padding_length': 0, 'payload_size': 728, 'payload_type': 126, 'send_time_ms': 12375, 'sequence_number': 576, 'ssrc': 12648429}
{'arrival_time_ms': 15039, 'header_length': 24, 'padding_length': 0, 'payload_size': 1038, 'payload_type': 126, 'send_time_ms': 12405, 'sequence_number': 577, 'ssrc': 12648429}
{'arrival_time_ms': 15074, 'header_length': 24, 'padding_length': 0, 'payload_size': 1246, 'payload_type': 126, 'send_time_ms': 12435, 'sequence_number': 578, 'ssrc': 12648429}
{'arrival_time_ms': 15108, 'header_length': 24, 'padding_length': 0, 'payload_size': 1246, 'payload_type': 126, 'send_time_ms': 12470, 'sequence_number': 579, 'ssrc': 12648429}
{'arrival_time_ms': 15135, 'header_length': 24, 'padding_length': 0, 'payload_size': 936, 'payload_type': 126, 'send_time_ms': 12505, 'sequence_number': 580, 'ssrc': 12648429}
{'arrival_time_ms': 15161, 'header_length': 24, 'padding_length': 0, 'payload_size': 936, 'payload_type': 126, 'send_time_ms': 12510, 'sequence_number': 581, 'ssrc': 12648429}
{'arrival_time_ms': 15187, 'header_length': 24, 'padding_length': 0, 'payload_size': 936, 'payload_type': 126, 'send_time_ms': 12535, 'sequence_number': 582, 'ssrc': 12648429}
{'arrival_time_ms': 15214, 'header_length': 24, 'padding_length': 0, 'payload_size': 936, 'payload_type': 126, 'send_time_ms': 12540, 'sequence_number': 583, 'ssrc': 12648429}
{'arrival_time_ms': 15237, 'header_length': 24, 'padding_length': 0, 'payload_size': 832, 'payload_type': 126, 'send_time_ms': 12570, 'sequence_number': 584, 'ssrc': 12648429}
{'arrival_time_ms': 15261, 'header_length': 24, 'padding_length': 0, 'payload_size': 832, 'payload_type': 126, 'send_time_ms': 12575, 'sequence_number': 585, 'ssrc': 12648429}
{'arrival_time_ms': 15285, 'header_length': 24, 'padding_length': 0, 'payload_size': 832, 'payload_type': 126, 'send_time_ms': 12605, 'sequence_number': 586, 'ssrc': 12648429}
{'arrival_time_ms': 15308, 'header_length': 24, 'padding_length': 0, 'payload_size': 832, 'payload_type': 126, 'send_time_ms': 12610, 'sequence_number': 587, 'ssrc': 12648429}
{'arrival_time_ms': 15337, 'header_length': 24, 'padding_length': 0, 'payload_size': 1038, 'payload_type': 126, 'send_time_ms': 12635, 'sequence_number': 588, 'ssrc': 12648429}
{'arrival_time_ms': 15367, 'header_length': 24, 'padding_length': 0, 'payload_size': 1038, 'payload_type': 126, 'send_time_ms': 12670, 'sequence_number': 589, 'ssrc': 12648429}
{'arrival_time_ms': 15393, 'header_length': 24, 'padding_length': 0, 'payload_size': 936, 'payload_type': 126, 'send_time_ms': 12705, 'sequence_number': 590, 'ssrc': 12648429}
{'arrival_time_ms': 15419, 'header_length': 24, 'padding_length': 0, 'payload_size': 936, 'payload_type': 126, 'send_time_ms': 12710, 'sequence_number': 591, 'ssrc': 12648429}
{'arrival_time_ms': 15446, 'header_length': 24, 'padding_length': 0, 'payload_size': 936, 'payload_type': 126, 'send_time_ms': 12735, 'sequence_number': 592, 'ssrc': 12648429}
{'arrival_time_ms': 15472, 'header_length': 24, 'padding_length': 0, 'payload_size': 936, 'payload_type': 126, 'send_time_ms': 12740, 'sequence_number': 593, 'ssrc': 12648429}
{'arrival_time_ms': 15499, 'header_length': 24, 'padding_length': 0, 'payload_size': 936, 'payload_type': 126, 'send_time_ms': 12770, 'sequence_number': 594, 'ssrc': 12648429}
{'arrival_time_ms': 15525, 'header_length': 24, 'padding_length': 0, 'payload_size': 936, 'payload_type': 126, 'send_time_ms': 12775, 'sequence_number': 595, 'ssrc': 12648429}
{'arrival_time_ms': 15551, 'header_length': 24, 'padding_length': 0, 'payload_size': 936, 'payload_type': 126, 'send_time_ms': 12805, 'sequence_number': 596, 'ssrc': 12648429}
{'arrival_time_ms': 15578, 'header_length': 24, 'padding_length': 0, 'payload_size': 936, 'payload_type': 126, 'send_time_ms': 12810, 'sequence_number': 597, 'ssrc': 12648429}
{'arrival_time_ms': 15604, 'header_length': 24, 'padding_length': 0, 'payload_size': 936, 'payload_type': 126, 'send_time_ms': 12835, 'sequence_number': 598, 'ssrc': 12648429}
{'arrival_time_ms': 15631, 'header_length': 24, 'padding_length': 0, 'payload_size': 936, 'payload_type': 126, 'send_time_ms': 12840, 'sequence_number': 599, 'ssrc': 12648429}
{'arrival_time_ms': 15654, 'header_length': 24, 'padding_length': 0, 'payload_size': 832, 'payload_type': 126, 'send_time_ms': 12870, 'sequence_number': 600, 'ssrc': 12648429}
{'arrival_time_ms': 15680, 'header_length': 24, 'padding_length': 0, 'payload_size': 832, 'payload_type': 126, 'send_time_ms': 12875, 'sequence_number': 601, 'ssrc': 12648429}
{'arrival_time_ms': 15703, 'header_length': 24, 'padding_length': 0, 'payload_size': 832, 'payload_type': 126, 'send_time_ms': 12905, 'sequence_number': 602, 'ssrc': 12648429}
{'arrival_time_ms': 15727, 'header_length': 24, 'padding_length': 0, 'payload_size': 832, 'payload_type': 126, 'send_time_ms': 12910, 'sequence_number': 603, 'ssrc': 12648429}
{'arrival_time_ms': 15750, 'header_length': 24, 'padding_length': 0, 'payload_size': 830, 'payload_type': 126, 'send_time_ms': 12935, 'sequence_number': 604, 'ssrc': 12648429}
{'arrival_time_ms': 15774, 'header_length': 24, 'padding_length': 0, 'payload_size': 830, 'payload_type': 126, 'send_time_ms': 12970, 'sequence_number': 605, 'ssrc': 12648429}
{'arrival_time_ms': 15800, 'header_length': 24, 'padding_length': 0, 'payload_size': 936, 'payload_type': 126, 'send_time_ms': 13005, 'sequence_number': 606, 'ssrc': 12648429}
{'arrival_time_ms': 15827, 'header_length': 24, 'padding_length': 0, 'payload_size': 936, 'payload_type': 126, 'send_time_ms': 13010, 'sequence_number': 607, 'ssrc': 12648429}
{'arrival_time_ms': 15853, 'header_length': 24, 'padding_length': 0, 'payload_size': 936, 'payload_type': 126, 'send_time_ms': 13035, 'sequence_number': 608, 'ssrc': 12648429}
{'arrival_time_ms': 15880, 'header_length': 24, 'padding_length': 0, 'payload_size': 936, 'payload_type': 126, 'send_time_ms': 13040, 'sequence_number': 609, 'ssrc': 12648429}
{'arrival_time_ms': 15906, 'header_length': 24, 'padding_length': 0, 'payload_size': 936, 'payload_type': 126, 'send_time_ms': 13070, 'sequence_number': 610, 'ssrc': 12648429}
{'arrival_time_ms': 15932, 'header_length': 24, 'padding_length': 0, 'payload_size': 936, 'payload_type': 126, 'send_time_ms': 13075, 'sequence_number': 611, 'ssrc': 12648429}
{'arrival_time_ms': 15956, 'header_length': 24, 'padding_length': 0, 'payload_size': 832, 'payload_type': 126, 'send_time_ms': 13105, 'sequence_number': 612, 'ssrc': 12648429}
{'arrival_time_ms': 15980, 'header_length': 24, 'padding_length': 0, 'payload_size': 832, 'payload_type': 126, 'send_time_ms': 13110, 'sequence_number': 613, 'ssrc': 12648429}
{'arrival_time_ms': 16003, 'header_length': 24, 'padding_length': 0, 'payload_size': 832, 'payload_type': 126, 'send_time_ms': 13135, 'sequence_number': 614, 'ssrc': 12648429}
{'arrival_time_ms': 16027, 'header_length': 24, 'padding_length': 0, 'payload_size': 832, 'payload_type': 126, 'send_time_ms': 13140, 'sequence_number': 615, 'ssrc': 12648429}
{'arrival_time_ms': 16053, 'header_length': 24, 'padding_length': 0, 'payload_size': 936, 'payload_type': 126, 'send_time_ms': 13170, 'sequence_number': 616, 'ssrc': 12648429}
{'arrival_time_ms': 16080, 'header_length': 24, 'padding_length': 0, 'payload_size': 936, 'payload_type': 126, 'send_time_ms': 13175, 'sequence_number': 617, 'ssrc': 12648429}
{'arrival_time_ms': 16106, 'header_length': 24, 'padding_length': 0, 'payload_size': 936, 'payload_type': 126, 'send_time_ms': 13205, 'sequence_number': 618, 'ssrc': 12648429}
{'arrival_time_ms': 16133, 'header_length': 24, 'padding_length': 0, 'payload_size': 936, 'payload_type': 126, 'send_time_ms': 13210, 'sequence_number': 619, 'ssrc': 12648429}
{'arrival_time_ms': 16167, 'header_length': 24, 'padding_length': 0, 'payload_size': 1246, 'payload_type': 126, 'send_time_ms': 13235, 'sequence_number': 620, 'ssrc': 12648429}
{'arrival_time_ms': 16202, 'header_length': 24, 'padding_length': 0, 'payload_size': 1246, 'payload_type': 126, 'send_time_ms': 13270, 'sequence_number': 621, 'ssrc': 12648429}
{'arrival_time_ms': 16225, 'header_length': 24, 'padding_length': 0, 'payload_size': 830, 'payload_type': 126, 'send_time_ms': 13305, 'sequence_number': 622, 'ssrc': 12648429}
{'arrival_time_ms': 16255, 'header_length': 24, 'padding_length': 0, 'payload_size': 1038, 'payload_type': 126, 'send_time_ms': 13335, 'sequence_number': 623, 'ssrc': 12648429}
{'arrival_time_ms': 16284, 'header_length': 24, 'padding_length': 0, 'payload_size': 1038, 'payload_type': 126, 'send_time_ms': 13370, 'sequence_number': 624, 'ssrc': 12648429}
{'arrival_time_ms': 16309, 'header_length': 24, 'padding_length': 0, 'payload_size': 832, 'payload_type': 126, 'send_time_ms': 13405, 'sequence_number': 625, 'ssrc': 12648429}
{'arrival_time_ms': 16333, 'header_length': 24, 'padding_length': 0, 'payload_size': 832, 'payload_type': 126, 'send_time_ms': 13410, 'sequence_number': 626, 'ssrc': 12648429}
{'arrival_time_ms': 16356, 'header_length': 24, 'padding_length': 0, 'payload_size': 832, 'payload_type': 126, 'send_time_ms': 13435, 'sequence_number': 627, 'ssrc': 12648429}
{'arrival_time_ms': 16380, 'header_length': 24, 'padding_length': 0, 'payload_size': 832, 'payload_type': 126, 'send_time_ms': 13440, 'sequence_number': 628, 'ssrc': 12648429}
{'arrival_time_ms': 16406, 'header_length': 24, 'padding_length': 0, 'payload_size': 936, 'payload_type': 126, 'send_time_ms': 13470, 'sequence_number': 629, 'ssrc': 12648429}
{'arrival_time_ms': 16433, 'header_length': 24, 'padding_length': 0, 'payload_size': 936, 'payload_type': 126, 'send_time_ms': 13475, 'sequence_number': 630, 'ssrc': 12648429}
{'arrival_time_ms': 16459, 'header_length': 24, 'padding_length': 0, 'payload_size': 936, 'payload_type': 126, 'send_time_ms': 13505, 'sequence_number': 631, 'ssrc': 12648429}
{'arrival_time_ms': 16486, 'header_length': 24, 'padding_length': 0, 'payload_size': 936, 'payload_type': 126, 'send_time_ms': 13510, 'sequence_number': 632, 'ssrc': 12648429}
{'arrival_time_ms': 16512, 'header_length': 24, 'padding_length': 0, 'payload_size': 936, 'payload_type': 126, 'send_time_ms': 13535, 'sequence_number': 633, 'ssrc': 12648429}
{'arrival_time_ms': 16538, 'header_length': 24, 'padding_length': 0, 'payload_size': 936, 'payload_type': 126, 'send_time_ms': 13540, 'sequence_number': 634, 'ssrc': 12648429}
{'arrival_time_ms': 16565, 'header_length': 24, 'padding_length': 0, 'payload_size': 936, 'payload_type': 126, 'send_time_ms': 13570, 'sequence_number': 635, 'ssrc': 12648429}
{'arrival_time_ms': 16591, 'header_length': 24, 'padding_length': 0, 'payload_size': 936, 'payload_type': 126, 'send_time_ms': 13575, 'sequence_number': 636, 'ssrc': 12648429}
{'arrival_time_ms': 16618, 'header_length': 24, 'padding_length': 0, 'payload_size': 936, 'payload_type': 126, 'send_time_ms': 13605, 'sequence_number': 637, 'ssrc': 12648429}
{'arrival_time_ms': 16644, 'header_length': 24, 'padding_length': 0, 'payload_size': 936, 'payload_type': 126, 'send_time_ms': 13610, 'sequence_number': 638, 'ssrc': 12648429}
{'arrival_time_ms': 16673, 'header_length': 24, 'padding_length': 0, 'payload_size': 1038, 'payload_type': 126, 'send_time_ms': 13635, 'sequence_number': 639, 'ssrc': 12648429}
{'arrival_time_ms': 16702, 'header_length': 24, 'padding_length': 0, 'payload_size': 1038, 'payload_type': 126, 'send_time_ms': 13670, 'sequence_number': 640, 'ssrc': 12648429}
{'arrival_time_ms': 16729, 'header_length': 24, 'padding_length': 0, 'payload_size': 936, 'payload_type': 126, 'send_time_ms': 13705, 'sequence_number': 641, 'ssrc': 12648429}
{'arrival_time_ms': 16755, 'header_length': 24, 'padding_length': 0, 'payload_size': 936, 'payload_type': 126, 'send_time_ms': 13710, 'sequence_number': 642, 'ssrc': 12648429}
{'arrival_time_ms': 16782, 'header_length': 24, 'padding_length': 0, 'payload_size': 936, 'payload_type': 126, 'send_time_ms': 13735, 'sequence_number': 643, 'ssrc': 12648429}
{'arrival_time_ms': 16808, 'header_length': 24, 'padding_length': 0, 'payload_size': 936, 'payload_type': 126, 'send_time_ms': 13740, 'sequence_number': 644, 'ssrc': 12648429}
{'arrival_time_ms': 16837, 'header_length': 24, 'padding_length': 0, 'payload_size': 1038, 'payload_type': 126, 'send_time_ms': 13770, 'sequence_number': 645, 'ssrc': 12648429}
{'arrival_time_ms': 16866, 'header_length': 24, 'padding_length': 0, 'payload_size': 1038, 'payload_type': 126, 'send_time_ms': 13805, 'sequence_number': 646, 'ssrc': 12648429}
{'arrival_time_ms': 16893, 'header_length': 24, 'padding_length': 0, 'payload_size': 936, 'payload_type': 126, 'send_time_ms': 13835, 'sequence_number': 647, 'ssrc': 12648429}
{'arrival_time_ms': 16919, 'header_length': 24, 'padding_length': 0, 'payload_size': 936, 'payload_type': 126, 'send_time_ms': 13840, 'sequence_number': 648, 'ssrc': 12648429}
{'arrival_time_ms': 16947, 'header_length': 24, 'padding_length': 0, 'payload_size': 936, 'payload_type': 126, 'send_time_ms': 13870, 'sequence_number': 649, 'ssrc': 12648429}
{'arrival_time_ms': 16974, 'header_length': 24, 'padding_length': 0, 'payload_size': 936, 'payload_type': 126, 'send_time_ms': 13905, 'sequence_number': 651, 'ssrc': 12648429}
{'arrival_time_ms': 17000, 'header_length': 24, 'padding_length': 0, 'payload_size': 936, 'payload_type': 126, 'send_time_ms': 13910, 'sequence_number': 652, 'ssrc': 12648429}
{'arrival_time_ms': 17024, 'header_length': 24, 'padding_length': 0, 'payload_size': 830, 'payload_type': 126, 'send_time_ms': 13935, 'sequence_number': 653, 'ssrc': 12648429}
{'arrival_time_ms': 17047, 'header_length': 24, 'padding_length': 0, 'payload_size': 830, 'payload_type': 126, 'send_time_ms': 13970, 'sequence_number': 654, 'ssrc': 12648429}
{'arrival_time_ms': 17076, 'header_length': 24, 'padding_length': 0, 'payload_size': 1038, 'payload_type': 126, 'send_time_ms': 14005, 'sequence_number': 655, 'ssrc': 12648429}
{'arrival_time_ms': 17105, 'header_length': 24, 'padding_length': 0, 'payload_size': 1038, 'payload_type': 126, 'send_time_ms': 14035, 'sequence_number': 656, 'ssrc': 12648429}
{'arrival_time_ms': 17129, 'header_length': 24, 'padding_length': 0, 'payload_size': 830, 'payload_type': 126, 'send_time_ms': 14070, 'sequence_number': 657, 'ssrc': 12648429}
{'arrival_time_ms': 17153, 'header_length': 24, 'padding_length': 0, 'payload_size': 830, 'payload_type': 126, 'send_time_ms': 14105, 'sequence_number': 658, 'ssrc': 12648429}
{'arrival_time_ms': 17176, 'header_length': 24, 'padding_length': 0, 'payload_size': 830, 'payload_type': 126, 'send_time_ms': 14135, 'sequence_number': 659, 'ssrc': 12648429}
{'arrival_time_ms': 17200, 'header_length': 24, 'padding_length': 0, 'payload_size': 830, 'payload_type': 126, 'send_time_ms': 14170, 'sequence_number': 660, 'ssrc': 12648429}
{'arrival_time_ms': 17223, 'header_length': 24, 'padding_length': 0, 'payload_size': 832, 'payload_type': 126, 'send_time_ms': 14205, 'sequence_number': 661, 'ssrc': 12648429}
{'arrival_time_ms': 17247, 'header_length': 24, 'padding_length': 0, 'payload_size': 832, 'payload_type': 126, 'send_time_ms': 14210, 'sequence_number': 662, 'ssrc': 12648429}
{'arrival_time_ms': 17282, 'header_length': 24, 'padding_length': 0, 'payload_size': 1246, 'payload_type': 126, 'send_time_ms': 14235, 'sequence_number': 663, 'ssrc': 12648429}
{'arrival_time_ms': 17316, 'header_length': 24, 'padding_length': 0, 'payload_size': 1246, 'payload_type': 126, 'send_time_ms': 14270, 'sequence_number': 664, 'ssrc': 12648429}
{'arrival_time_ms': 17343, 'header_length': 24, 'padding_length': 0, 'payload_size': 936, 'payload_type': 126, 'send_time_ms': 14305, 'sequence_number': 665, 'ssrc': 12648429}
{'arrival_time_ms': 17369, 'header_length': 24, 'padding_length': 0, 'payload_size': 936, 'payload_type': 126, 'send_time_ms': 14310, 'sequence_number': 666, 'ssrc': 12648429}
{'arrival_time_ms': 17396, 'header_length': 24, 'padding_length': 0, 'payload_size': 936, 'payload_type': 126, 'send_time_ms': 14335, 'sequence_number': 667, 'ssrc': 12648429}
{'arrival_time_ms': 17422, 'header_length': 24, 'padding_length': 0, 'payload_size': 936, 'payload_type': 126, 'send_time_ms': 14340, 'sequence_number': 668, 'ssrc': 12648429}
{'arrival_time_ms': 17451, 'header_length': 24, 'padding_length': 0, 'payload_size': 1038, 'payload_type': 126, 'send_time_ms': 14370, 'sequence_number': 669, 'ssrc': 12648429}
{'arrival_time_ms': 17480, 'header_length': 24, 'padding_length': 0, 'payload_size': 1038, 'payload_type': 126, 'send_time_ms': 14405, 'sequence_number': 670, 'ssrc': 12648429}
{'arrival_time_ms': 17509, 'header_length': 24, 'padding_length': 0, 'payload_size': 1038, 'payload_type': 126, 'send_time_ms': 14435, 'sequence_number': 671, 'ssrc': 12648429}
{'arrival_time_ms': 17538, 'header_length': 24, 'padding_length': 0, 'payload_size': 1038, 'payload_type': 126, 'send_time_ms': 14470, 'sequence_number': 672, 'ssrc': 12648429}
{'arrival_time_ms': 17573, 'header_length': 24, 'padding_length': 0, 'payload_size': 1246, 'payload_type': 126, 'send_time_ms': 14505, 'sequence_number': 673, 'ssrc': 12648429}
{'arrival_time_ms': 17599, 'header_length': 24, 'padding_length': 0, 'payload_size': 936, 'payload_type': 126, 'send_time_ms': 14535, 'sequence_number': 674, 'ssrc': 12648429}
{'arrival_time_ms': 17626, 'header_length': 24, 'padding_length': 0, 'payload_size': 936, 'payload_type': 126, 'send_time_ms': 14540, 'sequence_number': 675, 'ssrc': 12648429}
{'arrival_time_ms': 17652, 'header_length': 24, 'padding_length': 0, 'payload_size': 936, 'payload_type': 126, 'send_time_ms': 14570, 'sequence_number': 676, 'ssrc': 12648429}
{'arrival_time_ms': 17679, 'header_length': 24, 'padding_length': 0, 'payload_size': 936, 'payload_type': 126, 'send_time_ms': 14575, 'sequence_number': 677, 'ssrc': 12648429}
{'arrival_time_ms': 17702, 'header_length': 24, 'padding_length': 0, 'payload_size': 832, 'payload_type': 126, 'send_time_ms': 14605, 'sequence_number': 678, 'ssrc': 12648429}
{'arrival_time_ms': 17737, 'header_length': 24, 'padding_length': 0, 'payload_size': 1246, 'payload_type': 126, 'send_time_ms': 14670, 'sequence_number': 682, 'ssrc': 12648429}
{'arrival_time_ms': 17772, 'header_length': 24, 'padding_length': 0, 'payload_size': 1246, 'payload_type': 126, 'send_time_ms': 14705, 'sequence_number': 683, 'ssrc': 12648429}
{'arrival_time_ms': 17798, 'header_length': 24, 'padding_length': 0, 'payload_size': 936, 'payload_type': 126, 'send_time_ms': 14735, 'sequence_number': 684, 'ssrc': 12648429}
{'arrival_time_ms': 17824, 'header_length': 24, 'padding_length': 0, 'payload_size': 936, 'payload_type': 126, 'send_time_ms': 14740, 'sequence_number': 685, 'ssrc': 12648429}
{'arrival_time_ms': 17851, 'header_length': 24, 'padding_length': 0, 'payload_size': 936, 'payload_type': 126, 'send_time_ms': 14770, 'sequence_number': 686, 'ssrc': 12648429}
{'arrival_time_ms': 17877, 'header_length': 24, 'padding_length': 0, 'payload_size': 936, 'payload_type': 126, 'send_time_ms': 14775, 'sequence_number': 687, 'ssrc': 12648429}
{'arrival_time_ms': 17906, 'header_length': 24, 'padding_length': 0, 'payload_size': 1038, 'payload_type': 126, 'send_time_ms': 14805, 'sequence_number': 688, 'ssrc': 12648429}
{'arrival_time_ms': 17930, 'header_length': 24, 'padding_length': 0, 'payload_size': 830, 'payload_type': 126, 'send_time_ms': 14870, 'sequence_number': 690, 'ssrc': 12648429}
{'arrival_time_ms': 17956, 'header_length': 24, 'padding_length': 0, 'payload_size': 936, 'payload_type': 126, 'send_time_ms': 14905, 'sequence_number': 691, 'ssrc': 12648429}
{'arrival_time_ms': 17983, 'header_length': 24, 'padding_length': 0, 'payload_size': 936, 'payload_type': 126, 'send_time_ms': 14910, 'sequence_number': 692, 'ssrc': 12648429}
{'arrival_time_ms': 18009, 'header_length': 24, 'padding_length': 0, 'payload_size': 936, 'payload_type': 126, 'send_time_ms': 14935, 'sequence_number': 693, 'ssrc': 12648429}
{'arrival_time_ms': 18036, 'header_length': 24, 'padding_length': 0, 'payload_size': 936, 'payload_type': 126, 'send_time_ms': 14940, 'sequence_number': 694, 'ssrc': 12648429}
{'arrival_time_ms': 18065, 'header_length': 24, 'padding_length': 0, 'payload_size': 1038, 'payload_type': 126, 'send_time_ms': 15005, 'sequence_number': 696, 'ssrc': 12648429}
{'arrival_time_ms': 18091, 'header_length': 24, 'padding_length': 0, 'payload_size': 936, 'payload_type': 126, 'send_time_ms': 15035, 'sequence_number': 697, 'ssrc': 12648429}
{'arrival_time_ms': 18117, 'header_length': 24, 'padding_length': 0, 'payload_size': 936, 'payload_type': 126, 'send_time_ms': 15040, 'sequence_number': 698, 'ssrc': 12648429}
{'arrival_time_ms': 18144, 'header_length': 24, 'padding_length': 0, 'payload_size': 936, 'payload_type': 126, 'send_time_ms': 15070, 'sequence_number': 699, 'ssrc': 12648429}
{'arrival_time_ms': 18170, 'header_length': 24, 'padding_length': 0, 'payload_size': 936, 'payload_type': 126, 'send_time_ms': 15075, 'sequence_number': 700, 'ssrc': 12648429}
{'arrival_time_ms': 18197, 'header_length': 24, 'padding_length': 0, 'payload_size': 936, 'payload_type': 126, 'send_time_ms': 15105, 'sequence_number': 701, 'ssrc': 12648429}
{'arrival_time_ms': 18220, 'header_length': 24, 'padding_length': 0, 'payload_size': 832, 'payload_type': 126, 'send_time_ms': 15135, 'sequence_number': 703, 'ssrc': 12648429}
{'arrival_time_ms': 18244, 'header_length': 24, 'padding_length': 0, 'payload_size': 832, 'payload_type': 126, 'send_time_ms': 15140, 'sequence_number': 704, 'ssrc': 12648429}
{'arrival_time_ms': 18268, 'header_length': 24, 'padding_length': 0, 'payload_size': 832, 'payload_type': 126, 'send_time_ms': 15170, 'sequence_number': 705, 'ssrc': 12648429}
{'arrival_time_ms': 18291, 'header_length': 24, 'padding_length': 0, 'payload_size': 832, 'payload_type': 126, 'send_time_ms': 15205, 'sequence_number': 707, 'ssrc': 12648429}
{'arrival_time_ms': 18315, 'header_length': 24, 'padding_length': 0, 'payload_size': 832, 'payload_type': 126, 'send_time_ms': 15210, 'sequence_number': 708, 'ssrc': 12648429}
{'arrival_time_ms': 18338, 'header_length': 24, 'padding_length': 0, 'payload_size': 832, 'payload_type': 126, 'send_time_ms': 15240, 'sequence_number': 710, 'ssrc': 12648429}
{'arrival_time_ms': 18365, 'header_length': 24, 'padding_length': 0, 'payload_size': 936, 'payload_type': 126, 'send_time_ms': 15270, 'sequence_number': 711, 'ssrc': 12648429}
{'arrival_time_ms': 18391, 'header_length': 24, 'padding_length': 0, 'payload_size': 936, 'payload_type': 126, 'send_time_ms': 15305, 'sequence_number': 713, 'ssrc': 12648429}
{'arrival_time_ms': 18412, 'header_length': 24, 'padding_length': 0, 'payload_size': 728, 'payload_type': 126, 'send_time_ms': 15335, 'sequence_number': 715, 'ssrc': 12648429}
{'arrival_time_ms': 18433, 'header_length': 24, 'padding_length': 0, 'payload_size': 728, 'payload_type': 126, 'send_time_ms': 15370, 'sequence_number': 717, 'ssrc': 12648429}
{'arrival_time_ms': 18454, 'header_length': 24, 'padding_length': 0, 'payload_size': 728, 'payload_type': 126, 'send_time_ms': 15375, 'sequence_number': 718, 'ssrc': 12648429}
{'arrival_time_ms': 18477, 'header_length': 24, 'padding_length': 0, 'payload_size': 830, 'payload_type': 126, 'send_time_ms': 15405, 'sequence_number': 719, 'ssrc': 12648429}
{'arrival_time_ms': 18506, 'header_length': 24, 'padding_length': 0, 'payload_size': 1038, 'payload_type': 126, 'send_time_ms': 15435, 'sequence_number': 720, 'ssrc': 12648429}
{'arrival_time_ms': 18536, 'header_length': 24, 'padding_length': 0, 'payload_size': 1038, 'payload_type': 126, 'send_time_ms': 15470, 'sequence_number': 721, 'ssrc': 12648429}
{'arrival_time_ms': 18565, 'header_length': 24, 'padding_length': 0, 'payload_size': 1038, 'payload_type': 126, 'send_time_ms': 15505, 'sequence_number': 722, 'ssrc': 12648429}
{'arrival_time_ms': 18594, 'header_length': 24, 'padding_length': 0, 'payload_size': 1038, 'payload_type': 126, 'send_time_ms': 15535, 'sequence_number': 723, 'ssrc': 12648429}
{'arrival_time_ms': 18617, 'header_length': 24, 'padding_length': 0, 'payload_size': 830, 'payload_type': 126, 'send_time_ms': 15570, 'sequence_number': 724, 'ssrc': 12648429}
{'arrival_time_ms': 18641, 'header_length': 24, 'padding_length': 0, 'payload_size': 830, 'payload_type': 126, 'send_time_ms': 15605, 'sequence_number': 725, 'ssrc': 12648429}
{'arrival_time_ms': 18662, 'header_length': 24, 'padding_length': 0, 'payload_size': 728, 'payload_type': 126, 'send_time_ms': 15635, 'sequence_number': 726, 'ssrc': 12648429}
{'arrival_time_ms': 18683, 'header_length': 24, 'padding_length': 0, 'payload_size': 728, 'payload_type': 126, 'send_time_ms': 15640, 'sequence_number': 727, 'ssrc': 12648429}
{'arrival_time_ms': 18704, 'header_length': 24, 'padding_length': 0, 'payload_size': 728, 'payload_type': 126, 'send_time_ms': 15670, 'sequence_number': 728, 'ssrc': 12648429}
{'arrival_time_ms': 18724, 'header_length': 24, 'padding_length': 0, 'payload_size': 728, 'payload_type': 126, 'send_time_ms': 15675, 'sequence_number': 729, 'ssrc': 12648429}
{'arrival_time_ms': 18748, 'header_length': 24, 'padding_length': 0, 'payload_size': 830, 'payload_type': 126, 'send_time_ms': 15705, 'sequence_number': 730, 'ssrc': 12648429}
{'arrival_time_ms': 18777, 'header_length': 24, 'padding_length': 0, 'payload_size': 1038, 'payload_type': 126, 'send_time_ms': 15735, 'sequence_number': 731, 'ssrc': 12648429}
{'arrival_time_ms': 18806, 'header_length': 24, 'padding_length': 0, 'payload_size': 1038, 'payload_type': 126, 'send_time_ms': 15770, 'sequence_number': 732, 'ssrc': 12648429}
{'arrival_time_ms': 18830, 'header_length': 24, 'padding_length': 0, 'payload_size': 830, 'payload_type': 126, 'send_time_ms': 15805, 'sequence_number': 733, 'ssrc': 12648429}
{'arrival_time_ms': 18853, 'header_length': 24, 'padding_length': 0, 'payload_size': 830, 'payload_type': 126, 'send_time_ms': 15835, 'sequence_number': 734, 'ssrc': 12648429}
{'arrival_time_ms': 18884, 'header_length': 24, 'padding_length': 0, 'payload_size': 1038, 'payload_type': 126, 'send_time_ms': 15870, 'sequence_number': 735, 'ssrc': 12648429}
{'arrival_time_ms': 18913, 'header_length': 24, 'padding_length': 0, 'payload_size': 1038, 'payload_type': 126, 'send_time_ms': 15905, 'sequence_number': 736, 'ssrc': 12648429}
{'arrival_time_ms': 18940, 'header_length': 24, 'padding_length': 0, 'payload_size': 936, 'payload_type': 126, 'send_time_ms': 15935, 'sequence_number': 737, 'ssrc': 12648429}
{'arrival_time_ms': 18966, 'header_length': 24, 'padding_length': 0, 'payload_size': 936, 'payload_type': 126, 'send_time_ms': 15940, 'sequence_number': 738, 'ssrc': 12648429}
{'arrival_time_ms': 18993, 'header_length': 24, 'padding_length': 0, 'payload_size': 936, 'payload_type': 126, 'send_time_ms': 15970, 'sequence_number': 739, 'ssrc': 12648429}
{'arrival_time_ms': 19019, 'header_length': 24, 'padding_length': 0, 'payload_size': 936, 'payload_type': 126, 'send_time_ms': 15975, 'sequence_number': 740, 'ssrc': 12648429}
{'arrival_time_ms': 19043, 'header_length': 24, 'padding_length': 0, 'payload_size': 832, 'payload_type': 126, 'send_time_ms': 16005, 'sequence_number': 741, 'ssrc': 12648429}
{'arrival_time_ms': 19066, 'header_length': 24, 'padding_length': 0, 'payload_size': 832, 'payload_type': 126, 'send_time_ms': 16010, 'sequence_number': 742, 'ssrc': 12648429}
{'arrival_time_ms': 19093, 'header_length': 24, 'padding_length': 0, 'payload_size': 936, 'payload_type': 126, 'send_time_ms': 16035, 'sequence_number': 743, 'ssrc': 12648429}
{'arrival_time_ms': 19119, 'header_length': 24, 'padding_length': 0, 'payload_size': 936, 'payload_type': 126, 'send_time_ms': 16040, 'sequence_number': 744, 'ssrc': 12648429}
{'arrival_time_ms': 19145, 'header_length': 24, 'padding_length': 0, 'payload_size': 936, 'payload_type': 126, 'send_time_ms': 16070, 'sequence_number': 745, 'ssrc': 12648429}
{'arrival_time_ms': 19172, 'header_length': 24, 'padding_length': 0, 'payload_size': 936, 'payload_type': 126, 'send_time_ms': 16075, 'sequence_number': 746, 'ssrc': 12648429}
{'arrival_time_ms': 19207, 'header_length': 24, 'padding_length': 0, 'payload_size': 1246, 'payload_type': 126, 'send_time_ms': 16105, 'sequence_number': 747, 'ssrc': 12648429}
{'arrival_time_ms': 19241, 'header_length': 24, 'padding_length': 0, 'payload_size': 1246, 'payload_type': 126, 'send_time_ms': 16135, 'sequence_number': 748, 'ssrc': 12648429}
{'arrival_time_ms': 19268, 'header_length': 24, 'padding_length': 0, 'payload_size': 936, 'payload_type': 126, 'send_time_ms': 16170, 'sequence_number': 749, 'ssrc': 12648429}
{'arrival_time_ms': 19294, 'header_length': 24, 'padding_length': 0, 'payload_size': 936, 'payload_type': 126, 'send_time_ms': 16205, 'sequence_number': 751, 'ssrc': 12648429}
{'arrival_time_ms': 19323, 'header_length': 24, 'padding_length': 0, 'payload_size': 1038, 'payload_type': 126, 'send_time_ms': 16235, 'sequence_number': 753, 'ssrc': 12648429}
{'arrival_time_ms': 19352, 'header_length': 24, 'padding_length': 0, 'payload_size': 1038, 'payload_type': 126, 'send_time_ms': 16270, 'sequence_number': 754, 'ssrc': 12648429}
{'arrival_time_ms': 19376, 'header_length': 24, 'padding_length': 0, 'payload_size': 832, 'payload_type': 126, 'send_time_ms': 16305, 'sequence_number': 755, 'ssrc': 12648429}
{'arrival_time_ms': 19400, 'header_length': 24, 'padding_length': 0, 'payload_size': 832, 'payload_type': 126, 'send_time_ms': 16310, 'sequence_number': 756, 'ssrc': 12648429}
{'arrival_time_ms': 19426, 'header_length': 24, 'padding_length': 0, 'payload_size': 936, 'payload_type': 126, 'send_time_ms': 16335, 'sequence_number': 757, 'ssrc': 12648429}
{'arrival_time_ms': 19452, 'header_length': 24, 'padding_length': 0, 'payload_size': 936, 'payload_type': 126, 'send_time_ms': 16370, 'sequence_number': 759, 'ssrc': 12648429}
{'arrival_time_ms': 19476, 'header_length': 24, 'padding_length': 0, 'payload_size': 830, 'payload_type': 126, 'send_time_ms': 16405, 'sequence_number': 761, 'ssrc': 12648429}
{'arrival_time_ms': 19499, 'header_length': 24, 'padding_length': 0, 'payload_size': 830, 'payload_type': 126, 'send_time_ms': 16435, 'sequence_number': 762, 'ssrc': 12648429}
{'arrival_time_ms': 19523, 'header_length': 24, 'padding_length': 0, 'payload_size': 832, 'payload_type': 126, 'send_time_ms': 16470, 'sequence_number': 763, 'ssrc': 12648429}
{'arrival_time_ms': 19547, 'header_length': 24, 'padding_length': 0, 'payload_size': 832, 'payload_type': 126, 'send_time_ms': 16475, 'sequence_number': 764, 'ssrc': 12648429}
{'arrival_time_ms': 19570, 'header_length': 24, 'padding_length': 0, 'payload_size': 832, 'payload_type': 126, 'send_time_ms': 16505, 'sequence_number': 765, 'ssrc': 12648429}
{'arrival_time_ms': 19594, 'header_length': 24, 'padding_length': 0, 'payload_size': 832, 'payload_type': 126, 'send_time_ms': 16510, 'sequence_number': 766, 'ssrc': 12648429}
{'arrival_time_ms': 19618, 'header_length': 24, 'padding_length': 0, 'payload_size': 830, 'payload_type': 126, 'send_time_ms': 16535, 'sequence_number': 767, 'ssrc': 12648429}
{'arrival_time_ms': 19641, 'header_length': 24, 'padding_length': 0, 'payload_size': 830, 'payload_type': 126, 'send_time_ms': 16570, 'sequence_number': 768, 'ssrc': 12648429}
{'arrival_time_ms': 19668, 'header_length': 24, 'padding_length': 0, 'payload_size': 936, 'payload_type': 126, 'send_time_ms': 16605, 'sequence_number': 769, 'ssrc': 12648429}
{'arrival_time_ms': 19694, 'header_length': 24, 'padding_length': 0, 'payload_size': 936, 'payload_type': 126, 'send_time_ms': 16610, 'sequence_number': 770, 'ssrc': 12648429}
{'arrival_time_ms': 19720, 'header_length': 24, 'padding_length': 0, 'payload_size': 936, 'payload_type': 126, 'send_time_ms': 16635, 'sequence_number': 771, 'ssrc': 12648429}
{'arrival_time_ms': 19747, 'header_length': 24, 'padding_length': 0, 'payload_size': 936, 'payload_type': 126, 'send_time_ms': 16670, 'sequence_number': 773, 'ssrc': 12648429}
{'arrival_time_ms': 19776, 'header_length': 24, 'padding_length': 0, 'payload_size': 1038, 'payload_type': 126, 'send_time_ms': 16705, 'sequence_number': 775, 'ssrc': 12648429}
{'arrival_time_ms': 19805, 'header_length': 24, 'padding_length': 0, 'payload_size': 1038, 'payload_type': 126, 'send_time_ms': 16735, 'sequence_number': 776, 'ssrc': 12648429}
{'arrival_time_ms': 19834, 'header_length': 24, 'padding_length': 0, 'payload_size': 1038, 'payload_type': 126, 'send_time_ms': 16770, 'sequence_number': 777, 'ssrc': 12648429}
{'arrival_time_ms': 19863, 'header_length': 24, 'padding_length': 0, 'payload_size': 1038, 'payload_type': 126, 'send_time_ms': 16805, 'sequence_number': 778, 'ssrc': 12648429}
{'arrival_time_ms': 19890, 'header_length': 24, 'padding_length': 0, 'payload_size': 936, 'payload_type': 126, 'send_time_ms': 16835, 'sequence_number': 779, 'ssrc': 12648429}
{'arrival_time_ms': 19916, 'header_length': 24, 'padding_length': 0, 'payload_size': 936, 'payload_type': 126, 'send_time_ms': 16840, 'sequence_number': 780, 'ssrc': 12648429}
{'arrival_time_ms': 19942, 'header_length': 24, 'padding_length': 0, 'payload_size': 936, 'payload_type': 126, 'send_time_ms': 16870, 'sequence_number': 781, 'ssrc': 12648429}
{'arrival_time_ms': 19969, 'header_length': 24, 'padding_length': 0, 'payload_size': 936, 'payload_type': 126, 'send_time_ms': 16875, 'sequence_number': 782, 'ssrc': 12648429}
{'arrival_time_ms': 19990, 'header_length': 24, 'padding_length': 0, 'payload_size': 728, 'payload_type': 126, 'send_time_ms': 16905, 'sequence_number': 783, 'ssrc': 12648429}
{'arrival_time_ms': 20019, 'header_length': 24, 'padding_length': 0, 'payload_size': 1038, 'payload_type': 126, 'send_time_ms': 16935, 'sequence_number': 785, 'ssrc': 12648429}
{'arrival_time_ms': 20048, 'header_length': 24, 'padding_length': 0, 'payload_size': 1038, 'payload_type': 126, 'send_time_ms': 16970, 'sequence_number': 786, 'ssrc': 12648429}
{'arrival_time_ms': 20077, 'header_length': 24, 'padding_length': 0, 'payload_size': 1038, 'payload_type': 126, 'send_time_ms': 17005, 'sequence_number': 787, 'ssrc': 12648429}
{'arrival_time_ms': 20106, 'header_length': 24, 'padding_length': 0, 'payload_size': 1038, 'payload_type': 126, 'send_time_ms': 17035, 'sequence_number': 788, 'ssrc': 12648429}
{'arrival_time_ms': 20135, 'header_length': 24, 'padding_length': 0, 'payload_size': 1038, 'payload_type': 126, 'send_time_ms': 17070, 'sequence_number': 789, 'ssrc': 12648429}
{'arrival_time_ms': 20162, 'header_length': 24, 'padding_length': 0, 'payload_size': 938, 'payload_type': 98, 'send_time_ms': 17080, 'sequence_number': 1, 'ssrc': 195939069}
{'arrival_time_ms': 20191, 'header_length': 24, 'padding_length': 0, 'payload_size': 1038, 'payload_type': 126, 'send_time_ms': 17105, 'sequence_number': 790, 'ssrc': 12648429}
{'arrival_time_ms': 20214, 'header_length': 24, 'padding_length': 0, 'payload_size': 830, 'payload_type': 126, 'send_time_ms': 17135, 'sequence_number': 791, 'ssrc': 12648429}
{'arrival_time_ms': 20238, 'header_length': 24, 'padding_length': 0, 'payload_size': 830, 'payload_type': 126, 'send_time_ms': 17170, 'sequence_number': 792, 'ssrc': 12648429}
{'arrival_time_ms': 20267, 'header_length': 24, 'padding_length': 0, 'payload_size': 1038, 'payload_type': 126, 'send_time_ms': 17205, 'sequence_number': 793, 'ssrc': 12648429}
{'arrival_time_ms': 20293, 'header_length': 24, 'padding_length': 0, 'payload_size': 936, 'payload_type': 126, 'send_time_ms': 17235, 'sequence_number': 794, 'ssrc': 12648429}
{'arrival_time_ms': 20320, 'header_length': 24, 'padding_length': 0, 'payload_size': 936, 'payload_type': 126, 'send_time_ms': 17240, 'sequence_number': 795, 'ssrc': 12648429}
{'arrival_time_ms': 20346, 'header_length': 24, 'padding_length': 0, 'payload_size': 936, 'payload_type': 126, 'send_time_ms': 17270, 'sequence_number': 796, 'ssrc': 12648429}
{'arrival_time_ms': 20373, 'header_length': 24, 'padding_length': 0, 'payload_size': 936, 'payload_type': 126, 'send_time_ms': 17275, 'sequence_number': 797, 'ssrc': 12648429}
{'arrival_time_ms': 20399, 'header_length': 24, 'padding_length': 0, 'payload_size': 936, 'payload_type': 126, 'send_time_ms': 17305, 'sequence_number': 798, 'ssrc': 12648429}
{'arrival_time_ms': 20425, 'header_length': 24, 'padding_length': 0, 'payload_size': 936, 'payload_type': 126, 'send_time_ms': 17335, 'sequence_number': 800, 'ssrc': 12648429}
{'arrival_time_ms': 20449, 'header_length': 24, 'padding_length': 0, 'payload_size': 832, 'payload_type': 126, 'send_time_ms': 17370, 'sequence_number': 802, 'ssrc': 12648429}
{'arrival_time_ms': 20473, 'header_length': 24, 'padding_length': 0, 'payload_size': 832, 'payload_type': 126, 'send_time_ms': 17405, 'sequence_number': 804, 'ssrc': 12648429}
{'arrival_time_ms': 20496, 'header_length': 24, 'padding_length': 0, 'payload_size': 832, 'payload_type': 126, 'send_time_ms': 17410, 'sequence_number': 805, 'ssrc': 12648429}
{'arrival_time_ms': 20520, 'header_length': 24, 'padding_length': 0, 'payload_size': 830, 'payload_type': 126, 'send_time_ms': 17435, 'sequence_number': 806, 'ssrc': 12648429}
{'arrival_time_ms': 20544, 'header_length': 24, 'padding_length': 0, 'payload_size': 830, 'payload_type': 126, 'send_time_ms': 17470, 'sequence_number': 807, 'ssrc': 12648429}
{'arrival_time_ms': 20573, 'header_length': 24, 'padding_length': 0, 'payload_size': 1038, 'payload_type': 126, 'send_time_ms': 17505, 'sequence_number': 808, 'ssrc': 12648429}
{'arrival_time_ms': 20602, 'header_length': 24, 'padding_length': 0, 'payload_size': 1038, 'payload_type': 126, 'send_time_ms': 17535, 'sequence_number': 809, 'ssrc': 12648429}
{'arrival_time_ms': 20631, 'header_length': 24, 'padding_length': 0, 'payload_size': 1038, 'payload_type': 126, 'send_time_ms': 17570, 'sequence_number': 810, 'ssrc': 12648429}
{'arrival_time_ms': 20660, 'header_length': 24, 'padding_length': 0, 'payload_size': 1038, 'payload_type': 126, 'send_time_ms': 17605, 'sequence_number': 811, 'ssrc': 12648429}
{'arrival_time_ms': 20689, 'header_length': 24, 'padding_length': 0, 'payload_size': 1038, 'payload_type': 126, 'send_time_ms': 17635, 'sequence_number': 812, 'ssrc': 12648429}
{'arrival_time_ms': 20713, 'header_length': 24, 'padding_length': 0, 'payload_size': 830, 'payload_type': 126, 'send_time_ms': 17670, 'sequence_number': 813, 'ssrc': 12648429}
{'arrival_time_ms': 20736, 'header_length': 24, 'padding_length': 0, 'payload_size': 830, 'payload_type': 126, 'send_time_ms': 17705, 'sequence_number': 814, 'ssrc': 12648429}
{'arrival_time_ms': 20763, 'header_length': 24, 'padding_length': 0, 'payload_size': 936, 'payload_type': 126, 'send_time_ms': 17735, 'sequence_number': 815, 'ssrc': 12648429}
{'arrival_time_ms': 20789, 'header_length': 24, 'padding_length': 0, 'payload_size': 936, 'payload_type': 126, 'send_time_ms': 17740, 'sequence_number': 816, 'ssrc': 12648429}
{'arrival_time_ms': 20815, 'header_length': 24, 'padding_length': 0, 'payload_size': 936, 'payload_type': 126, 'send_time_ms': 17770, 'sequence_number': 817, 'ssrc': 12648429}
{'arrival_time_ms': 20842, 'header_length': 24, 'padding_length': 0, 'payload_size': 936, 'payload_type': 126, 'send_time_ms': 17775, 'sequence_number': 818, 'ssrc': 12648429}
{'arrival_time_ms': 20868, 'header_length': 24, 'padding_length': 0, 'payload_size': 936, 'payload_type': 126, 'send_time_ms': 17805, 'sequence_number': 819, 'ssrc': 12648429}
{'arrival_time_ms': 20895, 'header_length': 24, 'padding_length': 0, 'payload_size': 936, 'payload_type': 126, 'send_time_ms': 17810, 'sequence_number': 820, 'ssrc': 12648429}
{'arrival_time_ms': 20929, 'header_length': 24, 'padding_length': 0, 'payload_size': 1246, 'payload_type': 126, 'send_time_ms': 17835, 'sequence_number': 821, 'ssrc': 12648429}
{'arrival_time_ms': 20953, 'header_length': 24, 'padding_length': 0, 'payload_size': 834, 'payload_type': 98, 'send_time_ms': 17865, 'sequence_number': 4, 'ssrc': 195939069}
{'arrival_time_ms': 20977, 'header_length': 24, 'padding_length': 0, 'payload_size': 840, 'payload_type': 126, 'send_time_ms': 17905, 'sequence_number': 823, 'ssrc': 12648429}
{'arrival_time_ms': 21001, 'header_length': 24, 'padding_length': 0, 'payload_size': 841, 'payload_type': 126, 'send_time_ms': 17910, 'sequence_number': 824, 'ssrc': 12648429}
{'arrival_time_ms': 21025, 'header_length': 24, 'padding_length': 0, 'payload_size': 841, 'payload_type': 126, 'send_time_ms': 17940, 'sequence_number': 826, 'ssrc': 12648429}
{'arrival_time_ms': 21051, 'header_length': 24, 'padding_length': 0, 'payload_size': 942, 'payload_type': 126, 'send_time_ms': 17970, 'sequence_number': 827, 'ssrc': 12648429}
{'arrival_time_ms': 21078, 'header_length': 24, 'padding_length': 0, 'payload_size': 942, 'payload_type': 126, 'send_time_ms': 18005, 'sequence_number': 828, 'ssrc': 12648429}
{'arrival_time_ms': 21101, 'header_length': 24, 'padding_length': 0, 'payload_size': 832, 'payload_type': 98, 'send_time_ms': 18035, 'sequence_number': 5, 'ssrc': 195939069}
{'arrival_time_ms': 21126, 'header_length': 24, 'padding_length': 0, 'payload_size': 853, 'payload_type': 126, 'send_time_ms': 18040, 'sequence_number': 829, 'ssrc': 12648429}
{'arrival_time_ms': 21150, 'header_length': 24, 'padding_length': 0, 'payload_size': 853, 'payload_type': 126, 'send_time_ms': 18045, 'sequence_number': 830, 'ssrc': 12648429}
{'arrival_time_ms': 21174, 'header_length': 24, 'padding_length': 0, 'payload_size': 853, 'payload_type': 126, 'send_time_ms': 18080, 'sequence_number': 832, 'ssrc': 12648429}
{'arrival_time_ms': 21195, 'header_length': 24, 'padding_length': 0, 'payload_size': 746, 'payload_type': 126, 'send_time_ms': 18105, 'sequence_number': 833, 'ssrc': 12648429}
{'arrival_time_ms': 21217, 'header_length': 24, 'padding_length': 0, 'payload_size': 767, 'payload_type': 126, 'send_time_ms': 18135, 'sequence_number': 834, 'ssrc': 12648429}
{'arrival_time_ms': 21246, 'header_length': 24, 'padding_length': 0, 'payload_size': 1040, 'payload_type': 98, 'send_time_ms': 18170, 'sequence_number': 6, 'ssrc': 195939069}
{'arrival_time_ms': 21268, 'header_length': 24, 'padding_length': 0, 'payload_size': 767, 'payload_type': 126, 'send_time_ms': 18175, 'sequence_number': 836, 'ssrc': 12648429}
{'arrival_time_ms': 21290, 'header_length': 24, 'padding_length': 0, 'payload_size': 746, 'payload_type': 126, 'send_time_ms': 18205, 'sequence_number': 838, 'ssrc': 12648429}
{'arrival_time_ms': 21311, 'header_length': 24, 'padding_length': 0, 'payload_size': 746, 'payload_type': 126, 'send_time_ms': 18235, 'sequence_number': 839, 'ssrc': 12648429}
{'arrival_time_ms': 21335, 'header_length': 24, 'padding_length': 0, 'payload_size': 842, 'payload_type': 126, 'send_time_ms': 18270, 'sequence_number': 840, 'ssrc': 12648429}
{'arrival_time_ms': 21359, 'header_length': 24, 'padding_length': 0, 'payload_size': 843, 'payload_type': 126, 'send_time_ms': 18275, 'sequence_number': 841, 'ssrc': 12648429}
{'arrival_time_ms': 21383, 'header_length': 24, 'padding_length': 0, 'payload_size': 842, 'payload_type': 126, 'send_time_ms': 18305, 'sequence_number': 842, 'ssrc': 12648429}
{'arrival_time_ms': 21409, 'header_length': 24, 'padding_length': 0, 'payload_size': 938, 'payload_type': 98, 'send_time_ms': 18330, 'sequence_number': 7, 'ssrc': 195939069}
{'arrival_time_ms': 21433, 'header_length': 24, 'padding_length': 0, 'payload_size': 842, 'payload_type': 126, 'send_time_ms': 18335, 'sequence_number': 844, 'ssrc': 12648429}
{'arrival_time_ms': 21457, 'header_length': 24, 'padding_length': 0, 'payload_size': 842, 'payload_type': 126, 'send_time_ms': 18370, 'sequence_number': 846, 'ssrc': 12648429}
{'arrival_time_ms': 21480, 'header_length': 24, 'padding_length': 0, 'payload_size': 834, 'payload_type': 98, 'send_time_ms': 18400, 'sequence_number': 8, 'ssrc': 195939069}
{'arrival_time_ms': 21504, 'header_length': 24, 'padding_length': 0, 'payload_size': 843, 'payload_type': 126, 'send_time_ms': 18410, 'sequence_number': 849, 'ssrc': 12648429}
{'arrival_time_ms': 21528, 'header_length': 24, 'padding_length': 0, 'payload_size': 834, 'payload_type': 98, 'send_time_ms': 18445, 'sequence_number': 9, 'ssrc': 195939069}
{'arrival_time_ms': 21549, 'header_length': 24, 'padding_length': 0, 'payload_size': 717, 'payload_type': 126, 'send_time_ms': 18470, 'sequence_number': 851, 'ssrc': 12648429}
{'arrival_time_ms': 21575, 'header_length': 24, 'padding_length': 0, 'payload_size': 938, 'payload_type': 98, 'send_time_ms': 18500, 'sequence_number': 10, 'ssrc': 195939069}
{'arrival_time_ms': 21600, 'header_length': 24, 'padding_length': 0, 'payload_size': 880, 'payload_type': 126, 'send_time_ms': 18510, 'sequence_number': 852, 'ssrc': 12648429}
{'arrival_time_ms': 21626, 'header_length': 24, 'padding_length': 0, 'payload_size': 938, 'payload_type': 98, 'send_time_ms': 18520, 'sequence_number': 11, 'ssrc': 195939069}
{'arrival_time_ms': 21654, 'header_length': 24, 'padding_length': 0, 'payload_size': 996, 'payload_type': 126, 'send_time_ms': 18570, 'sequence_number': 854, 'ssrc': 12648429}
{'arrival_time_ms': 21682, 'header_length': 24, 'padding_length': 0, 'payload_size': 996, 'payload_type': 126, 'send_time_ms': 18605, 'sequence_number': 855, 'ssrc': 12648429}
{'arrival_time_ms': 21706, 'header_length': 24, 'padding_length': 0, 'payload_size': 830, 'payload_type': 126, 'send_time_ms': 18635, 'sequence_number': 856, 'ssrc': 12648429}
{'arrival_time_ms': 21730, 'header_length': 24, 'padding_length': 0, 'payload_size': 830, 'payload_type': 126, 'send_time_ms': 18670, 'sequence_number': 857, 'ssrc': 12648429}
{'arrival_time_ms': 21766, 'header_length': 24, 'padding_length': 0, 'payload_size': 1330, 'payload_type': 126, 'send_time_ms': 18705, 'sequence_number': 858, 'ssrc': 12648429}
{'arrival_time_ms': 21790, 'header_length': 24, 'padding_length': 0, 'payload_size': 830, 'payload_type': 126, 'send_time_ms': 18735, 'sequence_number': 859, 'ssrc': 12648429}
{'arrival_time_ms': 21814, 'header_length': 24, 'padding_length': 0, 'payload_size': 830, 'payload_type': 126, 'send_time_ms': 18770, 'sequence_number': 860, 'ssrc': 12648429}
{'arrival_time_ms': 21835, 'header_length': 24, 'padding_length': 0, 'payload_size': 742, 'payload_type': 126, 'send_time_ms': 18805, 'sequence_number': 861, 'ssrc': 12648429}
{'arrival_time_ms': 21856, 'header_length': 24, 'padding_length': 0, 'payload_size': 743, 'payload_type': 126, 'send_time_ms': 18810, 'sequence_number': 862, 'ssrc': 12648429}
{'arrival_time_ms': 21877, 'header_length': 24, 'padding_length': 0, 'payload_size': 742, 'payload_type': 126, 'send_time_ms': 18835, 'sequence_number': 863, 'ssrc': 12648429}
{'arrival_time_ms': 21899, 'header_length': 24, 'padding_length': 0, 'payload_size': 743, 'payload_type': 126, 'send_time_ms': 18840, 'sequence_number': 864, 'ssrc': 12648429}
{'arrival_time_ms': 21920, 'header_length': 24, 'padding_length': 0, 'payload_size': 667, 'payload_type': 126, 'send_time_ms': 18870, 'sequence_number': 865, 'ssrc': 12648429}
{'arrival_time_ms': 21939, 'header_length': 24, 'padding_length': 0, 'payload_size': 667, 'payload_type': 126, 'send_time_ms': 18905, 'sequence_number': 866, 'ssrc': 12648429}
{'arrival_time_ms': 21963, 'header_length': 24, 'padding_length': 0, 'payload_size': 863, 'payload_type': 126, 'send_time_ms': 18935, 'sequence_number': 867, 'ssrc': 12648429}
{'arrival_time_ms': 21988, 'header_length': 24, 'padding_length': 0, 'payload_size': 863, 'payload_type': 126, 'send_time_ms': 18970, 'sequence_number': 868, 'ssrc': 12648429}
{'arrival_time_ms': 22010, 'header_length': 24, 'padding_length': 0, 'payload_size': 776, 'payload_type': 126, 'send_time_ms': 19005, 'sequence_number': 869, 'ssrc': 12648429}
{'arrival_time_ms': 22032, 'header_length': 24, 'padding_length': 0, 'payload_size': 776, 'payload_type': 126, 'send_time_ms': 19010, 'sequence_number': 870, 'ssrc': 12648429}
{'arrival_time_ms': 22057, 'header_length': 24, 'padding_length': 0, 'payload_size': 863, 'payload_type': 126, 'send_time_ms': 19035, 'sequence_number': 871, 'ssrc': 12648429}
{'arrival_time_ms': 22081, 'header_length': 24, 'padding_length': 0, 'payload_size': 863, 'payload_type': 126, 'send_time_ms': 19070, 'sequence_number': 872, 'ssrc': 12648429}
{'arrival_time_ms': 22120, 'header_length': 24, 'padding_length': 0, 'payload_size': 1396, 'payload_type': 126, 'send_time_ms': 19105, 'sequence_number': 873, 'ssrc': 12648429}
{'arrival_time_ms': 22158, 'header_length': 24, 'padding_length': 0, 'payload_size': 1396, 'payload_type': 126, 'send_time_ms': 19135, 'sequence_number': 874, 'ssrc': 12648429}
{'arrival_time_ms': 22178, 'header_length': 24, 'padding_length': 0, 'payload_size': 701, 'payload_type': 126, 'send_time_ms': 19170, 'sequence_number': 875, 'ssrc': 12648429}
{'arrival_time_ms': 22199, 'header_length': 24, 'padding_length': 0, 'payload_size': 701, 'payload_type': 126, 'send_time_ms': 19205, 'sequence_number': 876, 'ssrc': 12648429}
{'arrival_time_ms': 22238, 'header_length': 24, 'padding_length': 0, 'payload_size': 1434, 'payload_type': 126, 'send_time_ms': 19235, 'sequence_number': 877, 'ssrc': 12648429}
{'arrival_time_ms': 22278, 'header_length': 24, 'padding_length': 0, 'payload_size': 1434, 'payload_type': 126, 'send_time_ms': 19270, 'sequence_number': 878, 'ssrc': 12648429}
{'arrival_time_ms': 22308, 'header_length': 24, 'padding_length': 0, 'payload_size': 1076, 'payload_type': 126, 'send_time_ms': 19305, 'sequence_number': 879, 'ssrc': 12648429}
{'arrival_time_ms': 22350, 'header_length': 24, 'padding_length': 0, 'payload_size': 1434, 'payload_type': 126, 'send_time_ms': 19335, 'sequence_number': 880, 'ssrc': 12648429}
{'arrival_time_ms': 22389, 'header_length': 24, 'padding_length': 0, 'payload_size': 1434, 'payload_type': 126, 'send_time_ms': 19370, 'sequence_number': 881, 'ssrc': 12648429}
{'arrival_time_ms': 22416, 'header_length': 24, 'padding_length': 0, 'payload_size': 938, 'payload_type': 98, 'send_time_ms': 19400, 'sequence_number': 13, 'ssrc': 195939069}
{'arrival_time_ms': 22451, 'header_length': 24, 'padding_length': 0, 'payload_size': 1284, 'payload_type': 126, 'send_time_ms': 19405, 'sequence_number': 882, 'ssrc': 12648429}
{'arrival_time_ms': 22478, 'header_length': 24, 'padding_length': 0, 'payload_size': 938, 'payload_type': 98, 'send_time_ms': 19430, 'sequence_number': 14, 'ssrc': 195939069}
{'arrival_time_ms': 22514, 'header_length': 24, 'padding_length': 0, 'payload_size': 1284, 'payload_type': 126, 'send_time_ms': 19435, 'sequence_number': 883, 'ssrc': 12648429}
{'arrival_time_ms': 22549, 'header_length': 24, 'padding_length': 0, 'payload_size': 1284, 'payload_type': 126, 'send_time_ms': 19470, 'sequence_number': 884, 'ssrc': 12648429}
{'arrival_time_ms': 22585, 'header_length': 24, 'padding_length': 0, 'payload_size': 1284, 'payload_type': 126, 'send_time_ms': 19505, 'sequence_number': 885, 'ssrc': 12648429}
{'arrival_time_ms': 22616, 'header_length': 24, 'padding_length': 0, 'payload_size': 1126, 'payload_type': 126, 'send_time_ms': 19535, 'sequence_number': 886, 'ssrc': 12648429}
{'arrival_time_ms': 22643, 'header_length': 24, 'padding_length': 0, 'payload_size': 938, 'payload_type': 98, 'send_time_ms': 19560, 'sequence_number': 15, 'ssrc': 195939069}
{'arrival_time_ms': 22674, 'header_length': 24, 'padding_length': 0, 'payload_size': 1126, 'payload_type': 126, 'send_time_ms': 19570, 'sequence_number': 887, 'ssrc': 12648429}
{'arrival_time_ms': 22699, 'header_length': 24, 'padding_length': 0, 'payload_size': 863, 'payload_type': 126, 'send_time_ms': 19605, 'sequence_number': 888, 'ssrc': 12648429}
{'arrival_time_ms': 22725, 'header_length': 24, 'padding_length': 0, 'payload_size': 934, 'payload_type': 126, 'send_time_ms': 19635, 'sequence_number': 890, 'ssrc': 12648429}
{'arrival_time_ms': 22751, 'header_length': 24, 'padding_length': 0, 'payload_size': 934, 'payload_type': 126, 'send_time_ms': 19670, 'sequence_number': 891, 'ssrc': 12648429}
{'arrival_time_ms': 22773, 'header_length': 24, 'padding_length': 0, 'payload_size': 751, 'payload_type': 126, 'send_time_ms': 19705, 'sequence_number': 892, 'ssrc': 12648429}
{'arrival_time_ms': 22794, 'header_length': 24, 'padding_length': 0, 'payload_size': 751, 'payload_type': 126, 'send_time_ms': 19710, 'sequence_number': 893, 'ssrc': 12648429}
{'arrival_time_ms': 22816, 'header_length': 24, 'padding_length': 0, 'payload_size': 751, 'payload_type': 126, 'send_time_ms': 19735, 'sequence_number': 894, 'ssrc': 12648429}
{'arrival_time_ms': 22837, 'header_length': 24, 'padding_length': 0, 'payload_size': 751, 'payload_type': 126, 'send_time_ms': 19740, 'sequence_number': 895, 'ssrc': 12648429}
{'arrival_time_ms': 22864, 'header_length': 24, 'padding_length': 0, 'payload_size': 938, 'payload_type': 126, 'send_time_ms': 19770, 'sequence_number': 896, 'ssrc': 12648429}
{'arrival_time_ms': 22890, 'header_length': 24, 'padding_length': 0, 'payload_size': 938, 'payload_type': 126, 'send_time_ms': 19805, 'sequence_number': 897, 'ssrc': 12648429}
{'arrival_time_ms': 22916, 'header_length': 24, 'padding_length': 0, 'payload_size': 844, 'payload_type': 126, 'send_time_ms': 19835, 'sequence_number': 898, 'ssrc': 12648429}
{'arrival_time_ms': 22943, 'header_length': 24, 'padding_length': 0, 'payload_size': 938, 'payload_type': 98, 'send_time_ms': 19855, 'sequence_number': 17, 'ssrc': 195939069}
{'arrival_time_ms': 22978, 'header_length': 24, 'padding_length': 0, 'payload_size': 1284, 'payload_type': 126, 'send_time_ms': 19870, 'sequence_number': 900, 'ssrc': 12648429}
{'arrival_time_ms': 23014, 'header_length': 24, 'padding_length': 0, 'payload_size': 1284, 'payload_type': 126, 'send_time_ms': 19905, 'sequence_number': 901, 'ssrc': 12648429}
{'arrival_time_ms': 23044, 'header_length': 24, 'padding_length': 0, 'payload_size': 1080, 'payload_type': 126, 'send_time_ms': 19970, 'sequence_number': 903, 'ssrc': 12648429}
{'arrival_time_ms': 23079, 'header_length': 24, 'padding_length': 0, 'payload_size': 1259, 'payload_type': 126, 'send_time_ms': 20005, 'sequence_number': 904, 'ssrc': 12648429}
{'arrival_time_ms': 23114, 'header_length': 24, 'padding_length': 0, 'payload_size': 1259, 'payload_type': 126, 'send_time_ms': 20035, 'sequence_number': 905, 'ssrc': 12648429}
{'arrival_time_ms': 23149, 'header_length': 24, 'padding_length': 0, 'payload_size': 1260, 'payload_type': 126, 'send_time_ms': 20045, 'sequence_number': 906, 'ssrc': 12648429}
{'arrival_time_ms': 23184, 'header_length': 24, 'padding_length': 0, 'payload_size': 1260, 'payload_type': 126, 'send_time_ms': 20065, 'sequence_number': 908, 'ssrc': 12648429}
{'arrival_time_ms': 23205, 'header_length': 24, 'padding_length': 0, 'payload_size': 730, 'payload_type': 98, 'send_time_ms': 20125, 'sequence_number': 19, 'ssrc': 195939069}
{'arrival_time_ms': 23226, 'header_length': 24, 'padding_length': 0, 'payload_size': 720, 'payload_type': 126, 'send_time_ms': 20170, 'sequence_number': 913, 'ssrc': 12648429}
{'arrival_time_ms': 23246, 'header_length': 24, 'padding_length': 0, 'payload_size': 720, 'payload_type': 126, 'send_time_ms': 20205, 'sequence_number': 914, 'ssrc': 12648429}
{'arrival_time_ms': 23260, 'header_length': 24, 'padding_length': 0, 'payload_size': 449, 'payload_type': 126, 'send_time_ms': 20235, 'sequence_number': 915, 'ssrc': 12648429}
{'arrival_time_ms': 23273, 'header_length': 24, 'padding_length': 0, 'payload_size': 449, 'payload_type': 126, 'send_time_ms': 20270, 'sequence_number': 916, 'ssrc': 12648429}
{'arrival_time_ms': 23307, 'header_length': 24, 'padding_length': 0, 'payload_size': 1199, 'payload_type': 126, 'send_time_ms': 20305, 'sequence_number': 917, 'ssrc': 12648429}
{'arrival_time_ms': 23348, 'header_length': 24, 'padding_length': 0, 'payload_size': 1426, 'payload_type': 126, 'send_time_ms': 20335, 'sequence_number': 918, 'ssrc': 12648429}
{'arrival_time_ms': 23371, 'header_length': 24, 'padding_length': 0, 'payload_size': 805, 'payload_type': 126, 'send_time_ms': 20370, 'sequence_number': 919, 'ssrc': 12648429}
{'arrival_time_ms': 23394, 'header_length': 24, 'padding_length': 0, 'payload_size': 805, 'payload_type': 126, 'send_time_ms': 20375, 'sequence_number': 920, 'ssrc': 12648429}
{'arrival_time_ms': 23417, 'header_length': 24, 'padding_length': 0, 'payload_size': 805, 'payload_type': 126, 'send_time_ms': 20405, 'sequence_number': 921, 'ssrc': 12648429}
{'arrival_time_ms': 23440, 'header_length': 24, 'padding_length': 0, 'payload_size': 805, 'payload_type': 126, 'send_time_ms': 20410, 'sequence_number': 922, 'ssrc': 12648429}
{'arrival_time_ms': 23463, 'header_length': 24, 'padding_length': 0, 'payload_size': 805, 'payload_type': 126, 'send_time_ms': 20435, 'sequence_number': 923, 'ssrc': 12648429}
{'arrival_time_ms': 23485, 'header_length': 24, 'padding_length': 0, 'payload_size': 805, 'payload_type': 126, 'send_time_ms': 20440, 'sequence_number': 924, 'ssrc': 12648429}
{'arrival_time_ms': 23517, 'header_length': 24, 'padding_length': 0, 'payload_size': 1121, 'payload_type': 126, 'send_time_ms': 20470, 'sequence_number': 925, 'ssrc': 12648429}
{'arrival_time_ms': 23548, 'header_length': 24, 'padding_length': 0, 'payload_size': 1121, 'payload_type': 126, 'send_time_ms': 20505, 'sequence_number': 926, 'ssrc': 12648429}
{'arrival_time_ms': 23575, 'header_length': 24, 'padding_length': 0, 'payload_size': 938, 'payload_type': 98, 'send_time_ms': 20530, 'sequence_number': 20, 'ssrc': 195939069}
{'arrival_time_ms': 23598, 'header_length': 24, 'padding_length': 0, 'payload_size': 840, 'payload_type': 126, 'send_time_ms': 20535, 'sequence_number': 927, 'ssrc': 12648429}
{'arrival_time_ms': 23622, 'header_length': 24, 'padding_length': 0, 'payload_size': 841, 'payload_type': 126, 'send_time_ms': 20540, 'sequence_number': 928, 'ssrc': 12648429}
{'arrival_time_ms': 23646, 'header_length': 24, 'padding_length': 0, 'payload_size': 840, 'payload_type': 126, 'send_time_ms': 20570, 'sequence_number': 929, 'ssrc': 12648429}
{'arrival_time_ms': 23670, 'header_length': 24, 'padding_length': 0, 'payload_size': 841, 'payload_type': 126, 'send_time_ms': 20575, 'sequence_number': 930, 'ssrc': 12648429}
{'arrival_time_ms': 23706, 'header_length': 24, 'padding_length': 0, 'payload_size': 1284, 'payload_type': 126, 'send_time_ms': 20605, 'sequence_number': 931, 'ssrc': 12648429}
{'arrival_time_ms': 23741, 'header_length': 24, 'padding_length': 0, 'payload_size': 1284, 'payload_type': 126, 'send_time_ms': 20670, 'sequence_number': 933, 'ssrc': 12648429}
{'arrival_time_ms': 23777, 'header_length': 24, 'padding_length': 0, 'payload_size': 1284, 'payload_type': 126, 'send_time_ms': 20705, 'sequence_number': 934, 'ssrc': 12648429}
{'arrival_time_ms': 23798, 'header_length': 24, 'padding_length': 0, 'payload_size': 736, 'payload_type': 126, 'send_time_ms': 20735, 'sequence_number': 935, 'ssrc': 12648429}
{'arrival_time_ms': 23819, 'header_length': 24, 'padding_length': 0, 'payload_size': 736, 'payload_type': 126, 'send_time_ms': 20740, 'sequence_number': 936, 'ssrc': 12648429}
{'arrival_time_ms': 23840, 'header_length': 24, 'padding_length': 0, 'payload_size': 734, 'payload_type': 126, 'send_time_ms': 20770, 'sequence_number': 937, 'ssrc': 12648429}
{'arrival_time_ms': 23861, 'header_length': 24, 'padding_length': 0, 'payload_size': 734, 'payload_type': 126, 'send_time_ms': 20805, 'sequence_number': 938, 'ssrc': 12648429}
{'arrival_time_ms': 23884, 'header_length': 24, 'padding_length': 0, 'payload_size': 734, 'payload_type': 126, 'send_time_ms': 20835, 'sequence_number': 939, 'ssrc': 12648429}
{'arrival_time_ms': 23905, 'header_length': 24, 'padding_length': 0, 'payload_size': 734, 'payload_type': 126, 'send_time_ms': 20840, 'sequence_number': 940, 'ssrc': 12648429}
{'arrival_time_ms': 23926, 'header_length': 24, 'padding_length': 0, 'payload_size': 734, 'payload_type': 126, 'send_time_ms': 20870, 'sequence_number': 941, 'ssrc': 12648429}
{'arrival_time_ms': 23947, 'header_length': 24, 'padding_length': 0, 'payload_size': 734, 'payload_type': 126, 'send_time_ms': 20875, 'sequence_number': 942, 'ssrc': 12648429}
{'arrival_time_ms': 23974, 'header_length': 24, 'padding_length': 0, 'payload_size': 955, 'payload_type': 126, 'send_time_ms': 20905, 'sequence_number': 943, 'ssrc': 12648429}
{'arrival_time_ms': 24001, 'header_length': 24, 'padding_length': 0, 'payload_size': 955, 'payload_type': 126, 'send_time_ms': 20935, 'sequence_number': 944, 'ssrc': 12648429}
{'arrival_time_ms': 24025, 'header_length': 24, 'padding_length': 0, 'payload_size': 861, 'payload_type': 126, 'send_time_ms': 20970, 'sequence_number': 945, 'ssrc': 12648429}
{'arrival_time_ms': 24050, 'header_length': 24, 'padding_length': 0, 'payload_size': 861, 'payload_type': 126, 'send_time_ms': 20975, 'sequence_number': 946, 'ssrc': 12648429}
{'arrival_time_ms': 24074, 'header_length': 24, 'padding_length': 0, 'payload_size': 861, 'payload_type': 126, 'send_time_ms': 21005, 'sequence_number': 947, 'ssrc': 12648429}
{'arrival_time_ms': 24098, 'header_length': 24, 'padding_length': 0, 'payload_size': 861, 'payload_type': 126, 'send_time_ms': 21010, 'sequence_number': 948, 'ssrc': 12648429}
{'arrival_time_ms': 24120, 'header_length': 24, 'padding_length': 0, 'payload_size': 763, 'payload_type': 126, 'send_time_ms': 21035, 'sequence_number': 949, 'ssrc': 12648429}
{'arrival_time_ms': 24147, 'header_length': 24, 'padding_length': 0, 'payload_size': 946, 'payload_type': 126, 'send_time_ms': 21070, 'sequence_number': 950, 'ssrc': 12648429}
{'arrival_time_ms': 24182, 'header_length': 24, 'padding_length': 0, 'payload_size': 1248, 'payload_type': 98, 'send_time_ms': 21085, 'sequence_number': 23, 'ssrc': 195939069}
{'arrival_time_ms': 24206, 'header_length': 24, 'padding_length': 0, 'payload_size': 842, 'payload_type': 98, 'send_time_ms': 21130, 'sequence_number': 24, 'ssrc': 195939069}
{'arrival_time_ms': 24232, 'header_length': 24, 'padding_length': 0, 'payload_size': 946, 'payload_type': 126, 'send_time_ms': 21140, 'sequence_number': 952, 'ssrc': 12648429}
{'arrival_time_ms': 24259, 'header_length': 24, 'padding_length': 0, 'payload_size': 946, 'payload_type': 126, 'send_time_ms': 21169, 'sequence_number': 953, 'ssrc': 12648429}
{'arrival_time_ms': 24280, 'header_length': 24, 'padding_length': 0, 'payload_size': 734, 'payload_type': 126, 'send_time_ms': 21205, 'sequence_number': 954, 'ssrc': 12648429}
{'arrival_time_ms': 24301, 'header_length': 24, 'padding_length': 0, 'payload_size': 734, 'payload_type': 126, 'send_time_ms': 21235, 'sequence_number': 956, 'ssrc': 12648429}
{'arrival_time_ms': 24322, 'header_length': 24, 'padding_length': 0, 'payload_size': 734, 'payload_type': 126, 'send_time_ms': 21240, 'sequence_number': 957, 'ssrc': 12648429}
{'arrival_time_ms': 24348, 'header_length': 24, 'padding_length': 0, 'payload_size': 921, 'payload_type': 126, 'send_time_ms': 21269, 'sequence_number': 958, 'ssrc': 12648429}
{'arrival_time_ms': 24374, 'header_length': 24, 'padding_length': 0, 'payload_size': 921, 'payload_type': 126, 'send_time_ms': 21304, 'sequence_number': 959, 'ssrc': 12648429}
{'arrival_time_ms': 24400, 'header_length': 24, 'padding_length': 0, 'payload_size': 921, 'payload_type': 126, 'send_time_ms': 21334, 'sequence_number': 960, 'ssrc': 12648429}
{'arrival_time_ms': 24435, 'header_length': 24, 'padding_length': 0, 'payload_size': 1263, 'payload_type': 126, 'send_time_ms': 21369, 'sequence_number': 961, 'ssrc': 12648429}
{'arrival_time_ms': 24457, 'header_length': 24, 'padding_length': 0, 'payload_size': 770, 'payload_type': 98, 'send_time_ms': 21379, 'sequence_number': 26, 'ssrc': 195939069}
{'arrival_time_ms': 24479, 'header_length': 24, 'padding_length': 0, 'payload_size': 770, 'payload_type': 98, 'send_time_ms': 21394, 'sequence_number': 27, 'ssrc': 195939069}
{'arrival_time_ms': 24514, 'header_length': 24, 'padding_length': 0, 'payload_size': 1263, 'payload_type': 126, 'send_time_ms': 21404, 'sequence_number': 962, 'ssrc': 12648429}
{'arrival_time_ms': 24534, 'header_length': 24, 'padding_length': 0, 'payload_size': 692, 'payload_type': 126, 'send_time_ms': 21469, 'sequence_number': 964, 'ssrc': 12648429}
{'arrival_time_ms': 24556, 'header_length': 24, 'padding_length': 0, 'payload_size': 776, 'payload_type': 126, 'send_time_ms': 21504, 'sequence_number': 965, 'ssrc': 12648429}
{'arrival_time_ms': 24578, 'header_length': 24, 'padding_length': 0, 'payload_size': 776, 'payload_type': 126, 'send_time_ms': 21509, 'sequence_number': 966, 'ssrc': 12648429}
{'arrival_time_ms': 24600, 'header_length': 24, 'padding_length': 0, 'payload_size': 776, 'payload_type': 126, 'send_time_ms': 21534, 'sequence_number': 967, 'ssrc': 12648429}
{'arrival_time_ms': 24624, 'header_length': 24, 'padding_length': 0, 'payload_size': 845, 'payload_type': 98, 'send_time_ms': 21539, 'sequence_number': 28, 'ssrc': 195939069}
{'arrival_time_ms': 24648, 'header_length': 24, 'padding_length': 0, 'payload_size': 845, 'payload_type': 98, 'send_time_ms': 21564, 'sequence_number': 29, 'ssrc': 195939069}
{'arrival_time_ms': 24673, 'header_length': 24, 'padding_length': 0, 'payload_size': 863, 'payload_type': 126, 'send_time_ms': 21604, 'sequence_number': 970, 'ssrc': 12648429}
{'arrival_time_ms': 24697, 'header_length': 24, 'padding_length': 0, 'payload_size': 845, 'payload_type': 98, 'send_time_ms': 21609, 'sequence_number': 30, 'ssrc': 195939069}
{'arrival_time_ms': 24736, 'header_length': 24, 'padding_length': 0, 'payload_size': 1409, 'payload_type': 126, 'send_time_ms': 21634, 'sequence_number': 971, 'ssrc': 12648429}
{'arrival_time_ms': 24757, 'header_length': 24, 'padding_length': 0, 'payload_size': 748, 'payload_type': 126, 'send_time_ms': 21669, 'sequence_number': 972, 'ssrc': 12648429}
{'arrival_time_ms': 24779, 'header_length': 24, 'padding_length': 0, 'payload_size': 748, 'payload_type': 126, 'send_time_ms': 21704, 'sequence_number': 974, 'ssrc': 12648429}
{'arrival_time_ms': 24802, 'header_length': 24, 'padding_length': 0, 'payload_size': 834, 'payload_type': 126, 'send_time_ms': 21734, 'sequence_number': 976, 'ssrc': 12648429}
{'arrival_time_ms': 24827, 'header_length': 24, 'padding_length': 0, 'payload_size': 882, 'payload_type': 98, 'send_time_ms': 21759, 'sequence_number': 33, 'ssrc': 195939069}
{'arrival_time_ms': 24851, 'header_length': 24, 'padding_length': 0, 'payload_size': 834, 'payload_type': 126, 'send_time_ms': 21769, 'sequence_number': 977, 'ssrc': 12648429}
{'arrival_time_ms': 24875, 'header_length': 24, 'padding_length': 0, 'payload_size': 834, 'payload_type': 126, 'send_time_ms': 21804, 'sequence_number': 978, 'ssrc': 12648429}
{'arrival_time_ms': 24900, 'header_length': 24, 'padding_length': 0, 'payload_size': 834, 'payload_type': 126, 'send_time_ms': 21834, 'sequence_number': 979, 'ssrc': 12648429}
{'arrival_time_ms': 24927, 'header_length': 24, 'padding_length': 0, 'payload_size': 971, 'payload_type': 126, 'send_time_ms': 21869, 'sequence_number': 980, 'ssrc': 12648429}
{'arrival_time_ms': 24955, 'header_length': 24, 'padding_length': 0, 'payload_size': 971, 'payload_type': 126, 'send_time_ms': 21904, 'sequence_number': 981, 'ssrc': 12648429}
{'arrival_time_ms': 24978, 'header_length': 24, 'padding_length': 0, 'payload_size': 809, 'payload_type': 126, 'send_time_ms': 21934, 'sequence_number': 982, 'ssrc': 12648429}
{'arrival_time_ms': 24996, 'header_length': 24, 'padding_length': 0, 'payload_size': 646, 'payload_type': 126, 'send_time_ms': 21969, 'sequence_number': 983, 'ssrc': 12648429}
{'arrival_time_ms': 25015, 'header_length': 24, 'padding_length': 0, 'payload_size': 646, 'payload_type': 126, 'send_time_ms': 22004, 'sequence_number': 984, 'ssrc': 12648429}
{'arrival_time_ms': 25055, 'header_length': 24, 'padding_length': 0, 'payload_size': 1430, 'payload_type': 126, 'send_time_ms': 22034, 'sequence_number': 985, 'ssrc': 12648429}
{'arrival_time_ms': 25094, 'header_length': 24, 'padding_length': 0, 'payload_size': 1430, 'payload_type': 126, 'send_time_ms': 22069, 'sequence_number': 986, 'ssrc': 12648429}
{'arrival_time_ms': 25122, 'header_length': 24, 'padding_length': 0, 'payload_size': 992, 'payload_type': 126, 'send_time_ms': 22104, 'sequence_number': 987, 'ssrc': 12648429}
{'arrival_time_ms': 25150, 'header_length': 24, 'padding_length': 0, 'payload_size': 992, 'payload_type': 126, 'send_time_ms': 22134, 'sequence_number': 988, 'ssrc': 12648429}
{'arrival_time_ms': 25170, 'header_length': 24, 'padding_length': 0, 'payload_size': 676, 'payload_type': 126, 'send_time_ms': 22169, 'sequence_number': 989, 'ssrc': 12648429}
{'arrival_time_ms': 25189, 'header_length': 24, 'padding_length': 0, 'payload_size': 676, 'payload_type': 126, 'send_time_ms': 22204, 'sequence_number': 990, 'ssrc': 12648429}
{'arrival_time_ms': 25211, 'header_length': 24, 'padding_length': 0, 'payload_size': 755, 'payload_type': 126, 'send_time_ms': 22234, 'sequence_number': 991, 'ssrc': 12648429}
{'arrival_time_ms': 25232, 'header_length': 24, 'padding_length': 0, 'payload_size': 755, 'payload_type': 126, 'send_time_ms': 22239, 'sequence_number': 992, 'ssrc': 12648429}
{'arrival_time_ms': 25256, 'header_length': 24, 'padding_length': 0, 'payload_size': 838, 'payload_type': 126, 'send_time_ms': 22269, 'sequence_number': 993, 'ssrc': 12648429}
{'arrival_time_ms': 25280, 'header_length': 24, 'padding_length': 0, 'payload_size': 838, 'payload_type': 126, 'send_time_ms': 22304, 'sequence_number': 994, 'ssrc': 12648429}
{'arrival_time_ms': 25304, 'header_length': 24, 'padding_length': 0, 'payload_size': 773, 'payload_type': 126, 'send_time_ms': 22334, 'sequence_number': 995, 'ssrc': 12648429}
{'arrival_time_ms': 25326, 'header_length': 24, 'padding_length': 0, 'payload_size': 774, 'payload_type': 126, 'send_time_ms': 22339, 'sequence_number': 996, 'ssrc': 12648429}
{'arrival_time_ms': 25348, 'header_length': 24, 'padding_length': 0, 'payload_size': 773, 'payload_type': 126, 'send_time_ms': 22369, 'sequence_number': 997, 'ssrc': 12648429}
{'arrival_time_ms': 25370, 'header_length': 24, 'padding_length': 0, 'payload_size': 774, 'payload_type': 126, 'send_time_ms': 22374, 'sequence_number': 998, 'ssrc': 12648429}
{'arrival_time_ms': 25392, 'header_length': 24, 'padding_length': 0, 'payload_size': 773, 'payload_type': 126, 'send_time_ms': 22404, 'sequence_number': 999, 'ssrc': 12648429}
{'arrival_time_ms': 25414, 'header_length': 24, 'padding_length': 0, 'payload_size': 774, 'payload_type': 126, 'send_time_ms': 22409, 'sequence_number': 1000, 'ssrc': 12648429}
{'arrival_time_ms': 25436, 'header_length': 24, 'padding_length': 0, 'payload_size': 773, 'payload_type': 126, 'send_time_ms': 22434, 'sequence_number': 1001, 'ssrc': 12648429}
{'arrival_time_ms': 25458, 'header_length': 24, 'padding_length': 0, 'payload_size': 774, 'payload_type': 126, 'send_time_ms': 22439, 'sequence_number': 1002, 'ssrc': 12648429}
{'arrival_time_ms': 25480, 'header_length': 24, 'padding_length': 0, 'payload_size': 773, 'payload_type': 126, 'send_time_ms': 22469, 'sequence_number': 1003, 'ssrc': 12648429}
{'arrival_time_ms': 25502, 'header_length': 24, 'padding_length': 0, 'payload_size': 774, 'payload_type': 126, 'send_time_ms': 22474, 'sequence_number': 1004, 'ssrc': 12648429}
{'arrival_time_ms': 25524, 'header_length': 24, 'padding_length': 0, 'payload_size': 773, 'payload_type': 126, 'send_time_ms': 22504, 'sequence_number': 1005, 'ssrc': 12648429}
{'arrival_time_ms': 25546, 'header_length': 24, 'padding_length': 0, 'payload_size': 774, 'payload_type': 126, 'send_time_ms': 22509, 'sequence_number': 1006, 'ssrc': 12648429}
{'arrival_time_ms': 25572, 'header_length': 24, 'padding_length': 0, 'payload_size': 905, 'payload_type': 126, 'send_time_ms': 22534, 'sequence_number': 1007, 'ssrc': 12648429}
{'arrival_time_ms': 25598, 'header_length': 24, 'padding_length': 0, 'payload_size': 905, 'payload_type': 126, 'send_time_ms': 22569, 'sequence_number': 1008, 'ssrc': 12648429}
{'arrival_time_ms': 25623, 'header_length': 24, 'padding_length': 0, 'payload_size': 905, 'payload_type': 126, 'send_time_ms': 22604, 'sequence_number': 1009, 'ssrc': 12648429}
{'arrival_time_ms': 25649, 'header_length': 24, 'padding_length': 0, 'payload_size': 905, 'payload_type': 126, 'send_time_ms': 22634, 'sequence_number': 1010, 'ssrc': 12648429}
{'arrival_time_ms': 25674, 'header_length': 24, 'padding_length': 0, 'payload_size': 905, 'payload_type': 126, 'send_time_ms': 22669, 'sequence_number': 1011, 'ssrc': 12648429}
{'arrival_time_ms': 25708, 'header_length': 24, 'padding_length': 0, 'payload_size': 1213, 'payload_type': 126, 'send_time_ms': 22704, 'sequence_number': 1012, 'ssrc': 12648429}
{'arrival_time_ms': 25742, 'header_length': 24, 'padding_length': 0, 'payload_size': 1213, 'payload_type': 126, 'send_time_ms': 22734, 'sequence_number': 1013, 'ssrc': 12648429}
{'arrival_time_ms': 25768, 'header_length': 24, 'padding_length': 0, 'payload_size': 911, 'payload_type': 126, 'send_time_ms': 22769, 'sequence_number': 1014, 'ssrc': 12648429}
{'arrival_time_ms': 25793, 'header_length': 24, 'padding_length': 0, 'payload_size': 911, 'payload_type': 126, 'send_time_ms': 22774, 'sequence_number': 1015, 'ssrc': 12648429}
{'arrival_time_ms': 25819, 'header_length': 24, 'padding_length': 0, 'payload_size': 911, 'payload_type': 126, 'send_time_ms': 22804, 'sequence_number': 1016, 'ssrc': 12648429}
{'arrival_time_ms': 25847, 'header_length': 24, 'padding_length': 0, 'payload_size': 911, 'payload_type': 126, 'send_time_ms': 22809, 'sequence_number': 1017, 'ssrc': 12648429}
{'arrival_time_ms': 25871, 'header_length': 24, 'padding_length': 0, 'payload_size': 866, 'payload_type': 98, 'send_time_ms': 22834, 'sequence_number': 34, 'ssrc': 195939069}
{'arrival_time_ms': 25900, 'header_length': 24, 'padding_length': 0, 'payload_size': 1038, 'payload_type': 126, 'send_time_ms': 22844, 'sequence_number': 1018, 'ssrc': 12648429}
{'arrival_time_ms': 25929, 'header_length': 24, 'padding_length': 0, 'payload_size': 1038, 'payload_type': 126, 'send_time_ms': 22869, 'sequence_number': 1019, 'ssrc': 12648429}
{'arrival_time_ms': 25955, 'header_length': 24, 'padding_length': 0, 'payload_size': 913, 'payload_type': 126, 'send_time_ms': 22904, 'sequence_number': 1020, 'ssrc': 12648429}
{'arrival_time_ms': 25981, 'header_length': 24, 'padding_length': 0, 'payload_size': 914, 'payload_type': 126, 'send_time_ms': 22909, 'sequence_number': 1021, 'ssrc': 12648429}
{'arrival_time_ms': 26020, 'header_length': 24, 'padding_length': 0, 'payload_size': 1421, 'payload_type': 126, 'send_time_ms': 22934, 'sequence_number': 1022, 'ssrc': 12648429}
{'arrival_time_ms': 26060, 'header_length': 24, 'padding_length': 0, 'payload_size': 1421, 'payload_type': 126, 'send_time_ms': 22969, 'sequence_number': 1023, 'ssrc': 12648429}
{'arrival_time_ms': 26083, 'header_length': 24, 'padding_length': 0, 'payload_size': 809, 'payload_type': 126, 'send_time_ms': 23004, 'sequence_number': 1024, 'ssrc': 12648429}
{'arrival_time_ms': 26106, 'header_length': 24, 'padding_length': 0, 'payload_size': 809, 'payload_type': 126, 'send_time_ms': 23034, 'sequence_number': 1025, 'ssrc': 12648429}
{'arrival_time_ms': 26132, 'header_length': 24, 'padding_length': 0, 'payload_size': 915, 'payload_type': 126, 'send_time_ms': 23069, 'sequence_number': 1026, 'ssrc': 12648429}
{'arrival_time_ms': 26157, 'header_length': 24, 'padding_length': 0, 'payload_size': 916, 'payload_type': 126, 'send_time_ms': 23074, 'sequence_number': 1027, 'ssrc': 12648429}
{'arrival_time_ms': 26181, 'header_length': 24, 'padding_length': 0, 'payload_size': 847, 'payload_type': 98, 'send_time_ms': 23084, 'sequence_number': 35, 'ssrc': 195939069}
{'arrival_time_ms': 26207, 'header_length': 24, 'padding_length': 0, 'payload_size': 916, 'payload_type': 126, 'send_time_ms': 23109, 'sequence_number': 1029, 'ssrc': 12648429}
{'arrival_time_ms': 26238, 'header_length': 24, 'padding_length': 0, 'payload_size': 1082, 'payload_type': 98, 'send_time_ms': 23149, 'sequence_number': 36, 'ssrc': 195939069}
{'arrival_time_ms': 26263, 'header_length': 24, 'padding_length': 0, 'payload_size': 916, 'payload_type': 126, 'send_time_ms': 23174, 'sequence_number': 1033, 'ssrc': 12648429}
{'arrival_time_ms': 26286, 'header_length': 24, 'padding_length': 0, 'payload_size': 778, 'payload_type': 126, 'send_time_ms': 23204, 'sequence_number': 1034, 'ssrc': 12648429}
{'arrival_time_ms': 26308, 'header_length': 24, 'padding_length': 0, 'payload_size': 778, 'payload_type': 126, 'send_time_ms': 23209, 'sequence_number': 1035, 'ssrc': 12648429}
{'arrival_time_ms': 26330, 'header_length': 24, 'padding_length': 0, 'payload_size': 778, 'payload_type': 126, 'send_time_ms': 23234, 'sequence_number': 1036, 'ssrc': 12648429}
{'arrival_time_ms': 26352, 'header_length': 24, 'padding_length': 0, 'payload_size': 778, 'payload_type': 126, 'send_time_ms': 23269, 'sequence_number': 1038, 'ssrc': 12648429}
{'arrival_time_ms': 26374, 'header_length': 24, 'padding_length': 0, 'payload_size': 778, 'payload_type': 126, 'send_time_ms': 23274, 'sequence_number': 1039, 'ssrc': 12648429}
{'arrival_time_ms': 26398, 'header_length': 24, 'padding_length': 0, 'payload_size': 776, 'payload_type': 126, 'send_time_ms': 23309, 'sequence_number': 1040, 'ssrc': 12648429}
{'arrival_time_ms': 26433, 'header_length': 28, 'padding_length': 0, 'payload_size': 1258, 'payload_type': 98, 'send_time_ms': 23334, 'sequence_number': 38, 'ssrc': 195939069}
{'arrival_time_ms': 26457, 'header_length': 24, 'padding_length': 0, 'payload_size': 828, 'payload_type': 98, 'send_time_ms': 23364, 'sequence_number': 40, 'ssrc': 195939069}
{'arrival_time_ms': 26479, 'header_length': 24, 'padding_length': 0, 'payload_size': 776, 'payload_type': 126, 'send_time_ms': 23389, 'sequence_number': 1041, 'ssrc': 12648429}
{'arrival_time_ms': 26501, 'header_length': 24, 'padding_length': 0, 'payload_size': 780, 'payload_type': 126, 'send_time_ms': 23434, 'sequence_number': 1044, 'ssrc': 12648429}
{'arrival_time_ms': 26524, 'header_length': 24, 'padding_length': 0, 'payload_size': 780, 'payload_type': 126, 'send_time_ms': 23439, 'sequence_number': 1045, 'ssrc': 12648429}
{'arrival_time_ms': 26553, 'header_length': 24, 'padding_length': 0, 'payload_size': 1038, 'payload_type': 126, 'send_time_ms': 23469, 'sequence_number': 1046, 'ssrc': 12648429}
{'arrival_time_ms': 26582, 'header_length': 24, 'padding_length': 0, 'payload_size': 1038, 'payload_type': 126, 'send_time_ms': 23504, 'sequence_number': 1047, 'ssrc': 12648429}
{'arrival_time_ms': 26602, 'header_length': 24, 'padding_length': 0, 'payload_size': 688, 'payload_type': 126, 'send_time_ms': 23534, 'sequence_number': 1048, 'ssrc': 12648429}
{'arrival_time_ms': 26621, 'header_length': 24, 'padding_length': 0, 'payload_size': 688, 'payload_type': 126, 'send_time_ms': 23569, 'sequence_number': 1049, 'ssrc': 12648429}
{'arrival_time_ms': 26643, 'header_length': 24, 'padding_length': 0, 'payload_size': 773, 'payload_type': 126, 'send_time_ms': 23604, 'sequence_number': 1050, 'ssrc': 12648429}
{'arrival_time_ms': 26666, 'header_length': 24, 'padding_length': 0, 'payload_size': 774, 'payload_type': 126, 'send_time_ms': 23609, 'sequence_number': 1051, 'ssrc': 12648429}
{'arrival_time_ms': 26688, 'header_length': 24, 'padding_length': 0, 'payload_size': 773, 'payload_type': 126, 'send_time_ms': 23634, 'sequence_number': 1052, 'ssrc': 12648429}
{'arrival_time_ms': 26710, 'header_length': 24, 'padding_length': 0, 'payload_size': 774, 'payload_type': 126, 'send_time_ms': 23639, 'sequence_number': 1053, 'ssrc': 12648429}
{'arrival_time_ms': 26734, 'header_length': 24, 'padding_length': 0, 'payload_size': 863, 'payload_type': 126, 'send_time_ms': 23669, 'sequence_number': 1054, 'ssrc': 12648429}
{'arrival_time_ms': 26759, 'header_length': 24, 'padding_length': 0, 'payload_size': 863, 'payload_type': 126, 'send_time_ms': 23704, 'sequence_number': 1055, 'ssrc': 12648429}
{'arrival_time_ms': 26788, 'header_length': 24, 'padding_length': 0, 'payload_size': 1034, 'payload_type': 126, 'send_time_ms': 23734, 'sequence_number': 1056, 'ssrc': 12648429}
{'arrival_time_ms': 26812, 'header_length': 24, 'padding_length': 0, 'payload_size': 863, 'payload_type': 126, 'send_time_ms': 23769, 'sequence_number': 1057, 'ssrc': 12648429}
{'arrival_time_ms': 26838, 'header_length': 24, 'padding_length': 0, 'payload_size': 863, 'payload_type': 126, 'send_time_ms': 23804, 'sequence_number': 1058, 'ssrc': 12648429}
{'arrival_time_ms': 26860, 'header_length': 24, 'padding_length': 0, 'payload_size': 769, 'payload_type': 126, 'send_time_ms': 23834, 'sequence_number': 1059, 'ssrc': 12648429}
{'arrival_time_ms': 26882, 'header_length': 24, 'padding_length': 0, 'payload_size': 770, 'payload_type': 126, 'send_time_ms': 23839, 'sequence_number': 1060, 'ssrc': 12648429}
{'arrival_time_ms': 26918, 'header_length': 24, 'padding_length': 0, 'payload_size': 1286, 'payload_type': 98, 'send_time_ms': 23849, 'sequence_number': 42, 'ssrc': 195939069}
{'arrival_time_ms': 26940, 'header_length': 24, 'padding_length': 0, 'payload_size': 769, 'payload_type': 126, 'send_time_ms': 23869, 'sequence_number': 1061, 'ssrc': 12648429}
{'arrival_time_ms': 26962, 'header_length': 24, 'padding_length': 0, 'payload_size': 770, 'payload_type': 126, 'send_time_ms': 23874, 'sequence_number': 1062, 'ssrc': 12648429}
{'arrival_time_ms': 26982, 'header_length': 24, 'padding_length': 0, 'payload_size': 680, 'payload_type': 126, 'send_time_ms': 23904, 'sequence_number': 1063, 'ssrc': 12648429}
{'arrival_time_ms': 27001, 'header_length': 24, 'padding_length': 0, 'payload_size': 680, 'payload_type': 126, 'send_time_ms': 23934, 'sequence_number': 1064, 'ssrc': 12648429}
{'arrival_time_ms': 27021, 'header_length': 24, 'padding_length': 0, 'payload_size': 680, 'payload_type': 126, 'send_time_ms': 23969, 'sequence_number': 1065, 'ssrc': 12648429}
{'arrival_time_ms': 27040, 'header_length': 24, 'padding_length': 0, 'payload_size': 680, 'payload_type': 126, 'send_time_ms': 24004, 'sequence_number': 1066, 'ssrc': 12648429}
{'arrival_time_ms': 27064, 'header_length': 24, 'padding_length': 0, 'payload_size': 838, 'payload_type': 126, 'send_time_ms': 24034, 'sequence_number': 1067, 'ssrc': 12648429}
{'arrival_time_ms': 27083, 'header_length': 24, 'padding_length': 0, 'payload_size': 671, 'payload_type': 126, 'send_time_ms': 24069, 'sequence_number': 1068, 'ssrc': 12648429}
{'arrival_time_ms': 27103, 'header_length': 24, 'padding_length': 0, 'payload_size': 671, 'payload_type': 126, 'send_time_ms': 24104, 'sequence_number': 1069, 'ssrc': 12648429}
{'arrival_time_ms': 27122, 'header_length': 24, 'padding_length': 0, 'payload_size': 671, 'payload_type': 126, 'send_time_ms': 24134, 'sequence_number': 1070, 'ssrc': 12648429}
{'arrival_time_ms': 27141, 'header_length': 24, 'padding_length': 0, 'payload_size': 671, 'payload_type': 126, 'send_time_ms': 24169, 'sequence_number': 1071, 'ssrc': 12648429}
{'arrival_time_ms': 27166, 'header_length': 24, 'padding_length': 0, 'payload_size': 859, 'payload_type': 126, 'send_time_ms': 24204, 'sequence_number': 1072, 'ssrc': 12648429}
{'arrival_time_ms': 27190, 'header_length': 24, 'padding_length': 0, 'payload_size': 859, 'payload_type': 126, 'send_time_ms': 24234, 'sequence_number': 1073, 'ssrc': 12648429}
{'arrival_time_ms': 27228, 'header_length': 24, 'padding_length': 0, 'payload_size': 1363, 'payload_type': 126, 'send_time_ms': 24269, 'sequence_number': 1074, 'ssrc': 12648429}
{'arrival_time_ms': 27268, 'header_length': 24, 'padding_length': 0, 'payload_size': 1363, 'payload_type': 126, 'send_time_ms': 24304, 'sequence_number': 1075, 'ssrc': 12648429}
{'arrival_time_ms': 27290, 'header_length': 24, 'padding_length': 0, 'payload_size': 796, 'payload_type': 126, 'send_time_ms': 24334, 'sequence_number': 1076, 'ssrc': 12648429}
{'arrival_time_ms': 27317, 'header_length': 24, 'padding_length': 0, 'payload_size': 948, 'payload_type': 98, 'send_time_ms': 24339, 'sequence_number': 43, 'ssrc': 195939069}
{'arrival_time_ms': 27340, 'header_length': 24, 'padding_length': 0, 'payload_size': 797, 'payload_type': 126, 'send_time_ms': 24344, 'sequence_number': 1077, 'ssrc': 12648429}
{'arrival_time_ms': 27376, 'header_length': 24, 'padding_length': 0, 'payload_size': 1317, 'payload_type': 126, 'send_time_ms': 24369, 'sequence_number': 1078, 'ssrc': 12648429}
{'arrival_time_ms': 27413, 'header_length': 24, 'padding_length': 0, 'payload_size': 1317, 'payload_type': 126, 'send_time_ms': 24404, 'sequence_number': 1079, 'ssrc': 12648429}
{'arrival_time_ms': 27434, 'header_length': 24, 'padding_length': 0, 'payload_size': 736, 'payload_type': 98, 'send_time_ms': 24414, 'sequence_number': 44, 'ssrc': 195939069}
{'arrival_time_ms': 27458, 'header_length': 24, 'padding_length': 0, 'payload_size': 855, 'payload_type': 126, 'send_time_ms': 24434, 'sequence_number': 1080, 'ssrc': 12648429}
{'arrival_time_ms': 27482, 'header_length': 24, 'padding_length': 0, 'payload_size': 855, 'payload_type': 126, 'send_time_ms': 24439, 'sequence_number': 1081, 'ssrc': 12648429}
{'arrival_time_ms': 27506, 'header_length': 24, 'padding_length': 0, 'payload_size': 855, 'payload_type': 126, 'send_time_ms': 24469, 'sequence_number': 1082, 'ssrc': 12648429}
{'arrival_time_ms': 27531, 'header_length': 24, 'padding_length': 0, 'payload_size': 855, 'payload_type': 126, 'send_time_ms': 24474, 'sequence_number': 1083, 'ssrc': 12648429}
{'arrival_time_ms': 27552, 'header_length': 24, 'padding_length': 0, 'payload_size': 759, 'payload_type': 126, 'send_time_ms': 24504, 'sequence_number': 1084, 'ssrc': 12648429}
{'arrival_time_ms': 27574, 'header_length': 24, 'padding_length': 0, 'payload_size': 759, 'payload_type': 126, 'send_time_ms': 24534, 'sequence_number': 1085, 'ssrc': 12648429}
{'arrival_time_ms': 27598, 'header_length': 24, 'padding_length': 0, 'payload_size': 855, 'payload_type': 126, 'send_time_ms': 24569, 'sequence_number': 1086, 'ssrc': 12648429}
{'arrival_time_ms': 27623, 'header_length': 24, 'padding_length': 0, 'payload_size': 855, 'payload_type': 126, 'send_time_ms': 24574, 'sequence_number': 1087, 'ssrc': 12648429}
{'arrival_time_ms': 27647, 'header_length': 24, 'padding_length': 0, 'payload_size': 855, 'payload_type': 126, 'send_time_ms': 24604, 'sequence_number': 1088, 'ssrc': 12648429}
{'arrival_time_ms': 27671, 'header_length': 24, 'padding_length': 0, 'payload_size': 855, 'payload_type': 126, 'send_time_ms': 24609, 'sequence_number': 1089, 'ssrc': 12648429}
{'arrival_time_ms': 27698, 'header_length': 24, 'padding_length': 0, 'payload_size': 951, 'payload_type': 126, 'send_time_ms': 24634, 'sequence_number': 1090, 'ssrc': 12648429}
{'arrival_time_ms': 27718, 'header_length': 24, 'padding_length': 0, 'payload_size': 694, 'payload_type': 98, 'send_time_ms': 24644, 'sequence_number': 45, 'ssrc': 195939069}
{'arrival_time_ms': 27745, 'header_length': 24, 'padding_length': 0, 'payload_size': 951, 'payload_type': 126, 'send_time_ms': 24669, 'sequence_number': 1091, 'ssrc': 12648429}
{'arrival_time_ms': 27771, 'header_length': 24, 'padding_length': 0, 'payload_size': 951, 'payload_type': 126, 'send_time_ms': 24704, 'sequence_number': 1092, 'ssrc': 12648429}
{'arrival_time_ms': 27808, 'header_length': 24, 'padding_length': 0, 'payload_size': 1305, 'payload_type': 126, 'send_time_ms': 24734, 'sequence_number': 1093, 'ssrc': 12648429}
{'arrival_time_ms': 27844, 'header_length': 24, 'padding_length': 0, 'payload_size': 1305, 'payload_type': 126, 'send_time_ms': 24769, 'sequence_number': 1094, 'ssrc': 12648429}
{'arrival_time_ms': 27866, 'header_length': 24, 'padding_length': 0, 'payload_size': 778, 'payload_type': 98, 'send_time_ms': 24779, 'sequence_number': 46, 'ssrc': 195939069}
{'arrival_time_ms': 27889, 'header_length': 24, 'padding_length': 0, 'payload_size': 805, 'payload_type': 126, 'send_time_ms': 24804, 'sequence_number': 1095, 'ssrc': 12648429}
{'arrival_time_ms': 27912, 'header_length': 24, 'padding_length': 0, 'payload_size': 805, 'payload_type': 126, 'send_time_ms': 24834, 'sequence_number': 1097, 'ssrc': 12648429}
{'arrival_time_ms': 27935, 'header_length': 24, 'padding_length': 0, 'payload_size': 805, 'payload_type': 126, 'send_time_ms': 24839, 'sequence_number': 1098, 'ssrc': 12648429}
{'arrival_time_ms': 27960, 'header_length': 24, 'padding_length': 0, 'payload_size': 896, 'payload_type': 126, 'send_time_ms': 24869, 'sequence_number': 1099, 'ssrc': 12648429}
{'arrival_time_ms': 27985, 'header_length': 24, 'padding_length': 0, 'payload_size': 896, 'payload_type': 126, 'send_time_ms': 24904, 'sequence_number': 1100, 'ssrc': 12648429}
{'arrival_time_ms': 28006, 'header_length': 24, 'padding_length': 0, 'payload_size': 728, 'payload_type': 126, 'send_time_ms': 24934, 'sequence_number': 1101, 'ssrc': 12648429}
{'arrival_time_ms': 28027, 'header_length': 24, 'padding_length': 0, 'payload_size': 728, 'payload_type': 126, 'send_time_ms': 24939, 'sequence_number': 1102, 'ssrc': 12648429}
{'arrival_time_ms': 28048, 'header_length': 24, 'padding_length': 0, 'payload_size': 728, 'payload_type': 126, 'send_time_ms': 24969, 'sequence_number': 1103, 'ssrc': 12648429}
{'arrival_time_ms': 28069, 'header_length': 24, 'padding_length': 0, 'payload_size': 728, 'payload_type': 126, 'send_time_ms': 24974, 'sequence_number': 1104, 'ssrc': 12648429}
{'arrival_time_ms': 28090, 'header_length': 24, 'padding_length': 0, 'payload_size': 728, 'payload_type': 126, 'send_time_ms': 25004, 'sequence_number': 1105, 'ssrc': 12648429}
{'arrival_time_ms': 28120, 'header_length': 24, 'padding_length': 0, 'payload_size': 1080, 'payload_type': 126, 'send_time_ms': 25034, 'sequence_number': 1107, 'ssrc': 12648429}
{'arrival_time_ms': 28150, 'header_length': 24, 'padding_length': 0, 'payload_size': 1080, 'payload_type': 126, 'send_time_ms': 25069, 'sequence_number': 1108, 'ssrc': 12648429}
{'arrival_time_ms': 28171, 'header_length': 24, 'padding_length': 0, 'payload_size': 721, 'payload_type': 126, 'send_time_ms': 25104, 'sequence_number': 1109, 'ssrc': 12648429}
{'arrival_time_ms': 28192, 'header_length': 24, 'padding_length': 0, 'payload_size': 721, 'payload_type': 126, 'send_time_ms': 25134, 'sequence_number': 1111, 'ssrc': 12648429}
{'arrival_time_ms': 28212, 'header_length': 24, 'padding_length': 0, 'payload_size': 722, 'payload_type': 126, 'send_time_ms': 25139, 'sequence_number': 1112, 'ssrc': 12648429}
{'arrival_time_ms': 28233, 'header_length': 24, 'padding_length': 0, 'payload_size': 721, 'payload_type': 126, 'send_time_ms': 25169, 'sequence_number': 1113, 'ssrc': 12648429}
{'arrival_time_ms': 28254, 'header_length': 24, 'padding_length': 0, 'payload_size': 722, 'payload_type': 126, 'send_time_ms': 25174, 'sequence_number': 1114, 'ssrc': 12648429}
{'arrival_time_ms': 28274, 'header_length': 24, 'padding_length': 0, 'payload_size': 721, 'payload_type': 126, 'send_time_ms': 25204, 'sequence_number': 1115, 'ssrc': 12648429}
{'arrival_time_ms': 28295, 'header_length': 24, 'padding_length': 0, 'payload_size': 722, 'payload_type': 126, 'send_time_ms': 25209, 'sequence_number': 1116, 'ssrc': 12648429}
{'arrival_time_ms': 28321, 'header_length': 24, 'padding_length': 0, 'payload_size': 909, 'payload_type': 126, 'send_time_ms': 25234, 'sequence_number': 1117, 'ssrc': 12648429}
{'arrival_time_ms': 28346, 'header_length': 24, 'padding_length': 0, 'payload_size': 909, 'payload_type': 126, 'send_time_ms': 25269, 'sequence_number': 1118, 'ssrc': 12648429}
{'arrival_time_ms': 28379, 'header_length': 24, 'padding_length': 0, 'payload_size': 1088, 'payload_type': 126, 'send_time_ms': 25304, 'sequence_number': 1119, 'ssrc': 12648429}
{'arrival_time_ms': 28404, 'header_length': 24, 'padding_length': 0, 'payload_size': 909, 'payload_type': 126, 'send_time_ms': 25334, 'sequence_number': 1120, 'ssrc': 12648429}
{'arrival_time_ms': 28430, 'header_length': 24, 'padding_length': 0, 'payload_size': 909, 'payload_type': 126, 'send_time_ms': 25369, 'sequence_number': 1121, 'ssrc': 12648429}
{'arrival_time_ms': 28451, 'header_length': 24, 'padding_length': 0, 'payload_size': 738, 'payload_type': 126, 'send_time_ms': 25404, 'sequence_number': 1122, 'ssrc': 12648429}
{'arrival_time_ms': 28472, 'header_length': 24, 'padding_length': 0, 'payload_size': 738, 'payload_type': 126, 'send_time_ms': 25434, 'sequence_number': 1123, 'ssrc': 12648429}
{'arrival_time_ms': 28499, 'header_length': 24, 'padding_length': 0, 'payload_size': 938, 'payload_type': 126, 'send_time_ms': 25469, 'sequence_number': 1124, 'ssrc': 12648429}
{'arrival_time_ms': 28525, 'header_length': 24, 'padding_length': 0, 'payload_size': 938, 'payload_type': 126, 'send_time_ms': 25504, 'sequence_number': 1125, 'ssrc': 12648429}
{'arrival_time_ms': 28552, 'header_length': 24, 'padding_length': 0, 'payload_size': 938, 'payload_type': 126, 'send_time_ms': 25534, 'sequence_number': 1126, 'ssrc': 12648429}
{'arrival_time_ms': 28578, 'header_length': 24, 'padding_length': 0, 'payload_size': 938, 'payload_type': 126, 'send_time_ms': 25569, 'sequence_number': 1127, 'ssrc': 12648429}
{'arrival_time_ms': 28602, 'header_length': 24, 'padding_length': 0, 'payload_size': 842, 'payload_type': 126, 'send_time_ms': 25604, 'sequence_number': 1128, 'ssrc': 12648429}
{'arrival_time_ms': 28626, 'header_length': 24, 'padding_length': 0, 'payload_size': 843, 'payload_type': 126, 'send_time_ms': 25609, 'sequence_number': 1129, 'ssrc': 12648429}
{'arrival_time_ms': 28647, 'header_length': 24, 'padding_length': 0, 'payload_size': 746, 'payload_type': 126, 'send_time_ms': 25634, 'sequence_number': 1130, 'ssrc': 12648429}
{'arrival_time_ms': 28669, 'header_length': 24, 'padding_length': 0, 'payload_size': 746, 'payload_type': 126, 'send_time_ms': 25669, 'sequence_number': 1131, 'ssrc': 12648429}
{'arrival_time_ms': 28693, 'header_length': 24, 'padding_length': 0, 'payload_size': 857, 'payload_type': 126, 'send_time_ms': 25704, 'sequence_number': 1132, 'ssrc': 12648429}
{'arrival_time_ms': 28717, 'header_length': 24, 'padding_length': 0, 'payload_size': 857, 'payload_type': 126, 'send_time_ms': 25709, 'sequence_number': 1133, 'ssrc': 12648429}
{'arrival_time_ms': 28741, 'header_length': 24, 'padding_length': 0, 'payload_size': 857, 'payload_type': 126, 'send_time_ms': 25734, 'sequence_number': 1134, 'ssrc': 12648429}
{'arrival_time_ms': 28766, 'header_length': 24, 'padding_length': 0, 'payload_size': 857, 'payload_type': 126, 'send_time_ms': 25739, 'sequence_number': 1135, 'ssrc': 12648429}
{'arrival_time_ms': 28798, 'header_length': 24, 'padding_length': 0, 'payload_size': 1146, 'payload_type': 126, 'send_time_ms': 25769, 'sequence_number': 1136, 'ssrc': 12648429}
{'arrival_time_ms': 28832, 'header_length': 24, 'padding_length': 0, 'payload_size': 1146, 'payload_type': 126, 'send_time_ms': 25804, 'sequence_number': 1137, 'ssrc': 12648429}
{'arrival_time_ms': 28854, 'header_length': 24, 'padding_length': 0, 'payload_size': 796, 'payload_type': 126, 'send_time_ms': 25834, 'sequence_number': 1138, 'ssrc': 12648429}
{'arrival_time_ms': 28877, 'header_length': 24, 'padding_length': 0, 'payload_size': 796, 'payload_type': 126, 'send_time_ms': 25869, 'sequence_number': 1139, 'ssrc': 12648429}
{'arrival_time_ms': 28900, 'header_length': 24, 'padding_length': 0, 'payload_size': 796, 'payload_type': 126, 'send_time_ms': 25904, 'sequence_number': 1140, 'ssrc': 12648429}
{'arrival_time_ms': 28922, 'header_length': 24, 'padding_length': 0, 'payload_size': 797, 'payload_type': 126, 'send_time_ms': 25909, 'sequence_number': 1141, 'ssrc': 12648429}
{'arrival_time_ms': 28951, 'header_length': 24, 'padding_length': 0, 'payload_size': 1038, 'payload_type': 126, 'send_time_ms': 25934, 'sequence_number': 1142, 'ssrc': 12648429}
{'arrival_time_ms': 28980, 'header_length': 24, 'padding_length': 0, 'payload_size': 1038, 'payload_type': 126, 'send_time_ms': 25969, 'sequence_number': 1143, 'ssrc': 12648429}
{'arrival_time_ms': 29015, 'header_length': 24, 'padding_length': 0, 'payload_size': 1246, 'payload_type': 126, 'send_time_ms': 26004, 'sequence_number': 1144, 'ssrc': 12648429}
{'arrival_time_ms': 29050, 'header_length': 24, 'padding_length': 0, 'payload_size': 1246, 'payload_type': 126, 'send_time_ms': 26034, 'sequence_number': 1145, 'ssrc': 12648429}
{'arrival_time_ms': 29076, 'header_length': 24, 'padding_length': 0, 'payload_size': 936, 'payload_type': 126, 'send_time_ms': 26069, 'sequence_number': 1146, 'ssrc': 12648429}
{'arrival_time_ms': 29103, 'header_length': 24, 'padding_length': 0, 'payload_size': 936, 'payload_type': 126, 'send_time_ms': 26074, 'sequence_number': 1147, 'ssrc': 12648429}
{'arrival_time_ms': 29129, 'header_length': 24, 'padding_length': 0, 'payload_size': 936, 'payload_type': 126, 'send_time_ms': 26104, 'sequence_number': 1148, 'ssrc': 12648429}
{'arrival_time_ms': 29155, 'header_length': 24, 'padding_length': 0, 'payload_size': 936, 'payload_type': 126, 'send_time_ms': 26109, 'sequence_number': 1149, 'ssrc': 12648429}
{'arrival_time_ms': 29185, 'header_length': 24, 'padding_length': 0, 'payload_size': 1038, 'payload_type': 126, 'send_time_ms': 26134, 'sequence_number': 1150, 'ssrc': 12648429}
{'arrival_time_ms': 29214, 'header_length': 24, 'padding_length': 0, 'payload_size': 1038, 'payload_type': 126, 'send_time_ms': 26169, 'sequence_number': 1151, 'ssrc': 12648429}
{'arrival_time_ms': 29237, 'header_length': 24, 'padding_length': 0, 'payload_size': 830, 'payload_type': 126, 'send_time_ms': 26204, 'sequence_number': 1152, 'ssrc': 12648429}
{'arrival_time_ms': 29264, 'header_length': 24, 'padding_length': 0, 'payload_size': 936, 'payload_type': 126, 'send_time_ms': 26234, 'sequence_number': 1153, 'ssrc': 12648429}
{'arrival_time_ms': 29290, 'header_length': 24, 'padding_length': 0, 'payload_size': 936, 'payload_type': 126, 'send_time_ms': 26239, 'sequence_number': 1154, 'ssrc': 12648429}
{'arrival_time_ms': 29316, 'header_length': 24, 'padding_length': 0, 'payload_size': 936, 'payload_type': 126, 'send_time_ms': 26269, 'sequence_number': 1155, 'ssrc': 12648429}
{'arrival_time_ms': 29343, 'header_length': 24, 'padding_length': 0, 'payload_size': 936, 'payload_type': 126, 'send_time_ms': 26274, 'sequence_number': 1156, 'ssrc': 12648429}
{'arrival_time_ms': 29379, 'header_length': 24, 'padding_length': 0, 'payload_size': 1246, 'payload_type': 126, 'send_time_ms': 26304, 'sequence_number': 1157, 'ssrc': 12648429}
{'arrival_time_ms': 29405, 'header_length': 24, 'padding_length': 0, 'payload_size': 917, 'payload_type': 98, 'send_time_ms': 26314, 'sequence_number': 50, 'ssrc': 195939069}
{'arrival_time_ms': 29440, 'header_length': 24, 'padding_length': 0, 'payload_size': 1247, 'payload_type': 126, 'send_time_ms': 26339, 'sequence_number': 1159, 'ssrc': 12648429}
{'arrival_time_ms': 29466, 'header_length': 24, 'padding_length': 0, 'payload_size': 918, 'payload_type': 98, 'send_time_ms': 26384, 'sequence_number': 52, 'ssrc': 195939069}
{'arrival_time_ms': 29486, 'header_length': 24, 'padding_length': 0, 'payload_size': 711, 'payload_type': 126, 'send_time_ms': 26404, 'sequence_number': 1163, 'ssrc': 12648429}
{'arrival_time_ms': 29498, 'header_length': 24, 'padding_length': 0, 'payload_size': 380, 'payload_type': 126, 'send_time_ms': 26434, 'sequence_number': 1165, 'ssrc': 12648429}
{'arrival_time_ms': 29520, 'header_length': 24, 'padding_length': 0, 'payload_size': 780, 'payload_type': 98, 'send_time_ms': 26459, 'sequence_number': 54, 'ssrc': 195939069}
{'arrival_time_ms': 29542, 'header_length': 24, 'padding_length': 0, 'payload_size': 749, 'payload_type': 126, 'send_time_ms': 26469, 'sequence_number': 1166, 'ssrc': 12648429}
{'arrival_time_ms': 29563, 'header_length': 24, 'padding_length': 0, 'payload_size': 749, 'payload_type': 126, 'send_time_ms': 26504, 'sequence_number': 1167, 'ssrc': 12648429}
{'arrival_time_ms': 29577, 'header_length': 24, 'padding_length': 0, 'payload_size': 468, 'payload_type': 126, 'send_time_ms': 26534, 'sequence_number': 1168, 'ssrc': 12648429}
{'arrival_time_ms': 29591, 'header_length': 24, 'padding_length': 0, 'payload_size': 468, 'payload_type': 126, 'send_time_ms': 26569, 'sequence_number': 1169, 'ssrc': 12648429}
{'arrival_time_ms': 29628, 'header_length': 24, 'padding_length': 0, 'payload_size': 1355, 'payload_type': 126, 'send_time_ms': 26604, 'sequence_number': 1170, 'ssrc': 12648429}
{'arrival_time_ms': 29651, 'header_length': 24, 'padding_length': 0, 'payload_size': 778, 'payload_type': 98, 'send_time_ms': 26614, 'sequence_number': 55, 'ssrc': 195939069}
{'arrival_time_ms': 29673, 'header_length': 24, 'padding_length': 0, 'payload_size': 778, 'payload_type': 98, 'send_time_ms': 26619, 'sequence_number': 56, 'ssrc': 195939069}
{'arrival_time_ms': 29694, 'header_length': 24, 'padding_length': 0, 'payload_size': 744, 'payload_type': 126, 'send_time_ms': 26634, 'sequence_number': 1171, 'ssrc': 12648429}
{'arrival_time_ms': 29715, 'header_length': 24, 'padding_length': 0, 'payload_size': 745, 'payload_type': 126, 'send_time_ms': 26639, 'sequence_number': 1172, 'ssrc': 12648429}
{'arrival_time_ms': 29738, 'header_length': 24, 'padding_length': 0, 'payload_size': 809, 'payload_type': 126, 'send_time_ms': 26669, 'sequence_number': 1173, 'ssrc': 12648429}
{'arrival_time_ms': 29761, 'header_length': 24, 'padding_length': 0, 'payload_size': 809, 'payload_type': 126, 'send_time_ms': 26674, 'sequence_number': 1174, 'ssrc': 12648429}
{'arrival_time_ms': 29784, 'header_length': 24, 'padding_length': 0, 'payload_size': 809, 'payload_type': 126, 'send_time_ms': 26704, 'sequence_number': 1175, 'ssrc': 12648429}
{'arrival_time_ms': 29819, 'header_length': 24, 'padding_length': 0, 'payload_size': 1263, 'payload_type': 126, 'send_time_ms': 26734, 'sequence_number': 1177, 'ssrc': 12648429}
{'arrival_time_ms': 29843, 'header_length': 24, 'padding_length': 0, 'payload_size': 811, 'payload_type': 126, 'send_time_ms': 26769, 'sequence_number': 1178, 'ssrc': 12648429}
{'arrival_time_ms': 29867, 'header_length': 24, 'padding_length': 0, 'payload_size': 811, 'payload_type': 126, 'send_time_ms': 26804, 'sequence_number': 1180, 'ssrc': 12648429}
{'arrival_time_ms': 29891, 'header_length': 24, 'padding_length': 0, 'payload_size': 811, 'payload_type': 126, 'send_time_ms': 26809, 'sequence_number': 1181, 'ssrc': 12648429}
{'arrival_time_ms': 29914, 'header_length': 24, 'padding_length': 0, 'payload_size': 811, 'payload_type': 126, 'send_time_ms': 26834, 'sequence_number': 1182, 'ssrc': 12648429}
{'arrival_time_ms': 29937, 'header_length': 24, 'padding_length': 0, 'payload_size': 811, 'payload_type': 126, 'send_time_ms': 26839, 'sequence_number': 1183, 'ssrc': 12648429}
{'arrival_time_ms': 29960, 'header_length': 24, 'padding_length': 0, 'payload_size': 811, 'payload_type': 126, 'send_time_ms': 26869, 'sequence_number': 1184, 'ssrc': 12648429}
{'arrival_time_ms': 29981, 'header_length': 24, 'padding_length': 0, 'payload_size': 726, 'payload_type': 126, 'send_time_ms': 26904, 'sequence_number': 1186, 'ssrc': 12648429}
{'arrival_time_ms': 30001, 'header_length': 24, 'padding_length': 0, 'payload_size': 726, 'payload_type': 126, 'send_time_ms': 26934, 'sequence_number': 1187, 'ssrc': 12648429}
{'arrival_time_ms': 30022, 'header_length': 24, 'padding_length': 0, 'payload_size': 726, 'payload_type': 126, 'send_time_ms': 26969, 'sequence_number': 1188, 'ssrc': 12648429}
{'arrival_time_ms': 30043, 'header_length': 24, 'padding_length': 0, 'payload_size': 726, 'payload_type': 126, 'send_time_ms': 27004, 'sequence_number': 1189, 'ssrc': 12648429}
{'arrival_time_ms': 30066, 'header_length': 24, 'padding_length': 0, 'payload_size': 813, 'payload_type': 126, 'send_time_ms': 27034, 'sequence_number': 1190, 'ssrc': 12648429}
{'arrival_time_ms': 30089, 'header_length': 24, 'padding_length': 0, 'payload_size': 814, 'payload_type': 126, 'send_time_ms': 27039, 'sequence_number': 1191, 'ssrc': 12648429}
{'arrival_time_ms': 30120, 'header_length': 24, 'padding_length': 0, 'payload_size': 1084, 'payload_type': 126, 'send_time_ms': 27069, 'sequence_number': 1192, 'ssrc': 12648429}
{'arrival_time_ms': 30150, 'header_length': 24, 'padding_length': 0, 'payload_size': 1084, 'payload_type': 126, 'send_time_ms': 27104, 'sequence_number': 1193, 'ssrc': 12648429}
{'arrival_time_ms': 30173, 'header_length': 24, 'padding_length': 0, 'payload_size': 809, 'payload_type': 126, 'send_time_ms': 27134, 'sequence_number': 1194, 'ssrc': 12648429}
{'arrival_time_ms': 30196, 'header_length': 24, 'padding_length': 0, 'payload_size': 809, 'payload_type': 126, 'send_time_ms': 27139, 'sequence_number': 1195, 'ssrc': 12648429}
{'arrival_time_ms': 30219, 'header_length': 24, 'padding_length': 0, 'payload_size': 809, 'payload_type': 126, 'send_time_ms': 27169, 'sequence_number': 1196, 'ssrc': 12648429}
{'arrival_time_ms': 30242, 'header_length': 24, 'padding_length': 0, 'payload_size': 809, 'payload_type': 126, 'send_time_ms': 27174, 'sequence_number': 1197, 'ssrc': 12648429}
{'arrival_time_ms': 30277, 'header_length': 24, 'padding_length': 0, 'payload_size': 1263, 'payload_type': 126, 'send_time_ms': 27204, 'sequence_number': 1198, 'ssrc': 12648429}
{'arrival_time_ms': 30312, 'header_length': 24, 'padding_length': 0, 'payload_size': 1263, 'payload_type': 126, 'send_time_ms': 27234, 'sequence_number': 1199, 'ssrc': 12648429}
{'arrival_time_ms': 30338, 'header_length': 24, 'padding_length': 0, 'payload_size': 901, 'payload_type': 126, 'send_time_ms': 27269, 'sequence_number': 1200, 'ssrc': 12648429}
{'arrival_time_ms': 30363, 'header_length': 24, 'padding_length': 0, 'payload_size': 901, 'payload_type': 126, 'send_time_ms': 27304, 'sequence_number': 1201, 'ssrc': 12648429}
{'arrival_time_ms': 30402, 'header_length': 24, 'padding_length': 0, 'payload_size': 1409, 'payload_type': 126, 'send_time_ms': 27334, 'sequence_number': 1202, 'ssrc': 12648429}
{'arrival_time_ms': 30425, 'header_length': 24, 'padding_length': 0, 'payload_size': 813, 'payload_type': 126, 'send_time_ms': 27369, 'sequence_number': 1203, 'ssrc': 12648429}
{'arrival_time_ms': 30448, 'header_length': 24, 'padding_length': 0, 'payload_size': 814, 'payload_type': 126, 'send_time_ms': 27374, 'sequence_number': 1204, 'ssrc': 12648429}
{'arrival_time_ms': 30472, 'header_length': 24, 'padding_length': 0, 'payload_size': 813, 'payload_type': 126, 'send_time_ms': 27404, 'sequence_number': 1205, 'ssrc': 12648429}
{'arrival_time_ms': 30495, 'header_length': 24, 'padding_length': 0, 'payload_size': 814, 'payload_type': 126, 'send_time_ms': 27409, 'sequence_number': 1206, 'ssrc': 12648429}
{'arrival_time_ms': 30518, 'header_length': 24, 'padding_length': 0, 'payload_size': 813, 'payload_type': 126, 'send_time_ms': 27434, 'sequence_number': 1207, 'ssrc': 12648429}
{'arrival_time_ms': 30541, 'header_length': 24, 'padding_length': 0, 'payload_size': 813, 'payload_type': 126, 'send_time_ms': 27469, 'sequence_number': 1209, 'ssrc': 12648429}
{'arrival_time_ms': 30564, 'header_length': 24, 'padding_length': 0, 'payload_size': 814, 'payload_type': 126, 'send_time_ms': 27474, 'sequence_number': 1210, 'ssrc': 12648429}
{'arrival_time_ms': 30592, 'header_length': 24, 'padding_length': 0, 'payload_size': 996, 'payload_type': 126, 'send_time_ms': 27504, 'sequence_number': 1211, 'ssrc': 12648429}
{'arrival_time_ms': 30620, 'header_length': 24, 'padding_length': 0, 'payload_size': 996, 'payload_type': 126, 'send_time_ms': 27534, 'sequence_number': 1212, 'ssrc': 12648429}
{'arrival_time_ms': 30648, 'header_length': 24, 'padding_length': 0, 'payload_size': 996, 'payload_type': 126, 'send_time_ms': 27569, 'sequence_number': 1213, 'ssrc': 12648429}
{'arrival_time_ms': 30676, 'header_length': 24, 'padding_length': 0, 'payload_size': 996, 'payload_type': 126, 'send_time_ms': 27604, 'sequence_number': 1214, 'ssrc': 12648429}
{'arrival_time_ms': 30704, 'header_length': 24, 'padding_length': 0, 'payload_size': 996, 'payload_type': 126, 'send_time_ms': 27634, 'sequence_number': 1215, 'ssrc': 12648429}
{'arrival_time_ms': 30732, 'header_length': 24, 'padding_length': 0, 'payload_size': 996, 'payload_type': 126, 'send_time_ms': 27669, 'sequence_number': 1216, 'ssrc': 12648429}
{'arrival_time_ms': 30756, 'header_length': 24, 'padding_length': 0, 'payload_size': 830, 'payload_type': 126, 'send_time_ms': 27704, 'sequence_number': 1217, 'ssrc': 12648429}
{'arrival_time_ms': 30782, 'header_length': 24, 'padding_length': 0, 'payload_size': 936, 'payload_type': 126, 'send_time_ms': 27734, 'sequence_number': 1218, 'ssrc': 12648429}
{'arrival_time_ms': 30808, 'header_length': 24, 'padding_length': 0, 'payload_size': 936, 'payload_type': 126, 'send_time_ms': 27739, 'sequence_number': 1219, 'ssrc': 12648429}
{'arrival_time_ms': 30835, 'header_length': 24, 'padding_length': 0, 'payload_size': 936, 'payload_type': 126, 'send_time_ms': 27769, 'sequence_number': 1220, 'ssrc': 12648429}
{'arrival_time_ms': 30863, 'header_length': 24, 'padding_length': 0, 'payload_size': 936, 'payload_type': 126, 'send_time_ms': 27774, 'sequence_number': 1221, 'ssrc': 12648429}
{'arrival_time_ms': 30889, 'header_length': 24, 'padding_length': 0, 'payload_size': 936, 'payload_type': 126, 'send_time_ms': 27804, 'sequence_number': 1222, 'ssrc': 12648429}
{'arrival_time_ms': 30916, 'header_length': 24, 'padding_length': 0, 'payload_size': 936, 'payload_type': 126, 'send_time_ms': 27834, 'sequence_number': 1224, 'ssrc': 12648429}
{'arrival_time_ms': 30942, 'header_length': 24, 'padding_length': 0, 'payload_size': 936, 'payload_type': 126, 'send_time_ms': 27839, 'sequence_number': 1225, 'ssrc': 12648429}
{'arrival_time_ms': 30969, 'header_length': 24, 'padding_length': 0, 'payload_size': 936, 'payload_type': 126, 'send_time_ms': 27869, 'sequence_number': 1226, 'ssrc': 12648429}
{'arrival_time_ms': 30995, 'header_length': 24, 'padding_length': 0, 'payload_size': 936, 'payload_type': 126, 'send_time_ms': 27909, 'sequence_number': 1229, 'ssrc': 12648429}
{'arrival_time_ms': 31021, 'header_length': 24, 'padding_length': 0, 'payload_size': 936, 'payload_type': 126, 'send_time_ms': 27934, 'sequence_number': 1230, 'ssrc': 12648429}
{'arrival_time_ms': 31048, 'header_length': 24, 'padding_length': 0, 'payload_size': 936, 'payload_type': 126, 'send_time_ms': 27969, 'sequence_number': 1232, 'ssrc': 12648429}
{'arrival_time_ms': 31074, 'header_length': 24, 'padding_length': 0, 'payload_size': 936, 'payload_type': 126, 'send_time_ms': 27974, 'sequence_number': 1233, 'ssrc': 12648429}
{'arrival_time_ms': 31098, 'header_length': 24, 'padding_length': 0, 'payload_size': 832, 'payload_type': 126, 'send_time_ms': 28004, 'sequence_number': 1234, 'ssrc': 12648429}
{'arrival_time_ms': 31121, 'header_length': 24, 'padding_length': 0, 'payload_size': 807, 'payload_type': 98, 'send_time_ms': 28019, 'sequence_number': 57, 'ssrc': 195939069}
{'arrival_time_ms': 31144, 'header_length': 24, 'padding_length': 0, 'payload_size': 832, 'payload_type': 126, 'send_time_ms': 28069, 'sequence_number': 1238, 'ssrc': 12648429}
{'arrival_time_ms': 31168, 'header_length': 24, 'padding_length': 0, 'payload_size': 832, 'payload_type': 126, 'send_time_ms': 28074, 'sequence_number': 1239, 'ssrc': 12648429}
{'arrival_time_ms': 31191, 'header_length': 24, 'padding_length': 0, 'payload_size': 813, 'payload_type': 126, 'send_time_ms': 28104, 'sequence_number': 1240, 'ssrc': 12648429}
{'arrival_time_ms': 31214, 'header_length': 24, 'padding_length': 0, 'payload_size': 813, 'payload_type': 126, 'send_time_ms': 28134, 'sequence_number': 1241, 'ssrc': 12648429}
{'arrival_time_ms': 31254, 'header_length': 24, 'padding_length': 0, 'payload_size': 1430, 'payload_type': 126, 'send_time_ms': 28169, 'sequence_number': 1242, 'ssrc': 12648429}
{'arrival_time_ms': 31294, 'header_length': 24, 'padding_length': 0, 'payload_size': 1430, 'payload_type': 126, 'send_time_ms': 28204, 'sequence_number': 1243, 'ssrc': 12648429}
{'arrival_time_ms': 31314, 'header_length': 24, 'padding_length': 0, 'payload_size': 730, 'payload_type': 98, 'send_time_ms': 28224, 'sequence_number': 58, 'ssrc': 195939069}
{'arrival_time_ms': 31343, 'header_length': 24, 'padding_length': 0, 'payload_size': 1017, 'payload_type': 126, 'send_time_ms': 28269, 'sequence_number': 1245, 'ssrc': 12648429}
{'arrival_time_ms': 31364, 'header_length': 24, 'padding_length': 0, 'payload_size': 724, 'payload_type': 98, 'send_time_ms': 28299, 'sequence_number': 59, 'ssrc': 195939069}
{'arrival_time_ms': 31387, 'header_length': 24, 'padding_length': 0, 'payload_size': 801, 'payload_type': 126, 'send_time_ms': 28309, 'sequence_number': 1246, 'ssrc': 12648429}
{'arrival_time_ms': 31414, 'header_length': 24, 'padding_length': 0, 'payload_size': 984, 'payload_type': 126, 'send_time_ms': 28334, 'sequence_number': 1247, 'ssrc': 12648429}
{'arrival_time_ms': 31442, 'header_length': 24, 'padding_length': 0, 'payload_size': 984, 'payload_type': 126, 'send_time_ms': 28369, 'sequence_number': 1248, 'ssrc': 12648429}
{'arrival_time_ms': 31467, 'header_length': 24, 'padding_length': 0, 'payload_size': 886, 'payload_type': 126, 'send_time_ms': 28404, 'sequence_number': 1249, 'ssrc': 12648429}
{'arrival_time_ms': 31492, 'header_length': 24, 'padding_length': 0, 'payload_size': 886, 'payload_type': 126, 'send_time_ms': 28409, 'sequence_number': 1250, 'ssrc': 12648429}
{'arrival_time_ms': 31517, 'header_length': 24, 'padding_length': 0, 'payload_size': 886, 'payload_type': 126, 'send_time_ms': 28434, 'sequence_number': 1251, 'ssrc': 12648429}
{'arrival_time_ms': 31540, 'header_length': 24, 'padding_length': 0, 'payload_size': 788, 'payload_type': 126, 'send_time_ms': 28469, 'sequence_number': 1253, 'ssrc': 12648429}
{'arrival_time_ms': 31562, 'header_length': 24, 'padding_length': 0, 'payload_size': 788, 'payload_type': 126, 'send_time_ms': 28504, 'sequence_number': 1254, 'ssrc': 12648429}
{'arrival_time_ms': 31587, 'header_length': 24, 'padding_length': 0, 'payload_size': 886, 'payload_type': 126, 'send_time_ms': 28534, 'sequence_number': 1255, 'ssrc': 12648429}
{'arrival_time_ms': 31612, 'header_length': 24, 'padding_length': 0, 'payload_size': 886, 'payload_type': 126, 'send_time_ms': 28539, 'sequence_number': 1256, 'ssrc': 12648429}
{'arrival_time_ms': 31637, 'header_length': 24, 'padding_length': 0, 'payload_size': 886, 'payload_type': 126, 'send_time_ms': 28569, 'sequence_number': 1257, 'ssrc': 12648429}
{'arrival_time_ms': 31662, 'header_length': 24, 'padding_length': 0, 'payload_size': 886, 'payload_type': 126, 'send_time_ms': 28574, 'sequence_number': 1258, 'ssrc': 12648429}
{'arrival_time_ms': 31695, 'header_length': 24, 'padding_length': 0, 'payload_size': 1184, 'payload_type': 126, 'send_time_ms': 28604, 'sequence_number': 1259, 'ssrc': 12648429}
{'arrival_time_ms': 31718, 'header_length': 24, 'padding_length': 0, 'payload_size': 788, 'payload_type': 126, 'send_time_ms': 28634, 'sequence_number': 1260, 'ssrc': 12648429}
{'arrival_time_ms': 31740, 'header_length': 24, 'padding_length': 0, 'payload_size': 788, 'payload_type': 126, 'send_time_ms': 28669, 'sequence_number': 1261, 'ssrc': 12648429}
{'arrival_time_ms': 31768, 'header_length': 24, 'padding_length': 0, 'payload_size': 984, 'payload_type': 126, 'send_time_ms': 28704, 'sequence_number': 1262, 'ssrc': 12648429}
{'arrival_time_ms': 31796, 'header_length': 24, 'padding_length': 0, 'payload_size': 984, 'payload_type': 126, 'send_time_ms': 28734, 'sequence_number': 1263, 'ssrc': 12648429}
{'arrival_time_ms': 31823, 'header_length': 24, 'padding_length': 0, 'payload_size': 984, 'payload_type': 126, 'send_time_ms': 28769, 'sequence_number': 1264, 'ssrc': 12648429}
{'arrival_time_ms': 31853, 'header_length': 24, 'padding_length': 0, 'payload_size': 984, 'payload_type': 126, 'send_time_ms': 28804, 'sequence_number': 1265, 'ssrc': 12648429}
{'arrival_time_ms': 31880, 'header_length': 24, 'padding_length': 0, 'payload_size': 984, 'payload_type': 126, 'send_time_ms': 28834, 'sequence_number': 1266, 'ssrc': 12648429}
{'arrival_time_ms': 31908, 'header_length': 24, 'padding_length': 0, 'payload_size': 984, 'payload_type': 126, 'send_time_ms': 28869, 'sequence_number': 1267, 'ssrc': 12648429}
{'arrival_time_ms': 31946, 'header_length': 24, 'padding_length': 0, 'payload_size': 1371, 'payload_type': 126, 'send_time_ms': 28904, 'sequence_number': 1268, 'ssrc': 12648429}
{'arrival_time_ms': 31974, 'header_length': 24, 'padding_length': 0, 'payload_size': 980, 'payload_type': 126, 'send_time_ms': 28934, 'sequence_number': 1269, 'ssrc': 12648429}
{'arrival_time_ms': 32001, 'header_length': 24, 'padding_length': 0, 'payload_size': 980, 'payload_type': 126, 'send_time_ms': 28969, 'sequence_number': 1270, 'ssrc': 12648429}
{'arrival_time_ms': 32023, 'header_length': 24, 'padding_length': 0, 'payload_size': 776, 'payload_type': 126, 'send_time_ms': 29004, 'sequence_number': 1271, 'ssrc': 12648429}
{'arrival_time_ms': 32046, 'header_length': 24, 'padding_length': 0, 'payload_size': 776, 'payload_type': 126, 'send_time_ms': 29034, 'sequence_number': 1272, 'ssrc': 12648429}
{'arrival_time_ms': 32084, 'header_length': 24, 'padding_length': 0, 'payload_size': 1392, 'payload_type': 126, 'send_time_ms': 29069, 'sequence_number': 1273, 'ssrc': 12648429}
{'arrival_time_ms': 32123, 'header_length': 24, 'padding_length': 0, 'payload_size': 1392, 'payload_type': 126, 'send_time_ms': 29104, 'sequence_number': 1274, 'ssrc': 12648429}
{'arrival_time_ms': 32151, 'header_length': 24, 'padding_length': 0, 'payload_size': 996, 'payload_type': 126, 'send_time_ms': 29134, 'sequence_number': 1275, 'ssrc': 12648429}
{'arrival_time_ms': 32179, 'header_length': 24, 'padding_length': 0, 'payload_size': 996, 'payload_type': 126, 'send_time_ms': 29169, 'sequence_number': 1276, 'ssrc': 12648429}
{'arrival_time_ms': 32217, 'header_length': 24, 'padding_length': 0, 'payload_size': 1392, 'payload_type': 126, 'send_time_ms': 29204, 'sequence_number': 1277, 'ssrc': 12648429}
{'arrival_time_ms': 32243, 'header_length': 24, 'padding_length': 0, 'payload_size': 917, 'payload_type': 126, 'send_time_ms': 29234, 'sequence_number': 1278, 'ssrc': 12648429}
{'arrival_time_ms': 32269, 'header_length': 24, 'padding_length': 0, 'payload_size': 918, 'payload_type': 126, 'send_time_ms': 29239, 'sequence_number': 1279, 'ssrc': 12648429}
{'arrival_time_ms': 32295, 'header_length': 24, 'padding_length': 0, 'payload_size': 917, 'payload_type': 126, 'send_time_ms': 29269, 'sequence_number': 1280, 'ssrc': 12648429}
{'arrival_time_ms': 32323, 'header_length': 24, 'padding_length': 0, 'payload_size': 918, 'payload_type': 126, 'send_time_ms': 29274, 'sequence_number': 1281, 'ssrc': 12648429}
{'arrival_time_ms': 32359, 'header_length': 24, 'padding_length': 0, 'payload_size': 1298, 'payload_type': 126, 'send_time_ms': 29304, 'sequence_number': 1282, 'ssrc': 12648429}
{'arrival_time_ms': 32395, 'header_length': 24, 'padding_length': 0, 'payload_size': 1298, 'payload_type': 126, 'send_time_ms': 29319, 'sequence_number': 1283, 'ssrc': 12648429}
{'arrival_time_ms': 32431, 'header_length': 24, 'padding_length': 0, 'payload_size': 1298, 'payload_type': 126, 'send_time_ms': 29334, 'sequence_number': 1284, 'ssrc': 12648429}
{'arrival_time_ms': 32446, 'header_length': 24, 'padding_length': 0, 'payload_size': 520, 'payload_type': 126, 'send_time_ms': 29374, 'sequence_number': 1286, 'ssrc': 12648429}
{'arrival_time_ms': 32459, 'header_length': 24, 'padding_length': 0, 'payload_size': 416, 'payload_type': 126, 'send_time_ms': 29379, 'sequence_number': 1287, 'ssrc': 12648429}
{'arrival_time_ms': 32471, 'header_length': 24, 'padding_length': 0, 'payload_size': 416, 'payload_type': 126, 'send_time_ms': 29404, 'sequence_number': 1288, 'ssrc': 12648429}
{'arrival_time_ms': 32492, 'header_length': 24, 'padding_length': 0, 'payload_size': 728, 'payload_type': 126, 'send_time_ms': 29434, 'sequence_number': 1289, 'ssrc': 12648429}
{'arrival_time_ms': 32513, 'header_length': 24, 'padding_length': 0, 'payload_size': 728, 'payload_type': 126, 'send_time_ms': 29469, 'sequence_number': 1290, 'ssrc': 12648429}
{'arrival_time_ms': 32528, 'header_length': 24, 'padding_length': 0, 'payload_size': 520, 'payload_type': 126, 'send_time_ms': 29504, 'sequence_number': 1291, 'ssrc': 12648429}
{'arrival_time_ms': 32549, 'header_length': 24, 'padding_length': 0, 'payload_size': 728, 'payload_type': 126, 'send_time_ms': 29534, 'sequence_number': 1292, 'ssrc': 12648429}
{'arrival_time_ms': 32584, 'header_length': 24, 'padding_length': 0, 'payload_size': 1249, 'payload_type': 98, 'send_time_ms': 29544, 'sequence_number': 60, 'ssrc': 195939069}
{'arrival_time_ms': 32621, 'header_length': 24, 'padding_length': 0, 'payload_size': 1352, 'payload_type': 126, 'send_time_ms': 29569, 'sequence_number': 1293, 'ssrc': 12648429}
{'arrival_time_ms': 32656, 'header_length': 24, 'padding_length': 0, 'payload_size': 1249, 'payload_type': 98, 'send_time_ms': 29594, 'sequence_number': 61, 'ssrc': 195939069}
{'arrival_time_ms': 32691, 'header_length': 28, 'padding_length': 0, 'payload_size': 1245, 'payload_type': 98, 'send_time_ms': 29604, 'sequence_number': 62, 'ssrc': 195939069}
{'arrival_time_ms': 32709, 'header_length': 24, 'padding_length': 0, 'payload_size': 626, 'payload_type': 98, 'send_time_ms': 29619, 'sequence_number': 63, 'ssrc': 195939069}
{'arrival_time_ms': 32736, 'header_length': 24, 'padding_length': 0, 'payload_size': 967, 'payload_type': 126, 'send_time_ms': 29639, 'sequence_number': 1294, 'ssrc': 12648429}
{'arrival_time_ms': 32763, 'header_length': 24, 'padding_length': 0, 'payload_size': 967, 'payload_type': 126, 'send_time_ms': 29669, 'sequence_number': 1296, 'ssrc': 12648429}
{'arrival_time_ms': 32791, 'header_length': 24, 'padding_length': 0, 'payload_size': 967, 'payload_type': 126, 'send_time_ms': 29704, 'sequence_number': 1297, 'ssrc': 12648429}
{'arrival_time_ms': 32818, 'header_length': 24, 'padding_length': 0, 'payload_size': 967, 'payload_type': 126, 'send_time_ms': 29734, 'sequence_number': 1298, 'ssrc': 12648429}
{'arrival_time_ms': 32848, 'header_length': 24, 'padding_length': 0, 'payload_size': 1084, 'payload_type': 126, 'send_time_ms': 29769, 'sequence_number': 1299, 'ssrc': 12648429}
{'arrival_time_ms': 32880, 'header_length': 24, 'padding_length': 0, 'payload_size': 1084, 'payload_type': 126, 'send_time_ms': 29804, 'sequence_number': 1300, 'ssrc': 12648429}
{'arrival_time_ms': 32904, 'header_length': 24, 'padding_length': 0, 'payload_size': 815, 'payload_type': 126, 'send_time_ms': 29834, 'sequence_number': 1301, 'ssrc': 12648429}
{'arrival_time_ms': 32927, 'header_length': 24, 'padding_length': 0, 'payload_size': 816, 'payload_type': 126, 'send_time_ms': 29839, 'sequence_number': 1302, 'ssrc': 12648429}
{'arrival_time_ms': 32950, 'header_length': 24, 'padding_length': 0, 'payload_size': 815, 'payload_type': 126, 'send_time_ms': 29869, 'sequence_number': 1303, 'ssrc': 12648429}
{'arrival_time_ms': 32976, 'header_length': 24, 'padding_length': 0, 'payload_size': 905, 'payload_type': 126, 'send_time_ms': 29904, 'sequence_number': 1305, 'ssrc': 12648429}
{'arrival_time_ms': 32999, 'header_length': 24, 'padding_length': 0, 'payload_size': 811, 'payload_type': 98, 'send_time_ms': 29924, 'sequence_number': 65, 'ssrc': 195939069}
{'arrival_time_ms': 33024, 'header_length': 24, 'padding_length': 0, 'payload_size': 905, 'payload_type': 126, 'send_time_ms': 29934, 'sequence_number': 1306, 'ssrc': 12648429}
{'arrival_time_ms': 33047, 'header_length': 24, 'padding_length': 0, 'payload_size': 801, 'payload_type': 126, 'send_time_ms': 29969, 'sequence_number': 1307, 'ssrc': 12648429}
{'arrival_time_ms': 33070, 'header_length': 24, 'padding_length': 0, 'payload_size': 813, 'payload_type': 98, 'send_time_ms': 29974, 'sequence_number': 66, 'ssrc': 195939069}
{'arrival_time_ms': 33093, 'header_length': 24, 'padding_length': 0, 'payload_size': 801, 'payload_type': 126, 'send_time_ms': 30004, 'sequence_number': 1309, 'ssrc': 12648429}
{'arrival_time_ms': 33113, 'header_length': 24, 'padding_length': 0, 'payload_size': 701, 'payload_type': 126, 'send_time_ms': 30034, 'sequence_number': 1311, 'ssrc': 12648429}
{'arrival_time_ms': 33133, 'header_length': 24, 'padding_length': 0, 'payload_size': 701, 'payload_type': 126, 'send_time_ms': 30069, 'sequence_number': 1312, 'ssrc': 12648429}
{'arrival_time_ms': 33156, 'header_length': 24, 'padding_length': 0, 'payload_size': 813, 'payload_type': 98, 'send_time_ms': 30089, 'sequence_number': 67, 'ssrc': 195939069}
{'arrival_time_ms': 33176, 'header_length': 24, 'padding_length': 0, 'payload_size': 701, 'payload_type': 126, 'send_time_ms': 30104, 'sequence_number': 1313, 'ssrc': 12648429}
{'arrival_time_ms': 33197, 'header_length': 24, 'padding_length': 0, 'payload_size': 701, 'payload_type': 126, 'send_time_ms': 30134, 'sequence_number': 1314, 'ssrc': 12648429}
{'arrival_time_ms': 33217, 'header_length': 24, 'padding_length': 0, 'payload_size': 701, 'payload_type': 126, 'send_time_ms': 30169, 'sequence_number': 1315, 'ssrc': 12648429}
{'arrival_time_ms': 33241, 'header_length': 24, 'padding_length': 0, 'payload_size': 851, 'payload_type': 126, 'send_time_ms': 30204, 'sequence_number': 1316, 'ssrc': 12648429}
{'arrival_time_ms': 33265, 'header_length': 24, 'padding_length': 0, 'payload_size': 851, 'payload_type': 126, 'send_time_ms': 30234, 'sequence_number': 1317, 'ssrc': 12648429}
{'arrival_time_ms': 33287, 'header_length': 24, 'padding_length': 0, 'payload_size': 763, 'payload_type': 126, 'send_time_ms': 30269, 'sequence_number': 1318, 'ssrc': 12648429}
{'arrival_time_ms': 33310, 'header_length': 24, 'padding_length': 0, 'payload_size': 764, 'payload_type': 126, 'send_time_ms': 30274, 'sequence_number': 1319, 'ssrc': 12648429}
{'arrival_time_ms': 33332, 'header_length': 24, 'padding_length': 0, 'payload_size': 763, 'payload_type': 126, 'send_time_ms': 30304, 'sequence_number': 1320, 'ssrc': 12648429}
{'arrival_time_ms': 33354, 'header_length': 24, 'padding_length': 0, 'payload_size': 764, 'payload_type': 126, 'send_time_ms': 30309, 'sequence_number': 1321, 'ssrc': 12648429}
{'arrival_time_ms': 33391, 'header_length': 24, 'padding_length': 0, 'payload_size': 1321, 'payload_type': 126, 'send_time_ms': 30334, 'sequence_number': 1322, 'ssrc': 12648429}
{'arrival_time_ms': 33427, 'header_length': 24, 'padding_length': 0, 'payload_size': 1321, 'payload_type': 126, 'send_time_ms': 30369, 'sequence_number': 1323, 'ssrc': 12648429}
{'arrival_time_ms': 33451, 'header_length': 24, 'padding_length': 0, 'payload_size': 834, 'payload_type': 126, 'send_time_ms': 30404, 'sequence_number': 1324, 'ssrc': 12648429}
{'arrival_time_ms': 33470, 'header_length': 24, 'padding_length': 0, 'payload_size': 667, 'payload_type': 126, 'send_time_ms': 30434, 'sequence_number': 1325, 'ssrc': 12648429}
{'arrival_time_ms': 33490, 'header_length': 24, 'padding_length': 0, 'payload_size': 667, 'payload_type': 126, 'send_time_ms': 30469, 'sequence_number': 1326, 'ssrc': 12648429}
{'arrival_time_ms': 33513, 'header_length': 24, 'padding_length': 0, 'payload_size': 834, 'payload_type': 126, 'send_time_ms': 30504, 'sequence_number': 1327, 'ssrc': 12648429}
{'arrival_time_ms': 33537, 'header_length': 24, 'padding_length': 0, 'payload_size': 834, 'payload_type': 126, 'send_time_ms': 30534, 'sequence_number': 1328, 'ssrc': 12648429}
{'arrival_time_ms': 33575, 'header_length': 24, 'padding_length': 0, 'payload_size': 1388, 'payload_type': 126, 'send_time_ms': 30569, 'sequence_number': 1329, 'ssrc': 12648429}
{'arrival_time_ms': 33614, 'header_length': 24, 'padding_length': 0, 'payload_size': 1388, 'payload_type': 126, 'send_time_ms': 30604, 'sequence_number': 1330, 'ssrc': 12648429}
{'arrival_time_ms': 33638, 'header_length': 24, 'padding_length': 0, 'payload_size': 836, 'payload_type': 126, 'send_time_ms': 30634, 'sequence_number': 1331, 'ssrc': 12648429}
{'arrival_time_ms': 33661, 'header_length': 24, 'padding_length': 0, 'payload_size': 836, 'payload_type': 126, 'send_time_ms': 30639, 'sequence_number': 1332, 'ssrc': 12648429}
{'arrival_time_ms': 33684, 'header_length': 24, 'padding_length': 0, 'payload_size': 816, 'payload_type': 98, 'send_time_ms': 30649, 'sequence_number': 68, 'ssrc': 195939069}
{'arrival_time_ms': 33708, 'header_length': 24, 'padding_length': 0, 'payload_size': 836, 'payload_type': 126, 'send_time_ms': 30669, 'sequence_number': 1333, 'ssrc': 12648429}
{'arrival_time_ms': 33732, 'header_length': 24, 'padding_length': 0, 'payload_size': 836, 'payload_type': 126, 'send_time_ms': 30674, 'sequence_number': 1334, 'ssrc': 12648429}
{'arrival_time_ms': 33756, 'header_length': 24, 'padding_length': 0, 'payload_size': 836, 'payload_type': 126, 'send_time_ms': 30704, 'sequence_number': 1335, 'ssrc': 12648429}
{'arrival_time_ms': 33779, 'header_length': 24, 'padding_length': 0, 'payload_size': 836, 'payload_type': 126, 'send_time_ms': 30709, 'sequence_number': 1336, 'ssrc': 12648429}
{'arrival_time_ms': 33806, 'header_length': 24, 'padding_length': 0, 'payload_size': 946, 'payload_type': 126, 'send_time_ms': 30734, 'sequence_number': 1337, 'ssrc': 12648429}
{'arrival_time_ms': 33833, 'header_length': 24, 'padding_length': 0, 'payload_size': 946, 'payload_type': 126, 'send_time_ms': 30769, 'sequence_number': 1338, 'ssrc': 12648429}
{'arrival_time_ms': 33856, 'header_length': 24, 'padding_length': 0, 'payload_size': 759, 'payload_type': 126, 'send_time_ms': 30804, 'sequence_number': 1339, 'ssrc': 12648429}
{'arrival_time_ms': 33878, 'header_length': 24, 'padding_length': 0, 'payload_size': 759, 'payload_type': 126, 'send_time_ms': 30834, 'sequence_number': 1340, 'ssrc': 12648429}
{'arrival_time_ms': 33900, 'header_length': 24, 'padding_length': 0, 'payload_size': 759, 'payload_type': 126, 'send_time_ms': 30869, 'sequence_number': 1341, 'ssrc': 12648429}
{'arrival_time_ms': 33921, 'header_length': 24, 'padding_length': 0, 'payload_size': 759, 'payload_type': 126, 'send_time_ms': 30904, 'sequence_number': 1342, 'ssrc': 12648429}
{'arrival_time_ms': 33945, 'header_length': 24, 'padding_length': 0, 'payload_size': 848, 'payload_type': 126, 'send_time_ms': 30934, 'sequence_number': 1343, 'ssrc': 12648429}
{'arrival_time_ms': 33969, 'header_length': 24, 'padding_length': 0, 'payload_size': 849, 'payload_type': 126, 'send_time_ms': 30939, 'sequence_number': 1344, 'ssrc': 12648429}
{'arrival_time_ms': 34002, 'header_length': 24, 'padding_length': 0, 'payload_size': 1159, 'payload_type': 126, 'send_time_ms': 30969, 'sequence_number': 1345, 'ssrc': 12648429}
{'arrival_time_ms': 34034, 'header_length': 24, 'padding_length': 0, 'payload_size': 1159, 'payload_type': 126, 'send_time_ms': 31004, 'sequence_number': 1346, 'ssrc': 12648429}
{'arrival_time_ms': 34061, 'header_length': 24, 'padding_length': 0, 'payload_size': 938, 'payload_type': 98, 'send_time_ms': 31024, 'sequence_number': 69, 'ssrc': 195939069}
{'arrival_time_ms': 34086, 'header_length': 24, 'padding_length': 0, 'payload_size': 890, 'payload_type': 126, 'send_time_ms': 31034, 'sequence_number': 1347, 'ssrc': 12648429}
{'arrival_time_ms': 34111, 'header_length': 24, 'padding_length': 0, 'payload_size': 891, 'payload_type': 126, 'send_time_ms': 31039, 'sequence_number': 1348, 'ssrc': 12648429}
{'arrival_time_ms': 34136, 'header_length': 24, 'padding_length': 0, 'payload_size': 890, 'payload_type': 126, 'send_time_ms': 31069, 'sequence_number': 1349, 'ssrc': 12648429}
{'arrival_time_ms': 34161, 'header_length': 24, 'padding_length': 0, 'payload_size': 891, 'payload_type': 126, 'send_time_ms': 31074, 'sequence_number': 1350, 'ssrc': 12648429}
{'arrival_time_ms': 34188, 'header_length': 24, 'padding_length': 0, 'payload_size': 938, 'payload_type': 98, 'send_time_ms': 31104, 'sequence_number': 70, 'ssrc': 195939069}
{'arrival_time_ms': 34213, 'header_length': 24, 'padding_length': 0, 'payload_size': 890, 'payload_type': 126, 'send_time_ms': 31114, 'sequence_number': 1351, 'ssrc': 12648429}
{'arrival_time_ms': 34238, 'header_length': 24, 'padding_length': 0, 'payload_size': 891, 'payload_type': 126, 'send_time_ms': 31119, 'sequence_number': 1352, 'ssrc': 12648429}
{'arrival_time_ms': 34265, 'header_length': 24, 'padding_length': 0, 'payload_size': 938, 'payload_type': 98, 'send_time_ms': 31154, 'sequence_number': 72, 'ssrc': 195939069}
{'arrival_time_ms': 34290, 'header_length': 24, 'padding_length': 0, 'payload_size': 890, 'payload_type': 126, 'send_time_ms': 31204, 'sequence_number': 1357, 'ssrc': 12648429}
{'arrival_time_ms': 34311, 'header_length': 24, 'padding_length': 0, 'payload_size': 742, 'payload_type': 126, 'send_time_ms': 31234, 'sequence_number': 1359, 'ssrc': 12648429}
{'arrival_time_ms': 34335, 'header_length': 24, 'padding_length': 0, 'payload_size': 834, 'payload_type': 98, 'send_time_ms': 31249, 'sequence_number': 73, 'ssrc': 195939069}
{'arrival_time_ms': 34355, 'header_length': 24, 'padding_length': 0, 'payload_size': 701, 'payload_type': 126, 'send_time_ms': 31269, 'sequence_number': 1361, 'ssrc': 12648429}
{'arrival_time_ms': 34375, 'header_length': 24, 'padding_length': 0, 'payload_size': 701, 'payload_type': 126, 'send_time_ms': 31304, 'sequence_number': 1362, 'ssrc': 12648429}
{'arrival_time_ms': 34400, 'header_length': 24, 'padding_length': 0, 'payload_size': 871, 'payload_type': 126, 'send_time_ms': 31334, 'sequence_number': 1363, 'ssrc': 12648429}
{'arrival_time_ms': 34424, 'header_length': 24, 'padding_length': 0, 'payload_size': 871, 'payload_type': 126, 'send_time_ms': 31369, 'sequence_number': 1364, 'ssrc': 12648429}
{'arrival_time_ms': 34458, 'header_length': 24, 'padding_length': 0, 'payload_size': 1209, 'payload_type': 126, 'send_time_ms': 31404, 'sequence_number': 1365, 'ssrc': 12648429}
{'arrival_time_ms': 34492, 'header_length': 24, 'padding_length': 0, 'payload_size': 1209, 'payload_type': 126, 'send_time_ms': 31434, 'sequence_number': 1366, 'ssrc': 12648429}
{'arrival_time_ms': 34520, 'header_length': 24, 'padding_length': 0, 'payload_size': 1019, 'payload_type': 98, 'send_time_ms': 31449, 'sequence_number': 76, 'ssrc': 195939069}
{'arrival_time_ms': 34549, 'header_length': 24, 'padding_length': 0, 'payload_size': 1021, 'payload_type': 126, 'send_time_ms': 31469, 'sequence_number': 1367, 'ssrc': 12648429}
{'arrival_time_ms': 34578, 'header_length': 24, 'padding_length': 0, 'payload_size': 1021, 'payload_type': 126, 'send_time_ms': 31504, 'sequence_number': 1368, 'ssrc': 12648429}
{'arrival_time_ms': 34615, 'header_length': 24, 'padding_length': 0, 'payload_size': 1367, 'payload_type': 126, 'send_time_ms': 31534, 'sequence_number': 1369, 'ssrc': 12648429}
{'arrival_time_ms': 34640, 'header_length': 24, 'padding_length': 0, 'payload_size': 855, 'payload_type': 126, 'send_time_ms': 31569, 'sequence_number': 1370, 'ssrc': 12648429}
{'arrival_time_ms': 34664, 'header_length': 24, 'padding_length': 0, 'payload_size': 855, 'payload_type': 126, 'send_time_ms': 31604, 'sequence_number': 1371, 'ssrc': 12648429}
{'arrival_time_ms': 34686, 'header_length': 24, 'padding_length': 0, 'payload_size': 767, 'payload_type': 126, 'send_time_ms': 31634, 'sequence_number': 1372, 'ssrc': 12648429}
{'arrival_time_ms': 34708, 'header_length': 24, 'padding_length': 0, 'payload_size': 768, 'payload_type': 126, 'send_time_ms': 31639, 'sequence_number': 1373, 'ssrc': 12648429}
{'arrival_time_ms': 34733, 'header_length': 24, 'padding_length': 0, 'payload_size': 888, 'payload_type': 98, 'send_time_ms': 31644, 'sequence_number': 77, 'ssrc': 195939069}
{'arrival_time_ms': 34755, 'header_length': 24, 'padding_length': 0, 'payload_size': 767, 'payload_type': 126, 'send_time_ms': 31669, 'sequence_number': 1374, 'ssrc': 12648429}
{'arrival_time_ms': 34777, 'header_length': 24, 'padding_length': 0, 'payload_size': 768, 'payload_type': 126, 'send_time_ms': 31674, 'sequence_number': 1375, 'ssrc': 12648429}
{'arrival_time_ms': 34796, 'header_length': 24, 'padding_length': 0, 'payload_size': 671, 'payload_type': 126, 'send_time_ms': 31704, 'sequence_number': 1376, 'ssrc': 12648429}
{'arrival_time_ms': 34815, 'header_length': 24, 'padding_length': 0, 'payload_size': 671, 'payload_type': 126, 'send_time_ms': 31734, 'sequence_number': 1377, 'ssrc': 12648429}
{'arrival_time_ms': 34839, 'header_length': 24, 'padding_length': 0, 'payload_size': 761, 'payload_type': 126, 'send_time_ms': 31769, 'sequence_number': 1378, 'ssrc': 12648429}
{'arrival_time_ms': 34861, 'header_length': 24, 'padding_length': 0, 'payload_size': 761, 'payload_type': 126, 'send_time_ms': 31774, 'sequence_number': 1379, 'ssrc': 12648429}
{'arrival_time_ms': 34882, 'header_length': 24, 'padding_length': 0, 'payload_size': 761, 'payload_type': 126, 'send_time_ms': 31804, 'sequence_number': 1380, 'ssrc': 12648429}
{'arrival_time_ms': 34904, 'header_length': 24, 'padding_length': 0, 'payload_size': 761, 'payload_type': 126, 'send_time_ms': 31809, 'sequence_number': 1381, 'ssrc': 12648429}
{'arrival_time_ms': 34928, 'header_length': 24, 'padding_length': 0, 'payload_size': 851, 'payload_type': 126, 'send_time_ms': 31834, 'sequence_number': 1382, 'ssrc': 12648429}
{'arrival_time_ms': 34948, 'header_length': 24, 'padding_length': 0, 'payload_size': 680, 'payload_type': 126, 'send_time_ms': 31869, 'sequence_number': 1383, 'ssrc': 12648429}
{'arrival_time_ms': 34967, 'header_length': 24, 'padding_length': 0, 'payload_size': 680, 'payload_type': 126, 'send_time_ms': 31904, 'sequence_number': 1384, 'ssrc': 12648429}
{'arrival_time_ms': 34992, 'header_length': 24, 'padding_length': 0, 'payload_size': 851, 'payload_type': 126, 'send_time_ms': 31934, 'sequence_number': 1385, 'ssrc': 12648429}
{'arrival_time_ms': 35016, 'header_length': 24, 'padding_length': 0, 'payload_size': 851, 'payload_type': 126, 'send_time_ms': 31969, 'sequence_number': 1386, 'ssrc': 12648429}
{'arrival_time_ms': 35049, 'header_length': 24, 'padding_length': 0, 'payload_size': 1176, 'payload_type': 126, 'send_time_ms': 32004, 'sequence_number': 1387, 'ssrc': 12648429}
{'arrival_time_ms': 35081, 'header_length': 24, 'padding_length': 0, 'payload_size': 1176, 'payload_type': 126, 'send_time_ms': 32034, 'sequence_number': 1388, 'ssrc': 12648429}
{'arrival_time_ms': 35119, 'header_length': 24, 'padding_length': 0, 'payload_size': 1376, 'payload_type': 126, 'send_time_ms': 32069, 'sequence_number': 1389, 'ssrc': 12648429}
{'arrival_time_ms': 35158, 'header_length': 24, 'padding_length': 0, 'payload_size': 1376, 'payload_type': 126, 'send_time_ms': 32104, 'sequence_number': 1390, 'ssrc': 12648429}
{'arrival_time_ms': 35182, 'header_length': 24, 'padding_length': 0, 'payload_size': 876, 'payload_type': 126, 'send_time_ms': 32134, 'sequence_number': 1391, 'ssrc': 12648429}
{'arrival_time_ms': 35218, 'header_length': 24, 'padding_length': 0, 'payload_size': 1284, 'payload_type': 126, 'send_time_ms': 32169, 'sequence_number': 1392, 'ssrc': 12648429}
{'arrival_time_ms': 35254, 'header_length': 24, 'padding_length': 0, 'payload_size': 1284, 'payload_type': 126, 'send_time_ms': 32204, 'sequence_number': 1393, 'ssrc': 12648429}
{'arrival_time_ms': 35275, 'header_length': 24, 'padding_length': 0, 'payload_size': 730, 'payload_type': 126, 'send_time_ms': 32234, 'sequence_number': 1394, 'ssrc': 12648429}
{'arrival_time_ms': 35297, 'header_length': 24, 'padding_length': 0, 'payload_size': 730, 'payload_type': 126, 'send_time_ms': 32269, 'sequence_number': 1395, 'ssrc': 12648429}
{'arrival_time_ms': 35332, 'header_length': 24, 'padding_length': 0, 'payload_size': 1260, 'payload_type': 126, 'send_time_ms': 32304, 'sequence_number': 1396, 'ssrc': 12648429}
{'arrival_time_ms': 35368, 'header_length': 24, 'padding_length': 0, 'payload_size': 1260, 'payload_type': 126, 'send_time_ms': 32309, 'sequence_number': 1397, 'ssrc': 12648429}
{'arrival_time_ms': 35403, 'header_length': 24, 'padding_length': 0, 'payload_size': 1260, 'payload_type': 126, 'send_time_ms': 32319, 'sequence_number': 1398, 'ssrc': 12648429}
{'arrival_time_ms': 35438, 'header_length': 24, 'padding_length': 0, 'payload_size': 1260, 'payload_type': 126, 'send_time_ms': 32339, 'sequence_number': 1400, 'ssrc': 12648429}
{'arrival_time_ms': 35473, 'header_length': 28, 'padding_length': 0, 'payload_size': 1257, 'payload_type': 126, 'send_time_ms': 32374, 'sequence_number': 1402, 'ssrc': 12648429}
{'arrival_time_ms': 35498, 'header_length': 24, 'padding_length': 0, 'payload_size': 882, 'payload_type': 126, 'send_time_ms': 32394, 'sequence_number': 1403, 'ssrc': 12648429}
{'arrival_time_ms': 35510, 'header_length': 24, 'padding_length': 0, 'payload_size': 397, 'payload_type': 126, 'send_time_ms': 32434, 'sequence_number': 1406, 'ssrc': 12648429}
{'arrival_time_ms': 35522, 'header_length': 24, 'padding_length': 0, 'payload_size': 397, 'payload_type': 126, 'send_time_ms': 32469, 'sequence_number': 1407, 'ssrc': 12648429}
{'arrival_time_ms': 35534, 'header_length': 24, 'padding_length': 0, 'payload_size': 397, 'payload_type': 126, 'send_time_ms': 32504, 'sequence_number': 1408, 'ssrc': 12648429}
{'arrival_time_ms': 35551, 'header_length': 24, 'padding_length': 0, 'payload_size': 609, 'payload_type': 126, 'send_time_ms': 32534, 'sequence_number': 1409, 'ssrc': 12648429}
{'arrival_time_ms': 35588, 'header_length': 28, 'padding_length': 0, 'payload_size': 1297, 'payload_type': 98, 'send_time_ms': 32554, 'sequence_number': 78, 'ssrc': 195939069}
{'arrival_time_ms': 35605, 'header_length': 24, 'padding_length': 0, 'payload_size': 609, 'payload_type': 126, 'send_time_ms': 32569, 'sequence_number': 1410, 'ssrc': 12648429}
{'arrival_time_ms': 35627, 'header_length': 24, 'padding_length': 0, 'payload_size': 782, 'payload_type': 126, 'send_time_ms': 32604, 'sequence_number': 1411, 'ssrc': 12648429}
{'arrival_time_ms': 35650, 'header_length': 24, 'padding_length': 0, 'payload_size': 782, 'payload_type': 126, 'send_time_ms': 32634, 'sequence_number': 1412, 'ssrc': 12648429}
{'arrival_time_ms': 35675, 'header_length': 24, 'padding_length': 0, 'payload_size': 903, 'payload_type': 126, 'send_time_ms': 32669, 'sequence_number': 1413, 'ssrc': 12648429}
{'arrival_time_ms': 35711, 'header_length': 24, 'padding_length': 0, 'payload_size': 1293, 'payload_type': 126, 'send_time_ms': 32704, 'sequence_number': 1414, 'ssrc': 12648429}
{'arrival_time_ms': 35745, 'header_length': 24, 'padding_length': 0, 'payload_size': 1201, 'payload_type': 126, 'send_time_ms': 32734, 'sequence_number': 1415, 'ssrc': 12648429}
{'arrival_time_ms': 35769, 'header_length': 24, 'padding_length': 0, 'payload_size': 803, 'payload_type': 126, 'send_time_ms': 32769, 'sequence_number': 1416, 'ssrc': 12648429}
{'arrival_time_ms': 35792, 'header_length': 24, 'padding_length': 0, 'payload_size': 803, 'payload_type': 126, 'send_time_ms': 32774, 'sequence_number': 1417, 'ssrc': 12648429}
{'arrival_time_ms': 35815, 'header_length': 24, 'padding_length': 0, 'payload_size': 803, 'payload_type': 126, 'send_time_ms': 32804, 'sequence_number': 1418, 'ssrc': 12648429}
{'arrival_time_ms': 35838, 'header_length': 24, 'padding_length': 0, 'payload_size': 803, 'payload_type': 126, 'send_time_ms': 32809, 'sequence_number': 1419, 'ssrc': 12648429}
{'arrival_time_ms': 35861, 'header_length': 24, 'padding_length': 0, 'payload_size': 803, 'payload_type': 126, 'send_time_ms': 32834, 'sequence_number': 1420, 'ssrc': 12648429}
{'arrival_time_ms': 35884, 'header_length': 24, 'padding_length': 0, 'payload_size': 803, 'payload_type': 126, 'send_time_ms': 32839, 'sequence_number': 1421, 'ssrc': 12648429}
{'arrival_time_ms': 35911, 'header_length': 24, 'padding_length': 0, 'payload_size': 969, 'payload_type': 98, 'send_time_ms': 32869, 'sequence_number': 79, 'ssrc': 195939069}
{'arrival_time_ms': 35934, 'header_length': 24, 'padding_length': 0, 'payload_size': 803, 'payload_type': 126, 'send_time_ms': 32874, 'sequence_number': 1422, 'ssrc': 12648429}
{'arrival_time_ms': 35957, 'header_length': 24, 'padding_length': 0, 'payload_size': 803, 'payload_type': 126, 'send_time_ms': 32879, 'sequence_number': 1423, 'ssrc': 12648429}
{'arrival_time_ms': 35995, 'header_length': 24, 'padding_length': 0, 'payload_size': 1371, 'payload_type': 126, 'send_time_ms': 32904, 'sequence_number': 1424, 'ssrc': 12648429}
{'arrival_time_ms': 36033, 'header_length': 24, 'padding_length': 0, 'payload_size': 1371, 'payload_type': 126, 'send_time_ms': 32934, 'sequence_number': 1425, 'ssrc': 12648429}
{'arrival_time_ms': 36058, 'header_length': 24, 'padding_length': 0, 'payload_size': 884, 'payload_type': 126, 'send_time_ms': 32974, 'sequence_number': 1427, 'ssrc': 12648429}
{'arrival_time_ms': 36083, 'header_length': 24, 'padding_length': 0, 'payload_size': 884, 'payload_type': 126, 'send_time_ms': 33004, 'sequence_number': 1428, 'ssrc': 12648429}
{'arrival_time_ms': 36105, 'header_length': 24, 'padding_length': 0, 'payload_size': 784, 'payload_type': 126, 'send_time_ms': 33034, 'sequence_number': 1430, 'ssrc': 12648429}
{'arrival_time_ms': 36130, 'header_length': 24, 'padding_length': 0, 'payload_size': 886, 'payload_type': 126, 'send_time_ms': 33069, 'sequence_number': 1431, 'ssrc': 12648429}
{'arrival_time_ms': 36155, 'header_length': 24, 'padding_length': 0, 'payload_size': 886, 'payload_type': 126, 'send_time_ms': 33074, 'sequence_number': 1432, 'ssrc': 12648429}
{'arrival_time_ms': 36178, 'header_length': 24, 'padding_length': 0, 'payload_size': 818, 'payload_type': 98, 'send_time_ms': 33079, 'sequence_number': 80, 'ssrc': 195939069}
{'arrival_time_ms': 36200, 'header_length': 24, 'padding_length': 0, 'payload_size': 771, 'payload_type': 126, 'send_time_ms': 33134, 'sequence_number': 1435, 'ssrc': 12648429}
{'arrival_time_ms': 36222, 'header_length': 24, 'padding_length': 0, 'payload_size': 771, 'payload_type': 126, 'send_time_ms': 33169, 'sequence_number': 1436, 'ssrc': 12648429}
{'arrival_time_ms': 36245, 'header_length': 24, 'padding_length': 0, 'payload_size': 803, 'payload_type': 98, 'send_time_ms': 33199, 'sequence_number': 81, 'ssrc': 195939069}
{'arrival_time_ms': 36283, 'header_length': 24, 'padding_length': 0, 'payload_size': 1351, 'payload_type': 126, 'send_time_ms': 33204, 'sequence_number': 1437, 'ssrc': 12648429}
{'arrival_time_ms': 36306, 'header_length': 24, 'padding_length': 0, 'payload_size': 803, 'payload_type': 98, 'send_time_ms': 33219, 'sequence_number': 82, 'ssrc': 195939069}
{'arrival_time_ms': 36343, 'header_length': 24, 'padding_length': 0, 'payload_size': 1351, 'payload_type': 126, 'send_time_ms': 33234, 'sequence_number': 1438, 'ssrc': 12648429}
{'arrival_time_ms': 36371, 'header_length': 24, 'padding_length': 0, 'payload_size': 930, 'payload_type': 126, 'send_time_ms': 33269, 'sequence_number': 1439, 'ssrc': 12648429}
{'arrival_time_ms': 36397, 'header_length': 24, 'padding_length': 0, 'payload_size': 930, 'payload_type': 126, 'send_time_ms': 33304, 'sequence_number': 1440, 'ssrc': 12648429}
{'arrival_time_ms': 36418, 'header_length': 24, 'padding_length': 0, 'payload_size': 726, 'payload_type': 126, 'send_time_ms': 33334, 'sequence_number': 1441, 'ssrc': 12648429}
{'arrival_time_ms': 36439, 'header_length': 24, 'padding_length': 0, 'payload_size': 726, 'payload_type': 126, 'send_time_ms': 33369, 'sequence_number': 1442, 'ssrc': 12648429}
{'arrival_time_ms': 36460, 'header_length': 24, 'padding_length': 0, 'payload_size': 726, 'payload_type': 126, 'send_time_ms': 33404, 'sequence_number': 1443, 'ssrc': 12648429}
{'arrival_time_ms': 36483, 'header_length': 24, 'padding_length': 0, 'payload_size': 819, 'payload_type': 126, 'send_time_ms': 33434, 'sequence_number': 1444, 'ssrc': 12648429}
{'arrival_time_ms': 36506, 'header_length': 24, 'padding_length': 0, 'payload_size': 820, 'payload_type': 126, 'send_time_ms': 33439, 'sequence_number': 1445, 'ssrc': 12648429}
{'arrival_time_ms': 36530, 'header_length': 24, 'padding_length': 0, 'payload_size': 819, 'payload_type': 126, 'send_time_ms': 33469, 'sequence_number': 1446, 'ssrc': 12648429}
{'arrival_time_ms': 36553, 'header_length': 24, 'padding_length': 0, 'payload_size': 820, 'payload_type': 126, 'send_time_ms': 33474, 'sequence_number': 1447, 'ssrc': 12648429}
{'arrival_time_ms': 36574, 'header_length': 24, 'padding_length': 0, 'payload_size': 734, 'payload_type': 126, 'send_time_ms': 33504, 'sequence_number': 1448, 'ssrc': 12648429}
{'arrival_time_ms': 36595, 'header_length': 24, 'padding_length': 0, 'payload_size': 734, 'payload_type': 126, 'send_time_ms': 33534, 'sequence_number': 1449, 'ssrc': 12648429}
{'arrival_time_ms': 36621, 'header_length': 24, 'padding_length': 0, 'payload_size': 917, 'payload_type': 126, 'send_time_ms': 33569, 'sequence_number': 1450, 'ssrc': 12648429}
{'arrival_time_ms': 36647, 'header_length': 24, 'padding_length': 0, 'payload_size': 917, 'payload_type': 126, 'send_time_ms': 33604, 'sequence_number': 1451, 'ssrc': 12648429}
{'arrival_time_ms': 36671, 'header_length': 24, 'padding_length': 0, 'payload_size': 855, 'payload_type': 126, 'send_time_ms': 33634, 'sequence_number': 1452, 'ssrc': 12648429}
{'arrival_time_ms': 36695, 'header_length': 24, 'padding_length': 0, 'payload_size': 855, 'payload_type': 126, 'send_time_ms': 33639, 'sequence_number': 1453, 'ssrc': 12648429}
{'arrival_time_ms': 36720, 'header_length': 24, 'padding_length': 0, 'payload_size': 855, 'payload_type': 126, 'send_time_ms': 33669, 'sequence_number': 1454, 'ssrc': 12648429}
{'arrival_time_ms': 36744, 'header_length': 24, 'padding_length': 0, 'payload_size': 855, 'payload_type': 126, 'send_time_ms': 33674, 'sequence_number': 1455, 'ssrc': 12648429}
{'arrival_time_ms': 36766, 'header_length': 24, 'padding_length': 0, 'payload_size': 763, 'payload_type': 126, 'send_time_ms': 33704, 'sequence_number': 1456, 'ssrc': 12648429}
{'arrival_time_ms': 36787, 'header_length': 24, 'padding_length': 0, 'payload_size': 764, 'payload_type': 126, 'send_time_ms': 33709, 'sequence_number': 1457, 'ssrc': 12648429}
{'arrival_time_ms': 36812, 'header_length': 24, 'padding_length': 0, 'payload_size': 859, 'payload_type': 126, 'send_time_ms': 33734, 'sequence_number': 1458, 'ssrc': 12648429}
{'arrival_time_ms': 36836, 'header_length': 24, 'padding_length': 0, 'payload_size': 859, 'payload_type': 126, 'send_time_ms': 33739, 'sequence_number': 1459, 'ssrc': 12648429}
{'arrival_time_ms': 36860, 'header_length': 24, 'padding_length': 0, 'payload_size': 859, 'payload_type': 126, 'send_time_ms': 33769, 'sequence_number': 1460, 'ssrc': 12648429}
{'arrival_time_ms': 36882, 'header_length': 24, 'padding_length': 0, 'payload_size': 763, 'payload_type': 126, 'send_time_ms': 33804, 'sequence_number': 1462, 'ssrc': 12648429}
{'arrival_time_ms': 36904, 'header_length': 24, 'padding_length': 0, 'payload_size': 763, 'payload_type': 126, 'send_time_ms': 33834, 'sequence_number': 1463, 'ssrc': 12648429}
{'arrival_time_ms': 36941, 'header_length': 24, 'padding_length': 0, 'payload_size': 1334, 'payload_type': 126, 'send_time_ms': 33869, 'sequence_number': 1464, 'ssrc': 12648429}
{'arrival_time_ms': 36978, 'header_length': 24, 'padding_length': 0, 'payload_size': 1334, 'payload_type': 126, 'send_time_ms': 33904, 'sequence_number': 1465, 'ssrc': 12648429}
{'arrival_time_ms': 37000, 'header_length': 24, 'padding_length': 0, 'payload_size': 780, 'payload_type': 126, 'send_time_ms': 33934, 'sequence_number': 1466, 'ssrc': 12648429}
{'arrival_time_ms': 37022, 'header_length': 24, 'padding_length': 0, 'payload_size': 780, 'payload_type': 126, 'send_time_ms': 33969, 'sequence_number': 1467, 'ssrc': 12648429}
{'arrival_time_ms': 37045, 'header_length': 24, 'padding_length': 0, 'payload_size': 780, 'payload_type': 126, 'send_time_ms': 34004, 'sequence_number': 1468, 'ssrc': 12648429}
{'arrival_time_ms': 37069, 'header_length': 24, 'padding_length': 0, 'payload_size': 873, 'payload_type': 126, 'send_time_ms': 34034, 'sequence_number': 1469, 'ssrc': 12648429}
{'arrival_time_ms': 37094, 'header_length': 24, 'padding_length': 0, 'payload_size': 874, 'payload_type': 126, 'send_time_ms': 34039, 'sequence_number': 1470, 'ssrc': 12648429}
{'arrival_time_ms': 37119, 'header_length': 24, 'padding_length': 0, 'payload_size': 873, 'payload_type': 126, 'send_time_ms': 34069, 'sequence_number': 1471, 'ssrc': 12648429}
{'arrival_time_ms': 37144, 'header_length': 24, 'padding_length': 0, 'payload_size': 874, 'payload_type': 126, 'send_time_ms': 34074, 'sequence_number': 1472, 'ssrc': 12648429}
{'arrival_time_ms': 37166, 'header_length': 24, 'padding_length': 0, 'payload_size': 794, 'payload_type': 126, 'send_time_ms': 34104, 'sequence_number': 1473, 'ssrc': 12648429}
{'arrival_time_ms': 37189, 'header_length': 24, 'padding_length': 0, 'payload_size': 795, 'payload_type': 126, 'send_time_ms': 34109, 'sequence_number': 1474, 'ssrc': 12648429}
{'arrival_time_ms': 37212, 'header_length': 24, 'padding_length': 0, 'payload_size': 794, 'payload_type': 126, 'send_time_ms': 34134, 'sequence_number': 1475, 'ssrc': 12648429}
{'arrival_time_ms': 37234, 'header_length': 24, 'padding_length': 0, 'payload_size': 795, 'payload_type': 126, 'send_time_ms': 34139, 'sequence_number': 1476, 'ssrc': 12648429}
{'arrival_time_ms': 37259, 'header_length': 24, 'padding_length': 0, 'payload_size': 896, 'payload_type': 126, 'send_time_ms': 34169, 'sequence_number': 1477, 'ssrc': 12648429}
{'arrival_time_ms': 37285, 'header_length': 24, 'padding_length': 0, 'payload_size': 896, 'payload_type': 126, 'send_time_ms': 34204, 'sequence_number': 1479, 'ssrc': 12648429}
{'arrival_time_ms': 37308, 'header_length': 24, 'padding_length': 0, 'payload_size': 813, 'payload_type': 126, 'send_time_ms': 34234, 'sequence_number': 1481, 'ssrc': 12648429}
{'arrival_time_ms': 37333, 'header_length': 24, 'padding_length': 0, 'payload_size': 813, 'payload_type': 126, 'send_time_ms': 34269, 'sequence_number': 1482, 'ssrc': 12648429}
{'arrival_time_ms': 37359, 'header_length': 24, 'padding_length': 0, 'payload_size': 936, 'payload_type': 126, 'send_time_ms': 34304, 'sequence_number': 1483, 'ssrc': 12648429}
{'arrival_time_ms': 37386, 'header_length': 24, 'padding_length': 0, 'payload_size': 936, 'payload_type': 126, 'send_time_ms': 34309, 'sequence_number': 1484, 'ssrc': 12648429}
{'arrival_time_ms': 37415, 'header_length': 24, 'padding_length': 0, 'payload_size': 1038, 'payload_type': 126, 'send_time_ms': 34334, 'sequence_number': 1485, 'ssrc': 12648429}
{'arrival_time_ms': 37444, 'header_length': 24, 'padding_length': 0, 'payload_size': 1038, 'payload_type': 126, 'send_time_ms': 34369, 'sequence_number': 1486, 'ssrc': 12648429}
{'arrival_time_ms': 37469, 'header_length': 24, 'padding_length': 0, 'payload_size': 892, 'payload_type': 98, 'send_time_ms': 34394, 'sequence_number': 83, 'ssrc': 195939069}
{'arrival_time_ms': 37494, 'header_length': 24, 'padding_length': 0, 'payload_size': 893, 'payload_type': 98, 'send_time_ms': 34404, 'sequence_number': 84, 'ssrc': 195939069}
{'arrival_time_ms': 37520, 'header_length': 24, 'padding_length': 0, 'payload_size': 893, 'payload_type': 98, 'send_time_ms': 34424, 'sequence_number': 86, 'ssrc': 195939069}
{'arrival_time_ms': 37549, 'header_length': 24, 'padding_length': 0, 'payload_size': 1038, 'payload_type': 126, 'send_time_ms': 34449, 'sequence_number': 1487, 'ssrc': 12648429}
{'arrival_time_ms': 37585, 'header_length': 24, 'padding_length': 0, 'payload_size': 1301, 'payload_type': 126, 'send_time_ms': 34504, 'sequence_number': 1490, 'ssrc': 12648429}
{'arrival_time_ms': 37608, 'header_length': 24, 'padding_length': 0, 'payload_size': 823, 'payload_type': 126, 'send_time_ms': 34534, 'sequence_number': 1491, 'ssrc': 12648429}
{'arrival_time_ms': 37632, 'header_length': 24, 'padding_length': 0, 'payload_size': 824, 'payload_type': 126, 'send_time_ms': 34539, 'sequence_number': 1492, 'ssrc': 12648429}
{'arrival_time_ms': 37667, 'header_length': 24, 'padding_length': 0, 'payload_size': 1284, 'payload_type': 126, 'send_time_ms': 34569, 'sequence_number': 1493, 'ssrc': 12648429}
{'arrival_time_ms': 37703, 'header_length': 24, 'padding_length': 0, 'payload_size': 1284, 'payload_type': 126, 'send_time_ms': 34604, 'sequence_number': 1494, 'ssrc': 12648429}
{'arrival_time_ms': 37724, 'header_length': 24, 'padding_length': 0, 'payload_size': 734, 'payload_type': 126, 'send_time_ms': 34634, 'sequence_number': 1495, 'ssrc': 12648429}
{'arrival_time_ms': 37745, 'header_length': 24, 'padding_length': 0, 'payload_size': 734, 'payload_type': 126, 'send_time_ms': 34669, 'sequence_number': 1496, 'ssrc': 12648429}
{'arrival_time_ms': 37768, 'header_length': 24, 'padding_length': 0, 'payload_size': 817, 'payload_type': 126, 'send_time_ms': 34704, 'sequence_number': 1497, 'ssrc': 12648429}
{'arrival_time_ms': 37792, 'header_length': 24, 'padding_length': 0, 'payload_size': 818, 'payload_type': 126, 'send_time_ms': 34709, 'sequence_number': 1498, 'ssrc': 12648429}
{'arrival_time_ms': 37815, 'header_length': 24, 'padding_length': 0, 'payload_size': 817, 'payload_type': 126, 'send_time_ms': 34734, 'sequence_number': 1499, 'ssrc': 12648429}
{'arrival_time_ms': 37838, 'header_length': 24, 'padding_length': 0, 'payload_size': 818, 'payload_type': 126, 'send_time_ms': 34739, 'sequence_number': 1500, 'ssrc': 12648429}
{'arrival_time_ms': 37869, 'header_length': 24, 'padding_length': 0, 'payload_size': 1096, 'payload_type': 126, 'send_time_ms': 34769, 'sequence_number': 1501, 'ssrc': 12648429}
{'arrival_time_ms': 37899, 'header_length': 24, 'padding_length': 0, 'payload_size': 1096, 'payload_type': 126, 'send_time_ms': 34804, 'sequence_number': 1502, 'ssrc': 12648429}
{'arrival_time_ms': 37925, 'header_length': 24, 'padding_length': 0, 'payload_size': 913, 'payload_type': 126, 'send_time_ms': 34834, 'sequence_number': 1503, 'ssrc': 12648429}
{'arrival_time_ms': 37951, 'header_length': 24, 'padding_length': 0, 'payload_size': 913, 'payload_type': 126, 'send_time_ms': 34869, 'sequence_number': 1504, 'ssrc': 12648429}
{'arrival_time_ms': 37977, 'header_length': 24, 'padding_length': 0, 'payload_size': 913, 'payload_type': 126, 'send_time_ms': 34904, 'sequence_number': 1505, 'ssrc': 12648429}
{'arrival_time_ms': 37998, 'header_length': 24, 'padding_length': 0, 'payload_size': 728, 'payload_type': 126, 'send_time_ms': 34934, 'sequence_number': 1506, 'ssrc': 12648429}
{'arrival_time_ms': 38018, 'header_length': 24, 'padding_length': 0, 'payload_size': 728, 'payload_type': 126, 'send_time_ms': 34939, 'sequence_number': 1507, 'ssrc': 12648429}
{'arrival_time_ms': 38039, 'header_length': 24, 'padding_length': 0, 'payload_size': 728, 'payload_type': 126, 'send_time_ms': 34969, 'sequence_number': 1508, 'ssrc': 12648429}
{'arrival_time_ms': 38060, 'header_length': 24, 'padding_length': 0, 'payload_size': 728, 'payload_type': 126, 'send_time_ms': 34974, 'sequence_number': 1509, 'ssrc': 12648429}
{'arrival_time_ms': 38081, 'header_length': 24, 'padding_length': 0, 'payload_size': 728, 'payload_type': 126, 'send_time_ms': 35004, 'sequence_number': 1510, 'ssrc': 12648429}
{'arrival_time_ms': 38102, 'header_length': 24, 'padding_length': 0, 'payload_size': 728, 'payload_type': 126, 'send_time_ms': 35034, 'sequence_number': 1512, 'ssrc': 12648429}
{'arrival_time_ms': 38123, 'header_length': 24, 'padding_length': 0, 'payload_size': 728, 'payload_type': 126, 'send_time_ms': 35039, 'sequence_number': 1513, 'ssrc': 12648429}
{'arrival_time_ms': 38149, 'header_length': 24, 'padding_length': 0, 'payload_size': 913, 'payload_type': 126, 'send_time_ms': 35069, 'sequence_number': 1514, 'ssrc': 12648429}
{'arrival_time_ms': 38174, 'header_length': 24, 'padding_length': 0, 'payload_size': 913, 'payload_type': 126, 'send_time_ms': 35104, 'sequence_number': 1515, 'ssrc': 12648429}
{'arrival_time_ms': 38205, 'header_length': 24, 'padding_length': 0, 'payload_size': 1092, 'payload_type': 126, 'send_time_ms': 35134, 'sequence_number': 1516, 'ssrc': 12648429}
{'arrival_time_ms': 38240, 'header_length': 24, 'padding_length': 0, 'payload_size': 1271, 'payload_type': 126, 'send_time_ms': 35169, 'sequence_number': 1517, 'ssrc': 12648429}
{'arrival_time_ms': 38276, 'header_length': 24, 'padding_length': 0, 'payload_size': 1271, 'payload_type': 126, 'send_time_ms': 35204, 'sequence_number': 1518, 'ssrc': 12648429}
{'arrival_time_ms': 38296, 'header_length': 24, 'padding_length': 0, 'payload_size': 726, 'payload_type': 126, 'send_time_ms': 35234, 'sequence_number': 1519, 'ssrc': 12648429}
{'arrival_time_ms': 38319, 'header_length': 24, 'padding_length': 0, 'payload_size': 726, 'payload_type': 126, 'send_time_ms': 35269, 'sequence_number': 1520, 'ssrc': 12648429}
{'arrival_time_ms': 38344, 'header_length': 24, 'padding_length': 0, 'payload_size': 896, 'payload_type': 126, 'send_time_ms': 35304, 'sequence_number': 1521, 'ssrc': 12648429}
{'arrival_time_ms': 38370, 'header_length': 24, 'padding_length': 0, 'payload_size': 896, 'payload_type': 126, 'send_time_ms': 35334, 'sequence_number': 1522, 'ssrc': 12648429}
{'arrival_time_ms': 38390, 'header_length': 24, 'padding_length': 0, 'payload_size': 721, 'payload_type': 126, 'send_time_ms': 35369, 'sequence_number': 1523, 'ssrc': 12648429}
{'arrival_time_ms': 38411, 'header_length': 24, 'padding_length': 0, 'payload_size': 721, 'payload_type': 126, 'send_time_ms': 35404, 'sequence_number': 1524, 'ssrc': 12648429}
{'arrival_time_ms': 38433, 'header_length': 24, 'padding_length': 0, 'payload_size': 755, 'payload_type': 126, 'send_time_ms': 35434, 'sequence_number': 1525, 'ssrc': 12648429}
{'arrival_time_ms': 38454, 'header_length': 24, 'padding_length': 0, 'payload_size': 755, 'payload_type': 126, 'send_time_ms': 35439, 'sequence_number': 1526, 'ssrc': 12648429}
{'arrival_time_ms': 38476, 'header_length': 24, 'padding_length': 0, 'payload_size': 755, 'payload_type': 126, 'send_time_ms': 35469, 'sequence_number': 1527, 'ssrc': 12648429}
{'arrival_time_ms': 38497, 'header_length': 24, 'padding_length': 0, 'payload_size': 755, 'payload_type': 126, 'send_time_ms': 35474, 'sequence_number': 1528, 'ssrc': 12648429}
{'arrival_time_ms': 38521, 'header_length': 24, 'padding_length': 0, 'payload_size': 830, 'payload_type': 126, 'send_time_ms': 35504, 'sequence_number': 1529, 'ssrc': 12648429}
{'arrival_time_ms': 38550, 'header_length': 24, 'padding_length': 0, 'payload_size': 1038, 'payload_type': 126, 'send_time_ms': 35534, 'sequence_number': 1530, 'ssrc': 12648429}
{'arrival_time_ms': 38585, 'header_length': 24, 'padding_length': 0, 'payload_size': 1262, 'payload_type': 98, 'send_time_ms': 35544, 'sequence_number': 89, 'ssrc': 195939069}
{'arrival_time_ms': 38614, 'header_length': 24, 'padding_length': 0, 'payload_size': 1038, 'payload_type': 126, 'send_time_ms': 35569, 'sequence_number': 1531, 'ssrc': 12648429}
{'arrival_time_ms': 38649, 'header_length': 24, 'padding_length': 0, 'payload_size': 1262, 'payload_type': 98, 'send_time_ms': 35579, 'sequence_number': 90, 'ssrc': 195939069}
{'arrival_time_ms': 38674, 'header_length': 24, 'padding_length': 0, 'payload_size': 869, 'payload_type': 126, 'send_time_ms': 35604, 'sequence_number': 1532, 'ssrc': 12648429}
{'arrival_time_ms': 38686, 'header_length': 24, 'padding_length': 0, 'payload_size': 399, 'payload_type': 98, 'send_time_ms': 35614, 'sequence_number': 91, 'ssrc': 195939069}
{'arrival_time_ms': 38698, 'header_length': 24, 'padding_length': 0, 'payload_size': 399, 'payload_type': 98, 'send_time_ms': 35619, 'sequence_number': 92, 'ssrc': 195939069}
{'arrival_time_ms': 38723, 'header_length': 24, 'padding_length': 0, 'payload_size': 869, 'payload_type': 126, 'send_time_ms': 35634, 'sequence_number': 1534, 'ssrc': 12648429}
{'arrival_time_ms': 38749, 'header_length': 24, 'padding_length': 0, 'payload_size': 946, 'payload_type': 126, 'send_time_ms': 35669, 'sequence_number': 1536, 'ssrc': 12648429}
{'arrival_time_ms': 38776, 'header_length': 24, 'padding_length': 0, 'payload_size': 946, 'payload_type': 126, 'send_time_ms': 35704, 'sequence_number': 1537, 'ssrc': 12648429}
{'arrival_time_ms': 38798, 'header_length': 24, 'padding_length': 0, 'payload_size': 755, 'payload_type': 126, 'send_time_ms': 35734, 'sequence_number': 1538, 'ssrc': 12648429}
{'arrival_time_ms': 38821, 'header_length': 24, 'padding_length': 0, 'payload_size': 755, 'payload_type': 126, 'send_time_ms': 35769, 'sequence_number': 1539, 'ssrc': 12648429}
{'arrival_time_ms': 38858, 'header_length': 24, 'padding_length': 0, 'payload_size': 1321, 'payload_type': 126, 'send_time_ms': 35804, 'sequence_number': 1540, 'ssrc': 12648429}
{'arrival_time_ms': 38884, 'header_length': 24, 'padding_length': 0, 'payload_size': 942, 'payload_type': 126, 'send_time_ms': 35834, 'sequence_number': 1541, 'ssrc': 12648429}
{'arrival_time_ms': 38911, 'header_length': 24, 'padding_length': 0, 'payload_size': 942, 'payload_type': 126, 'send_time_ms': 35869, 'sequence_number': 1542, 'ssrc': 12648429}
{'arrival_time_ms': 38932, 'header_length': 24, 'padding_length': 0, 'payload_size': 755, 'payload_type': 126, 'send_time_ms': 35904, 'sequence_number': 1543, 'ssrc': 12648429}
{'arrival_time_ms': 38954, 'header_length': 24, 'padding_length': 0, 'payload_size': 755, 'payload_type': 126, 'send_time_ms': 35934, 'sequence_number': 1544, 'ssrc': 12648429}
{'arrival_time_ms': 38986, 'header_length': 24, 'padding_length': 0, 'payload_size': 1130, 'payload_type': 126, 'send_time_ms': 35969, 'sequence_number': 1545, 'ssrc': 12648429}
{'arrival_time_ms': 39017, 'header_length': 24, 'padding_length': 0, 'payload_size': 1130, 'payload_type': 126, 'send_time_ms': 36004, 'sequence_number': 1546, 'ssrc': 12648429}
{'arrival_time_ms': 39039, 'header_length': 24, 'padding_length': 0, 'payload_size': 753, 'payload_type': 126, 'send_time_ms': 36034, 'sequence_number': 1547, 'ssrc': 12648429}
{'arrival_time_ms': 39060, 'header_length': 24, 'padding_length': 0, 'payload_size': 753, 'payload_type': 126, 'send_time_ms': 36039, 'sequence_number': 1548, 'ssrc': 12648429}
{'arrival_time_ms': 39082, 'header_length': 24, 'padding_length': 0, 'payload_size': 753, 'payload_type': 126, 'send_time_ms': 36069, 'sequence_number': 1549, 'ssrc': 12648429}
{'arrival_time_ms': 39103, 'header_length': 24, 'padding_length': 0, 'payload_size': 753, 'payload_type': 126, 'send_time_ms': 36074, 'sequence_number': 1550, 'ssrc': 12648429}
{'arrival_time_ms': 39130, 'header_length': 24, 'padding_length': 0, 'payload_size': 942, 'payload_type': 126, 'send_time_ms': 36104, 'sequence_number': 1551, 'ssrc': 12648429}
{'arrival_time_ms': 39166, 'header_length': 24, 'padding_length': 0, 'payload_size': 1317, 'payload_type': 126, 'send_time_ms': 36134, 'sequence_number': 1552, 'ssrc': 12648429}
{'arrival_time_ms': 39191, 'header_length': 24, 'padding_length': 0, 'payload_size': 886, 'payload_type': 98, 'send_time_ms': 36164, 'sequence_number': 93, 'ssrc': 195939069}
{'arrival_time_ms': 39228, 'header_length': 24, 'padding_length': 0, 'payload_size': 1317, 'payload_type': 126, 'send_time_ms': 36169, 'sequence_number': 1553, 'ssrc': 12648429}
{'arrival_time_ms': 39265, 'header_length': 24, 'padding_length': 0, 'payload_size': 1317, 'payload_type': 126, 'send_time_ms': 36204, 'sequence_number': 1554, 'ssrc': 12648429}
{'arrival_time_ms': 39290, 'header_length': 24, 'padding_length': 0, 'payload_size': 886, 'payload_type': 98, 'send_time_ms': 36214, 'sequence_number': 94, 'ssrc': 195939069}
{'arrival_time_ms': 39326, 'header_length': 24, 'padding_length': 0, 'payload_size': 1317, 'payload_type': 126, 'send_time_ms': 36234, 'sequence_number': 1555, 'ssrc': 12648429}
{'arrival_time_ms': 39353, 'header_length': 24, 'padding_length': 0, 'payload_size': 901, 'payload_type': 126, 'send_time_ms': 36269, 'sequence_number': 1556, 'ssrc': 12648429}
{'arrival_time_ms': 39379, 'header_length': 24, 'padding_length': 0, 'payload_size': 901, 'payload_type': 126, 'send_time_ms': 36304, 'sequence_number': 1557, 'ssrc': 12648429}
{'arrival_time_ms': 39404, 'header_length': 24, 'padding_length': 0, 'payload_size': 888, 'payload_type': 98, 'send_time_ms': 36319, 'sequence_number': 96, 'ssrc': 195939069}
{'arrival_time_ms': 39424, 'header_length': 24, 'padding_length': 0, 'payload_size': 688, 'payload_type': 126, 'send_time_ms': 36369, 'sequence_number': 1559, 'ssrc': 12648429}
{'arrival_time_ms': 39444, 'header_length': 24, 'padding_length': 0, 'payload_size': 688, 'payload_type': 126, 'send_time_ms': 36404, 'sequence_number': 1560, 'ssrc': 12648429}
{'arrival_time_ms': 39468, 'header_length': 24, 'padding_length': 0, 'payload_size': 859, 'payload_type': 126, 'send_time_ms': 36434, 'sequence_number': 1561, 'ssrc': 12648429}
{'arrival_time_ms': 39492, 'header_length': 24, 'padding_length': 0, 'payload_size': 859, 'payload_type': 126, 'send_time_ms': 36469, 'sequence_number': 1562, 'ssrc': 12648429}
{'arrival_time_ms': 39526, 'header_length': 24, 'padding_length': 0, 'payload_size': 1196, 'payload_type': 126, 'send_time_ms': 36504, 'sequence_number': 1563, 'ssrc': 12648429}
{'arrival_time_ms': 39559, 'header_length': 24, 'padding_length': 0, 'payload_size': 1196, 'payload_type': 126, 'send_time_ms': 36534, 'sequence_number': 1564, 'ssrc': 12648429}
{'arrival_time_ms': 39589, 'header_length': 24, 'padding_length': 0, 'payload_size': 1063, 'payload_type': 126, 'send_time_ms': 36569, 'sequence_number': 1565, 'ssrc': 12648429}
{'arrival_time_ms': 39619, 'header_length': 24, 'padding_length': 0, 'payload_size': 1063, 'payload_type': 126, 'send_time_ms': 36604, 'sequence_number': 1566, 'ssrc': 12648429}
{'arrival_time_ms': 39639, 'header_length': 24, 'padding_length': 0, 'payload_size': 730, 'payload_type': 126, 'send_time_ms': 36634, 'sequence_number': 1567, 'ssrc': 12648429}
{'arrival_time_ms': 39671, 'header_length': 24, 'padding_length': 0, 'payload_size': 1117, 'payload_type': 126, 'send_time_ms': 36669, 'sequence_number': 1568, 'ssrc': 12648429}
{'arrival_time_ms': 39702, 'header_length': 24, 'padding_length': 0, 'payload_size': 1117, 'payload_type': 126, 'send_time_ms': 36704, 'sequence_number': 1569, 'ssrc': 12648429}
{'arrival_time_ms': 39728, 'header_length': 24, 'padding_length': 0, 'payload_size': 934, 'payload_type': 126, 'send_time_ms': 36734, 'sequence_number': 1570, 'ssrc': 12648429}
{'arrival_time_ms': 39756, 'header_length': 24, 'padding_length': 0, 'payload_size': 934, 'payload_type': 126, 'send_time_ms': 36769, 'sequence_number': 1571, 'ssrc': 12648429}
{'arrival_time_ms': 39778, 'header_length': 24, 'padding_length': 0, 'payload_size': 744, 'payload_type': 126, 'send_time_ms': 36804, 'sequence_number': 1572, 'ssrc': 12648429}
{'arrival_time_ms': 39799, 'header_length': 24, 'padding_length': 0, 'payload_size': 745, 'payload_type': 126, 'send_time_ms': 36809, 'sequence_number': 1573, 'ssrc': 12648429}
{'arrival_time_ms': 39820, 'header_length': 24, 'padding_length': 0, 'payload_size': 744, 'payload_type': 126, 'send_time_ms': 36834, 'sequence_number': 1574, 'ssrc': 12648429}
{'arrival_time_ms': 39842, 'header_length': 24, 'padding_length': 0, 'payload_size': 745, 'payload_type': 126, 'send_time_ms': 36839, 'sequence_number': 1575, 'ssrc': 12648429}
{'arrival_time_ms': 39868, 'header_length': 24, 'padding_length': 0, 'payload_size': 934, 'payload_type': 126, 'send_time_ms': 36869, 'sequence_number': 1576, 'ssrc': 12648429}
{'arrival_time_ms': 39894, 'header_length': 24, 'padding_length': 0, 'payload_size': 934, 'payload_type': 126, 'send_time_ms': 36904, 'sequence_number': 1577, 'ssrc': 12648429}
{'arrival_time_ms': 39921, 'header_length': 24, 'padding_length': 0, 'payload_size': 934, 'payload_type': 126, 'send_time_ms': 36934, 'sequence_number': 1578, 'ssrc': 12648429}
{'arrival_time_ms': 39947, 'header_length': 24, 'padding_length': 0, 'payload_size': 934, 'payload_type': 126, 'send_time_ms': 36969, 'sequence_number': 1579, 'ssrc': 12648429}
{'arrival_time_ms': 39971, 'header_length': 24, 'padding_length': 0, 'payload_size': 861, 'payload_type': 98, 'send_time_ms': 36989, 'sequence_number': 97, 'ssrc': 195939069}
{'arrival_time_ms': 39998, 'header_length': 24, 'padding_length': 0, 'payload_size': 934, 'payload_type': 126, 'send_time_ms': 37004, 'sequence_number': 1580, 'ssrc': 12648429}
{'arrival_time_ms': 40024, 'header_length': 24, 'padding_length': 0, 'payload_size': 934, 'payload_type': 126, 'send_time_ms': 37034, 'sequence_number': 1581, 'ssrc': 12648429}
{'arrival_time_ms': 40050, 'header_length': 24, 'padding_length': 0, 'payload_size': 934, 'payload_type': 126, 'send_time_ms': 37069, 'sequence_number': 1582, 'ssrc': 12648429}
{'arrival_time_ms': 40074, 'header_length': 24, 'padding_length': 0, 'payload_size': 817, 'payload_type': 126, 'send_time_ms': 37104, 'sequence_number': 1583, 'ssrc': 12648429}
{'arrival_time_ms': 40097, 'header_length': 24, 'padding_length': 0, 'payload_size': 818, 'payload_type': 126, 'send_time_ms': 37109, 'sequence_number': 1584, 'ssrc': 12648429}
{'arrival_time_ms': 40120, 'header_length': 24, 'padding_length': 0, 'payload_size': 817, 'payload_type': 126, 'send_time_ms': 37134, 'sequence_number': 1585, 'ssrc': 12648429}
{'arrival_time_ms': 40143, 'header_length': 24, 'padding_length': 0, 'payload_size': 818, 'payload_type': 126, 'send_time_ms': 37139, 'sequence_number': 1586, 'ssrc': 12648429}
{'arrival_time_ms': 40169, 'header_length': 24, 'padding_length': 0, 'payload_size': 913, 'payload_type': 126, 'send_time_ms': 37169, 'sequence_number': 1587, 'ssrc': 12648429}
{'arrival_time_ms': 40195, 'header_length': 24, 'padding_length': 0, 'payload_size': 913, 'payload_type': 126, 'send_time_ms': 37204, 'sequence_number': 1588, 'ssrc': 12648429}
{'arrival_time_ms': 40221, 'header_length': 24, 'padding_length': 0, 'payload_size': 913, 'payload_type': 126, 'send_time_ms': 37234, 'sequence_number': 1589, 'ssrc': 12648429}
{'arrival_time_ms': 40248, 'header_length': 24, 'padding_length': 0, 'payload_size': 913, 'payload_type': 126, 'send_time_ms': 37269, 'sequence_number': 1590, 'ssrc': 12648429}
{'arrival_time_ms': 40281, 'header_length': 24, 'padding_length': 0, 'payload_size': 1151, 'payload_type': 126, 'send_time_ms': 37304, 'sequence_number': 1591, 'ssrc': 12648429}
{'arrival_time_ms': 40306, 'header_length': 24, 'padding_length': 0, 'payload_size': 911, 'payload_type': 126, 'send_time_ms': 37334, 'sequence_number': 1592, 'ssrc': 12648429}
{'arrival_time_ms': 40332, 'header_length': 24, 'padding_length': 0, 'payload_size': 911, 'payload_type': 126, 'send_time_ms': 37339, 'sequence_number': 1593, 'ssrc': 12648429}
{'arrival_time_ms': 40358, 'header_length': 24, 'padding_length': 0, 'payload_size': 911, 'payload_type': 126, 'send_time_ms': 37369, 'sequence_number': 1594, 'ssrc': 12648429}
{'arrival_time_ms': 40384, 'header_length': 24, 'padding_length': 0, 'payload_size': 911, 'payload_type': 126, 'send_time_ms': 37374, 'sequence_number': 1595, 'ssrc': 12648429}
{'arrival_time_ms': 40409, 'header_length': 24, 'padding_length': 0, 'payload_size': 899, 'payload_type': 98, 'send_time_ms': 37389, 'sequence_number': 98, 'ssrc': 195939069}
{'arrival_time_ms': 40442, 'header_length': 24, 'padding_length': 0, 'payload_size': 1184, 'payload_type': 126, 'send_time_ms': 37404, 'sequence_number': 1596, 'ssrc': 12648429}
{'arrival_time_ms': 40467, 'header_length': 24, 'padding_length': 0, 'payload_size': 899, 'payload_type': 98, 'send_time_ms': 37414, 'sequence_number': 99, 'ssrc': 195939069}
{'arrival_time_ms': 40500, 'header_length': 24, 'padding_length': 0, 'payload_size': 1184, 'payload_type': 126, 'send_time_ms': 37434, 'sequence_number': 1597, 'ssrc': 12648429}
{'arrival_time_ms': 40522, 'header_length': 24, 'padding_length': 0, 'payload_size': 771, 'payload_type': 126, 'send_time_ms': 37469, 'sequence_number': 1598, 'ssrc': 12648429}
{'arrival_time_ms': 40544, 'header_length': 24, 'padding_length': 0, 'payload_size': 772, 'payload_type': 126, 'send_time_ms': 37474, 'sequence_number': 1599, 'ssrc': 12648429}
{'arrival_time_ms': 40566, 'header_length': 24, 'padding_length': 0, 'payload_size': 771, 'payload_type': 126, 'send_time_ms': 37504, 'sequence_number': 1600, 'ssrc': 12648429}
{'arrival_time_ms': 40588, 'header_length': 24, 'padding_length': 0, 'payload_size': 772, 'payload_type': 126, 'send_time_ms': 37509, 'sequence_number': 1601, 'ssrc': 12648429}
{'arrival_time_ms': 40610, 'header_length': 24, 'padding_length': 0, 'payload_size': 771, 'payload_type': 126, 'send_time_ms': 37534, 'sequence_number': 1602, 'ssrc': 12648429}
{'arrival_time_ms': 40632, 'header_length': 24, 'padding_length': 0, 'payload_size': 771, 'payload_type': 126, 'send_time_ms': 37569, 'sequence_number': 1603, 'ssrc': 12648429}
{'arrival_time_ms': 40654, 'header_length': 24, 'padding_length': 0, 'payload_size': 771, 'payload_type': 126, 'send_time_ms': 37604, 'sequence_number': 1604, 'ssrc': 12648429}
{'arrival_time_ms': 40676, 'header_length': 24, 'padding_length': 0, 'payload_size': 771, 'payload_type': 126, 'send_time_ms': 37634, 'sequence_number': 1605, 'ssrc': 12648429}
{'arrival_time_ms': 40698, 'header_length': 24, 'padding_length': 0, 'payload_size': 772, 'payload_type': 126, 'send_time_ms': 37639, 'sequence_number': 1606, 'ssrc': 12648429}
{'arrival_time_ms': 40720, 'header_length': 24, 'padding_length': 0, 'payload_size': 771, 'payload_type': 126, 'send_time_ms': 37669, 'sequence_number': 1607, 'ssrc': 12648429}
{'arrival_time_ms': 40742, 'header_length': 24, 'padding_length': 0, 'payload_size': 772, 'payload_type': 126, 'send_time_ms': 37674, 'sequence_number': 1608, 'ssrc': 12648429}
{'arrival_time_ms': 40772, 'header_length': 24, 'padding_length': 0, 'payload_size': 1040, 'payload_type': 98, 'send_time_ms': 37689, 'sequence_number': 100, 'ssrc': 195939069}
{'arrival_time_ms': 40808, 'header_length': 24, 'padding_length': 0, 'payload_size': 1303, 'payload_type': 98, 'send_time_ms': 37699, 'sequence_number': 101, 'ssrc': 195939069}
{'arrival_time_ms': 40835, 'header_length': 24, 'padding_length': 0, 'payload_size': 909, 'payload_type': 126, 'send_time_ms': 37769, 'sequence_number': 1611, 'ssrc': 12648429}
{'arrival_time_ms': 40861, 'header_length': 24, 'padding_length': 0, 'payload_size': 909, 'payload_type': 126, 'send_time_ms': 37804, 'sequence_number': 1612, 'ssrc': 12648429}
{'arrival_time_ms': 40882, 'header_length': 24, 'padding_length': 0, 'payload_size': 726, 'payload_type': 126, 'send_time_ms': 37834, 'sequence_number': 1613, 'ssrc': 12648429}
{'arrival_time_ms': 40903, 'header_length': 24, 'padding_length': 0, 'payload_size': 726, 'payload_type': 126, 'send_time_ms': 37869, 'sequence_number': 1614, 'ssrc': 12648429}
{'arrival_time_ms': 40923, 'header_length': 24, 'padding_length': 0, 'payload_size': 726, 'payload_type': 126, 'send_time_ms': 37904, 'sequence_number': 1615, 'ssrc': 12648429}
{'arrival_time_ms': 40947, 'header_length': 24, 'padding_length': 0, 'payload_size': 813, 'payload_type': 126, 'send_time_ms': 37934, 'sequence_number': 1616, 'ssrc': 12648429}
{'arrival_time_ms': 40970, 'header_length': 24, 'padding_length': 0, 'payload_size': 814, 'payload_type': 126, 'send_time_ms': 37939, 'sequence_number': 1617, 'ssrc': 12648429}
{'arrival_time_ms': 40993, 'header_length': 24, 'padding_length': 0, 'payload_size': 813, 'payload_type': 126, 'send_time_ms': 37969, 'sequence_number': 1618, 'ssrc': 12648429}
{'arrival_time_ms': 41016, 'header_length': 24, 'padding_length': 0, 'payload_size': 814, 'payload_type': 126, 'send_time_ms': 37974, 'sequence_number': 1619, 'ssrc': 12648429}
{'arrival_time_ms': 41037, 'header_length': 24, 'padding_length': 0, 'payload_size': 738, 'payload_type': 126, 'send_time_ms': 38004, 'sequence_number': 1620, 'ssrc': 12648429}
{'arrival_time_ms': 41058, 'header_length': 24, 'padding_length': 0, 'payload_size': 738, 'payload_type': 126, 'send_time_ms': 38034, 'sequence_number': 1621, 'ssrc': 12648429}
{'arrival_time_ms': 41079, 'header_length': 24, 'padding_length': 0, 'payload_size': 742, 'payload_type': 126, 'send_time_ms': 38069, 'sequence_number': 1622, 'ssrc': 12648429}
{'arrival_time_ms': 41101, 'header_length': 24, 'padding_length': 0, 'payload_size': 743, 'payload_type': 126, 'send_time_ms': 38074, 'sequence_number': 1623, 'ssrc': 12648429}
{'arrival_time_ms': 41122, 'header_length': 24, 'padding_length': 0, 'payload_size': 742, 'payload_type': 126, 'send_time_ms': 38104, 'sequence_number': 1624, 'ssrc': 12648429}
{'arrival_time_ms': 41143, 'header_length': 24, 'padding_length': 0, 'payload_size': 743, 'payload_type': 126, 'send_time_ms': 38109, 'sequence_number': 1625, 'ssrc': 12648429}
{'arrival_time_ms': 41169, 'header_length': 24, 'padding_length': 0, 'payload_size': 926, 'payload_type': 126, 'send_time_ms': 38134, 'sequence_number': 1626, 'ssrc': 12648429}
{'arrival_time_ms': 41195, 'header_length': 24, 'padding_length': 0, 'payload_size': 926, 'payload_type': 126, 'send_time_ms': 38169, 'sequence_number': 1627, 'ssrc': 12648429}
{'arrival_time_ms': 41222, 'header_length': 24, 'padding_length': 0, 'payload_size': 926, 'payload_type': 126, 'send_time_ms': 38204, 'sequence_number': 1628, 'ssrc': 12648429}
{'arrival_time_ms': 41243, 'header_length': 24, 'padding_length': 0, 'payload_size': 730, 'payload_type': 98, 'send_time_ms': 38214, 'sequence_number': 102, 'ssrc': 195939069}
{'arrival_time_ms': 41263, 'header_length': 24, 'padding_length': 0, 'payload_size': 728, 'payload_type': 126, 'send_time_ms': 38234, 'sequence_number': 1629, 'ssrc': 12648429}
{'arrival_time_ms': 41284, 'header_length': 24, 'padding_length': 0, 'payload_size': 728, 'payload_type': 126, 'send_time_ms': 38239, 'sequence_number': 1630, 'ssrc': 12648429}
{'arrival_time_ms': 41307, 'header_length': 24, 'padding_length': 0, 'payload_size': 728, 'payload_type': 126, 'send_time_ms': 38269, 'sequence_number': 1631, 'ssrc': 12648429}
{'arrival_time_ms': 41328, 'header_length': 24, 'padding_length': 0, 'payload_size': 728, 'payload_type': 126, 'send_time_ms': 38274, 'sequence_number': 1632, 'ssrc': 12648429}
{'arrival_time_ms': 41349, 'header_length': 24, 'padding_length': 0, 'payload_size': 730, 'payload_type': 126, 'send_time_ms': 38304, 'sequence_number': 1633, 'ssrc': 12648429}
{'arrival_time_ms': 41370, 'header_length': 24, 'padding_length': 0, 'payload_size': 730, 'payload_type': 126, 'send_time_ms': 38334, 'sequence_number': 1634, 'ssrc': 12648429}
{'arrival_time_ms': 41390, 'header_length': 24, 'padding_length': 0, 'payload_size': 726, 'payload_type': 126, 'send_time_ms': 38369, 'sequence_number': 1635, 'ssrc': 12648429}
{'arrival_time_ms': 41411, 'header_length': 24, 'padding_length': 0, 'payload_size': 726, 'payload_type': 126, 'send_time_ms': 38374, 'sequence_number': 1636, 'ssrc': 12648429}
{'arrival_time_ms': 41432, 'header_length': 24, 'padding_length': 0, 'payload_size': 726, 'payload_type': 126, 'send_time_ms': 38404, 'sequence_number': 1637, 'ssrc': 12648429}
{'arrival_time_ms': 41453, 'header_length': 24, 'padding_length': 0, 'payload_size': 726, 'payload_type': 126, 'send_time_ms': 38409, 'sequence_number': 1638, 'ssrc': 12648429}
{'arrival_time_ms': 41474, 'header_length': 24, 'padding_length': 0, 'payload_size': 742, 'payload_type': 126, 'send_time_ms': 38434, 'sequence_number': 1639, 'ssrc': 12648429}
{'arrival_time_ms': 41495, 'header_length': 24, 'padding_length': 0, 'payload_size': 742, 'payload_type': 126, 'send_time_ms': 38469, 'sequence_number': 1640, 'ssrc': 12648429}
{'arrival_time_ms': 41520, 'header_length': 24, 'padding_length': 0, 'payload_size': 855, 'payload_type': 126, 'send_time_ms': 38504, 'sequence_number': 1641, 'ssrc': 12648429}
{'arrival_time_ms': 41544, 'header_length': 24, 'padding_length': 0, 'payload_size': 855, 'payload_type': 126, 'send_time_ms': 38509, 'sequence_number': 1642, 'ssrc': 12648429}
{'arrival_time_ms': 41570, 'header_length': 24, 'padding_length': 0, 'payload_size': 946, 'payload_type': 126, 'send_time_ms': 38534, 'sequence_number': 1643, 'ssrc': 12648429}
{'arrival_time_ms': 41597, 'header_length': 24, 'padding_length': 0, 'payload_size': 946, 'payload_type': 126, 'send_time_ms': 38569, 'sequence_number': 1644, 'ssrc': 12648429}
{'arrival_time_ms': 41619, 'header_length': 24, 'padding_length': 0, 'payload_size': 761, 'payload_type': 126, 'send_time_ms': 38604, 'sequence_number': 1645, 'ssrc': 12648429}
{'arrival_time_ms': 41641, 'header_length': 24, 'padding_length': 0, 'payload_size': 761, 'payload_type': 126, 'send_time_ms': 38609, 'sequence_number': 1646, 'ssrc': 12648429}
{'arrival_time_ms': 41662, 'header_length': 24, 'padding_length': 0, 'payload_size': 761, 'payload_type': 126, 'send_time_ms': 38634, 'sequence_number': 1647, 'ssrc': 12648429}
{'arrival_time_ms': 41684, 'header_length': 24, 'padding_length': 0, 'payload_size': 761, 'payload_type': 126, 'send_time_ms': 38639, 'sequence_number': 1648, 'ssrc': 12648429}
{'arrival_time_ms': 41708, 'header_length': 24, 'padding_length': 0, 'payload_size': 857, 'payload_type': 126, 'send_time_ms': 38669, 'sequence_number': 1649, 'ssrc': 12648429}
{'arrival_time_ms': 41733, 'header_length': 24, 'padding_length': 0, 'payload_size': 857, 'payload_type': 126, 'send_time_ms': 38674, 'sequence_number': 1650, 'ssrc': 12648429}
{'arrival_time_ms': 41757, 'header_length': 24, 'padding_length': 0, 'payload_size': 857, 'payload_type': 126, 'send_time_ms': 38704, 'sequence_number': 1651, 'ssrc': 12648429}
{'arrival_time_ms': 41781, 'header_length': 24, 'padding_length': 0, 'payload_size': 857, 'payload_type': 126, 'send_time_ms': 38709, 'sequence_number': 1652, 'ssrc': 12648429}
{'arrival_time_ms': 41804, 'header_length': 24, 'padding_length': 0, 'payload_size': 813, 'payload_type': 126, 'send_time_ms': 38734, 'sequence_number': 1653, 'ssrc': 12648429}
{'arrival_time_ms': 41829, 'header_length': 24, 'padding_length': 0, 'payload_size': 813, 'payload_type': 126, 'send_time_ms': 38769, 'sequence_number': 1654, 'ssrc': 12648429}
{'arrival_time_ms': 41863, 'header_length': 24, 'padding_length': 0, 'payload_size': 1221, 'payload_type': 126, 'send_time_ms': 38804, 'sequence_number': 1655, 'ssrc': 12648429}
{'arrival_time_ms': 41888, 'header_length': 24, 'padding_length': 0, 'payload_size': 872, 'payload_type': 98, 'send_time_ms': 38829, 'sequence_number': 103, 'ssrc': 195939069}
{'arrival_time_ms': 41914, 'header_length': 24, 'padding_length': 0, 'payload_size': 917, 'payload_type': 126, 'send_time_ms': 38834, 'sequence_number': 1656, 'ssrc': 12648429}
{'arrival_time_ms': 41940, 'header_length': 24, 'padding_length': 0, 'payload_size': 918, 'payload_type': 126, 'send_time_ms': 38839, 'sequence_number': 1657, 'ssrc': 12648429}
{'arrival_time_ms': 41964, 'header_length': 24, 'padding_length': 0, 'payload_size': 872, 'payload_type': 98, 'send_time_ms': 38854, 'sequence_number': 104, 'ssrc': 195939069}
{'arrival_time_ms': 41992, 'header_length': 24, 'padding_length': 0, 'payload_size': 971, 'payload_type': 126, 'send_time_ms': 38904, 'sequence_number': 1660, 'ssrc': 12648429}
{'arrival_time_ms': 42019, 'header_length': 24, 'padding_length': 0, 'payload_size': 971, 'payload_type': 126, 'send_time_ms': 38934, 'sequence_number': 1661, 'ssrc': 12648429}
{'arrival_time_ms': 42046, 'header_length': 24, 'padding_length': 0, 'payload_size': 971, 'payload_type': 126, 'send_time_ms': 38969, 'sequence_number': 1662, 'ssrc': 12648429}
{'arrival_time_ms': 42074, 'header_length': 24, 'padding_length': 0, 'payload_size': 971, 'payload_type': 126, 'send_time_ms': 39004, 'sequence_number': 1663, 'ssrc': 12648429}
{'arrival_time_ms': 42096, 'header_length': 24, 'padding_length': 0, 'payload_size': 776, 'payload_type': 126, 'send_time_ms': 39034, 'sequence_number': 1664, 'ssrc': 12648429}
{'arrival_time_ms': 42123, 'header_length': 24, 'padding_length': 0, 'payload_size': 971, 'payload_type': 126, 'send_time_ms': 39069, 'sequence_number': 1665, 'ssrc': 12648429}
{'arrival_time_ms': 42151, 'header_length': 24, 'padding_length': 0, 'payload_size': 971, 'payload_type': 126, 'send_time_ms': 39104, 'sequence_number': 1666, 'ssrc': 12648429}
{'arrival_time_ms': 42178, 'header_length': 24, 'padding_length': 0, 'payload_size': 971, 'payload_type': 126, 'send_time_ms': 39134, 'sequence_number': 1667, 'ssrc': 12648429}
{'arrival_time_ms': 42205, 'header_length': 24, 'padding_length': 0, 'payload_size': 971, 'payload_type': 126, 'send_time_ms': 39169, 'sequence_number': 1668, 'ssrc': 12648429}
{'arrival_time_ms': 42227, 'header_length': 24, 'padding_length': 0, 'payload_size': 776, 'payload_type': 126, 'send_time_ms': 39204, 'sequence_number': 1669, 'ssrc': 12648429}
{'arrival_time_ms': 42250, 'header_length': 24, 'padding_length': 0, 'payload_size': 776, 'payload_type': 126, 'send_time_ms': 39234, 'sequence_number': 1670, 'ssrc': 12648429}
{'arrival_time_ms': 42290, 'header_length': 24, 'padding_length': 0, 'payload_size': 1384, 'payload_type': 126, 'send_time_ms': 39269, 'sequence_number': 1671, 'ssrc': 12648429}
{'arrival_time_ms': 42328, 'header_length': 24, 'padding_length': 0, 'payload_size': 1384, 'payload_type': 126, 'send_time_ms': 39304, 'sequence_number': 1672, 'ssrc': 12648429}
{'arrival_time_ms': 42351, 'header_length': 24, 'padding_length': 0, 'payload_size': 792, 'payload_type': 126, 'send_time_ms': 39334, 'sequence_number': 1673, 'ssrc': 12648429}
{'arrival_time_ms': 42378, 'header_length': 24, 'padding_length': 0, 'payload_size': 988, 'payload_type': 126, 'send_time_ms': 39369, 'sequence_number': 1674, 'ssrc': 12648429}
{'arrival_time_ms': 42406, 'header_length': 24, 'padding_length': 0, 'payload_size': 988, 'payload_type': 126, 'send_time_ms': 39404, 'sequence_number': 1675, 'ssrc': 12648429}
{'arrival_time_ms': 42431, 'header_length': 24, 'padding_length': 0, 'payload_size': 890, 'payload_type': 126, 'send_time_ms': 39434, 'sequence_number': 1676, 'ssrc': 12648429}
{'arrival_time_ms': 42457, 'header_length': 24, 'padding_length': 0, 'payload_size': 891, 'payload_type': 126, 'send_time_ms': 39439, 'sequence_number': 1677, 'ssrc': 12648429}
{'arrival_time_ms': 42482, 'header_length': 24, 'padding_length': 0, 'payload_size': 890, 'payload_type': 126, 'send_time_ms': 39469, 'sequence_number': 1678, 'ssrc': 12648429}
{'arrival_time_ms': 42507, 'header_length': 24, 'padding_length': 0, 'payload_size': 891, 'payload_type': 126, 'send_time_ms': 39474, 'sequence_number': 1679, 'ssrc': 12648429}
{'arrival_time_ms': 42530, 'header_length': 24, 'padding_length': 0, 'payload_size': 792, 'payload_type': 126, 'send_time_ms': 39504, 'sequence_number': 1680, 'ssrc': 12648429}
{'arrival_time_ms': 42552, 'header_length': 24, 'padding_length': 0, 'payload_size': 793, 'payload_type': 126, 'send_time_ms': 39509, 'sequence_number': 1681, 'ssrc': 12648429}
{'arrival_time_ms': 42582, 'header_length': 24, 'padding_length': 0, 'payload_size': 1082, 'payload_type': 98, 'send_time_ms': 39529, 'sequence_number': 105, 'ssrc': 195939069}
{'arrival_time_ms': 42605, 'header_length': 24, 'padding_length': 0, 'payload_size': 792, 'payload_type': 126, 'send_time_ms': 39534, 'sequence_number': 1682, 'ssrc': 12648429}
{'arrival_time_ms': 42628, 'header_length': 24, 'padding_length': 0, 'payload_size': 793, 'payload_type': 126, 'send_time_ms': 39539, 'sequence_number': 1683, 'ssrc': 12648429}
{'arrival_time_ms': 42650, 'header_length': 24, 'padding_length': 0, 'payload_size': 792, 'payload_type': 126, 'send_time_ms': 39569, 'sequence_number': 1684, 'ssrc': 12648429}
{'arrival_time_ms': 42673, 'header_length': 24, 'padding_length': 0, 'payload_size': 793, 'payload_type': 126, 'send_time_ms': 39574, 'sequence_number': 1685, 'ssrc': 12648429}
{'arrival_time_ms': 42695, 'header_length': 24, 'padding_length': 0, 'payload_size': 792, 'payload_type': 126, 'send_time_ms': 39604, 'sequence_number': 1686, 'ssrc': 12648429}
{'arrival_time_ms': 42718, 'header_length': 24, 'padding_length': 0, 'payload_size': 792, 'payload_type': 126, 'send_time_ms': 39634, 'sequence_number': 1688, 'ssrc': 12648429}
{'arrival_time_ms': 42742, 'header_length': 24, 'padding_length': 0, 'payload_size': 869, 'payload_type': 126, 'send_time_ms': 39669, 'sequence_number': 1690, 'ssrc': 12648429}
{'arrival_time_ms': 42767, 'header_length': 24, 'padding_length': 0, 'payload_size': 869, 'payload_type': 126, 'send_time_ms': 39704, 'sequence_number': 1692, 'ssrc': 12648429}
{'arrival_time_ms': 42792, 'header_length': 24, 'padding_length': 0, 'payload_size': 870, 'payload_type': 126, 'send_time_ms': 39709, 'sequence_number': 1693, 'ssrc': 12648429}
{'arrival_time_ms': 42814, 'header_length': 24, 'padding_length': 0, 'payload_size': 773, 'payload_type': 126, 'send_time_ms': 39734, 'sequence_number': 1694, 'ssrc': 12648429}
{'arrival_time_ms': 42838, 'header_length': 24, 'padding_length': 0, 'payload_size': 773, 'payload_type': 126, 'send_time_ms': 39769, 'sequence_number': 1696, 'ssrc': 12648429}
{'arrival_time_ms': 42860, 'header_length': 24, 'padding_length': 0, 'payload_size': 774, 'payload_type': 126, 'send_time_ms': 39774, 'sequence_number': 1697, 'ssrc': 12648429}
{'arrival_time_ms': 42882, 'header_length': 24, 'padding_length': 0, 'payload_size': 771, 'payload_type': 126, 'send_time_ms': 39804, 'sequence_number': 1698, 'ssrc': 12648429}
{'arrival_time_ms': 42904, 'header_length': 24, 'padding_length': 0, 'payload_size': 771, 'payload_type': 126, 'send_time_ms': 39834, 'sequence_number': 1699, 'ssrc': 12648429}
{'arrival_time_ms': 42926, 'header_length': 24, 'padding_length': 0, 'payload_size': 790, 'payload_type': 126, 'send_time_ms': 39869, 'sequence_number': 1700, 'ssrc': 12648429}
{'arrival_time_ms': 42949, 'header_length': 24, 'padding_length': 0, 'payload_size': 791, 'payload_type': 126, 'send_time_ms': 39874, 'sequence_number': 1701, 'ssrc': 12648429}
{'arrival_time_ms': 42971, 'header_length': 24, 'padding_length': 0, 'payload_size': 790, 'payload_type': 126, 'send_time_ms': 39904, 'sequence_number': 1702, 'ssrc': 12648429}
{'arrival_time_ms': 42994, 'header_length': 24, 'padding_length': 0, 'payload_size': 791, 'payload_type': 126, 'send_time_ms': 39909, 'sequence_number': 1703, 'ssrc': 12648429}
{'arrival_time_ms': 43033, 'header_length': 24, 'padding_length': 0, 'payload_size': 1413, 'payload_type': 126, 'send_time_ms': 39934, 'sequence_number': 1704, 'ssrc': 12648429}
{'arrival_time_ms': 43061, 'header_length': 24, 'padding_length': 0, 'payload_size': 1009, 'payload_type': 126, 'send_time_ms': 39969, 'sequence_number': 1705, 'ssrc': 12648429}
{'arrival_time_ms': 43090, 'header_length': 24, 'padding_length': 0, 'payload_size': 1009, 'payload_type': 126, 'send_time_ms': 40004, 'sequence_number': 1706, 'ssrc': 12648429}
{'arrival_time_ms': 43113, 'header_length': 24, 'padding_length': 0, 'payload_size': 809, 'payload_type': 126, 'send_time_ms': 40034, 'sequence_number': 1707, 'ssrc': 12648429}
{'arrival_time_ms': 43136, 'header_length': 24, 'padding_length': 0, 'payload_size': 809, 'payload_type': 126, 'send_time_ms': 40069, 'sequence_number': 1708, 'ssrc': 12648429}
{'arrival_time_ms': 43159, 'header_length': 24, 'padding_length': 0, 'payload_size': 809, 'payload_type': 126, 'send_time_ms': 40104, 'sequence_number': 1709, 'ssrc': 12648429}
{'arrival_time_ms': 43182, 'header_length': 24, 'padding_length': 0, 'payload_size': 809, 'payload_type': 126, 'send_time_ms': 40134, 'sequence_number': 1710, 'ssrc': 12648429}
{'arrival_time_ms': 43205, 'header_length': 24, 'padding_length': 0, 'payload_size': 809, 'payload_type': 126, 'send_time_ms': 40169, 'sequence_number': 1711, 'ssrc': 12648429}
{'arrival_time_ms': 43228, 'header_length': 24, 'padding_length': 0, 'payload_size': 809, 'payload_type': 126, 'send_time_ms': 40204, 'sequence_number': 1712, 'ssrc': 12648429}
{'arrival_time_ms': 43251, 'header_length': 24, 'padding_length': 0, 'payload_size': 809, 'payload_type': 126, 'send_time_ms': 40234, 'sequence_number': 1713, 'ssrc': 12648429}
{'arrival_time_ms': 43276, 'header_length': 24, 'padding_length': 0, 'payload_size': 809, 'payload_type': 126, 'send_time_ms': 40269, 'sequence_number': 1714, 'ssrc': 12648429}
{'arrival_time_ms': 43301, 'header_length': 24, 'padding_length': 0, 'payload_size': 909, 'payload_type': 126, 'send_time_ms': 40304, 'sequence_number': 1715, 'ssrc': 12648429}
{'arrival_time_ms': 43327, 'header_length': 24, 'padding_length': 0, 'payload_size': 909, 'payload_type': 126, 'send_time_ms': 40309, 'sequence_number': 1716, 'ssrc': 12648429}
{'arrival_time_ms': 43355, 'header_length': 24, 'padding_length': 0, 'payload_size': 1009, 'payload_type': 126, 'send_time_ms': 40334, 'sequence_number': 1717, 'ssrc': 12648429}
{'arrival_time_ms': 43384, 'header_length': 24, 'padding_length': 0, 'payload_size': 1009, 'payload_type': 126, 'send_time_ms': 40369, 'sequence_number': 1718, 'ssrc': 12648429}
{'arrival_time_ms': 43409, 'header_length': 24, 'padding_length': 0, 'payload_size': 909, 'payload_type': 126, 'send_time_ms': 40404, 'sequence_number': 1719, 'ssrc': 12648429}
{'arrival_time_ms': 43435, 'header_length': 24, 'padding_length': 0, 'payload_size': 909, 'payload_type': 126, 'send_time_ms': 40409, 'sequence_number': 1720, 'ssrc': 12648429}
{'arrival_time_ms': 43461, 'header_length': 24, 'padding_length': 0, 'payload_size': 909, 'payload_type': 126, 'send_time_ms': 40434, 'sequence_number': 1721, 'ssrc': 12648429}
{'arrival_time_ms': 43486, 'header_length': 24, 'padding_length': 0, 'payload_size': 909, 'payload_type': 126, 'send_time_ms': 40439, 'sequence_number': 1722, 'ssrc': 12648429}
{'arrival_time_ms': 43515, 'header_length': 24, 'padding_length': 0, 'payload_size': 1009, 'payload_type': 126, 'send_time_ms': 40469, 'sequence_number': 1723, 'ssrc': 12648429}
{'arrival_time_ms': 43543, 'header_length': 24, 'padding_length': 0, 'payload_size': 1009, 'payload_type': 126, 'send_time_ms': 40504, 'sequence_number': 1724, 'ssrc': 12648429}
{'arrival_time_ms': 43566, 'header_length': 24, 'padding_length': 0, 'payload_size': 809, 'payload_type': 126, 'send_time_ms': 40534, 'sequence_number': 1725, 'ssrc': 12648429}
{'arrival_time_ms': 43589, 'header_length': 24, 'padding_length': 0, 'payload_size': 809, 'payload_type': 126, 'send_time_ms': 40539, 'sequence_number': 1726, 'ssrc': 12648429}
{'arrival_time_ms': 43612, 'header_length': 24, 'padding_length': 0, 'payload_size': 809, 'payload_type': 126, 'send_time_ms': 40569, 'sequence_number': 1727, 'ssrc': 12648429}
{'arrival_time_ms': 43635, 'header_length': 24, 'padding_length': 0, 'payload_size': 809, 'payload_type': 126, 'send_time_ms': 40574, 'sequence_number': 1728, 'ssrc': 12648429}
{'arrival_time_ms': 43662, 'header_length': 24, 'padding_length': 0, 'payload_size': 936, 'payload_type': 126, 'send_time_ms': 40604, 'sequence_number': 1729, 'ssrc': 12648429}
{'arrival_time_ms': 43688, 'header_length': 24, 'padding_length': 0, 'payload_size': 936, 'payload_type': 126, 'send_time_ms': 40609, 'sequence_number': 1730, 'ssrc': 12648429}
{'arrival_time_ms': 43717, 'header_length': 24, 'padding_length': 0, 'payload_size': 1038, 'payload_type': 126, 'send_time_ms': 40634, 'sequence_number': 1731, 'ssrc': 12648429}
{'arrival_time_ms': 43746, 'header_length': 24, 'padding_length': 0, 'payload_size': 1038, 'payload_type': 126, 'send_time_ms': 40669, 'sequence_number': 1732, 'ssrc': 12648429}
{'arrival_time_ms': 43773, 'header_length': 24, 'padding_length': 0, 'payload_size': 936, 'payload_type': 126, 'send_time_ms': 40704, 'sequence_number': 1733, 'ssrc': 12648429}
{'arrival_time_ms': 43799, 'header_length': 24, 'padding_length': 0, 'payload_size': 936, 'payload_type': 126, 'send_time_ms': 40709, 'sequence_number': 1734, 'ssrc': 12648429}
{'arrival_time_ms': 43825, 'header_length': 24, 'padding_length': 0, 'payload_size': 936, 'payload_type': 126, 'send_time_ms': 40739, 'sequence_number': 1736, 'ssrc': 12648429}
{'arrival_time_ms': 43855, 'header_length': 24, 'padding_length': 0, 'payload_size': 1038, 'payload_type': 126, 'send_time_ms': 40769, 'sequence_number': 1737, 'ssrc': 12648429}
{'arrival_time_ms': 43884, 'header_length': 24, 'padding_length': 0, 'payload_size': 1038, 'payload_type': 126, 'send_time_ms': 40804, 'sequence_number': 1738, 'ssrc': 12648429}
{'arrival_time_ms': 43913, 'header_length': 24, 'padding_length': 0, 'payload_size': 1038, 'payload_type': 126, 'send_time_ms': 40834, 'sequence_number': 1739, 'ssrc': 12648429}
{'arrival_time_ms': 43942, 'header_length': 24, 'padding_length': 0, 'payload_size': 1038, 'payload_type': 126, 'send_time_ms': 40869, 'sequence_number': 1740, 'ssrc': 12648429}
{'arrival_time_ms': 43965, 'header_length': 24, 'padding_length': 0, 'payload_size': 830, 'payload_type': 126, 'send_time_ms': 40904, 'sequence_number': 1741, 'ssrc': 12648429}
{'arrival_time_ms': 43995, 'header_length': 24, 'padding_length': 0, 'payload_size': 1038, 'payload_type': 126, 'send_time_ms': 40934, 'sequence_number': 1742, 'ssrc': 12648429}
{'arrival_time_ms': 44016, 'header_length': 24, 'padding_length': 0, 'payload_size': 753, 'payload_type': 98, 'send_time_ms': 40944, 'sequence_number': 106, 'ssrc': 195939069}
{'arrival_time_ms': 44038, 'header_length': 24, 'padding_length': 0, 'payload_size': 753, 'payload_type': 98, 'send_time_ms': 40954, 'sequence_number': 107, 'ssrc': 195939069}
{'arrival_time_ms': 44067, 'header_length': 24, 'padding_length': 0, 'payload_size': 1038, 'payload_type': 126, 'send_time_ms': 40969, 'sequence_number': 1743, 'ssrc': 12648429}
{'arrival_time_ms': 44096, 'header_length': 24, 'padding_length': 0, 'payload_size': 1038, 'payload_type': 126, 'send_time_ms': 41004, 'sequence_number': 1744, 'ssrc': 12648429}
{'arrival_time_ms': 44125, 'header_length': 24, 'padding_length': 0, 'payload_size': 1038, 'payload_type': 126, 'send_time_ms': 41034, 'sequence_number': 1745, 'ssrc': 12648429}
{'arrival_time_ms': 44154, 'header_length': 24, 'padding_length': 0, 'payload_size': 1038, 'payload_type': 126, 'send_time_ms': 41069, 'sequence_number': 1746, 'ssrc': 12648429}
{'arrival_time_ms': 44183, 'header_length': 24, 'padding_length': 0, 'payload_size': 1038, 'payload_type': 126, 'send_time_ms': 41104, 'sequence_number': 1747, 'ssrc': 12648429}
{'arrival_time_ms': 44209, 'header_length': 24, 'padding_length': 0, 'payload_size': 898, 'payload_type': 126, 'send_time_ms': 41134, 'sequence_number': 1748, 'ssrc': 12648429}
{'arrival_time_ms': 44234, 'header_length': 24, 'padding_length': 0, 'payload_size': 898, 'payload_type': 126, 'send_time_ms': 41169, 'sequence_number': 1750, 'ssrc': 12648429}
{'arrival_time_ms': 44259, 'header_length': 24, 'padding_length': 0, 'payload_size': 899, 'payload_type': 126, 'send_time_ms': 41174, 'sequence_number': 1751, 'ssrc': 12648429}
{'arrival_time_ms': 44282, 'header_length': 24, 'padding_length': 0, 'payload_size': 801, 'payload_type': 126, 'send_time_ms': 41204, 'sequence_number': 1752, 'ssrc': 12648429}
{'arrival_time_ms': 44305, 'header_length': 24, 'padding_length': 0, 'payload_size': 801, 'payload_type': 126, 'send_time_ms': 41209, 'sequence_number': 1753, 'ssrc': 12648429}
{'arrival_time_ms': 44333, 'header_length': 24, 'padding_length': 0, 'payload_size': 1001, 'payload_type': 126, 'send_time_ms': 41234, 'sequence_number': 1754, 'ssrc': 12648429}
{'arrival_time_ms': 44361, 'header_length': 24, 'padding_length': 0, 'payload_size': 1001, 'payload_type': 126, 'send_time_ms': 41269, 'sequence_number': 1755, 'ssrc': 12648429}
{'arrival_time_ms': 44384, 'header_length': 24, 'padding_length': 0, 'payload_size': 801, 'payload_type': 126, 'send_time_ms': 41304, 'sequence_number': 1756, 'ssrc': 12648429}
{'arrival_time_ms': 44407, 'header_length': 24, 'padding_length': 0, 'payload_size': 801, 'payload_type': 126, 'send_time_ms': 41334, 'sequence_number': 1758, 'ssrc': 12648429}
{'arrival_time_ms': 44430, 'header_length': 24, 'padding_length': 0, 'payload_size': 801, 'payload_type': 126, 'send_time_ms': 41339, 'sequence_number': 1759, 'ssrc': 12648429}
{'arrival_time_ms': 44452, 'header_length': 24, 'padding_length': 0, 'payload_size': 801, 'payload_type': 126, 'send_time_ms': 41369, 'sequence_number': 1760, 'ssrc': 12648429}
{'arrival_time_ms': 44475, 'header_length': 24, 'padding_length': 0, 'payload_size': 801, 'payload_type': 126, 'send_time_ms': 41404, 'sequence_number': 1761, 'ssrc': 12648429}
{'arrival_time_ms': 44501, 'header_length': 24, 'padding_length': 0, 'payload_size': 901, 'payload_type': 126, 'send_time_ms': 41434, 'sequence_number': 1762, 'ssrc': 12648429}
{'arrival_time_ms': 44526, 'header_length': 24, 'padding_length': 0, 'payload_size': 901, 'payload_type': 126, 'send_time_ms': 41439, 'sequence_number': 1763, 'ssrc': 12648429}
{'arrival_time_ms': 44552, 'header_length': 24, 'padding_length': 0, 'payload_size': 901, 'payload_type': 126, 'send_time_ms': 41469, 'sequence_number': 1764, 'ssrc': 12648429}
{'arrival_time_ms': 44577, 'header_length': 24, 'padding_length': 0, 'payload_size': 901, 'payload_type': 126, 'send_time_ms': 41474, 'sequence_number': 1765, 'ssrc': 12648429}
{'arrival_time_ms': 44616, 'header_length': 24, 'padding_length': 0, 'payload_size': 1401, 'payload_type': 126, 'send_time_ms': 41504, 'sequence_number': 1766, 'ssrc': 12648429}
{'arrival_time_ms': 44644, 'header_length': 24, 'padding_length': 0, 'payload_size': 1001, 'payload_type': 126, 'send_time_ms': 41569, 'sequence_number': 1768, 'ssrc': 12648429}
{'arrival_time_ms': 44683, 'header_length': 24, 'padding_length': 0, 'payload_size': 1401, 'payload_type': 126, 'send_time_ms': 41604, 'sequence_number': 1769, 'ssrc': 12648429}
{'arrival_time_ms': 44722, 'header_length': 24, 'padding_length': 0, 'payload_size': 1401, 'payload_type': 126, 'send_time_ms': 41634, 'sequence_number': 1770, 'ssrc': 12648429}
{'arrival_time_ms': 44744, 'header_length': 24, 'padding_length': 0, 'payload_size': 796, 'payload_type': 126, 'send_time_ms': 41669, 'sequence_number': 1771, 'ssrc': 12648429}
{'arrival_time_ms': 44767, 'header_length': 24, 'padding_length': 0, 'payload_size': 796, 'payload_type': 126, 'send_time_ms': 41704, 'sequence_number': 1772, 'ssrc': 12648429}
{'arrival_time_ms': 44790, 'header_length': 24, 'padding_length': 0, 'payload_size': 798, 'payload_type': 126, 'send_time_ms': 41734, 'sequence_number': 1773, 'ssrc': 12648429}
{'arrival_time_ms': 44812, 'header_length': 24, 'padding_length': 0, 'payload_size': 799, 'payload_type': 126, 'send_time_ms': 41739, 'sequence_number': 1774, 'ssrc': 12648429}
{'arrival_time_ms': 44837, 'header_length': 24, 'padding_length': 0, 'payload_size': 798, 'payload_type': 126, 'send_time_ms': 41769, 'sequence_number': 1775, 'ssrc': 12648429}
{'arrival_time_ms': 44860, 'header_length': 24, 'padding_length': 0, 'payload_size': 799, 'payload_type': 126, 'send_time_ms': 41774, 'sequence_number': 1776, 'ssrc': 12648429}
{'arrival_time_ms': 44885, 'header_length': 24, 'padding_length': 0, 'payload_size': 898, 'payload_type': 126, 'send_time_ms': 41804, 'sequence_number': 1777, 'ssrc': 12648429}
{'arrival_time_ms': 44913, 'header_length': 24, 'padding_length': 0, 'payload_size': 996, 'payload_type': 126, 'send_time_ms': 41834, 'sequence_number': 1779, 'ssrc': 12648429}
{'arrival_time_ms': 44941, 'header_length': 24, 'padding_length': 0, 'payload_size': 996, 'payload_type': 126, 'send_time_ms': 41869, 'sequence_number': 1780, 'ssrc': 12648429}
{'arrival_time_ms': 44969, 'header_length': 24, 'padding_length': 0, 'payload_size': 996, 'payload_type': 126, 'send_time_ms': 41904, 'sequence_number': 1781, 'ssrc': 12648429}
{'arrival_time_ms': 44997, 'header_length': 24, 'padding_length': 0, 'payload_size': 996, 'payload_type': 126, 'send_time_ms': 41934, 'sequence_number': 1782, 'ssrc': 12648429}
{'arrival_time_ms': 45037, 'header_length': 24, 'padding_length': 0, 'payload_size': 1426, 'payload_type': 126, 'send_time_ms': 41969, 'sequence_number': 1783, 'ssrc': 12648429}
{'arrival_time_ms': 45076, 'header_length': 24, 'padding_length': 0, 'payload_size': 1426, 'payload_type': 126, 'send_time_ms': 42004, 'sequence_number': 1784, 'ssrc': 12648429}
{'arrival_time_ms': 45103, 'header_length': 24, 'padding_length': 0, 'payload_size': 936, 'payload_type': 126, 'send_time_ms': 42034, 'sequence_number': 1785, 'ssrc': 12648429}
{'arrival_time_ms': 45129, 'header_length': 24, 'padding_length': 0, 'payload_size': 936, 'payload_type': 126, 'send_time_ms': 42039, 'sequence_number': 1786, 'ssrc': 12648429}
{'arrival_time_ms': 45155, 'header_length': 24, 'padding_length': 0, 'payload_size': 936, 'payload_type': 126, 'send_time_ms': 42069, 'sequence_number': 1787, 'ssrc': 12648429}
{'arrival_time_ms': 45181, 'header_length': 24, 'padding_length': 0, 'payload_size': 919, 'payload_type': 98, 'send_time_ms': 42099, 'sequence_number': 108, 'ssrc': 195939069}
{'arrival_time_ms': 45207, 'header_length': 24, 'padding_length': 0, 'payload_size': 920, 'payload_type': 98, 'send_time_ms': 42109, 'sequence_number': 109, 'ssrc': 195939069}
{'arrival_time_ms': 45231, 'header_length': 24, 'padding_length': 0, 'payload_size': 830, 'payload_type': 126, 'send_time_ms': 42139, 'sequence_number': 1790, 'ssrc': 12648429}
{'arrival_time_ms': 45254, 'header_length': 24, 'padding_length': 0, 'payload_size': 830, 'payload_type': 126, 'send_time_ms': 42169, 'sequence_number': 1791, 'ssrc': 12648429}
{'arrival_time_ms': 45282, 'header_length': 24, 'padding_length': 0, 'payload_size': 992, 'payload_type': 126, 'send_time_ms': 42204, 'sequence_number': 1792, 'ssrc': 12648429}
{'arrival_time_ms': 45310, 'header_length': 24, 'padding_length': 0, 'payload_size': 992, 'payload_type': 126, 'send_time_ms': 42234, 'sequence_number': 1793, 'ssrc': 12648429}
{'arrival_time_ms': 45350, 'header_length': 24, 'padding_length': 0, 'payload_size': 1388, 'payload_type': 126, 'send_time_ms': 42269, 'sequence_number': 1794, 'ssrc': 12648429}
{'arrival_time_ms': 45389, 'header_length': 24, 'padding_length': 0, 'payload_size': 1388, 'payload_type': 126, 'send_time_ms': 42304, 'sequence_number': 1795, 'ssrc': 12648429}
{'arrival_time_ms': 45414, 'header_length': 24, 'padding_length': 0, 'payload_size': 892, 'payload_type': 126, 'send_time_ms': 42334, 'sequence_number': 1796, 'ssrc': 12648429}
{'arrival_time_ms': 45439, 'header_length': 24, 'padding_length': 0, 'payload_size': 893, 'payload_type': 126, 'send_time_ms': 42339, 'sequence_number': 1797, 'ssrc': 12648429}
{'arrival_time_ms': 45465, 'header_length': 24, 'padding_length': 0, 'payload_size': 892, 'payload_type': 126, 'send_time_ms': 42369, 'sequence_number': 1798, 'ssrc': 12648429}
{'arrival_time_ms': 45499, 'header_length': 24, 'padding_length': 0, 'payload_size': 1240, 'payload_type': 126, 'send_time_ms': 42404, 'sequence_number': 1800, 'ssrc': 12648429}
{'arrival_time_ms': 45534, 'header_length': 24, 'padding_length': 0, 'payload_size': 1241, 'payload_type': 126, 'send_time_ms': 42429, 'sequence_number': 1802, 'ssrc': 12648429}
{'arrival_time_ms': 45559, 'header_length': 24, 'padding_length': 0, 'payload_size': 899, 'payload_type': 126, 'send_time_ms': 42469, 'sequence_number': 1805, 'ssrc': 12648429}
{'arrival_time_ms': 45585, 'header_length': 24, 'padding_length': 0, 'payload_size': 899, 'payload_type': 126, 'send_time_ms': 42504, 'sequence_number': 1806, 'ssrc': 12648429}
{'arrival_time_ms': 45610, 'header_length': 24, 'padding_length': 0, 'payload_size': 899, 'payload_type': 126, 'send_time_ms': 42534, 'sequence_number': 1807, 'ssrc': 12648429}
{'arrival_time_ms': 45628, 'header_length': 24, 'padding_length': 0, 'payload_size': 616, 'payload_type': 126, 'send_time_ms': 42569, 'sequence_number': 1808, 'ssrc': 12648429}
{'arrival_time_ms': 45656, 'header_length': 24, 'padding_length': 0, 'payload_size': 992, 'payload_type': 126, 'send_time_ms': 42604, 'sequence_number': 1809, 'ssrc': 12648429}
{'arrival_time_ms': 45684, 'header_length': 24, 'padding_length': 0, 'payload_size': 992, 'payload_type': 126, 'send_time_ms': 42634, 'sequence_number': 1810, 'ssrc': 12648429}
{'arrival_time_ms': 45711, 'header_length': 24, 'padding_length': 0, 'payload_size': 992, 'payload_type': 126, 'send_time_ms': 42669, 'sequence_number': 1811, 'ssrc': 12648429}
{'arrival_time_ms': 45750, 'header_length': 24, 'padding_length': 0, 'payload_size': 1392, 'payload_type': 126, 'send_time_ms': 42704, 'sequence_number': 1812, 'ssrc': 12648429}
{'arrival_time_ms': 45773, 'header_length': 24, 'padding_length': 0, 'payload_size': 792, 'payload_type': 126, 'send_time_ms': 42734, 'sequence_number': 1813, 'ssrc': 12648429}
{'arrival_time_ms': 45797, 'header_length': 24, 'padding_length': 0, 'payload_size': 792, 'payload_type': 126, 'send_time_ms': 42769, 'sequence_number': 1814, 'ssrc': 12648429}
{'arrival_time_ms': 45830, 'header_length': 24, 'padding_length': 0, 'payload_size': 1188, 'payload_type': 126, 'send_time_ms': 42804, 'sequence_number': 1815, 'ssrc': 12648429}
{'arrival_time_ms': 45853, 'header_length': 24, 'padding_length': 0, 'payload_size': 795, 'payload_type': 98, 'send_time_ms': 42824, 'sequence_number': 110, 'ssrc': 195939069}
{'arrival_time_ms': 45886, 'header_length': 24, 'padding_length': 0, 'payload_size': 1188, 'payload_type': 126, 'send_time_ms': 42834, 'sequence_number': 1816, 'ssrc': 12648429}
{'arrival_time_ms': 45909, 'header_length': 24, 'padding_length': 0, 'payload_size': 795, 'payload_type': 98, 'send_time_ms': 42849, 'sequence_number': 111, 'ssrc': 195939069}
{'arrival_time_ms': 45935, 'header_length': 24, 'padding_length': 0, 'payload_size': 951, 'payload_type': 126, 'send_time_ms': 42869, 'sequence_number': 1817, 'ssrc': 12648429}
{'arrival_time_ms': 45960, 'header_length': 24, 'padding_length': 0, 'payload_size': 872, 'payload_type': 98, 'send_time_ms': 42879, 'sequence_number': 112, 'ssrc': 195939069}
{'arrival_time_ms': 45987, 'header_length': 24, 'padding_length': 0, 'payload_size': 951, 'payload_type': 126, 'send_time_ms': 42904, 'sequence_number': 1818, 'ssrc': 12648429}
{'arrival_time_ms': 46018, 'header_length': 24, 'padding_length': 0, 'payload_size': 1117, 'payload_type': 126, 'send_time_ms': 42934, 'sequence_number': 1819, 'ssrc': 12648429}
{'arrival_time_ms': 46040, 'header_length': 24, 'padding_length': 0, 'payload_size': 776, 'payload_type': 98, 'send_time_ms': 42944, 'sequence_number': 113, 'ssrc': 195939069}
{'arrival_time_ms': 46066, 'header_length': 24, 'padding_length': 0, 'payload_size': 917, 'payload_type': 126, 'send_time_ms': 42969, 'sequence_number': 1820, 'ssrc': 12648429}
{'arrival_time_ms': 46092, 'header_length': 24, 'padding_length': 0, 'payload_size': 917, 'payload_type': 126, 'send_time_ms': 43004, 'sequence_number': 1821, 'ssrc': 12648429}
{'arrival_time_ms': 46113, 'header_length': 24, 'padding_length': 0, 'payload_size': 730, 'payload_type': 126, 'send_time_ms': 43034, 'sequence_number': 1822, 'ssrc': 12648429}
{'arrival_time_ms': 46134, 'header_length': 24, 'padding_length': 0, 'payload_size': 730, 'payload_type': 126, 'send_time_ms': 43069, 'sequence_number': 1823, 'ssrc': 12648429}
{'arrival_time_ms': 46157, 'header_length': 24, 'padding_length': 0, 'payload_size': 815, 'payload_type': 126, 'send_time_ms': 43104, 'sequence_number': 1824, 'ssrc': 12648429}
{'arrival_time_ms': 46180, 'header_length': 24, 'padding_length': 0, 'payload_size': 816, 'payload_type': 126, 'send_time_ms': 43109, 'sequence_number': 1825, 'ssrc': 12648429}
{'arrival_time_ms': 46203, 'header_length': 24, 'padding_length': 0, 'payload_size': 815, 'payload_type': 126, 'send_time_ms': 43134, 'sequence_number': 1826, 'ssrc': 12648429}
{'arrival_time_ms': 46227, 'header_length': 24, 'padding_length': 0, 'payload_size': 816, 'payload_type': 126, 'send_time_ms': 43139, 'sequence_number': 1827, 'ssrc': 12648429}
{'arrival_time_ms': 46248, 'header_length': 24, 'padding_length': 0, 'payload_size': 763, 'payload_type': 126, 'send_time_ms': 43169, 'sequence_number': 1828, 'ssrc': 12648429}
{'arrival_time_ms': 46270, 'header_length': 24, 'padding_length': 0, 'payload_size': 763, 'payload_type': 126, 'send_time_ms': 43204, 'sequence_number': 1829, 'ssrc': 12648429}
{'arrival_time_ms': 46307, 'header_length': 24, 'padding_length': 0, 'payload_size': 1334, 'payload_type': 126, 'send_time_ms': 43234, 'sequence_number': 1830, 'ssrc': 12648429}
{'arrival_time_ms': 46346, 'header_length': 24, 'padding_length': 0, 'payload_size': 1334, 'payload_type': 126, 'send_time_ms': 43269, 'sequence_number': 1831, 'ssrc': 12648429}
{'arrival_time_ms': 46383, 'header_length': 24, 'padding_length': 0, 'payload_size': 1334, 'payload_type': 126, 'send_time_ms': 43304, 'sequence_number': 1832, 'ssrc': 12648429}
{'arrival_time_ms': 46407, 'header_length': 24, 'padding_length': 0, 'payload_size': 859, 'payload_type': 126, 'send_time_ms': 43334, 'sequence_number': 1833, 'ssrc': 12648429}
{'arrival_time_ms': 46432, 'header_length': 24, 'padding_length': 0, 'payload_size': 859, 'payload_type': 126, 'send_time_ms': 43339, 'sequence_number': 1834, 'ssrc': 12648429}
{'arrival_time_ms': 46456, 'header_length': 24, 'padding_length': 0, 'payload_size': 859, 'payload_type': 126, 'send_time_ms': 43369, 'sequence_number': 1835, 'ssrc': 12648429}
{'arrival_time_ms': 46480, 'header_length': 24, 'padding_length': 0, 'payload_size': 859, 'payload_type': 126, 'send_time_ms': 43404, 'sequence_number': 1837, 'ssrc': 12648429}
{'arrival_time_ms': 46505, 'header_length': 24, 'padding_length': 0, 'payload_size': 859, 'payload_type': 126, 'send_time_ms': 43434, 'sequence_number': 1839, 'ssrc': 12648429}
{'arrival_time_ms': 46542, 'header_length': 24, 'padding_length': 0, 'payload_size': 1326, 'payload_type': 126, 'send_time_ms': 43469, 'sequence_number': 1841, 'ssrc': 12648429}
{'arrival_time_ms': 46578, 'header_length': 24, 'padding_length': 0, 'payload_size': 1326, 'payload_type': 126, 'send_time_ms': 43504, 'sequence_number': 1842, 'ssrc': 12648429}
{'arrival_time_ms': 46600, 'header_length': 24, 'padding_length': 0, 'payload_size': 761, 'payload_type': 126, 'send_time_ms': 43534, 'sequence_number': 1843, 'ssrc': 12648429}
{'arrival_time_ms': 46622, 'header_length': 24, 'padding_length': 0, 'payload_size': 761, 'payload_type': 126, 'send_time_ms': 43539, 'sequence_number': 1844, 'ssrc': 12648429}
{'arrival_time_ms': 46659, 'header_length': 24, 'padding_length': 0, 'payload_size': 1334, 'payload_type': 126, 'send_time_ms': 43569, 'sequence_number': 1845, 'ssrc': 12648429}
{'arrival_time_ms': 46696, 'header_length': 24, 'padding_length': 0, 'payload_size': 1334, 'payload_type': 126, 'send_time_ms': 43604, 'sequence_number': 1846, 'ssrc': 12648429}
{'arrival_time_ms': 46720, 'header_length': 24, 'padding_length': 0, 'payload_size': 859, 'payload_type': 126, 'send_time_ms': 43634, 'sequence_number': 1847, 'ssrc': 12648429}
{'arrival_time_ms': 46745, 'header_length': 24, 'padding_length': 0, 'payload_size': 859, 'payload_type': 126, 'send_time_ms': 43669, 'sequence_number': 1849, 'ssrc': 12648429}
{'arrival_time_ms': 46769, 'header_length': 24, 'padding_length': 0, 'payload_size': 859, 'payload_type': 126, 'send_time_ms': 43674, 'sequence_number': 1850, 'ssrc': 12648429}
{'arrival_time_ms': 46793, 'header_length': 24, 'padding_length': 0, 'payload_size': 859, 'payload_type': 126, 'send_time_ms': 43704, 'sequence_number': 1851, 'ssrc': 12648429}
{'arrival_time_ms': 46818, 'header_length': 24, 'padding_length': 0, 'payload_size': 859, 'payload_type': 126, 'send_time_ms': 43734, 'sequence_number': 1853, 'ssrc': 12648429}
{'arrival_time_ms': 46841, 'header_length': 24, 'padding_length': 0, 'payload_size': 767, 'payload_type': 126, 'send_time_ms': 43769, 'sequence_number': 1855, 'ssrc': 12648429}
{'arrival_time_ms': 46863, 'header_length': 24, 'padding_length': 0, 'payload_size': 767, 'payload_type': 126, 'send_time_ms': 43804, 'sequence_number': 1856, 'ssrc': 12648429}
{'arrival_time_ms': 46885, 'header_length': 24, 'padding_length': 0, 'payload_size': 767, 'payload_type': 126, 'send_time_ms': 43834, 'sequence_number': 1857, 'ssrc': 12648429}
{'arrival_time_ms': 46907, 'header_length': 24, 'padding_length': 0, 'payload_size': 768, 'payload_type': 126, 'send_time_ms': 43839, 'sequence_number': 1858, 'ssrc': 12648429}
{'arrival_time_ms': 46929, 'header_length': 24, 'padding_length': 0, 'payload_size': 767, 'payload_type': 126, 'send_time_ms': 43869, 'sequence_number': 1859, 'ssrc': 12648429}
{'arrival_time_ms': 46951, 'header_length': 24, 'padding_length': 0, 'payload_size': 768, 'payload_type': 126, 'send_time_ms': 43874, 'sequence_number': 1860, 'ssrc': 12648429}
{'arrival_time_ms': 46979, 'header_length': 24, 'padding_length': 0, 'payload_size': 996, 'payload_type': 126, 'send_time_ms': 43904, 'sequence_number': 1861, 'ssrc': 12648429}
{'arrival_time_ms': 47005, 'header_length': 24, 'padding_length': 0, 'payload_size': 938, 'payload_type': 98, 'send_time_ms': 43934, 'sequence_number': 114, 'ssrc': 195939069}
{'arrival_time_ms': 47039, 'header_length': 24, 'padding_length': 0, 'payload_size': 1221, 'payload_type': 126, 'send_time_ms': 43944, 'sequence_number': 1862, 'ssrc': 12648429}
{'arrival_time_ms': 47073, 'header_length': 24, 'padding_length': 0, 'payload_size': 1221, 'payload_type': 126, 'send_time_ms': 43969, 'sequence_number': 1863, 'ssrc': 12648429}
{'arrival_time_ms': 47102, 'header_length': 24, 'padding_length': 0, 'payload_size': 1013, 'payload_type': 126, 'send_time_ms': 44004, 'sequence_number': 1864, 'ssrc': 12648429}
{'arrival_time_ms': 47130, 'header_length': 24, 'padding_length': 0, 'payload_size': 1013, 'payload_type': 126, 'send_time_ms': 44034, 'sequence_number': 1865, 'ssrc': 12648429}
{'arrival_time_ms': 47156, 'header_length': 24, 'padding_length': 0, 'payload_size': 915, 'payload_type': 126, 'send_time_ms': 44069, 'sequence_number': 1866, 'ssrc': 12648429}
{'arrival_time_ms': 47182, 'header_length': 24, 'padding_length': 0, 'payload_size': 915, 'payload_type': 126, 'send_time_ms': 44104, 'sequence_number': 1868, 'ssrc': 12648429}
{'arrival_time_ms': 47208, 'header_length': 24, 'padding_length': 0, 'payload_size': 916, 'payload_type': 126, 'send_time_ms': 44109, 'sequence_number': 1869, 'ssrc': 12648429}
{'arrival_time_ms': 47231, 'header_length': 24, 'padding_length': 0, 'payload_size': 813, 'payload_type': 126, 'send_time_ms': 44134, 'sequence_number': 1870, 'ssrc': 12648429}
{'arrival_time_ms': 47254, 'header_length': 24, 'padding_length': 0, 'payload_size': 813, 'payload_type': 126, 'send_time_ms': 44169, 'sequence_number': 1871, 'ssrc': 12648429}
{'arrival_time_ms': 47277, 'header_length': 24, 'padding_length': 0, 'payload_size': 813, 'payload_type': 126, 'send_time_ms': 44204, 'sequence_number': 1872, 'ssrc': 12648429}
{'arrival_time_ms': 47306, 'header_length': 24, 'padding_length': 0, 'payload_size': 1017, 'payload_type': 126, 'send_time_ms': 44234, 'sequence_number': 1873, 'ssrc': 12648429}
{'arrival_time_ms': 47336, 'header_length': 24, 'padding_length': 0, 'payload_size': 1017, 'payload_type': 126, 'send_time_ms': 44269, 'sequence_number': 1874, 'ssrc': 12648429}
{'arrival_time_ms': 47375, 'header_length': 24, 'padding_length': 0, 'payload_size': 1421, 'payload_type': 126, 'send_time_ms': 44304, 'sequence_number': 1875, 'ssrc': 12648429}
{'arrival_time_ms': 47415, 'header_length': 24, 'padding_length': 0, 'payload_size': 1421, 'payload_type': 126, 'send_time_ms': 44334, 'sequence_number': 1876, 'ssrc': 12648429}
{'arrival_time_ms': 47443, 'header_length': 24, 'padding_length': 0, 'payload_size': 992, 'payload_type': 126, 'send_time_ms': 44369, 'sequence_number': 1877, 'ssrc': 12648429}
{'arrival_time_ms': 47471, 'header_length': 24, 'padding_length': 0, 'payload_size': 992, 'payload_type': 126, 'send_time_ms': 44404, 'sequence_number': 1878, 'ssrc': 12648429}
{'arrival_time_ms': 47496, 'header_length': 24, 'padding_length': 0, 'payload_size': 894, 'payload_type': 126, 'send_time_ms': 44434, 'sequence_number': 1879, 'ssrc': 12648429}
{'arrival_time_ms': 47521, 'header_length': 24, 'padding_length': 0, 'payload_size': 895, 'payload_type': 126, 'send_time_ms': 44439, 'sequence_number': 1880, 'ssrc': 12648429}
{'arrival_time_ms': 47546, 'header_length': 24, 'padding_length': 0, 'payload_size': 894, 'payload_type': 126, 'send_time_ms': 44469, 'sequence_number': 1881, 'ssrc': 12648429}
{'arrival_time_ms': 47569, 'header_length': 24, 'padding_length': 0, 'payload_size': 792, 'payload_type': 126, 'send_time_ms': 44504, 'sequence_number': 1883, 'ssrc': 12648429}
{'arrival_time_ms': 47592, 'header_length': 24, 'padding_length': 0, 'payload_size': 803, 'payload_type': 98, 'send_time_ms': 44514, 'sequence_number': 116, 'ssrc': 195939069}
{'arrival_time_ms': 47617, 'header_length': 24, 'padding_length': 0, 'payload_size': 876, 'payload_type': 126, 'send_time_ms': 44534, 'sequence_number': 1884, 'ssrc': 12648429}
{'arrival_time_ms': 47641, 'header_length': 24, 'padding_length': 0, 'payload_size': 876, 'payload_type': 126, 'send_time_ms': 44569, 'sequence_number': 1886, 'ssrc': 12648429}
{'arrival_time_ms': 47666, 'header_length': 24, 'padding_length': 0, 'payload_size': 876, 'payload_type': 126, 'send_time_ms': 44574, 'sequence_number': 1887, 'ssrc': 12648429}
{'arrival_time_ms': 47688, 'header_length': 24, 'padding_length': 0, 'payload_size': 776, 'payload_type': 126, 'send_time_ms': 44604, 'sequence_number': 1888, 'ssrc': 12648429}
{'arrival_time_ms': 47711, 'header_length': 24, 'padding_length': 0, 'payload_size': 776, 'payload_type': 126, 'send_time_ms': 44634, 'sequence_number': 1889, 'ssrc': 12648429}
{'arrival_time_ms': 47748, 'header_length': 24, 'padding_length': 0, 'payload_size': 1359, 'payload_type': 126, 'send_time_ms': 44669, 'sequence_number': 1890, 'ssrc': 12648429}
{'arrival_time_ms': 47786, 'header_length': 24, 'padding_length': 0, 'payload_size': 1359, 'payload_type': 126, 'send_time_ms': 44704, 'sequence_number': 1891, 'ssrc': 12648429}
{'arrival_time_ms': 47813, 'header_length': 24, 'padding_length': 0, 'payload_size': 967, 'payload_type': 126, 'send_time_ms': 44734, 'sequence_number': 1892, 'ssrc': 12648429}
{'arrival_time_ms': 47841, 'header_length': 24, 'padding_length': 0, 'payload_size': 1003, 'payload_type': 98, 'send_time_ms': 44749, 'sequence_number': 117, 'ssrc': 195939069}
{'arrival_time_ms': 47869, 'header_length': 24, 'padding_length': 0, 'payload_size': 967, 'payload_type': 126, 'send_time_ms': 44769, 'sequence_number': 1893, 'ssrc': 12648429}
{'arrival_time_ms': 47893, 'header_length': 24, 'padding_length': 0, 'payload_size': 851, 'payload_type': 126, 'send_time_ms': 44804, 'sequence_number': 1894, 'ssrc': 12648429}
{'arrival_time_ms': 47929, 'header_length': 24, 'padding_length': 0, 'payload_size': 1326, 'payload_type': 126, 'send_time_ms': 44834, 'sequence_number': 1896, 'ssrc': 12648429}
{'arrival_time_ms': 47966, 'header_length': 24, 'padding_length': 0, 'payload_size': 1326, 'payload_type': 126, 'send_time_ms': 44869, 'sequence_number': 1897, 'ssrc': 12648429}
{'arrival_time_ms': 47988, 'header_length': 24, 'padding_length': 0, 'payload_size': 755, 'payload_type': 126, 'send_time_ms': 44904, 'sequence_number': 1898, 'ssrc': 12648429}
{'arrival_time_ms': 48009, 'header_length': 24, 'padding_length': 0, 'payload_size': 755, 'payload_type': 126, 'send_time_ms': 44934, 'sequence_number': 1899, 'ssrc': 12648429}
{'arrival_time_ms': 48037, 'header_length': 24, 'padding_length': 0, 'payload_size': 967, 'payload_type': 126, 'send_time_ms': 44969, 'sequence_number': 1900, 'ssrc': 12648429}
{'arrival_time_ms': 48064, 'header_length': 24, 'padding_length': 0, 'payload_size': 967, 'payload_type': 126, 'send_time_ms': 45004, 'sequence_number': 1901, 'ssrc': 12648429}
{'arrival_time_ms': 48089, 'header_length': 24, 'padding_length': 0, 'payload_size': 901, 'payload_type': 98, 'send_time_ms': 45019, 'sequence_number': 118, 'ssrc': 195939069}
{'arrival_time_ms': 48117, 'header_length': 24, 'padding_length': 0, 'payload_size': 967, 'payload_type': 126, 'send_time_ms': 45034, 'sequence_number': 1902, 'ssrc': 12648429}
{'arrival_time_ms': 48144, 'header_length': 24, 'padding_length': 0, 'payload_size': 967, 'payload_type': 126, 'send_time_ms': 45069, 'sequence_number': 1903, 'ssrc': 12648429}
{'arrival_time_ms': 48171, 'header_length': 24, 'padding_length': 0, 'payload_size': 967, 'payload_type': 126, 'send_time_ms': 45104, 'sequence_number': 1904, 'ssrc': 12648429}
{'arrival_time_ms': 48198, 'header_length': 24, 'padding_length': 0, 'payload_size': 967, 'payload_type': 126, 'send_time_ms': 45134, 'sequence_number': 1905, 'ssrc': 12648429}
{'arrival_time_ms': 48225, 'header_length': 24, 'padding_length': 0, 'payload_size': 967, 'payload_type': 126, 'send_time_ms': 45169, 'sequence_number': 1906, 'ssrc': 12648429}
{'arrival_time_ms': 48247, 'header_length': 24, 'padding_length': 0, 'payload_size': 751, 'payload_type': 126, 'send_time_ms': 45204, 'sequence_number': 1907, 'ssrc': 12648429}
{'arrival_time_ms': 48268, 'header_length': 24, 'padding_length': 0, 'payload_size': 751, 'payload_type': 126, 'send_time_ms': 45234, 'sequence_number': 1908, 'ssrc': 12648429}
{'arrival_time_ms': 48294, 'header_length': 24, 'padding_length': 0, 'payload_size': 846, 'payload_type': 126, 'send_time_ms': 45269, 'sequence_number': 1909, 'ssrc': 12648429}
{'arrival_time_ms': 48318, 'header_length': 24, 'padding_length': 0, 'payload_size': 847, 'payload_type': 126, 'send_time_ms': 45274, 'sequence_number': 1910, 'ssrc': 12648429}
{'arrival_time_ms': 48342, 'header_length': 24, 'padding_length': 0, 'payload_size': 846, 'payload_type': 126, 'send_time_ms': 45304, 'sequence_number': 1911, 'ssrc': 12648429}
{'arrival_time_ms': 48366, 'header_length': 24, 'padding_length': 0, 'payload_size': 847, 'payload_type': 126, 'send_time_ms': 45309, 'sequence_number': 1912, 'ssrc': 12648429}
{'arrival_time_ms': 48393, 'header_length': 24, 'padding_length': 0, 'payload_size': 942, 'payload_type': 126, 'send_time_ms': 45334, 'sequence_number': 1913, 'ssrc': 12648429}
{'arrival_time_ms': 48419, 'header_length': 24, 'padding_length': 0, 'payload_size': 938, 'payload_type': 98, 'send_time_ms': 45344, 'sequence_number': 119, 'ssrc': 195939069}
{'arrival_time_ms': 48443, 'header_length': 24, 'padding_length': 0, 'payload_size': 832, 'payload_type': 98, 'send_time_ms': 45354, 'sequence_number': 120, 'ssrc': 195939069}
{'arrival_time_ms': 48464, 'header_length': 24, 'padding_length': 0, 'payload_size': 736, 'payload_type': 126, 'send_time_ms': 45369, 'sequence_number': 1914, 'ssrc': 12648429}
{'arrival_time_ms': 48498, 'header_length': 24, 'padding_length': 0, 'payload_size': 1226, 'payload_type': 126, 'send_time_ms': 45404, 'sequence_number': 1916, 'ssrc': 12648429}
{'arrival_time_ms': 48532, 'header_length': 24, 'padding_length': 0, 'payload_size': 1227, 'payload_type': 126, 'send_time_ms': 45439, 'sequence_number': 1920, 'ssrc': 12648429}
{'arrival_time_ms': 48556, 'header_length': 24, 'padding_length': 0, 'payload_size': 845, 'payload_type': 126, 'send_time_ms': 45459, 'sequence_number': 1922, 'ssrc': 12648429}
{'arrival_time_ms': 48568, 'header_length': 24, 'padding_length': 0, 'payload_size': 372, 'payload_type': 126, 'send_time_ms': 45504, 'sequence_number': 1924, 'ssrc': 12648429}
{'arrival_time_ms': 48579, 'header_length': 24, 'padding_length': 0, 'payload_size': 372, 'payload_type': 126, 'send_time_ms': 45534, 'sequence_number': 1925, 'ssrc': 12648429}
{'arrival_time_ms': 48590, 'header_length': 24, 'padding_length': 0, 'payload_size': 372, 'payload_type': 126, 'send_time_ms': 45569, 'sequence_number': 1926, 'ssrc': 12648429}
{'arrival_time_ms': 48616, 'header_length': 24, 'padding_length': 0, 'payload_size': 895, 'payload_type': 98, 'send_time_ms': 45604, 'sequence_number': 121, 'ssrc': 195939069}
{'arrival_time_ms': 48627, 'header_length': 24, 'padding_length': 0, 'payload_size': 372, 'payload_type': 126, 'send_time_ms': 45614, 'sequence_number': 1927, 'ssrc': 12648429}
{'arrival_time_ms': 48641, 'header_length': 24, 'padding_length': 0, 'payload_size': 461, 'payload_type': 126, 'send_time_ms': 45634, 'sequence_number': 1928, 'ssrc': 12648429}
{'arrival_time_ms': 48675, 'header_length': 24, 'padding_length': 0, 'payload_size': 1243, 'payload_type': 98, 'send_time_ms': 45639, 'sequence_number': 122, 'ssrc': 195939069}
{'arrival_time_ms': 48710, 'header_length': 28, 'padding_length': 0, 'payload_size': 1239, 'payload_type': 98, 'send_time_ms': 45664, 'sequence_number': 123, 'ssrc': 195939069}
{'arrival_time_ms': 48735, 'header_length': 24, 'padding_length': 0, 'payload_size': 901, 'payload_type': 98, 'send_time_ms': 45679, 'sequence_number': 124, 'ssrc': 195939069}
{'arrival_time_ms': 48749, 'header_length': 24, 'padding_length': 0, 'payload_size': 461, 'payload_type': 126, 'send_time_ms': 45689, 'sequence_number': 1929, 'ssrc': 12648429}
{'arrival_time_ms': 48763, 'header_length': 24, 'padding_length': 0, 'payload_size': 461, 'payload_type': 126, 'send_time_ms': 45704, 'sequence_number': 1930, 'ssrc': 12648429}
{'arrival_time_ms': 48773, 'header_length': 24, 'padding_length': 0, 'payload_size': 336, 'payload_type': 126, 'send_time_ms': 45734, 'sequence_number': 1931, 'ssrc': 12648429}
{'arrival_time_ms': 48786, 'header_length': 24, 'padding_length': 0, 'payload_size': 336, 'payload_type': 126, 'send_time_ms': 45769, 'sequence_number': 1932, 'ssrc': 12648429}
{'arrival_time_ms': 48798, 'header_length': 24, 'padding_length': 0, 'payload_size': 424, 'payload_type': 126, 'send_time_ms': 45804, 'sequence_number': 1933, 'ssrc': 12648429}
{'arrival_time_ms': 48816, 'header_length': 24, 'padding_length': 0, 'payload_size': 604, 'payload_type': 126, 'send_time_ms': 45834, 'sequence_number': 1934, 'ssrc': 12648429}
{'arrival_time_ms': 48840, 'header_length': 24, 'padding_length': 0, 'payload_size': 846, 'payload_type': 126, 'send_time_ms': 45869, 'sequence_number': 1935, 'ssrc': 12648429}
{'arrival_time_ms': 48864, 'header_length': 24, 'padding_length': 0, 'payload_size': 846, 'payload_type': 126, 'send_time_ms': 45904, 'sequence_number': 1936, 'ssrc': 12648429}
{'arrival_time_ms': 48892, 'header_length': 24, 'padding_length': 0, 'payload_size': 1013, 'payload_type': 126, 'send_time_ms': 45934, 'sequence_number': 1937, 'ssrc': 12648429}
{'arrival_time_ms': 48916, 'header_length': 24, 'padding_length': 0, 'payload_size': 846, 'payload_type': 126, 'send_time_ms': 45969, 'sequence_number': 1938, 'ssrc': 12648429}
{'arrival_time_ms': 48940, 'header_length': 24, 'padding_length': 0, 'payload_size': 846, 'payload_type': 126, 'send_time_ms': 46004, 'sequence_number': 1939, 'ssrc': 12648429}
{'arrival_time_ms': 48964, 'header_length': 24, 'padding_length': 0, 'payload_size': 846, 'payload_type': 126, 'send_time_ms': 46034, 'sequence_number': 1940, 'ssrc': 12648429}
{'arrival_time_ms': 48988, 'header_length': 24, 'padding_length': 0, 'payload_size': 846, 'payload_type': 126, 'send_time_ms': 46069, 'sequence_number': 1941, 'ssrc': 12648429}
{'arrival_time_ms': 49012, 'header_length': 24, 'padding_length': 0, 'payload_size': 846, 'payload_type': 126, 'send_time_ms': 46104, 'sequence_number': 1942, 'ssrc': 12648429}
{'arrival_time_ms': 49036, 'header_length': 24, 'padding_length': 0, 'payload_size': 846, 'payload_type': 126, 'send_time_ms': 46134, 'sequence_number': 1943, 'ssrc': 12648429}
{'arrival_time_ms': 49056, 'header_length': 24, 'padding_length': 0, 'payload_size': 692, 'payload_type': 126, 'send_time_ms': 46169, 'sequence_number': 1944, 'ssrc': 12648429}
{'arrival_time_ms': 49076, 'header_length': 24, 'padding_length': 0, 'payload_size': 692, 'payload_type': 126, 'send_time_ms': 46204, 'sequence_number': 1945, 'ssrc': 12648429}
{'arrival_time_ms': 49098, 'header_length': 24, 'padding_length': 0, 'payload_size': 778, 'payload_type': 126, 'send_time_ms': 46234, 'sequence_number': 1946, 'ssrc': 12648429}
{'arrival_time_ms': 49120, 'header_length': 24, 'padding_length': 0, 'payload_size': 778, 'payload_type': 126, 'send_time_ms': 46239, 'sequence_number': 1947, 'ssrc': 12648429}
{'arrival_time_ms': 49156, 'header_length': 24, 'padding_length': 0, 'payload_size': 1213, 'payload_type': 126, 'send_time_ms': 46269, 'sequence_number': 1948, 'ssrc': 12648429}
{'arrival_time_ms': 49190, 'header_length': 24, 'padding_length': 0, 'payload_size': 1213, 'payload_type': 126, 'send_time_ms': 46304, 'sequence_number': 1949, 'ssrc': 12648429}
{'arrival_time_ms': 49214, 'header_length': 24, 'padding_length': 0, 'payload_size': 859, 'payload_type': 126, 'send_time_ms': 46334, 'sequence_number': 1950, 'ssrc': 12648429}
{'arrival_time_ms': 49239, 'header_length': 24, 'padding_length': 0, 'payload_size': 859, 'payload_type': 126, 'send_time_ms': 46369, 'sequence_number': 1951, 'ssrc': 12648429}
{'arrival_time_ms': 49261, 'header_length': 24, 'padding_length': 0, 'payload_size': 780, 'payload_type': 126, 'send_time_ms': 46404, 'sequence_number': 1952, 'ssrc': 12648429}
{'arrival_time_ms': 49283, 'header_length': 24, 'padding_length': 0, 'payload_size': 780, 'payload_type': 126, 'send_time_ms': 46409, 'sequence_number': 1953, 'ssrc': 12648429}
{'arrival_time_ms': 49305, 'header_length': 24, 'padding_length': 0, 'payload_size': 780, 'payload_type': 126, 'send_time_ms': 46434, 'sequence_number': 1954, 'ssrc': 12648429}
{'arrival_time_ms': 49328, 'header_length': 24, 'padding_length': 0, 'payload_size': 780, 'payload_type': 126, 'send_time_ms': 46439, 'sequence_number': 1955, 'ssrc': 12648429}
{'arrival_time_ms': 49348, 'header_length': 24, 'padding_length': 0, 'payload_size': 705, 'payload_type': 126, 'send_time_ms': 46469, 'sequence_number': 1956, 'ssrc': 12648429}
{'arrival_time_ms': 49368, 'header_length': 24, 'padding_length': 0, 'payload_size': 705, 'payload_type': 126, 'send_time_ms': 46504, 'sequence_number': 1957, 'ssrc': 12648429}
{'arrival_time_ms': 49393, 'header_length': 24, 'padding_length': 0, 'payload_size': 880, 'payload_type': 126, 'send_time_ms': 46534, 'sequence_number': 1958, 'ssrc': 12648429}
{'arrival_time_ms': 49418, 'header_length': 24, 'padding_length': 0, 'payload_size': 880, 'payload_type': 126, 'send_time_ms': 46569, 'sequence_number': 1959, 'ssrc': 12648429}
{'arrival_time_ms': 49442, 'header_length': 24, 'padding_length': 0, 'payload_size': 861, 'payload_type': 98, 'send_time_ms': 46589, 'sequence_number': 125, 'ssrc': 195939069}
{'arrival_time_ms': 49467, 'header_length': 24, 'padding_length': 0, 'payload_size': 880, 'payload_type': 126, 'send_time_ms': 46604, 'sequence_number': 1960, 'ssrc': 12648429}
{'arrival_time_ms': 49492, 'header_length': 24, 'padding_length': 0, 'payload_size': 861, 'payload_type': 98, 'send_time_ms': 46614, 'sequence_number': 126, 'ssrc': 195939069}
{'arrival_time_ms': 49530, 'header_length': 24, 'padding_length': 0, 'payload_size': 1384, 'payload_type': 126, 'send_time_ms': 46634, 'sequence_number': 1961, 'ssrc': 12648429}
{'arrival_time_ms': 49554, 'header_length': 24, 'padding_length': 0, 'payload_size': 861, 'payload_type': 98, 'send_time_ms': 46649, 'sequence_number': 127, 'ssrc': 195939069}
{'arrival_time_ms': 49593, 'header_length': 24, 'padding_length': 0, 'payload_size': 1384, 'payload_type': 126, 'send_time_ms': 46669, 'sequence_number': 1962, 'ssrc': 12648429}
{'arrival_time_ms': 49624, 'header_length': 24, 'padding_length': 0, 'payload_size': 1138, 'payload_type': 126, 'send_time_ms': 46704, 'sequence_number': 1963, 'ssrc': 12648429}
{'arrival_time_ms': 49656, 'header_length': 24, 'padding_length': 0, 'payload_size': 1138, 'payload_type': 126, 'send_time_ms': 46734, 'sequence_number': 1964, 'ssrc': 12648429}
{'arrival_time_ms': 49682, 'header_length': 24, 'padding_length': 0, 'payload_size': 859, 'payload_type': 126, 'send_time_ms': 46769, 'sequence_number': 1965, 'ssrc': 12648429}
{'arrival_time_ms': 49707, 'header_length': 24, 'padding_length': 0, 'payload_size': 859, 'payload_type': 126, 'send_time_ms': 46774, 'sequence_number': 1966, 'ssrc': 12648429}
{'arrival_time_ms': 49731, 'header_length': 24, 'padding_length': 0, 'payload_size': 859, 'payload_type': 126, 'send_time_ms': 46804, 'sequence_number': 1967, 'ssrc': 12648429}
{'arrival_time_ms': 49755, 'header_length': 24, 'padding_length': 0, 'payload_size': 859, 'payload_type': 126, 'send_time_ms': 46809, 'sequence_number': 1968, 'ssrc': 12648429}
{'arrival_time_ms': 49780, 'header_length': 24, 'padding_length': 0, 'payload_size': 859, 'payload_type': 126, 'send_time_ms': 46834, 'sequence_number': 1969, 'ssrc': 12648429}
{'arrival_time_ms': 49804, 'header_length': 24, 'padding_length': 0, 'payload_size': 859, 'payload_type': 126, 'send_time_ms': 46839, 'sequence_number': 1970, 'ssrc': 12648429}
{'arrival_time_ms': 49829, 'header_length': 24, 'padding_length': 0, 'payload_size': 861, 'payload_type': 98, 'send_time_ms': 46849, 'sequence_number': 128, 'ssrc': 195939069}
{'arrival_time_ms': 49855, 'header_length': 24, 'padding_length': 0, 'payload_size': 938, 'payload_type': 126, 'send_time_ms': 46869, 'sequence_number': 1971, 'ssrc': 12648429}
{'arrival_time_ms': 49881, 'header_length': 24, 'padding_length': 0, 'payload_size': 938, 'payload_type': 126, 'send_time_ms': 46904, 'sequence_number': 1972, 'ssrc': 12648429}
{'arrival_time_ms': 49906, 'header_length': 24, 'padding_length': 0, 'payload_size': 861, 'payload_type': 98, 'send_time_ms': 46924, 'sequence_number': 129, 'ssrc': 195939069}
{'arrival_time_ms': 49929, 'header_length': 24, 'padding_length': 0, 'payload_size': 826, 'payload_type': 126, 'send_time_ms': 46934, 'sequence_number': 1973, 'ssrc': 12648429}
{'arrival_time_ms': 49953, 'header_length': 24, 'padding_length': 0, 'payload_size': 826, 'payload_type': 126, 'send_time_ms': 46939, 'sequence_number': 1974, 'ssrc': 12648429}
{'arrival_time_ms': 49977, 'header_length': 24, 'padding_length': 0, 'payload_size': 861, 'payload_type': 98, 'send_time_ms': 46949, 'sequence_number': 130, 'ssrc': 195939069}
{'arrival_time_ms': 50001, 'header_length': 24, 'padding_length': 0, 'payload_size': 826, 'payload_type': 126, 'send_time_ms': 46969, 'sequence_number': 1975, 'ssrc': 12648429}
{'arrival_time_ms': 50024, 'header_length': 24, 'padding_length': 0, 'payload_size': 826, 'payload_type': 126, 'send_time_ms': 46974, 'sequence_number': 1976, 'ssrc': 12648429}
{'arrival_time_ms': 50045, 'header_length': 24, 'padding_length': 0, 'payload_size': 719, 'payload_type': 126, 'send_time_ms': 47004, 'sequence_number': 1977, 'ssrc': 12648429}
{'arrival_time_ms': 50065, 'header_length': 24, 'padding_length': 0, 'payload_size': 720, 'payload_type': 126, 'send_time_ms': 47009, 'sequence_number': 1978, 'ssrc': 12648429}
{'arrival_time_ms': 50086, 'header_length': 24, 'padding_length': 0, 'payload_size': 719, 'payload_type': 126, 'send_time_ms': 47034, 'sequence_number': 1979, 'ssrc': 12648429}
{'arrival_time_ms': 50107, 'header_length': 24, 'padding_length': 0, 'payload_size': 720, 'payload_type': 126, 'send_time_ms': 47039, 'sequence_number': 1980, 'ssrc': 12648429}
{'arrival_time_ms': 50132, 'header_length': 24, 'padding_length': 0, 'payload_size': 905, 'payload_type': 126, 'send_time_ms': 47069, 'sequence_number': 1981, 'ssrc': 12648429}
{'arrival_time_ms': 50158, 'header_length': 24, 'padding_length': 0, 'payload_size': 905, 'payload_type': 126, 'send_time_ms': 47104, 'sequence_number': 1982, 'ssrc': 12648429}
{'arrival_time_ms': 50183, 'header_length': 24, 'padding_length': 0, 'payload_size': 905, 'payload_type': 126, 'send_time_ms': 47134, 'sequence_number': 1983, 'ssrc': 12648429}
{'arrival_time_ms': 50204, 'header_length': 24, 'padding_length': 0, 'payload_size': 726, 'payload_type': 126, 'send_time_ms': 47169, 'sequence_number': 1984, 'ssrc': 12648429}
{'arrival_time_ms': 50225, 'header_length': 24, 'padding_length': 0, 'payload_size': 726, 'payload_type': 126, 'send_time_ms': 47174, 'sequence_number': 1985, 'ssrc': 12648429}
{'arrival_time_ms': 50246, 'header_length': 24, 'padding_length': 0, 'payload_size': 726, 'payload_type': 126, 'send_time_ms': 47204, 'sequence_number': 1986, 'ssrc': 12648429}
{'arrival_time_ms': 50267, 'header_length': 24, 'padding_length': 0, 'payload_size': 726, 'payload_type': 126, 'send_time_ms': 47209, 'sequence_number': 1987, 'ssrc': 12648429}
{'arrival_time_ms': 50290, 'header_length': 24, 'padding_length': 0, 'payload_size': 821, 'payload_type': 126, 'send_time_ms': 47234, 'sequence_number': 1988, 'ssrc': 12648429}
{'arrival_time_ms': 50313, 'header_length': 24, 'padding_length': 0, 'payload_size': 822, 'payload_type': 126, 'send_time_ms': 47239, 'sequence_number': 1989, 'ssrc': 12648429}
{'arrival_time_ms': 50338, 'header_length': 24, 'padding_length': 0, 'payload_size': 821, 'payload_type': 126, 'send_time_ms': 47269, 'sequence_number': 1990, 'ssrc': 12648429}
{'arrival_time_ms': 50364, 'header_length': 24, 'padding_length': 0, 'payload_size': 918, 'payload_type': 98, 'send_time_ms': 47289, 'sequence_number': 131, 'ssrc': 195939069}
{'arrival_time_ms': 50388, 'header_length': 24, 'padding_length': 0, 'payload_size': 821, 'payload_type': 126, 'send_time_ms': 47304, 'sequence_number': 1992, 'ssrc': 12648429}
{'arrival_time_ms': 50411, 'header_length': 24, 'padding_length': 0, 'payload_size': 821, 'payload_type': 126, 'send_time_ms': 47334, 'sequence_number': 1994, 'ssrc': 12648429}
{'arrival_time_ms': 50432, 'header_length': 24, 'padding_length': 0, 'payload_size': 717, 'payload_type': 126, 'send_time_ms': 47369, 'sequence_number': 1996, 'ssrc': 12648429}
{'arrival_time_ms': 50452, 'header_length': 24, 'padding_length': 0, 'payload_size': 717, 'payload_type': 126, 'send_time_ms': 47404, 'sequence_number': 1997, 'ssrc': 12648429}
{'arrival_time_ms': 50473, 'header_length': 24, 'padding_length': 0, 'payload_size': 717, 'payload_type': 126, 'send_time_ms': 47434, 'sequence_number': 1998, 'ssrc': 12648429}
{'arrival_time_ms': 50498, 'header_length': 24, 'padding_length': 0, 'payload_size': 892, 'payload_type': 126, 'send_time_ms': 47469, 'sequence_number': 1999, 'ssrc': 12648429}
{'arrival_time_ms': 50523, 'header_length': 24, 'padding_length': 0, 'payload_size': 892, 'payload_type': 126, 'send_time_ms': 47504, 'sequence_number': 2000, 'ssrc': 12648429}
{'arrival_time_ms': 50544, 'header_length': 24, 'padding_length': 0, 'payload_size': 713, 'payload_type': 126, 'send_time_ms': 47534, 'sequence_number': 2001, 'ssrc': 12648429}
{'arrival_time_ms': 50564, 'header_length': 24, 'padding_length': 0, 'payload_size': 713, 'payload_type': 126, 'send_time_ms': 47569, 'sequence_number': 2002, 'ssrc': 12648429}
{'arrival_time_ms': 50587, 'header_length': 24, 'padding_length': 0, 'payload_size': 817, 'payload_type': 126, 'send_time_ms': 47604, 'sequence_number': 2003, 'ssrc': 12648429}
{'arrival_time_ms': 50611, 'header_length': 24, 'padding_length': 0, 'payload_size': 818, 'payload_type': 126, 'send_time_ms': 47609, 'sequence_number': 2004, 'ssrc': 12648429}
{'arrival_time_ms': 50634, 'header_length': 24, 'padding_length': 0, 'payload_size': 817, 'payload_type': 126, 'send_time_ms': 47634, 'sequence_number': 2005, 'ssrc': 12648429}
{'arrival_time_ms': 50657, 'header_length': 24, 'padding_length': 0, 'payload_size': 818, 'payload_type': 126, 'send_time_ms': 47639, 'sequence_number': 2006, 'ssrc': 12648429}
{'arrival_time_ms': 50689, 'header_length': 24, 'padding_length': 0, 'payload_size': 1142, 'payload_type': 126, 'send_time_ms': 47669, 'sequence_number': 2007, 'ssrc': 12648429}
{'arrival_time_ms': 50714, 'header_length': 24, 'padding_length': 0, 'payload_size': 897, 'payload_type': 98, 'send_time_ms': 47679, 'sequence_number': 132, 'ssrc': 195939069}
{'arrival_time_ms': 50746, 'header_length': 24, 'padding_length': 0, 'payload_size': 1142, 'payload_type': 126, 'send_time_ms': 47704, 'sequence_number': 2008, 'ssrc': 12648429}
{'arrival_time_ms': 50767, 'header_length': 24, 'padding_length': 0, 'payload_size': 744, 'payload_type': 126, 'send_time_ms': 47734, 'sequence_number': 2009, 'ssrc': 12648429}
{'arrival_time_ms': 50789, 'header_length': 24, 'padding_length': 0, 'payload_size': 745, 'payload_type': 126, 'send_time_ms': 47739, 'sequence_number': 2010, 'ssrc': 12648429}
{'arrival_time_ms': 50814, 'header_length': 24, 'padding_length': 0, 'payload_size': 878, 'payload_type': 98, 'send_time_ms': 47749, 'sequence_number': 133, 'ssrc': 195939069}
{'arrival_time_ms': 50839, 'header_length': 24, 'padding_length': 0, 'payload_size': 821, 'payload_type': 126, 'send_time_ms': 47769, 'sequence_number': 2011, 'ssrc': 12648429}
{'arrival_time_ms': 50862, 'header_length': 24, 'padding_length': 0, 'payload_size': 822, 'payload_type': 126, 'send_time_ms': 47774, 'sequence_number': 2012, 'ssrc': 12648429}
{'arrival_time_ms': 50886, 'header_length': 24, 'padding_length': 0, 'payload_size': 821, 'payload_type': 126, 'send_time_ms': 47804, 'sequence_number': 2013, 'ssrc': 12648429}
{'arrival_time_ms': 50909, 'header_length': 24, 'padding_length': 0, 'payload_size': 822, 'payload_type': 126, 'send_time_ms': 47809, 'sequence_number': 2014, 'ssrc': 12648429}
{'arrival_time_ms': 50939, 'header_length': 24, 'padding_length': 0, 'payload_size': 1092, 'payload_type': 126, 'send_time_ms': 47834, 'sequence_number': 2015, 'ssrc': 12648429}
{'arrival_time_ms': 50970, 'header_length': 24, 'padding_length': 0, 'payload_size': 1092, 'payload_type': 126, 'send_time_ms': 47869, 'sequence_number': 2016, 'ssrc': 12648429}
{'arrival_time_ms': 50996, 'header_length': 24, 'padding_length': 0, 'payload_size': 930, 'payload_type': 126, 'send_time_ms': 47934, 'sequence_number': 2018, 'ssrc': 12648429}
{'arrival_time_ms': 51022, 'header_length': 24, 'padding_length': 0, 'payload_size': 930, 'payload_type': 126, 'send_time_ms': 47969, 'sequence_number': 2019, 'ssrc': 12648429}
{'arrival_time_ms': 51049, 'header_length': 24, 'padding_length': 0, 'payload_size': 930, 'payload_type': 126, 'send_time_ms': 48004, 'sequence_number': 2020, 'ssrc': 12648429}
{'arrival_time_ms': 51073, 'header_length': 24, 'padding_length': 0, 'payload_size': 853, 'payload_type': 98, 'send_time_ms': 48034, 'sequence_number': 134, 'ssrc': 195939069}
{'arrival_time_ms': 51105, 'header_length': 24, 'padding_length': 0, 'payload_size': 1159, 'payload_type': 126, 'send_time_ms': 48039, 'sequence_number': 2021, 'ssrc': 12648429}
{'arrival_time_ms': 51127, 'header_length': 24, 'padding_length': 0, 'payload_size': 755, 'payload_type': 126, 'send_time_ms': 48069, 'sequence_number': 2022, 'ssrc': 12648429}
{'arrival_time_ms': 51148, 'header_length': 24, 'padding_length': 0, 'payload_size': 755, 'payload_type': 126, 'send_time_ms': 48104, 'sequence_number': 2023, 'ssrc': 12648429}
{'arrival_time_ms': 51185, 'header_length': 24, 'padding_length': 0, 'payload_size': 1321, 'payload_type': 126, 'send_time_ms': 48134, 'sequence_number': 2024, 'ssrc': 12648429}
{'arrival_time_ms': 51222, 'header_length': 24, 'padding_length': 0, 'payload_size': 1321, 'payload_type': 126, 'send_time_ms': 48169, 'sequence_number': 2025, 'ssrc': 12648429}
{'arrival_time_ms': 51243, 'header_length': 24, 'padding_length': 0, 'payload_size': 755, 'payload_type': 126, 'send_time_ms': 48204, 'sequence_number': 2026, 'ssrc': 12648429}
{'arrival_time_ms': 51265, 'header_length': 24, 'padding_length': 0, 'payload_size': 755, 'payload_type': 126, 'send_time_ms': 48209, 'sequence_number': 2027, 'ssrc': 12648429}
{'arrival_time_ms': 51286, 'header_length': 24, 'padding_length': 0, 'payload_size': 755, 'payload_type': 126, 'send_time_ms': 48234, 'sequence_number': 2028, 'ssrc': 12648429}
{'arrival_time_ms': 51308, 'header_length': 24, 'padding_length': 0, 'payload_size': 755, 'payload_type': 126, 'send_time_ms': 48239, 'sequence_number': 2029, 'ssrc': 12648429}
{'arrival_time_ms': 51331, 'header_length': 24, 'padding_length': 0, 'payload_size': 755, 'payload_type': 126, 'send_time_ms': 48269, 'sequence_number': 2030, 'ssrc': 12648429}
{'arrival_time_ms': 51353, 'header_length': 24, 'padding_length': 0, 'payload_size': 755, 'payload_type': 126, 'send_time_ms': 48274, 'sequence_number': 2031, 'ssrc': 12648429}
{'arrival_time_ms': 51375, 'header_length': 24, 'padding_length': 0, 'payload_size': 755, 'payload_type': 126, 'send_time_ms': 48304, 'sequence_number': 2032, 'ssrc': 12648429}
{'arrival_time_ms': 51396, 'header_length': 24, 'padding_length': 0, 'payload_size': 755, 'payload_type': 126, 'send_time_ms': 48309, 'sequence_number': 2033, 'ssrc': 12648429}
{'arrival_time_ms': 51423, 'header_length': 24, 'padding_length': 0, 'payload_size': 967, 'payload_type': 126, 'send_time_ms': 48334, 'sequence_number': 2034, 'ssrc': 12648429}
{'arrival_time_ms': 51451, 'header_length': 24, 'padding_length': 0, 'payload_size': 967, 'payload_type': 126, 'send_time_ms': 48369, 'sequence_number': 2035, 'ssrc': 12648429}
{'arrival_time_ms': 51484, 'header_length': 24, 'padding_length': 0, 'payload_size': 1209, 'payload_type': 126, 'send_time_ms': 48404, 'sequence_number': 2036, 'ssrc': 12648429}
{'arrival_time_ms': 51518, 'header_length': 24, 'padding_length': 0, 'payload_size': 1209, 'payload_type': 126, 'send_time_ms': 48419, 'sequence_number': 2037, 'ssrc': 12648429}
{'arrival_time_ms': 51530, 'header_length': 24, 'padding_length': 0, 'payload_size': 389, 'payload_type': 126, 'send_time_ms': 48474, 'sequence_number': 2040, 'ssrc': 12648429}
{'arrival_time_ms': 51542, 'header_length': 24, 'padding_length': 0, 'payload_size': 389, 'payload_type': 126, 'send_time_ms': 48479, 'sequence_number': 2041, 'ssrc': 12648429}
{'arrival_time_ms': 51553, 'header_length': 24, 'padding_length': 0, 'payload_size': 389, 'payload_type': 126, 'send_time_ms': 48504, 'sequence_number': 2042, 'ssrc': 12648429}
{'arrival_time_ms': 51565, 'header_length': 24, 'padding_length': 0, 'payload_size': 389, 'payload_type': 126, 'send_time_ms': 48534, 'sequence_number': 2043, 'ssrc': 12648429}
{'arrival_time_ms': 51580, 'header_length': 24, 'padding_length': 0, 'payload_size': 484, 'payload_type': 126, 'send_time_ms': 48569, 'sequence_number': 2044, 'ssrc': 12648429}
{'arrival_time_ms': 51601, 'header_length': 24, 'padding_length': 0, 'payload_size': 738, 'payload_type': 98, 'send_time_ms': 48604, 'sequence_number': 135, 'ssrc': 195939069}
{'arrival_time_ms': 51615, 'header_length': 24, 'padding_length': 0, 'payload_size': 484, 'payload_type': 126, 'send_time_ms': 48609, 'sequence_number': 2045, 'ssrc': 12648429}
{'arrival_time_ms': 51639, 'header_length': 24, 'padding_length': 0, 'payload_size': 855, 'payload_type': 126, 'send_time_ms': 48634, 'sequence_number': 2046, 'ssrc': 12648429}
{'arrival_time_ms': 51673, 'header_length': 24, 'padding_length': 0, 'payload_size': 1228, 'payload_type': 98, 'send_time_ms': 48639, 'sequence_number': 136, 'ssrc': 195939069}
{'arrival_time_ms': 51708, 'header_length': 24, 'padding_length': 0, 'payload_size': 1229, 'payload_type': 98, 'send_time_ms': 48644, 'sequence_number': 137, 'ssrc': 195939069}
{'arrival_time_ms': 51742, 'header_length': 24, 'padding_length': 0, 'payload_size': 1229, 'payload_type': 98, 'send_time_ms': 48654, 'sequence_number': 138, 'ssrc': 195939069}
{'arrival_time_ms': 51776, 'header_length': 24, 'padding_length': 0, 'payload_size': 1213, 'payload_type': 126, 'send_time_ms': 48679, 'sequence_number': 2047, 'ssrc': 12648429}
{'arrival_time_ms': 51800, 'header_length': 24, 'padding_length': 0, 'payload_size': 855, 'payload_type': 126, 'send_time_ms': 48704, 'sequence_number': 2048, 'ssrc': 12648429}
{'arrival_time_ms': 51824, 'header_length': 24, 'padding_length': 0, 'payload_size': 855, 'payload_type': 126, 'send_time_ms': 48739, 'sequence_number': 2051, 'ssrc': 12648429}
{'arrival_time_ms': 51848, 'header_length': 24, 'padding_length': 0, 'payload_size': 855, 'payload_type': 126, 'send_time_ms': 48769, 'sequence_number': 2052, 'ssrc': 12648429}
{'arrival_time_ms': 51873, 'header_length': 24, 'padding_length': 0, 'payload_size': 855, 'payload_type': 126, 'send_time_ms': 48774, 'sequence_number': 2053, 'ssrc': 12648429}
{'arrival_time_ms': 51897, 'header_length': 24, 'padding_length': 0, 'payload_size': 859, 'payload_type': 126, 'send_time_ms': 48804, 'sequence_number': 2054, 'ssrc': 12648429}
{'arrival_time_ms': 51921, 'header_length': 24, 'padding_length': 0, 'payload_size': 859, 'payload_type': 126, 'send_time_ms': 48834, 'sequence_number': 2055, 'ssrc': 12648429}
{'arrival_time_ms': 51941, 'header_length': 24, 'padding_length': 0, 'payload_size': 684, 'payload_type': 126, 'send_time_ms': 48869, 'sequence_number': 2056, 'ssrc': 12648429}
{'arrival_time_ms': 51961, 'header_length': 24, 'padding_length': 0, 'payload_size': 684, 'payload_type': 126, 'send_time_ms': 48904, 'sequence_number': 2057, 'ssrc': 12648429}
{'arrival_time_ms': 51985, 'header_length': 24, 'padding_length': 0, 'payload_size': 855, 'payload_type': 126, 'send_time_ms': 48934, 'sequence_number': 2058, 'ssrc': 12648429}
{'arrival_time_ms': 52009, 'header_length': 24, 'padding_length': 0, 'payload_size': 855, 'payload_type': 126, 'send_time_ms': 48969, 'sequence_number': 2059, 'ssrc': 12648429}
{'arrival_time_ms': 52033, 'header_length': 24, 'padding_length': 0, 'payload_size': 855, 'payload_type': 126, 'send_time_ms': 49004, 'sequence_number': 2060, 'ssrc': 12648429}
{'arrival_time_ms': 52058, 'header_length': 24, 'padding_length': 0, 'payload_size': 855, 'payload_type': 126, 'send_time_ms': 49034, 'sequence_number': 2061, 'ssrc': 12648429}
{'arrival_time_ms': 52082, 'header_length': 24, 'padding_length': 0, 'payload_size': 855, 'payload_type': 126, 'send_time_ms': 49069, 'sequence_number': 2062, 'ssrc': 12648429}
{'arrival_time_ms': 52104, 'header_length': 24, 'padding_length': 0, 'payload_size': 784, 'payload_type': 126, 'send_time_ms': 49104, 'sequence_number': 2063, 'ssrc': 12648429}
{'arrival_time_ms': 52127, 'header_length': 24, 'padding_length': 0, 'payload_size': 784, 'payload_type': 126, 'send_time_ms': 49109, 'sequence_number': 2064, 'ssrc': 12648429}
{'arrival_time_ms': 52149, 'header_length': 24, 'padding_length': 0, 'payload_size': 784, 'payload_type': 126, 'send_time_ms': 49134, 'sequence_number': 2065, 'ssrc': 12648429}
{'arrival_time_ms': 52171, 'header_length': 24, 'padding_length': 0, 'payload_size': 784, 'payload_type': 126, 'send_time_ms': 49139, 'sequence_number': 2066, 'ssrc': 12648429}
{'arrival_time_ms': 52191, 'header_length': 24, 'padding_length': 0, 'payload_size': 701, 'payload_type': 126, 'send_time_ms': 49169, 'sequence_number': 2067, 'ssrc': 12648429}
{'arrival_time_ms': 52212, 'header_length': 24, 'padding_length': 0, 'payload_size': 701, 'payload_type': 126, 'send_time_ms': 49204, 'sequence_number': 2068, 'ssrc': 12648429}
{'arrival_time_ms': 52250, 'header_length': 24, 'padding_length': 0, 'payload_size': 1392, 'payload_type': 126, 'send_time_ms': 49234, 'sequence_number': 2069, 'ssrc': 12648429}
{'arrival_time_ms': 52277, 'header_length': 24, 'padding_length': 0, 'payload_size': 867, 'payload_type': 126, 'send_time_ms': 49269, 'sequence_number': 2070, 'ssrc': 12648429}
{'arrival_time_ms': 52301, 'header_length': 24, 'padding_length': 0, 'payload_size': 867, 'payload_type': 126, 'send_time_ms': 49304, 'sequence_number': 2071, 'ssrc': 12648429}
{'arrival_time_ms': 52339, 'header_length': 24, 'padding_length': 0, 'payload_size': 1380, 'payload_type': 126, 'send_time_ms': 49334, 'sequence_number': 2072, 'ssrc': 12648429}
{'arrival_time_ms': 52378, 'header_length': 24, 'padding_length': 0, 'payload_size': 1380, 'payload_type': 126, 'send_time_ms': 49369, 'sequence_number': 2073, 'ssrc': 12648429}
{'arrival_time_ms': 52402, 'header_length': 24, 'padding_length': 0, 'payload_size': 867, 'payload_type': 126, 'send_time_ms': 49404, 'sequence_number': 2074, 'ssrc': 12648429}
{'arrival_time_ms': 52427, 'header_length': 24, 'padding_length': 0, 'payload_size': 867, 'payload_type': 126, 'send_time_ms': 49434, 'sequence_number': 2075, 'ssrc': 12648429}
{'arrival_time_ms': 52449, 'header_length': 24, 'padding_length': 0, 'payload_size': 765, 'payload_type': 126, 'send_time_ms': 49469, 'sequence_number': 2076, 'ssrc': 12648429}
{'arrival_time_ms': 52470, 'header_length': 24, 'padding_length': 0, 'payload_size': 766, 'payload_type': 126, 'send_time_ms': 49474, 'sequence_number': 2077, 'ssrc': 12648429}
{'arrival_time_ms': 52492, 'header_length': 24, 'padding_length': 0, 'payload_size': 765, 'payload_type': 126, 'send_time_ms': 49504, 'sequence_number': 2078, 'ssrc': 12648429}
{'arrival_time_ms': 52514, 'header_length': 24, 'padding_length': 0, 'payload_size': 766, 'payload_type': 126, 'send_time_ms': 49509, 'sequence_number': 2079, 'ssrc': 12648429}
{'arrival_time_ms': 52552, 'header_length': 24, 'padding_length': 0, 'payload_size': 1376, 'payload_type': 126, 'send_time_ms': 49534, 'sequence_number': 2080, 'ssrc': 12648429}
{'arrival_time_ms': 52577, 'header_length': 24, 'padding_length': 0, 'payload_size': 863, 'payload_type': 126, 'send_time_ms': 49569, 'sequence_number': 2081, 'ssrc': 12648429}
{'arrival_time_ms': 52601, 'header_length': 24, 'padding_length': 0, 'payload_size': 863, 'payload_type': 126, 'send_time_ms': 49604, 'sequence_number': 2082, 'ssrc': 12648429}
{'arrival_time_ms': 52626, 'header_length': 24, 'padding_length': 0, 'payload_size': 863, 'payload_type': 126, 'send_time_ms': 49634, 'sequence_number': 2083, 'ssrc': 12648429}
{'arrival_time_ms': 52650, 'header_length': 24, 'padding_length': 0, 'payload_size': 863, 'payload_type': 126, 'send_time_ms': 49669, 'sequence_number': 2084, 'ssrc': 12648429}
{'arrival_time_ms': 52676, 'header_length': 24, 'padding_length': 0, 'payload_size': 936, 'payload_type': 126, 'send_time_ms': 49704, 'sequence_number': 2085, 'ssrc': 12648429}
{'arrival_time_ms': 52703, 'header_length': 24, 'padding_length': 0, 'payload_size': 936, 'payload_type': 126, 'send_time_ms': 49709, 'sequence_number': 2086, 'ssrc': 12648429}
{'arrival_time_ms': 52729, 'header_length': 24, 'padding_length': 0, 'payload_size': 936, 'payload_type': 126, 'send_time_ms': 49734, 'sequence_number': 2087, 'ssrc': 12648429}
{'arrival_time_ms': 52756, 'header_length': 24, 'padding_length': 0, 'payload_size': 936, 'payload_type': 126, 'send_time_ms': 49739, 'sequence_number': 2088, 'ssrc': 12648429}
{'arrival_time_ms': 52778, 'header_length': 24, 'padding_length': 0, 'payload_size': 728, 'payload_type': 126, 'send_time_ms': 49769, 'sequence_number': 2089, 'ssrc': 12648429}
{'arrival_time_ms': 52799, 'header_length': 24, 'padding_length': 0, 'payload_size': 728, 'payload_type': 126, 'send_time_ms': 49774, 'sequence_number': 2090, 'ssrc': 12648429}
{'arrival_time_ms': 52820, 'header_length': 24, 'padding_length': 0, 'payload_size': 728, 'payload_type': 126, 'send_time_ms': 49804, 'sequence_number': 2091, 'ssrc': 12648429}
{'arrival_time_ms': 52841, 'header_length': 24, 'padding_length': 0, 'payload_size': 728, 'payload_type': 126, 'send_time_ms': 49809, 'sequence_number': 2092, 'ssrc': 12648429}
{'arrival_time_ms': 52876, 'header_length': 24, 'padding_length': 0, 'payload_size': 1246, 'payload_type': 126, 'send_time_ms': 49834, 'sequence_number': 2093, 'ssrc': 12648429}
{'arrival_time_ms': 52910, 'header_length': 24, 'padding_length': 0, 'payload_size': 1246, 'payload_type': 126, 'send_time_ms': 49869, 'sequence_number': 2094, 'ssrc': 12648429}
{'arrival_time_ms': 52937, 'header_length': 24, 'padding_length': 0, 'payload_size': 936, 'payload_type': 126, 'send_time_ms': 49904, 'sequence_number': 2095, 'ssrc': 12648429}
{'arrival_time_ms': 52963, 'header_length': 24, 'padding_length': 0, 'payload_size': 936, 'payload_type': 126, 'send_time_ms': 49909, 'sequence_number': 2096, 'ssrc': 12648429}
{'arrival_time_ms': 52984, 'header_length': 24, 'padding_length': 0, 'payload_size': 728, 'payload_type': 126, 'send_time_ms': 49934, 'sequence_number': 2097, 'ssrc': 12648429}
{'arrival_time_ms': 53005, 'header_length': 24, 'padding_length': 0, 'payload_size': 728, 'payload_type': 126, 'send_time_ms': 49939, 'sequence_number': 2098, 'ssrc': 12648429}
{'arrival_time_ms': 53026, 'header_length': 24, 'padding_length': 0, 'payload_size': 728, 'payload_type': 126, 'send_time_ms': 49969, 'sequence_number': 2099, 'ssrc': 12648429}
{'arrival_time_ms': 53046, 'header_length': 24, 'padding_length': 0, 'payload_size': 728, 'payload_type': 126, 'send_time_ms': 49974, 'sequence_number': 2100, 'ssrc': 12648429}
{'arrival_time_ms': 53076, 'header_length': 24, 'padding_length': 0, 'payload_size': 1038, 'payload_type': 126, 'send_time_ms': 50004, 'sequence_number': 2101, 'ssrc': 12648429}
{'arrival_time_ms': 53105, 'header_length': 24, 'padding_length': 0, 'payload_size': 1038, 'payload_type': 126, 'send_time_ms': 50034, 'sequence_number': 2102, 'ssrc': 12648429}
{'arrival_time_ms': 53131, 'header_length': 24, 'padding_length': 0, 'payload_size': 936, 'payload_type': 126, 'send_time_ms': 50069, 'sequence_number': 2103, 'ssrc': 12648429}
{'arrival_time_ms': 53158, 'header_length': 24, 'padding_length': 0, 'payload_size': 936, 'payload_type': 126, 'send_time_ms': 50074, 'sequence_number': 2104, 'ssrc': 12648429}
{'arrival_time_ms': 53184, 'header_length': 24, 'padding_length': 0, 'payload_size': 936, 'payload_type': 126, 'send_time_ms': 50099, 'sequence_number': 2105, 'ssrc': 12648429}
{'arrival_time_ms': 53210, 'header_length': 24, 'padding_length': 0, 'payload_size': 936, 'payload_type': 126, 'send_time_ms': 50104, 'sequence_number': 2106, 'ssrc': 12648429}
{'arrival_time_ms': 53234, 'header_length': 24, 'padding_length': 0, 'payload_size': 832, 'payload_type': 126, 'send_time_ms': 50169, 'sequence_number': 2109, 'ssrc': 12648429}
{'arrival_time_ms': 53258, 'header_length': 24, 'padding_length': 0, 'payload_size': 832, 'payload_type': 126, 'send_time_ms': 50174, 'sequence_number': 2110, 'ssrc': 12648429}
{'arrival_time_ms': 53287, 'header_length': 24, 'padding_length': 0, 'payload_size': 1038, 'payload_type': 126, 'send_time_ms': 50199, 'sequence_number': 2111, 'ssrc': 12648429}
{'arrival_time_ms': 53313, 'header_length': 24, 'padding_length': 0, 'payload_size': 936, 'payload_type': 126, 'send_time_ms': 50234, 'sequence_number': 2112, 'ssrc': 12648429}
{'arrival_time_ms': 53340, 'header_length': 24, 'padding_length': 0, 'payload_size': 936, 'payload_type': 126, 'send_time_ms': 50239, 'sequence_number': 2113, 'ssrc': 12648429}
{'arrival_time_ms': 53366, 'header_length': 24, 'padding_length': 0, 'payload_size': 936, 'payload_type': 126, 'send_time_ms': 50269, 'sequence_number': 2114, 'ssrc': 12648429}
{'arrival_time_ms': 53392, 'header_length': 24, 'padding_length': 0, 'payload_size': 936, 'payload_type': 126, 'send_time_ms': 50299, 'sequence_number': 2116, 'ssrc': 12648429}
{'arrival_time_ms': 53419, 'header_length': 24, 'padding_length': 0, 'payload_size': 936, 'payload_type': 126, 'send_time_ms': 50334, 'sequence_number': 2118, 'ssrc': 12648429}
{'arrival_time_ms': 53440, 'header_length': 24, 'padding_length': 0, 'payload_size': 728, 'payload_type': 126, 'send_time_ms': 50369, 'sequence_number': 2120, 'ssrc': 12648429}
{'arrival_time_ms': 53460, 'header_length': 24, 'padding_length': 0, 'payload_size': 728, 'payload_type': 126, 'send_time_ms': 50374, 'sequence_number': 2121, 'ssrc': 12648429}
{'arrival_time_ms': 53481, 'header_length': 24, 'padding_length': 0, 'payload_size': 728, 'payload_type': 126, 'send_time_ms': 50399, 'sequence_number': 2122, 'ssrc': 12648429}
{'arrival_time_ms': 53502, 'header_length': 24, 'padding_length': 0, 'payload_size': 728, 'payload_type': 126, 'send_time_ms': 50404, 'sequence_number': 2123, 'ssrc': 12648429}
{'arrival_time_ms': 53531, 'header_length': 24, 'padding_length': 0, 'payload_size': 1038, 'payload_type': 126, 'send_time_ms': 50434, 'sequence_number': 2124, 'ssrc': 12648429}
{'arrival_time_ms': 53560, 'header_length': 24, 'padding_length': 0, 'payload_size': 1038, 'payload_type': 126, 'send_time_ms': 50469, 'sequence_number': 2125, 'ssrc': 12648429}
{'arrival_time_ms': 53584, 'header_length': 24, 'padding_length': 0, 'payload_size': 824, 'payload_type': 98, 'send_time_ms': 50494, 'sequence_number': 141, 'ssrc': 195939069}
{'arrival_time_ms': 53607, 'header_length': 24, 'padding_length': 0, 'payload_size': 824, 'payload_type': 98, 'send_time_ms': 50519, 'sequence_number': 142, 'ssrc': 195939069}
{'arrival_time_ms': 53641, 'header_length': 24, 'padding_length': 0, 'payload_size': 1201, 'payload_type': 126, 'send_time_ms': 50534, 'sequence_number': 2128, 'ssrc': 12648429}
{'arrival_time_ms': 53674, 'header_length': 24, 'padding_length': 0, 'payload_size': 1201, 'payload_type': 126, 'send_time_ms': 50569, 'sequence_number': 2129, 'ssrc': 12648429}
{'arrival_time_ms': 53708, 'header_length': 24, 'padding_length': 0, 'payload_size': 1201, 'payload_type': 126, 'send_time_ms': 50599, 'sequence_number': 2130, 'ssrc': 12648429}
{'arrival_time_ms': 53746, 'header_length': 24, 'padding_length': 0, 'payload_size': 1376, 'payload_type': 126, 'send_time_ms': 50669, 'sequence_number': 2132, 'ssrc': 12648429}
{'arrival_time_ms': 53784, 'header_length': 24, 'padding_length': 0, 'payload_size': 1376, 'payload_type': 126, 'send_time_ms': 50699, 'sequence_number': 2133, 'ssrc': 12648429}
{'arrival_time_ms': 53809, 'header_length': 24, 'padding_length': 0, 'payload_size': 886, 'payload_type': 126, 'send_time_ms': 50734, 'sequence_number': 2134, 'ssrc': 12648429}
{'arrival_time_ms': 53834, 'header_length': 24, 'padding_length': 0, 'payload_size': 886, 'payload_type': 126, 'send_time_ms': 50739, 'sequence_number': 2135, 'ssrc': 12648429}
{'arrival_time_ms': 53859, 'header_length': 24, 'padding_length': 0, 'payload_size': 886, 'payload_type': 126, 'send_time_ms': 50769, 'sequence_number': 2136, 'ssrc': 12648429}
{'arrival_time_ms': 53887, 'header_length': 24, 'padding_length': 0, 'payload_size': 984, 'payload_type': 126, 'send_time_ms': 50799, 'sequence_number': 2138, 'ssrc': 12648429}
{'arrival_time_ms': 53920, 'header_length': 24, 'padding_length': 0, 'payload_size': 1180, 'payload_type': 126, 'send_time_ms': 50834, 'sequence_number': 2139, 'ssrc': 12648429}
{'arrival_time_ms': 53953, 'header_length': 24, 'padding_length': 0, 'payload_size': 1180, 'payload_type': 126, 'send_time_ms': 50869, 'sequence_number': 2140, 'ssrc': 12648429}
{'arrival_time_ms': 53985, 'header_length': 24, 'padding_length': 0, 'payload_size': 1180, 'payload_type': 126, 'send_time_ms': 50899, 'sequence_number': 2141, 'ssrc': 12648429}
{'arrival_time_ms': 54008, 'header_length': 24, 'padding_length': 0, 'payload_size': 784, 'payload_type': 126, 'send_time_ms': 50934, 'sequence_number': 2142, 'ssrc': 12648429}
{'arrival_time_ms': 54035, 'header_length': 24, 'padding_length': 0, 'payload_size': 980, 'payload_type': 126, 'send_time_ms': 50969, 'sequence_number': 2143, 'ssrc': 12648429}
{'arrival_time_ms': 54063, 'header_length': 24, 'padding_length': 0, 'payload_size': 980, 'payload_type': 126, 'send_time_ms': 50999, 'sequence_number': 2144, 'ssrc': 12648429}
{'arrival_time_ms': 54088, 'header_length': 24, 'padding_length': 0, 'payload_size': 884, 'payload_type': 126, 'send_time_ms': 51034, 'sequence_number': 2145, 'ssrc': 12648429}
{'arrival_time_ms': 54113, 'header_length': 24, 'padding_length': 0, 'payload_size': 884, 'payload_type': 126, 'send_time_ms': 51039, 'sequence_number': 2146, 'ssrc': 12648429}
{'arrival_time_ms': 54138, 'header_length': 24, 'padding_length': 0, 'payload_size': 884, 'payload_type': 126, 'send_time_ms': 51069, 'sequence_number': 2147, 'ssrc': 12648429}
{'arrival_time_ms': 54163, 'header_length': 24, 'padding_length': 0, 'payload_size': 884, 'payload_type': 126, 'send_time_ms': 51074, 'sequence_number': 2148, 'ssrc': 12648429}
{'arrival_time_ms': 54185, 'header_length': 24, 'padding_length': 0, 'payload_size': 786, 'payload_type': 126, 'send_time_ms': 51099, 'sequence_number': 2149, 'ssrc': 12648429}
{'arrival_time_ms': 54207, 'header_length': 24, 'padding_length': 0, 'payload_size': 767, 'payload_type': 126, 'send_time_ms': 51134, 'sequence_number': 2151, 'ssrc': 12648429}
{'arrival_time_ms': 54229, 'header_length': 24, 'padding_length': 0, 'payload_size': 767, 'payload_type': 126, 'send_time_ms': 51169, 'sequence_number': 2152, 'ssrc': 12648429}
{'arrival_time_ms': 54251, 'header_length': 24, 'padding_length': 0, 'payload_size': 767, 'payload_type': 126, 'send_time_ms': 51199, 'sequence_number': 2153, 'ssrc': 12648429}
{'arrival_time_ms': 54275, 'header_length': 24, 'padding_length': 0, 'payload_size': 767, 'payload_type': 126, 'send_time_ms': 51234, 'sequence_number': 2154, 'ssrc': 12648429}
{'arrival_time_ms': 54312, 'header_length': 24, 'padding_length': 0, 'payload_size': 1338, 'payload_type': 126, 'send_time_ms': 51269, 'sequence_number': 2155, 'ssrc': 12648429}
{'arrival_time_ms': 54349, 'header_length': 24, 'padding_length': 0, 'payload_size': 1338, 'payload_type': 126, 'send_time_ms': 51299, 'sequence_number': 2156, 'ssrc': 12648429}
{'arrival_time_ms': 54371, 'header_length': 24, 'padding_length': 0, 'payload_size': 763, 'payload_type': 126, 'send_time_ms': 51334, 'sequence_number': 2157, 'ssrc': 12648429}
{'arrival_time_ms': 54393, 'header_length': 24, 'padding_length': 0, 'payload_size': 764, 'payload_type': 126, 'send_time_ms': 51339, 'sequence_number': 2158, 'ssrc': 12648429}
{'arrival_time_ms': 54414, 'header_length': 24, 'padding_length': 0, 'payload_size': 763, 'payload_type': 126, 'send_time_ms': 51369, 'sequence_number': 2159, 'ssrc': 12648429}
{'arrival_time_ms': 54436, 'header_length': 24, 'padding_length': 0, 'payload_size': 764, 'payload_type': 126, 'send_time_ms': 51374, 'sequence_number': 2160, 'ssrc': 12648429}
{'arrival_time_ms': 54461, 'header_length': 24, 'padding_length': 0, 'payload_size': 857, 'payload_type': 126, 'send_time_ms': 51399, 'sequence_number': 2161, 'ssrc': 12648429}
{'arrival_time_ms': 54485, 'header_length': 24, 'padding_length': 0, 'payload_size': 857, 'payload_type': 126, 'send_time_ms': 51404, 'sequence_number': 2162, 'ssrc': 12648429}
{'arrival_time_ms': 54512, 'header_length': 24, 'padding_length': 0, 'payload_size': 951, 'payload_type': 126, 'send_time_ms': 51434, 'sequence_number': 2163, 'ssrc': 12648429}
{'arrival_time_ms': 54538, 'header_length': 24, 'padding_length': 0, 'payload_size': 951, 'payload_type': 126, 'send_time_ms': 51469, 'sequence_number': 2164, 'ssrc': 12648429}
{'arrival_time_ms': 54575, 'header_length': 24, 'padding_length': 0, 'payload_size': 1334, 'payload_type': 126, 'send_time_ms': 51499, 'sequence_number': 2165, 'ssrc': 12648429}
{'arrival_time_ms': 54612, 'header_length': 24, 'padding_length': 0, 'payload_size': 1334, 'payload_type': 126, 'send_time_ms': 51534, 'sequence_number': 2166, 'ssrc': 12648429}
{'arrival_time_ms': 54646, 'header_length': 24, 'padding_length': 0, 'payload_size': 1217, 'payload_type': 126, 'send_time_ms': 51569, 'sequence_number': 2167, 'ssrc': 12648429}
{'arrival_time_ms': 54680, 'header_length': 24, 'padding_length': 0, 'payload_size': 1217, 'payload_type': 126, 'send_time_ms': 51599, 'sequence_number': 2168, 'ssrc': 12648429}
{'arrival_time_ms': 54714, 'header_length': 24, 'padding_length': 0, 'payload_size': 1212, 'payload_type': 98, 'send_time_ms': 51634, 'sequence_number': 145, 'ssrc': 195939069}
{'arrival_time_ms': 54740, 'header_length': 24, 'padding_length': 0, 'payload_size': 913, 'payload_type': 126, 'send_time_ms': 51649, 'sequence_number': 2169, 'ssrc': 12648429}
{'arrival_time_ms': 54777, 'header_length': 24, 'padding_length': 0, 'payload_size': 1338, 'payload_type': 126, 'send_time_ms': 51699, 'sequence_number': 2173, 'ssrc': 12648429}
{'arrival_time_ms': 54801, 'header_length': 24, 'padding_length': 0, 'payload_size': 765, 'payload_type': 126, 'send_time_ms': 51734, 'sequence_number': 2174, 'ssrc': 12648429}
{'arrival_time_ms': 54823, 'header_length': 24, 'padding_length': 0, 'payload_size': 766, 'payload_type': 126, 'send_time_ms': 51739, 'sequence_number': 2175, 'ssrc': 12648429}
{'arrival_time_ms': 54844, 'header_length': 24, 'padding_length': 0, 'payload_size': 765, 'payload_type': 126, 'send_time_ms': 51769, 'sequence_number': 2176, 'ssrc': 12648429}
{'arrival_time_ms': 54866, 'header_length': 24, 'padding_length': 0, 'payload_size': 766, 'payload_type': 126, 'send_time_ms': 51774, 'sequence_number': 2177, 'ssrc': 12648429}
{'arrival_time_ms': 54891, 'header_length': 24, 'padding_length': 0, 'payload_size': 861, 'payload_type': 126, 'send_time_ms': 51799, 'sequence_number': 2178, 'ssrc': 12648429}
{'arrival_time_ms': 54915, 'header_length': 24, 'padding_length': 0, 'payload_size': 861, 'payload_type': 126, 'send_time_ms': 51834, 'sequence_number': 2180, 'ssrc': 12648429}
{'arrival_time_ms': 54942, 'header_length': 24, 'padding_length': 0, 'payload_size': 959, 'payload_type': 126, 'send_time_ms': 51869, 'sequence_number': 2182, 'ssrc': 12648429}
{'arrival_time_ms': 54969, 'header_length': 24, 'padding_length': 0, 'payload_size': 959, 'payload_type': 126, 'send_time_ms': 51899, 'sequence_number': 2183, 'ssrc': 12648429}
{'arrival_time_ms': 54993, 'header_length': 24, 'padding_length': 0, 'payload_size': 857, 'payload_type': 98, 'send_time_ms': 51929, 'sequence_number': 147, 'ssrc': 195939069}
{'arrival_time_ms': 55018, 'header_length': 24, 'padding_length': 0, 'payload_size': 857, 'payload_type': 98, 'send_time_ms': 51934, 'sequence_number': 148, 'ssrc': 195939069}
{'arrival_time_ms': 55042, 'header_length': 24, 'padding_length': 0, 'payload_size': 861, 'payload_type': 126, 'send_time_ms': 51939, 'sequence_number': 2184, 'ssrc': 12648429}
{'arrival_time_ms': 55066, 'header_length': 24, 'padding_length': 0, 'payload_size': 861, 'payload_type': 126, 'send_time_ms': 51999, 'sequence_number': 2188, 'ssrc': 12648429}
{'arrival_time_ms': 55091, 'header_length': 24, 'padding_length': 0, 'payload_size': 861, 'payload_type': 126, 'send_time_ms': 52004, 'sequence_number': 2189, 'ssrc': 12648429}
{'arrival_time_ms': 55117, 'header_length': 24, 'padding_length': 0, 'payload_size': 926, 'payload_type': 126, 'send_time_ms': 52034, 'sequence_number': 2190, 'ssrc': 12648429}
{'arrival_time_ms': 55143, 'header_length': 24, 'padding_length': 0, 'payload_size': 926, 'payload_type': 126, 'send_time_ms': 52069, 'sequence_number': 2191, 'ssrc': 12648429}
{'arrival_time_ms': 55167, 'header_length': 24, 'padding_length': 0, 'payload_size': 830, 'payload_type': 126, 'send_time_ms': 52099, 'sequence_number': 2192, 'ssrc': 12648429}
{'arrival_time_ms': 55190, 'header_length': 24, 'padding_length': 0, 'payload_size': 830, 'payload_type': 126, 'send_time_ms': 52104, 'sequence_number': 2193, 'ssrc': 12648429}
{'arrival_time_ms': 55214, 'header_length': 24, 'padding_length': 0, 'payload_size': 830, 'payload_type': 126, 'send_time_ms': 52134, 'sequence_number': 2194, 'ssrc': 12648429}
{'arrival_time_ms': 55250, 'header_length': 24, 'padding_length': 0, 'payload_size': 1321, 'payload_type': 126, 'send_time_ms': 52169, 'sequence_number': 2196, 'ssrc': 12648429}
{'arrival_time_ms': 55287, 'header_length': 24, 'padding_length': 0, 'payload_size': 1321, 'payload_type': 126, 'send_time_ms': 52199, 'sequence_number': 2197, 'ssrc': 12648429}
{'arrival_time_ms': 55316, 'header_length': 24, 'padding_length': 0, 'payload_size': 946, 'payload_type': 126, 'send_time_ms': 52234, 'sequence_number': 2198, 'ssrc': 12648429}
{'arrival_time_ms': 55342, 'header_length': 24, 'padding_length': 0, 'payload_size': 946, 'payload_type': 126, 'send_time_ms': 52269, 'sequence_number': 2199, 'ssrc': 12648429}
{'arrival_time_ms': 55366, 'header_length': 24, 'padding_length': 0, 'payload_size': 851, 'payload_type': 126, 'send_time_ms': 52299, 'sequence_number': 2200, 'ssrc': 12648429}
{'arrival_time_ms': 55391, 'header_length': 24, 'padding_length': 0, 'payload_size': 851, 'payload_type': 126, 'send_time_ms': 52304, 'sequence_number': 2201, 'ssrc': 12648429}
{'arrival_time_ms': 55415, 'header_length': 24, 'padding_length': 0, 'payload_size': 851, 'payload_type': 126, 'send_time_ms': 52334, 'sequence_number': 2202, 'ssrc': 12648429}
{'arrival_time_ms': 55439, 'header_length': 24, 'padding_length': 0, 'payload_size': 851, 'payload_type': 126, 'send_time_ms': 52369, 'sequence_number': 2204, 'ssrc': 12648429}
{'arrival_time_ms': 55463, 'header_length': 24, 'padding_length': 0, 'payload_size': 851, 'payload_type': 126, 'send_time_ms': 52374, 'sequence_number': 2205, 'ssrc': 12648429}
{'arrival_time_ms': 55485, 'header_length': 24, 'padding_length': 0, 'payload_size': 755, 'payload_type': 126, 'send_time_ms': 52399, 'sequence_number': 2206, 'ssrc': 12648429}
{'arrival_time_ms': 55506, 'header_length': 24, 'padding_length': 0, 'payload_size': 755, 'payload_type': 126, 'send_time_ms': 52434, 'sequence_number': 2207, 'ssrc': 12648429}
{'arrival_time_ms': 55533, 'header_length': 24, 'padding_length': 0, 'payload_size': 942, 'payload_type': 126, 'send_time_ms': 52469, 'sequence_number': 2208, 'ssrc': 12648429}
{'arrival_time_ms': 55559, 'header_length': 24, 'padding_length': 0, 'payload_size': 942, 'payload_type': 126, 'send_time_ms': 52499, 'sequence_number': 2209, 'ssrc': 12648429}
{'arrival_time_ms': 55583, 'header_length': 24, 'padding_length': 0, 'payload_size': 851, 'payload_type': 126, 'send_time_ms': 52534, 'sequence_number': 2210, 'ssrc': 12648429}
{'arrival_time_ms': 55608, 'header_length': 24, 'padding_length': 0, 'payload_size': 851, 'payload_type': 126, 'send_time_ms': 52539, 'sequence_number': 2211, 'ssrc': 12648429}
{'arrival_time_ms': 55632, 'header_length': 24, 'padding_length': 0, 'payload_size': 851, 'payload_type': 126, 'send_time_ms': 52569, 'sequence_number': 2212, 'ssrc': 12648429}
{'arrival_time_ms': 55656, 'header_length': 24, 'padding_length': 0, 'payload_size': 851, 'payload_type': 126, 'send_time_ms': 52574, 'sequence_number': 2213, 'ssrc': 12648429}
{'arrival_time_ms': 55677, 'header_length': 24, 'padding_length': 0, 'payload_size': 755, 'payload_type': 126, 'send_time_ms': 52599, 'sequence_number': 2214, 'ssrc': 12648429}
{'arrival_time_ms': 55699, 'header_length': 24, 'padding_length': 0, 'payload_size': 755, 'payload_type': 126, 'send_time_ms': 52634, 'sequence_number': 2215, 'ssrc': 12648429}
{'arrival_time_ms': 55721, 'header_length': 24, 'padding_length': 0, 'payload_size': 755, 'payload_type': 126, 'send_time_ms': 52669, 'sequence_number': 2216, 'ssrc': 12648429}
{'arrival_time_ms': 55746, 'header_length': 24, 'padding_length': 0, 'payload_size': 896, 'payload_type': 126, 'send_time_ms': 52699, 'sequence_number': 2217, 'ssrc': 12648429}
{'arrival_time_ms': 55771, 'header_length': 24, 'padding_length': 0, 'payload_size': 897, 'payload_type': 126, 'send_time_ms': 52704, 'sequence_number': 2218, 'ssrc': 12648429}
{'arrival_time_ms': 55798, 'header_length': 24, 'padding_length': 0, 'payload_size': 896, 'payload_type': 126, 'send_time_ms': 52734, 'sequence_number': 2219, 'ssrc': 12648429}
{'arrival_time_ms': 55824, 'header_length': 24, 'padding_length': 0, 'payload_size': 897, 'payload_type': 126, 'send_time_ms': 52739, 'sequence_number': 2220, 'ssrc': 12648429}
{'arrival_time_ms': 55849, 'header_length': 24, 'padding_length': 0, 'payload_size': 896, 'payload_type': 126, 'send_time_ms': 52769, 'sequence_number': 2221, 'ssrc': 12648429}
{'arrival_time_ms': 55874, 'header_length': 24, 'padding_length': 0, 'payload_size': 896, 'payload_type': 126, 'send_time_ms': 52799, 'sequence_number': 2223, 'ssrc': 12648429}
{'arrival_time_ms': 55913, 'header_length': 24, 'padding_length': 0, 'payload_size': 1396, 'payload_type': 126, 'send_time_ms': 52834, 'sequence_number': 2225, 'ssrc': 12648429}
{'arrival_time_ms': 55952, 'header_length': 24, 'padding_length': 0, 'payload_size': 1396, 'payload_type': 126, 'send_time_ms': 52869, 'sequence_number': 2226, 'ssrc': 12648429}
{'arrival_time_ms': 55974, 'header_length': 24, 'padding_length': 0, 'payload_size': 796, 'payload_type': 126, 'send_time_ms': 52899, 'sequence_number': 2227, 'ssrc': 12648429}
{'arrival_time_ms': 56000, 'header_length': 24, 'padding_length': 0, 'payload_size': 898, 'payload_type': 126, 'send_time_ms': 52934, 'sequence_number': 2228, 'ssrc': 12648429}
{'arrival_time_ms': 56025, 'header_length': 24, 'padding_length': 0, 'payload_size': 899, 'payload_type': 126, 'send_time_ms': 52939, 'sequence_number': 2229, 'ssrc': 12648429}
{'arrival_time_ms': 56051, 'header_length': 24, 'padding_length': 0, 'payload_size': 898, 'payload_type': 126, 'send_time_ms': 52969, 'sequence_number': 2230, 'ssrc': 12648429}
{'arrival_time_ms': 56076, 'header_length': 24, 'padding_length': 0, 'payload_size': 898, 'payload_type': 126, 'send_time_ms': 52999, 'sequence_number': 2232, 'ssrc': 12648429}
{'arrival_time_ms': 56101, 'header_length': 24, 'padding_length': 0, 'payload_size': 899, 'payload_type': 126, 'send_time_ms': 53004, 'sequence_number': 2233, 'ssrc': 12648429}
{'arrival_time_ms': 56127, 'header_length': 24, 'padding_length': 0, 'payload_size': 898, 'payload_type': 126, 'send_time_ms': 53034, 'sequence_number': 2234, 'ssrc': 12648429}
{'arrival_time_ms': 56156, 'header_length': 24, 'padding_length': 0, 'payload_size': 1038, 'payload_type': 126, 'send_time_ms': 53069, 'sequence_number': 2236, 'ssrc': 12648429}
{'arrival_time_ms': 56185, 'header_length': 24, 'padding_length': 0, 'payload_size': 1038, 'payload_type': 126, 'send_time_ms': 53099, 'sequence_number': 2237, 'ssrc': 12648429}
{'arrival_time_ms': 56211, 'header_length': 24, 'padding_length': 0, 'payload_size': 936, 'payload_type': 126, 'send_time_ms': 53134, 'sequence_number': 2238, 'ssrc': 12648429}
{'arrival_time_ms': 56238, 'header_length': 24, 'padding_length': 0, 'payload_size': 936, 'payload_type': 126, 'send_time_ms': 53139, 'sequence_number': 2239, 'ssrc': 12648429}
{'arrival_time_ms': 56264, 'header_length': 24, 'padding_length': 0, 'payload_size': 936, 'payload_type': 126, 'send_time_ms': 53169, 'sequence_number': 2240, 'ssrc': 12648429}
{'arrival_time_ms': 56288, 'header_length': 24, 'padding_length': 0, 'payload_size': 832, 'payload_type': 126, 'send_time_ms': 53199, 'sequence_number': 2242, 'ssrc': 12648429}
{'arrival_time_ms': 56313, 'header_length': 24, 'padding_length': 0, 'payload_size': 830, 'payload_type': 126, 'send_time_ms': 53234, 'sequence_number': 2244, 'ssrc': 12648429}
{'arrival_time_ms': 56337, 'header_length': 24, 'padding_length': 0, 'payload_size': 830, 'payload_type': 126, 'send_time_ms': 53269, 'sequence_number': 2245, 'ssrc': 12648429}
{'arrival_time_ms': 56360, 'header_length': 24, 'padding_length': 0, 'payload_size': 830, 'payload_type': 126, 'send_time_ms': 53299, 'sequence_number': 2246, 'ssrc': 12648429}
{'arrival_time_ms': 56381, 'header_length': 24, 'padding_length': 0, 'payload_size': 728, 'payload_type': 126, 'send_time_ms': 53334, 'sequence_number': 2247, 'ssrc': 12648429}
{'arrival_time_ms': 56405, 'header_length': 24, 'padding_length': 0, 'payload_size': 834, 'payload_type': 98, 'send_time_ms': 53339, 'sequence_number': 149, 'ssrc': 195939069}
{'arrival_time_ms': 56429, 'header_length': 24, 'padding_length': 0, 'payload_size': 834, 'payload_type': 98, 'send_time_ms': 53344, 'sequence_number': 150, 'ssrc': 195939069}
{'arrival_time_ms': 56454, 'header_length': 24, 'padding_length': 0, 'payload_size': 898, 'payload_type': 126, 'send_time_ms': 53369, 'sequence_number': 2249, 'ssrc': 12648429}
{'arrival_time_ms': 56479, 'header_length': 24, 'padding_length': 0, 'payload_size': 898, 'payload_type': 126, 'send_time_ms': 53399, 'sequence_number': 2251, 'ssrc': 12648429}
{'arrival_time_ms': 56505, 'header_length': 24, 'padding_length': 0, 'payload_size': 899, 'payload_type': 126, 'send_time_ms': 53404, 'sequence_number': 2252, 'ssrc': 12648429}
{'arrival_time_ms': 56538, 'header_length': 24, 'padding_length': 0, 'payload_size': 1196, 'payload_type': 126, 'send_time_ms': 53434, 'sequence_number': 2253, 'ssrc': 12648429}
{'arrival_time_ms': 56566, 'header_length': 24, 'padding_length': 0, 'payload_size': 1001, 'payload_type': 126, 'send_time_ms': 53469, 'sequence_number': 2254, 'ssrc': 12648429}
{'arrival_time_ms': 56593, 'header_length': 24, 'padding_length': 0, 'payload_size': 938, 'payload_type': 98, 'send_time_ms': 53499, 'sequence_number': 151, 'ssrc': 195939069}
{'arrival_time_ms': 56621, 'header_length': 24, 'padding_length': 0, 'payload_size': 1001, 'payload_type': 126, 'send_time_ms': 53509, 'sequence_number': 2255, 'ssrc': 12648429}
{'arrival_time_ms': 56647, 'header_length': 24, 'padding_length': 0, 'payload_size': 938, 'payload_type': 98, 'send_time_ms': 53544, 'sequence_number': 153, 'ssrc': 195939069}
{'arrival_time_ms': 56672, 'header_length': 24, 'padding_length': 0, 'payload_size': 864, 'payload_type': 126, 'send_time_ms': 53574, 'sequence_number': 2259, 'ssrc': 12648429}
{'arrival_time_ms': 56708, 'header_length': 24, 'padding_length': 0, 'payload_size': 1317, 'payload_type': 126, 'send_time_ms': 53634, 'sequence_number': 2262, 'ssrc': 12648429}
{'arrival_time_ms': 56732, 'header_length': 24, 'padding_length': 0, 'payload_size': 848, 'payload_type': 126, 'send_time_ms': 53669, 'sequence_number': 2263, 'ssrc': 12648429}
{'arrival_time_ms': 56757, 'header_length': 24, 'padding_length': 0, 'payload_size': 849, 'payload_type': 126, 'send_time_ms': 53674, 'sequence_number': 2264, 'ssrc': 12648429}
{'arrival_time_ms': 56781, 'header_length': 24, 'padding_length': 0, 'payload_size': 848, 'payload_type': 126, 'send_time_ms': 53699, 'sequence_number': 2265, 'ssrc': 12648429}
{'arrival_time_ms': 56819, 'header_length': 24, 'padding_length': 0, 'payload_size': 1321, 'payload_type': 126, 'send_time_ms': 53734, 'sequence_number': 2267, 'ssrc': 12648429}
{'arrival_time_ms': 56840, 'header_length': 24, 'padding_length': 0, 'payload_size': 726, 'payload_type': 126, 'send_time_ms': 53769, 'sequence_number': 2268, 'ssrc': 12648429}
{'arrival_time_ms': 56861, 'header_length': 24, 'padding_length': 0, 'payload_size': 726, 'payload_type': 126, 'send_time_ms': 53799, 'sequence_number': 2269, 'ssrc': 12648429}
{'arrival_time_ms': 56886, 'header_length': 24, 'padding_length': 0, 'payload_size': 901, 'payload_type': 126, 'send_time_ms': 53834, 'sequence_number': 2270, 'ssrc': 12648429}
{'arrival_time_ms': 56909, 'header_length': 24, 'padding_length': 0, 'payload_size': 786, 'payload_type': 98, 'send_time_ms': 53854, 'sequence_number': 156, 'ssrc': 195939069}
{'arrival_time_ms': 56934, 'header_length': 24, 'padding_length': 0, 'payload_size': 901, 'payload_type': 126, 'send_time_ms': 53869, 'sequence_number': 2271, 'ssrc': 12648429}
{'arrival_time_ms': 56960, 'header_length': 24, 'padding_length': 0, 'payload_size': 901, 'payload_type': 126, 'send_time_ms': 53899, 'sequence_number': 2272, 'ssrc': 12648429}
{'arrival_time_ms': 56985, 'header_length': 24, 'padding_length': 0, 'payload_size': 901, 'payload_type': 126, 'send_time_ms': 53934, 'sequence_number': 2273, 'ssrc': 12648429}
{'arrival_time_ms': 57010, 'header_length': 24, 'padding_length': 0, 'payload_size': 901, 'payload_type': 126, 'send_time_ms': 53969, 'sequence_number': 2274, 'ssrc': 12648429}
{'arrival_time_ms': 57036, 'header_length': 24, 'padding_length': 0, 'payload_size': 888, 'payload_type': 98, 'send_time_ms': 53994, 'sequence_number': 157, 'ssrc': 195939069}
{'arrival_time_ms': 57061, 'header_length': 24, 'padding_length': 0, 'payload_size': 901, 'payload_type': 126, 'send_time_ms': 54004, 'sequence_number': 2275, 'ssrc': 12648429}
{'arrival_time_ms': 57083, 'header_length': 24, 'padding_length': 0, 'payload_size': 773, 'payload_type': 126, 'send_time_ms': 54034, 'sequence_number': 2276, 'ssrc': 12648429}
{'arrival_time_ms': 57105, 'header_length': 24, 'padding_length': 0, 'payload_size': 774, 'payload_type': 126, 'send_time_ms': 54039, 'sequence_number': 2277, 'ssrc': 12648429}
{'arrival_time_ms': 57127, 'header_length': 24, 'padding_length': 0, 'payload_size': 773, 'payload_type': 126, 'send_time_ms': 54069, 'sequence_number': 2278, 'ssrc': 12648429}
{'arrival_time_ms': 57149, 'header_length': 24, 'padding_length': 0, 'payload_size': 774, 'payload_type': 126, 'send_time_ms': 54074, 'sequence_number': 2279, 'ssrc': 12648429}
{'arrival_time_ms': 57171, 'header_length': 24, 'padding_length': 0, 'payload_size': 773, 'payload_type': 126, 'send_time_ms': 54099, 'sequence_number': 2280, 'ssrc': 12648429}
{'arrival_time_ms': 57191, 'header_length': 24, 'padding_length': 0, 'payload_size': 688, 'payload_type': 126, 'send_time_ms': 54134, 'sequence_number': 2282, 'ssrc': 12648429}
{'arrival_time_ms': 57213, 'header_length': 24, 'padding_length': 0, 'payload_size': 688, 'payload_type': 126, 'send_time_ms': 54169, 'sequence_number': 2283, 'ssrc': 12648429}
{'arrival_time_ms': 57233, 'header_length': 24, 'padding_length': 0, 'payload_size': 688, 'payload_type': 126, 'send_time_ms': 54199, 'sequence_number': 2284, 'ssrc': 12648429}
{'arrival_time_ms': 57254, 'header_length': 24, 'padding_length': 0, 'payload_size': 763, 'payload_type': 126, 'send_time_ms': 54234, 'sequence_number': 2285, 'ssrc': 12648429}
{'arrival_time_ms': 57276, 'header_length': 24, 'padding_length': 0, 'payload_size': 764, 'payload_type': 126, 'send_time_ms': 54239, 'sequence_number': 2286, 'ssrc': 12648429}
{'arrival_time_ms': 57300, 'header_length': 24, 'padding_length': 0, 'payload_size': 851, 'payload_type': 126, 'send_time_ms': 54269, 'sequence_number': 2287, 'ssrc': 12648429}
{'arrival_time_ms': 57324, 'header_length': 24, 'padding_length': 0, 'payload_size': 851, 'payload_type': 126, 'send_time_ms': 54299, 'sequence_number': 2288, 'ssrc': 12648429}
{'arrival_time_ms': 57347, 'header_length': 24, 'padding_length': 0, 'payload_size': 788, 'payload_type': 98, 'send_time_ms': 54314, 'sequence_number': 158, 'ssrc': 195939069}
{'arrival_time_ms': 57371, 'header_length': 24, 'padding_length': 0, 'payload_size': 851, 'payload_type': 126, 'send_time_ms': 54334, 'sequence_number': 2289, 'ssrc': 12648429}
{'arrival_time_ms': 57400, 'header_length': 24, 'padding_length': 0, 'payload_size': 1038, 'payload_type': 126, 'send_time_ms': 54369, 'sequence_number': 2290, 'ssrc': 12648429}
{'arrival_time_ms': 57429, 'header_length': 24, 'padding_length': 0, 'payload_size': 1038, 'payload_type': 126, 'send_time_ms': 54399, 'sequence_number': 2291, 'ssrc': 12648429}
{'arrival_time_ms': 57458, 'header_length': 24, 'padding_length': 0, 'payload_size': 1038, 'payload_type': 126, 'send_time_ms': 54434, 'sequence_number': 2292, 'ssrc': 12648429}
{'arrival_time_ms': 57488, 'header_length': 24, 'padding_length': 0, 'payload_size': 1038, 'payload_type': 126, 'send_time_ms': 54469, 'sequence_number': 2293, 'ssrc': 12648429}
{'arrival_time_ms': 57517, 'header_length': 24, 'padding_length': 0, 'payload_size': 1038, 'payload_type': 126, 'send_time_ms': 54499, 'sequence_number': 2294, 'ssrc': 12648429}
{'arrival_time_ms': 57556, 'header_length': 24, 'padding_length': 0, 'payload_size': 1405, 'payload_type': 126, 'send_time_ms': 54534, 'sequence_number': 2295, 'ssrc': 12648429}
{'arrival_time_ms': 57582, 'header_length': 24, 'padding_length': 0, 'payload_size': 921, 'payload_type': 126, 'send_time_ms': 54569, 'sequence_number': 2296, 'ssrc': 12648429}
{'arrival_time_ms': 57608, 'header_length': 24, 'padding_length': 0, 'payload_size': 921, 'payload_type': 126, 'send_time_ms': 54599, 'sequence_number': 2297, 'ssrc': 12648429}
{'arrival_time_ms': 57631, 'header_length': 24, 'padding_length': 0, 'payload_size': 826, 'payload_type': 126, 'send_time_ms': 54634, 'sequence_number': 2298, 'ssrc': 12648429}
{'arrival_time_ms': 57655, 'header_length': 24, 'padding_length': 0, 'payload_size': 826, 'payload_type': 126, 'send_time_ms': 54639, 'sequence_number': 2299, 'ssrc': 12648429}
{'arrival_time_ms': 57677, 'header_length': 24, 'padding_length': 0, 'payload_size': 734, 'payload_type': 126, 'send_time_ms': 54669, 'sequence_number': 2300, 'ssrc': 12648429}
{'arrival_time_ms': 57698, 'header_length': 24, 'padding_length': 0, 'payload_size': 734, 'payload_type': 126, 'send_time_ms': 54699, 'sequence_number': 2301, 'ssrc': 12648429}
{'arrival_time_ms': 57722, 'header_length': 24, 'padding_length': 0, 'payload_size': 819, 'payload_type': 126, 'send_time_ms': 54734, 'sequence_number': 2302, 'ssrc': 12648429}
{'arrival_time_ms': 57745, 'header_length': 24, 'padding_length': 0, 'payload_size': 820, 'payload_type': 126, 'send_time_ms': 54739, 'sequence_number': 2303, 'ssrc': 12648429}
{'arrival_time_ms': 57768, 'header_length': 24, 'padding_length': 0, 'payload_size': 819, 'payload_type': 126, 'send_time_ms': 54769, 'sequence_number': 2304, 'ssrc': 12648429}
{'arrival_time_ms': 57792, 'header_length': 24, 'padding_length': 0, 'payload_size': 820, 'payload_type': 126, 'send_time_ms': 54774, 'sequence_number': 2305, 'ssrc': 12648429}
{'arrival_time_ms': 57815, 'header_length': 24, 'padding_length': 0, 'payload_size': 819, 'payload_type': 126, 'send_time_ms': 54799, 'sequence_number': 2306, 'ssrc': 12648429}
{'arrival_time_ms': 57838, 'header_length': 24, 'padding_length': 0, 'payload_size': 820, 'payload_type': 126, 'send_time_ms': 54804, 'sequence_number': 2307, 'ssrc': 12648429}
{'arrival_time_ms': 57865, 'header_length': 24, 'padding_length': 0, 'payload_size': 967, 'payload_type': 126, 'send_time_ms': 54834, 'sequence_number': 2308, 'ssrc': 12648429}
{'arrival_time_ms': 57887, 'header_length': 24, 'padding_length': 0, 'payload_size': 771, 'payload_type': 126, 'send_time_ms': 54869, 'sequence_number': 2309, 'ssrc': 12648429}
{'arrival_time_ms': 57913, 'header_length': 24, 'padding_length': 0, 'payload_size': 916, 'payload_type': 98, 'send_time_ms': 54884, 'sequence_number': 159, 'ssrc': 195939069}
{'arrival_time_ms': 57939, 'header_length': 24, 'padding_length': 0, 'payload_size': 915, 'payload_type': 98, 'send_time_ms': 54894, 'sequence_number': 160, 'ssrc': 195939069}
{'arrival_time_ms': 57965, 'header_length': 24, 'padding_length': 0, 'payload_size': 916, 'payload_type': 98, 'send_time_ms': 54909, 'sequence_number': 161, 'ssrc': 195939069}
{'arrival_time_ms': 57987, 'header_length': 24, 'padding_length': 0, 'payload_size': 771, 'payload_type': 126, 'send_time_ms': 54924, 'sequence_number': 2310, 'ssrc': 12648429}
{'arrival_time_ms': 58009, 'header_length': 24, 'padding_length': 0, 'payload_size': 771, 'payload_type': 126, 'send_time_ms': 54939, 'sequence_number': 2311, 'ssrc': 12648429}
{'arrival_time_ms': 58031, 'header_length': 24, 'padding_length': 0, 'payload_size': 771, 'payload_type': 126, 'send_time_ms': 54969, 'sequence_number': 2312, 'ssrc': 12648429}
{'arrival_time_ms': 58057, 'header_length': 24, 'padding_length': 0, 'payload_size': 913, 'payload_type': 126, 'send_time_ms': 54999, 'sequence_number': 2313, 'ssrc': 12648429}
{'arrival_time_ms': 58081, 'header_length': 24, 'padding_length': 0, 'payload_size': 863, 'payload_type': 98, 'send_time_ms': 55024, 'sequence_number': 162, 'ssrc': 195939069}
{'arrival_time_ms': 58102, 'header_length': 24, 'padding_length': 0, 'payload_size': 732, 'payload_type': 126, 'send_time_ms': 55034, 'sequence_number': 2314, 'ssrc': 12648429}
{'arrival_time_ms': 58123, 'header_length': 24, 'padding_length': 0, 'payload_size': 732, 'payload_type': 126, 'send_time_ms': 55039, 'sequence_number': 2315, 'ssrc': 12648429}
{'arrival_time_ms': 58148, 'header_length': 24, 'padding_length': 0, 'payload_size': 863, 'payload_type': 98, 'send_time_ms': 55049, 'sequence_number': 163, 'ssrc': 195939069}
{'arrival_time_ms': 58169, 'header_length': 24, 'padding_length': 0, 'payload_size': 732, 'payload_type': 126, 'send_time_ms': 55069, 'sequence_number': 2316, 'ssrc': 12648429}
{'arrival_time_ms': 58191, 'header_length': 24, 'padding_length': 0, 'payload_size': 805, 'payload_type': 126, 'send_time_ms': 55099, 'sequence_number': 2318, 'ssrc': 12648429}
{'arrival_time_ms': 58214, 'header_length': 24, 'padding_length': 0, 'payload_size': 805, 'payload_type': 126, 'send_time_ms': 55134, 'sequence_number': 2320, 'ssrc': 12648429}
{'arrival_time_ms': 58254, 'header_length': 24, 'padding_length': 0, 'payload_size': 1434, 'payload_type': 126, 'send_time_ms': 55169, 'sequence_number': 2322, 'ssrc': 12648429}
{'arrival_time_ms': 58278, 'header_length': 24, 'padding_length': 0, 'payload_size': 863, 'payload_type': 98, 'send_time_ms': 55194, 'sequence_number': 166, 'ssrc': 195939069}
{'arrival_time_ms': 58318, 'header_length': 24, 'padding_length': 0, 'payload_size': 1434, 'payload_type': 126, 'send_time_ms': 55234, 'sequence_number': 2324, 'ssrc': 12648429}
{'arrival_time_ms': 58351, 'header_length': 24, 'padding_length': 0, 'payload_size': 1184, 'payload_type': 126, 'send_time_ms': 55269, 'sequence_number': 2325, 'ssrc': 12648429}
{'arrival_time_ms': 58384, 'header_length': 24, 'padding_length': 0, 'payload_size': 1184, 'payload_type': 126, 'send_time_ms': 55299, 'sequence_number': 2326, 'ssrc': 12648429}
{'arrival_time_ms': 58413, 'header_length': 24, 'padding_length': 0, 'payload_size': 1038, 'payload_type': 126, 'send_time_ms': 55334, 'sequence_number': 2327, 'ssrc': 12648429}
{'arrival_time_ms': 58437, 'header_length': 24, 'padding_length': 0, 'payload_size': 832, 'payload_type': 98, 'send_time_ms': 55359, 'sequence_number': 167, 'ssrc': 195939069}
{'arrival_time_ms': 58466, 'header_length': 24, 'padding_length': 0, 'payload_size': 1038, 'payload_type': 126, 'send_time_ms': 55369, 'sequence_number': 2328, 'ssrc': 12648429}
{'arrival_time_ms': 58488, 'header_length': 24, 'padding_length': 0, 'payload_size': 765, 'payload_type': 126, 'send_time_ms': 55399, 'sequence_number': 2329, 'ssrc': 12648429}
{'arrival_time_ms': 58510, 'header_length': 24, 'padding_length': 0, 'payload_size': 765, 'payload_type': 126, 'send_time_ms': 55434, 'sequence_number': 2331, 'ssrc': 12648429}
{'arrival_time_ms': 58532, 'header_length': 24, 'padding_length': 0, 'payload_size': 766, 'payload_type': 126, 'send_time_ms': 55439, 'sequence_number': 2332, 'ssrc': 12648429}
{'arrival_time_ms': 58560, 'header_length': 24, 'padding_length': 0, 'payload_size': 1026, 'payload_type': 126, 'send_time_ms': 55469, 'sequence_number': 2333, 'ssrc': 12648429}
{'arrival_time_ms': 58589, 'header_length': 24, 'padding_length': 0, 'payload_size': 1026, 'payload_type': 126, 'send_time_ms': 55499, 'sequence_number': 2334, 'ssrc': 12648429}
{'arrival_time_ms': 58611, 'header_length': 24, 'padding_length': 0, 'payload_size': 769, 'payload_type': 126, 'send_time_ms': 55534, 'sequence_number': 2335, 'ssrc': 12648429}
{'arrival_time_ms': 58633, 'header_length': 24, 'padding_length': 0, 'payload_size': 770, 'payload_type': 126, 'send_time_ms': 55539, 'sequence_number': 2336, 'ssrc': 12648429}
{'arrival_time_ms': 58655, 'header_length': 24, 'padding_length': 0, 'payload_size': 769, 'payload_type': 126, 'send_time_ms': 55569, 'sequence_number': 2337, 'ssrc': 12648429}
{'arrival_time_ms': 58677, 'header_length': 24, 'padding_length': 0, 'payload_size': 769, 'payload_type': 126, 'send_time_ms': 55599, 'sequence_number': 2339, 'ssrc': 12648429}
{'arrival_time_ms': 58699, 'header_length': 24, 'padding_length': 0, 'payload_size': 770, 'payload_type': 126, 'send_time_ms': 55604, 'sequence_number': 2340, 'ssrc': 12648429}
{'arrival_time_ms': 58727, 'header_length': 24, 'padding_length': 0, 'payload_size': 1013, 'payload_type': 126, 'send_time_ms': 55634, 'sequence_number': 2341, 'ssrc': 12648429}
{'arrival_time_ms': 58756, 'header_length': 24, 'padding_length': 0, 'payload_size': 1013, 'payload_type': 126, 'send_time_ms': 55669, 'sequence_number': 2342, 'ssrc': 12648429}
{'arrival_time_ms': 58780, 'header_length': 24, 'padding_length': 0, 'payload_size': 842, 'payload_type': 126, 'send_time_ms': 55699, 'sequence_number': 2343, 'ssrc': 12648429}
{'arrival_time_ms': 58804, 'header_length': 24, 'padding_length': 0, 'payload_size': 842, 'payload_type': 126, 'send_time_ms': 55734, 'sequence_number': 2344, 'ssrc': 12648429}
{'arrival_time_ms': 58828, 'header_length': 24, 'padding_length': 0, 'payload_size': 842, 'payload_type': 126, 'send_time_ms': 55769, 'sequence_number': 2345, 'ssrc': 12648429}
{'arrival_time_ms': 58851, 'header_length': 24, 'padding_length': 0, 'payload_size': 842, 'payload_type': 126, 'send_time_ms': 55799, 'sequence_number': 2346, 'ssrc': 12648429}
{'arrival_time_ms': 58873, 'header_length': 24, 'padding_length': 0, 'payload_size': 748, 'payload_type': 126, 'send_time_ms': 55834, 'sequence_number': 2347, 'ssrc': 12648429}
{'arrival_time_ms': 58894, 'header_length': 24, 'padding_length': 0, 'payload_size': 749, 'payload_type': 126, 'send_time_ms': 55839, 'sequence_number': 2348, 'ssrc': 12648429}
{'arrival_time_ms': 58916, 'header_length': 24, 'padding_length': 0, 'payload_size': 748, 'payload_type': 126, 'send_time_ms': 55869, 'sequence_number': 2349, 'ssrc': 12648429}
{'arrival_time_ms': 58937, 'header_length': 24, 'padding_length': 0, 'payload_size': 749, 'payload_type': 126, 'send_time_ms': 55874, 'sequence_number': 2350, 'ssrc': 12648429}
{'arrival_time_ms': 58958, 'header_length': 24, 'padding_length': 0, 'payload_size': 748, 'payload_type': 126, 'send_time_ms': 55899, 'sequence_number': 2351, 'ssrc': 12648429}
{'arrival_time_ms': 58980, 'header_length': 24, 'padding_length': 0, 'payload_size': 749, 'payload_type': 126, 'send_time_ms': 55904, 'sequence_number': 2352, 'ssrc': 12648429}
{'arrival_time_ms': 59005, 'header_length': 24, 'padding_length': 0, 'payload_size': 892, 'payload_type': 126, 'send_time_ms': 55934, 'sequence_number': 2353, 'ssrc': 12648429}
{'arrival_time_ms': 59030, 'header_length': 24, 'padding_length': 0, 'payload_size': 892, 'payload_type': 126, 'send_time_ms': 55969, 'sequence_number': 2354, 'ssrc': 12648429}
{'arrival_time_ms': 59056, 'header_length': 24, 'padding_length': 0, 'payload_size': 899, 'payload_type': 98, 'send_time_ms': 55979, 'sequence_number': 169, 'ssrc': 195939069}
{'arrival_time_ms': 59095, 'header_length': 24, 'padding_length': 0, 'payload_size': 1405, 'payload_type': 126, 'send_time_ms': 55999, 'sequence_number': 2355, 'ssrc': 12648429}
{'arrival_time_ms': 59134, 'header_length': 24, 'padding_length': 0, 'payload_size': 1405, 'payload_type': 126, 'send_time_ms': 56034, 'sequence_number': 2356, 'ssrc': 12648429}
{'arrival_time_ms': 59156, 'header_length': 24, 'padding_length': 0, 'payload_size': 790, 'payload_type': 126, 'send_time_ms': 56069, 'sequence_number': 2357, 'ssrc': 12648429}
{'arrival_time_ms': 59179, 'header_length': 24, 'padding_length': 0, 'payload_size': 790, 'payload_type': 126, 'send_time_ms': 56099, 'sequence_number': 2359, 'ssrc': 12648429}
{'arrival_time_ms': 59206, 'header_length': 24, 'padding_length': 0, 'payload_size': 892, 'payload_type': 126, 'send_time_ms': 56134, 'sequence_number': 2361, 'ssrc': 12648429}
{'arrival_time_ms': 59236, 'header_length': 24, 'padding_length': 0, 'payload_size': 1071, 'payload_type': 126, 'send_time_ms': 56169, 'sequence_number': 2362, 'ssrc': 12648429}
{'arrival_time_ms': 59261, 'header_length': 24, 'padding_length': 0, 'payload_size': 901, 'payload_type': 98, 'send_time_ms': 56184, 'sequence_number': 171, 'ssrc': 195939069}
{'arrival_time_ms': 59291, 'header_length': 24, 'padding_length': 0, 'payload_size': 1071, 'payload_type': 126, 'send_time_ms': 56199, 'sequence_number': 2363, 'ssrc': 12648429}
{'arrival_time_ms': 59315, 'header_length': 24, 'padding_length': 0, 'payload_size': 836, 'payload_type': 126, 'send_time_ms': 56234, 'sequence_number': 2364, 'ssrc': 12648429}
{'arrival_time_ms': 59339, 'header_length': 24, 'padding_length': 0, 'payload_size': 836, 'payload_type': 126, 'send_time_ms': 56239, 'sequence_number': 2365, 'ssrc': 12648429}
{'arrival_time_ms': 59364, 'header_length': 24, 'padding_length': 0, 'payload_size': 901, 'payload_type': 98, 'send_time_ms': 56264, 'sequence_number': 172, 'ssrc': 195939069}
{'arrival_time_ms': 59388, 'header_length': 24, 'padding_length': 0, 'payload_size': 836, 'payload_type': 126, 'send_time_ms': 56299, 'sequence_number': 2368, 'ssrc': 12648429}
{'arrival_time_ms': 59412, 'header_length': 24, 'padding_length': 0, 'payload_size': 836, 'payload_type': 126, 'send_time_ms': 56334, 'sequence_number': 2370, 'ssrc': 12648429}
{'arrival_time_ms': 59435, 'header_length': 24, 'padding_length': 0, 'payload_size': 836, 'payload_type': 126, 'send_time_ms': 56339, 'sequence_number': 2371, 'ssrc': 12648429}
{'arrival_time_ms': 59466, 'header_length': 24, 'padding_length': 0, 'payload_size': 1096, 'payload_type': 126, 'send_time_ms': 56369, 'sequence_number': 2372, 'ssrc': 12648429}
{'arrival_time_ms': 59497, 'header_length': 24, 'padding_length': 0, 'payload_size': 1096, 'payload_type': 126, 'send_time_ms': 56404, 'sequence_number': 2373, 'ssrc': 12648429}
{'arrival_time_ms': 59520, 'header_length': 24, 'padding_length': 0, 'payload_size': 834, 'payload_type': 98, 'send_time_ms': 56419, 'sequence_number': 174, 'ssrc': 195939069}
{'arrival_time_ms': 59541, 'header_length': 24, 'padding_length': 0, 'payload_size': 726, 'payload_type': 126, 'send_time_ms': 56469, 'sequence_number': 2375, 'ssrc': 12648429}
{'arrival_time_ms': 59562, 'header_length': 24, 'padding_length': 0, 'payload_size': 726, 'payload_type': 126, 'send_time_ms': 56499, 'sequence_number': 2376, 'ssrc': 12648429}
{'arrival_time_ms': 59587, 'header_length': 24, 'padding_length': 0, 'payload_size': 888, 'payload_type': 126, 'send_time_ms': 56534, 'sequence_number': 2377, 'ssrc': 12648429}
{'arrival_time_ms': 59608, 'header_length': 24, 'padding_length': 0, 'payload_size': 730, 'payload_type': 98, 'send_time_ms': 56559, 'sequence_number': 175, 'ssrc': 195939069}
{'arrival_time_ms': 59633, 'header_length': 24, 'padding_length': 0, 'payload_size': 888, 'payload_type': 126, 'send_time_ms': 56569, 'sequence_number': 2378, 'ssrc': 12648429}
{'arrival_time_ms': 59658, 'header_length': 24, 'padding_length': 0, 'payload_size': 901, 'payload_type': 98, 'send_time_ms': 56584, 'sequence_number': 176, 'ssrc': 195939069}
{'arrival_time_ms': 59692, 'header_length': 24, 'padding_length': 0, 'payload_size': 1213, 'payload_type': 126, 'send_time_ms': 56599, 'sequence_number': 2379, 'ssrc': 12648429}
{'arrival_time_ms': 59728, 'header_length': 24, 'padding_length': 0, 'payload_size': 1213, 'payload_type': 126, 'send_time_ms': 56634, 'sequence_number': 2380, 'ssrc': 12648429}
{'arrival_time_ms': 59750, 'header_length': 24, 'padding_length': 0, 'payload_size': 780, 'payload_type': 126, 'send_time_ms': 56669, 'sequence_number': 2381, 'ssrc': 12648429}
{'arrival_time_ms': 59772, 'header_length': 24, 'padding_length': 0, 'payload_size': 780, 'payload_type': 126, 'send_time_ms': 56699, 'sequence_number': 2383, 'ssrc': 12648429}
{'arrival_time_ms': 59795, 'header_length': 24, 'padding_length': 0, 'payload_size': 780, 'payload_type': 126, 'send_time_ms': 56704, 'sequence_number': 2384, 'ssrc': 12648429}
{'arrival_time_ms': 59815, 'header_length': 24, 'padding_length': 0, 'payload_size': 696, 'payload_type': 126, 'send_time_ms': 56734, 'sequence_number': 2385, 'ssrc': 12648429}
{'arrival_time_ms': 59839, 'header_length': 24, 'padding_length': 0, 'payload_size': 867, 'payload_type': 126, 'send_time_ms': 56769, 'sequence_number': 2386, 'ssrc': 12648429}
{'arrival_time_ms': 59864, 'header_length': 24, 'padding_length': 0, 'payload_size': 865, 'payload_type': 98, 'send_time_ms': 56779, 'sequence_number': 177, 'ssrc': 195939069}
{'arrival_time_ms': 59888, 'header_length': 24, 'padding_length': 0, 'payload_size': 866, 'payload_type': 98, 'send_time_ms': 56789, 'sequence_number': 178, 'ssrc': 195939069}
{'arrival_time_ms': 59913, 'header_length': 24, 'padding_length': 0, 'payload_size': 867, 'payload_type': 126, 'send_time_ms': 56809, 'sequence_number': 2387, 'ssrc': 12648429}
{'arrival_time_ms': 59937, 'header_length': 24, 'padding_length': 0, 'payload_size': 866, 'payload_type': 98, 'send_time_ms': 56834, 'sequence_number': 181, 'ssrc': 195939069}
{'arrival_time_ms': 59956, 'header_length': 24, 'padding_length': 0, 'payload_size': 642, 'payload_type': 126, 'send_time_ms': 56869, 'sequence_number': 2389, 'ssrc': 12648429}
{'arrival_time_ms': 59978, 'header_length': 24, 'padding_length': 0, 'payload_size': 780, 'payload_type': 126, 'send_time_ms': 56899, 'sequence_number': 2390, 'ssrc': 12648429}
